CONTAINER ID   NAME                   CPU %     MEM USAGE / LIMIT    MEM %     NET I/O           BLOCK I/O         PIDS
4648282809e3   jsonbench-grafana-1    0.92%     78.32MiB / 27.2GiB   0.28%     226kB / 241kB     26.3MB / 500kB    13
3721329bc411   jsonbench-mongodb-1    0.32%     79.98MiB / 9GiB      0.87%     6.24kB / 8.41kB   7.21MB / 1.76MB   33
d34a28836e4a   jsonbench-postgres-1   0.65%     132.1MiB / 9GiB      1.43%     2.02kB / 2.17kB   13.6MB / 68.5MB   6
cb072a433afa   prometheus             0.00%     80.24MiB / 27.2GiB   0.29%     5.3MB / 149kB     1.42MB / 0B       13
bf5f9b03e712   cadvisor               2.58%     53.81MiB / 27.2GiB   0.19%     103kB / 5.22MB    1.56MB / 0B       16
a0f8c07301ab   mongo_fdw              0.56%     154.5MiB / 27.2GiB   0.55%     2.21kB / 2.38kB   165MB / 11.2GB    6
              total        used        free      shared  buff/cache   available
Mem:            27G        1.1G         24G        506M        2.1G         25G
Swap:          8.0G        141M        7.9G
              total        used        free      shared  buff/cache   available
Mem:            27G        977M         25G        506M        1.2G         25G
Swap:          8.0G        141M        7.9G
CONTAINER ID   NAME                   CPU %     MEM USAGE / LIMIT    MEM %     NET I/O           BLOCK I/O         PIDS
4648282809e3   jsonbench-grafana-1    0.82%     72.5MiB / 27.2GiB    0.26%     226kB / 241kB     26.3MB / 500kB    13
3721329bc411   jsonbench-mongodb-1    0.33%     79.92MiB / 9GiB      0.87%     6.24kB / 8.41kB   7.22MB / 1.76MB   33
d34a28836e4a   jsonbench-postgres-1   0.00%     121.9MiB / 9GiB      1.32%     2.02kB / 2.17kB   13.6MB / 68.5MB   6
cb072a433afa   prometheus             0.03%     80.24MiB / 27.2GiB   0.29%     5.3MB / 149kB     1.42MB / 0B       13
bf5f9b03e712   cadvisor               2.07%     54.21MiB / 27.2GiB   0.19%     103kB / 5.22MB    1.58MB / 0B       16
a0f8c07301ab   mongo_fdw              0.00%     153.3MiB / 27.2GiB   0.55%     2.21kB / 2.38kB   165MB / 11.2GB    6
mongodb-init-1  | Current Mongosh Log ID:	67c1571bdfa3c4151de85a10
mongodb-init-1  | Connecting to:		mongodb://mongodb:27017/?directConnection=true&appName=mongosh+2.0.2
mongodb-init-1  | Using MongoDB:		7.0.16
mongodb-init-1  | Using Mongosh:		2.0.2
mongodb-init-1  | 
mongodb-init-1  | For mongosh info see: https://docs.mongodb.com/mongodb-shell/
mongodb-init-1  | 
mongodb-init-1  | 
mongodb-init-1  | To help improve our products, anonymous usage data is collected and sent to MongoDB periodically (https://www.mongodb.com/legal/privacy-policy).
mongodb-init-1  | You can opt-out by running the disableTelemetry() command.
mongodb-init-1  | 
mongodb-init-1  | ------
mongodb-init-1  |    The server generated these startup warnings when booting
mongodb-init-1  |    2025-02-28T06:26:34.913+00:00: Access control is not enabled for the database. Read and write access to data and configuration is unrestricted
mongodb-init-1  |    2025-02-28T06:26:34.913+00:00: vm.max_map_count is too low
mongodb-init-1  | ------
mongodb-init-1  | 
mongodb-init-1  | Loading file: /dir/init.js
 Container jsonbench-mongodb-1  Running
 Container jsonbench-postgres-1  Running
 Container jsonbench-client-8  Creating
 Container jsonbench-client-3  Creating
 Container jsonbench-client-1  Creating
 Container jsonbench-client-6  Creating
 Container jsonbench-client-5  Creating
 Container jsonbench-client-4  Creating
 Container jsonbench-client-2  Creating
 Container jsonbench-client-7  Creating
 Container jsonbench-client-7  Created
 Container jsonbench-client-6  Created
 Container jsonbench-client-8  Created
 Container jsonbench-client-5  Created
 Container jsonbench-client-4  Created
 Container jsonbench-client-2  Created
 Container jsonbench-client-3  Created
 Container jsonbench-client-1  Created
Attaching to client-1, client-2, client-3, client-4, client-5, client-6, client-7, client-8
client-2  | Current Mongosh Log ID:	67c1597b49eb849d1dc6344e
client-5  | Current Mongosh Log ID:	67c1597bf56f2abec22f0a5f
client-4  | Current Mongosh Log ID:	67c1597b494017e56f8c97c3
client-5  | Using Mongosh:		2.0.2
client-5  | 
client-5  | For mongosh info see: https://docs.mongodb.com/mongodb-shell/
client-5  | 
client-5  | 
client-5  | To help improve our products, anonymous usage data is collected and sent to MongoDB periodically (https://www.mongodb.com/legal/privacy-policy).
client-5  | You can opt-out by running the disableTelemetry() command.
client-5  | 
client-2  | Using Mongosh:		2.0.2
client-2  | 
client-2  | For mongosh info see: https://docs.mongodb.com/mongodb-shell/
client-2  | 
client-2  | 
client-2  | To help improve our products, anonymous usage data is collected and sent to MongoDB periodically (https://www.mongodb.com/legal/privacy-policy).
client-2  | You can opt-out by running the disableTelemetry() command.
client-2  | 
client-5  | Loading file: /dir/lib.js
client-2  | Loading file: /dir/lib.js
client-4  | Using Mongosh:		2.0.2
client-4  | 
client-4  | For mongosh info see: https://docs.mongodb.com/mongodb-shell/
client-4  | 
client-4  | 
client-4  | To help improve our products, anonymous usage data is collected and sent to MongoDB periodically (https://www.mongodb.com/legal/privacy-policy).
client-4  | You can opt-out by running the disableTelemetry() command.
client-4  | 
client-4  | Loading file: /dir/lib.js
client-6  | Current Mongosh Log ID:	67c1597c88db0eabfdd271c6
client-6  | Using Mongosh:		2.0.2
client-6  | 
client-6  | For mongosh info see: https://docs.mongodb.com/mongodb-shell/
client-6  | 
client-6  | 
client-6  | To help improve our products, anonymous usage data is collected and sent to MongoDB periodically (https://www.mongodb.com/legal/privacy-policy).
client-6  | You can opt-out by running the disableTelemetry() command.
client-6  | 
client-6  | Loading file: /dir/lib.js
client-7  | Current Mongosh Log ID:	67c1597d7b9a3f475b119c13
client-7  | Using Mongosh:		2.0.2
client-7  | 
client-7  | For mongosh info see: https://docs.mongodb.com/mongodb-shell/
client-7  | 
client-7  | 
client-7  | To help improve our products, anonymous usage data is collected and sent to MongoDB periodically (https://www.mongodb.com/legal/privacy-policy).
client-7  | You can opt-out by running the disableTelemetry() command.
client-7  | 
client-7  | Loading file: /dir/lib.js
client-1  | Current Mongosh Log ID:	67c1597ea329502c7e7c9a9d
client-5  | Environment Variables:
client-4  | Environment Variables:
client-2  | Environment Variables:
client-5  | BENCH_DOCS: 1000000
client-5  | DB_URI: mongodb://mongodb:27017
client-4  | BENCH_DOCS: 1000000
client-5  | [2025-02-28T06:36:46.788Z] 🚀 Starting insert from mongodb://mongodb:27017 for 1000000 calls
client-4  | DB_URI: mongodb://mongodb:27017
client-4  | [2025-02-28T06:36:46.789Z] 🚀 Starting insert from mongodb://mongodb:27017 for 1000000 calls
client-2  | BENCH_DOCS: 1000000
client-2  | DB_URI: mongodb://mongodb:27017
client-2  | [2025-02-28T06:36:46.797Z] 🚀 Starting insert from mongodb://mongodb:27017 for 1000000 calls
client-5  | [bd1bed5fe398] MongoDB (  0%) - insert throughput:     36 docs/sec - 1 documents
client-4  | [7820bf333cc8] MongoDB (  0%) - insert throughput:     34 docs/sec - 1 documents
client-2  | [d67bf321bb15] MongoDB (  0%) - insert throughput:     25 docs/sec - 1 documents
client-1  | Using Mongosh:		2.0.2
client-1  | 
client-1  | For mongosh info see: https://docs.mongodb.com/mongodb-shell/
client-1  | 
client-1  | 
client-1  | To help improve our products, anonymous usage data is collected and sent to MongoDB periodically (https://www.mongodb.com/legal/privacy-policy).
client-1  | You can opt-out by running the disableTelemetry() command.
client-1  | 
client-1  | Loading file: /dir/lib.js
client-3  | Current Mongosh Log ID:	67c1597f9a9a45a0acc019b4
client-6  | Environment Variables:
client-6  | BENCH_DOCS: 1000000
client-6  | DB_URI: mongodb://mongodb:27017
client-6  | [2025-02-28T06:36:47.684Z] 🚀 Starting insert from mongodb://mongodb:27017 for 1000000 calls
client-6  | [7ae15df284f3] MongoDB (  0%) - insert throughput:     28 docs/sec - 1 documents
client-3  | Using Mongosh:		2.0.2
client-3  | 
client-3  | For mongosh info see: https://docs.mongodb.com/mongodb-shell/
client-3  | 
client-3  | 
client-3  | To help improve our products, anonymous usage data is collected and sent to MongoDB periodically (https://www.mongodb.com/legal/privacy-policy).
client-3  | You can opt-out by running the disableTelemetry() command.
client-3  | 
client-3  | Loading file: /dir/lib.js
client-8  | Current Mongosh Log ID:	67c15980eee072c416b16683
client-7  | Environment Variables:
client-7  | BENCH_DOCS: 1000000
client-7  | DB_URI: mongodb://mongodb:27017
client-7  | [2025-02-28T06:36:49.209Z] 🚀 Starting insert from mongodb://mongodb:27017 for 1000000 calls
client-7  | [33089c0609f7] MongoDB (  0%) - insert throughput:     34 docs/sec - 1 documents
client-8  | Using Mongosh:		2.0.2
client-8  | 
client-8  | For mongosh info see: https://docs.mongodb.com/mongodb-shell/
client-8  | 
client-8  | 
client-8  | To help improve our products, anonymous usage data is collected and sent to MongoDB periodically (https://www.mongodb.com/legal/privacy-policy).
client-8  | You can opt-out by running the disableTelemetry() command.
client-8  | 
client-8  | Loading file: /dir/lib.js
client-1  | Environment Variables:
client-1  | BENCH_DOCS: 1000000
client-1  | DB_URI: mongodb://mongodb:27017
client-1  | [2025-02-28T06:36:49.787Z] 🚀 Starting insert from mongodb://mongodb:27017 for 1000000 calls
client-1  | [9b6f7702b646] MongoDB (  0%) - insert throughput:     34 docs/sec - 1 documents
client-3  | Environment Variables:
client-3  | BENCH_DOCS: 1000000
client-3  | DB_URI: mongodb://mongodb:27017
client-3  | [2025-02-28T06:36:50.944Z] 🚀 Starting insert from mongodb://mongodb:27017 for 1000000 calls
client-3  | [289c4c4f247b] MongoDB (  0%) - insert throughput:     31 docs/sec - 1 documents
client-8  | Environment Variables:
client-8  | BENCH_DOCS: 1000000
client-8  | DB_URI: mongodb://mongodb:27017
client-8  | [2025-02-28T06:36:51.889Z] 🚀 Starting insert from mongodb://mongodb:27017 for 1000000 calls
client-8  | [c6da15cb2dc7] MongoDB (  0%) - insert throughput:     36 docs/sec - 1 documents
[ perf record: Woken up 1 times to write data ]
[ perf record: Captured and wrote 0.000 MB - ]
CONTAINER ID   NAME                   CPU %     MEM USAGE / LIMIT    MEM %     NET I/O           BLOCK I/O         PIDS
d67bf321bb15   jsonbench-client-2     73.57%    167.8MiB / 27.2GiB   0.60%     10.2MB / 42.6MB   57.2MB / 8.19kB   11
bd1bed5fe398   jsonbench-client-5     74.85%    134.2MiB / 27.2GiB   0.48%     10.2MB / 42.8MB   8.21MB / 8.19kB   11
7820bf333cc8   jsonbench-client-4     72.90%    231.2MiB / 27.2GiB   0.83%     10.2MB / 42.9MB   135kB / 8.19kB    11
7ae15df284f3   jsonbench-client-6     73.24%    141.2MiB / 27.2GiB   0.51%     10.4MB / 43.5MB   8.19kB / 8.19kB   11
33089c0609f7   jsonbench-client-7     72.01%    140.9MiB / 27.2GiB   0.51%     10.1MB / 42.1MB   4.1kB / 8.19kB    11
9b6f7702b646   jsonbench-client-1     72.74%    138.3MiB / 27.2GiB   0.50%     10.4MB / 43.4MB   8.19kB / 8.19kB   11
289c4c4f247b   jsonbench-client-3     72.86%    195.5MiB / 27.2GiB   0.70%     10.1MB / 42.4MB   8.19kB / 8.19kB   11
c6da15cb2dc7   jsonbench-client-8     75.34%    188.8MiB / 27.2GiB   0.68%     10.1MB / 42.2MB   0B / 8.19kB       11
4648282809e3   jsonbench-grafana-1    1.57%     70.14MiB / 27.2GiB   0.25%     236kB / 250kB     26.4MB / 557kB    13
3721329bc411   jsonbench-mongodb-1    127.20%   241.4MiB / 9GiB      2.62%     342MB / 81.6MB    7.29MB / 352MB    57
d34a28836e4a   jsonbench-postgres-1   0.00%     123.5MiB / 9GiB      1.34%     2.35kB / 2.17kB   16.9MB / 68.5MB   6
cb072a433afa   prometheus             0.00%     55.35MiB / 27.2GiB   0.20%     8.22MB / 203kB    1.49MB / 0B       13
bf5f9b03e712   cadvisor               9.47%     59.22MiB / 27.2GiB   0.21%     157kB / 8.13MB    2.5MB / 0B        16
a0f8c07301ab   mongo_fdw              0.00%     154.6MiB / 27.2GiB   0.56%     2.21kB / 2.38kB   168MB / 11.2GB    6
client-6  | [7ae15df284f3] MongoDB ( 10%) - insert throughput:    352 docs/sec - 100001 documents
client-1  | [9b6f7702b646] MongoDB ( 10%) - insert throughput:    354 docs/sec - 100001 documents
client-4  | [7820bf333cc8] MongoDB ( 10%) - insert throughput:    346 docs/sec - 100001 documents
client-5  | [bd1bed5fe398] MongoDB ( 10%) - insert throughput:    345 docs/sec - 100001 documents
client-2  | [d67bf321bb15] MongoDB ( 10%) - insert throughput:    344 docs/sec - 100001 documents
client-3  | [289c4c4f247b] MongoDB ( 10%) - insert throughput:    349 docs/sec - 100001 documents
client-8  | [c6da15cb2dc7] MongoDB ( 10%) - insert throughput:    348 docs/sec - 100001 documents
client-7  | [33089c0609f7] MongoDB ( 10%) - insert throughput:    344 docs/sec - 100001 documents
client-6  | [7ae15df284f3] MongoDB ( 20%) - insert throughput:    359 docs/sec - 200001 documents
client-1  | [9b6f7702b646] MongoDB ( 20%) - insert throughput:    360 docs/sec - 200001 documents
client-4  | [7820bf333cc8] MongoDB ( 20%) - insert throughput:    354 docs/sec - 200001 documents
client-3  | [289c4c4f247b] MongoDB ( 20%) - insert throughput:    357 docs/sec - 200001 documents
client-8  | [c6da15cb2dc7] MongoDB ( 20%) - insert throughput:    357 docs/sec - 200001 documents
client-5  | [bd1bed5fe398] MongoDB ( 20%) - insert throughput:    353 docs/sec - 200001 documents
client-2  | [d67bf321bb15] MongoDB ( 20%) - insert throughput:    353 docs/sec - 200001 documents
client-7  | [33089c0609f7] MongoDB ( 20%) - insert throughput:    350 docs/sec - 200001 documents
client-6  | [7ae15df284f3] MongoDB ( 30%) - insert throughput:    362 docs/sec - 300001 documents
client-1  | [9b6f7702b646] MongoDB ( 30%) - insert throughput:    362 docs/sec - 300001 documents
client-3  | [289c4c4f247b] MongoDB ( 30%) - insert throughput:    360 docs/sec - 300001 documents
client-4  | [7820bf333cc8] MongoDB ( 30%) - insert throughput:    357 docs/sec - 300001 documents
client-8  | [c6da15cb2dc7] MongoDB ( 30%) - insert throughput:    359 docs/sec - 300001 documents
client-2  | [d67bf321bb15] MongoDB ( 30%) - insert throughput:    356 docs/sec - 300001 documents
client-5  | [bd1bed5fe398] MongoDB ( 30%) - insert throughput:    355 docs/sec - 300001 documents
client-7  | [33089c0609f7] MongoDB ( 30%) - insert throughput:    353 docs/sec - 300001 documents
client-6  | [7ae15df284f3] MongoDB ( 40%) - insert throughput:    363 docs/sec - 400001 documents
client-1  | [9b6f7702b646] MongoDB ( 40%) - insert throughput:    363 docs/sec - 400001 documents
client-3  | [289c4c4f247b] MongoDB ( 40%) - insert throughput:    362 docs/sec - 400001 documents
client-8  | [c6da15cb2dc7] MongoDB ( 40%) - insert throughput:    361 docs/sec - 400001 documents
client-4  | [7820bf333cc8] MongoDB ( 40%) - insert throughput:    359 docs/sec - 400001 documents
client-2  | [d67bf321bb15] MongoDB ( 40%) - insert throughput:    357 docs/sec - 400001 documents
client-5  | [bd1bed5fe398] MongoDB ( 40%) - insert throughput:    357 docs/sec - 400001 documents
client-7  | [33089c0609f7] MongoDB ( 40%) - insert throughput:    354 docs/sec - 400001 documents
client-6  | [7ae15df284f3] MongoDB ( 50%) - insert throughput:    364 docs/sec - 500001 documents
client-1  | [9b6f7702b646] MongoDB ( 50%) - insert throughput:    364 docs/sec - 500001 documents
client-3  | [289c4c4f247b] MongoDB ( 50%) - insert throughput:    362 docs/sec - 500001 documents
client-8  | [c6da15cb2dc7] MongoDB ( 50%) - insert throughput:    362 docs/sec - 500001 documents
client-4  | [7820bf333cc8] MongoDB ( 50%) - insert throughput:    359 docs/sec - 500001 documents
client-2  | [d67bf321bb15] MongoDB ( 50%) - insert throughput:    358 docs/sec - 500001 documents
client-5  | [bd1bed5fe398] MongoDB ( 50%) - insert throughput:    357 docs/sec - 500001 documents
client-7  | [33089c0609f7] MongoDB ( 50%) - insert throughput:    354 docs/sec - 500001 documents
client-1  | [9b6f7702b646] MongoDB ( 60%) - insert throughput:    365 docs/sec - 600001 documents
client-6  | [7ae15df284f3] MongoDB ( 60%) - insert throughput:    364 docs/sec - 600001 documents
client-3  | [289c4c4f247b] MongoDB ( 60%) - insert throughput:    363 docs/sec - 600001 documents
client-8  | [c6da15cb2dc7] MongoDB ( 60%) - insert throughput:    362 docs/sec - 600001 documents
client-4  | [7820bf333cc8] MongoDB ( 60%) - insert throughput:    360 docs/sec - 600001 documents
client-2  | [d67bf321bb15] MongoDB ( 60%) - insert throughput:    358 docs/sec - 600001 documents
client-5  | [bd1bed5fe398] MongoDB ( 60%) - insert throughput:    357 docs/sec - 600001 documents
client-7  | [33089c0609f7] MongoDB ( 60%) - insert throughput:    355 docs/sec - 600001 documents
client-1  | [9b6f7702b646] MongoDB ( 70%) - insert throughput:    365 docs/sec - 700001 documents
client-6  | [7ae15df284f3] MongoDB ( 70%) - insert throughput:    364 docs/sec - 700001 documents
client-3  | [289c4c4f247b] MongoDB ( 70%) - insert throughput:    363 docs/sec - 700001 documents
client-8  | [c6da15cb2dc7] MongoDB ( 70%) - insert throughput:    363 docs/sec - 700001 documents
client-4  | [7820bf333cc8] MongoDB ( 70%) - insert throughput:    360 docs/sec - 700001 documents
client-2  | [d67bf321bb15] MongoDB ( 70%) - insert throughput:    359 docs/sec - 700001 documents
client-5  | [bd1bed5fe398] MongoDB ( 70%) - insert throughput:    358 docs/sec - 700001 documents
client-7  | [33089c0609f7] MongoDB ( 70%) - insert throughput:    355 docs/sec - 700001 documents
client-1  | [9b6f7702b646] MongoDB ( 80%) - insert throughput:    365 docs/sec - 800001 documents
client-6  | [7ae15df284f3] MongoDB ( 80%) - insert throughput:    365 docs/sec - 800001 documents
client-3  | [289c4c4f247b] MongoDB ( 80%) - insert throughput:    363 docs/sec - 800001 documents
client-8  | [c6da15cb2dc7] MongoDB ( 80%) - insert throughput:    363 docs/sec - 800001 documents
client-4  | [7820bf333cc8] MongoDB ( 80%) - insert throughput:    360 docs/sec - 800001 documents
client-2  | [d67bf321bb15] MongoDB ( 80%) - insert throughput:    359 docs/sec - 800001 documents
client-5  | [bd1bed5fe398] MongoDB ( 80%) - insert throughput:    358 docs/sec - 800001 documents
client-7  | [33089c0609f7] MongoDB ( 80%) - insert throughput:    356 docs/sec - 800001 documents
client-1  | [9b6f7702b646] MongoDB ( 90%) - insert throughput:    365 docs/sec - 900001 documents
client-6  | [7ae15df284f3] MongoDB ( 90%) - insert throughput:    365 docs/sec - 900001 documents
client-3  | [289c4c4f247b] MongoDB ( 90%) - insert throughput:    364 docs/sec - 900001 documents
client-8  | [c6da15cb2dc7] MongoDB ( 90%) - insert throughput:    363 docs/sec - 900001 documents
client-4  | [7820bf333cc8] MongoDB ( 90%) - insert throughput:    360 docs/sec - 900001 documents
client-2  | [d67bf321bb15] MongoDB ( 90%) - insert throughput:    359 docs/sec - 900001 documents
client-5  | [bd1bed5fe398] MongoDB ( 90%) - insert throughput:    358 docs/sec - 900001 documents
client-7  | [33089c0609f7] MongoDB ( 90%) - insert throughput:    355 docs/sec - 900001 documents
client-1  | [2025-02-28T07:22:27.008Z] 🏁 insert workload completed in 2737.22 seconds (1000000 documents)
client-6  | [2025-02-28T07:22:28.253Z] 🏁 insert workload completed in 2740.57 seconds (1000000 documents)
client-3  | [2025-02-28T07:22:38.888Z] 🏁 insert workload completed in 2747.94 seconds (1000000 documents)
client-8  | [2025-02-28T07:22:42.890Z] 🏁 insert workload completed in 2751.00 seconds (1000000 documents)
client-4  | [2025-02-28T07:22:52.557Z] 🏁 insert workload completed in 2765.77 seconds (1000000 documents)
client-2  | [2025-02-28T07:22:58.153Z] 🏁 insert workload completed in 2771.36 seconds (1000000 documents)
client-5  | [2025-02-28T07:23:02.144Z] 🏁 insert workload completed in 2775.36 seconds (1000000 documents)
client-7  | [2025-02-28T07:23:12.745Z] 🏁 insert workload completed in 2783.54 seconds (1000000 documents)
[Kclient-1 exited with code 0
[Kclient-6 exited with code 0
[Kclient-3 exited with code 0
[Kclient-8 exited with code 0
[Kclient-4 exited with code 0
[Kclient-2 exited with code 0
[Kclient-5 exited with code 0
[Kclient-7 exited with code 0

 Performance counter stats for 'system wide':

 1,065,412,112,451      instructions:u            docker/3721329bc4116d214cedc3955923c1126dbaacfda1073230c3d6c1252c49ae27                                   

    3792.431637175 seconds time elapsed

MongoDB count: 8000000 size: 2083 MB
[
  { _id: ObjectId('67c1597ee3b75b64d09027f0') },
  { _id: ObjectId('67c1597e0ff1125751a9655c') },
  { _id: ObjectId('67c1597ee3b75b64d09027f1') },
  { _id: ObjectId('67c1597ee3b75b64d09027f2') },
  { _id: ObjectId('67c1597e0ff1125751a9655d') },
  { _id: ObjectId('67c1597ee3b75b64d09027f3') },
  { _id: ObjectId('67c1597ee3b75b64d09027f4') },
  { _id: ObjectId('67c1597e0ff1125751a9655e') },
  { _id: ObjectId('67c1597ee3b75b64d09027f5') },
  { _id: ObjectId('67c1597ee3b75b64d09027f6') }
]
CONTAINER ID   NAME                   CPU %     MEM USAGE / LIMIT    MEM %     NET I/O           BLOCK I/O         PIDS
4648282809e3   jsonbench-grafana-1    1.02%     70.95MiB / 27.2GiB   0.25%     374kB / 327kB     27.6MB / 1.47MB   13
3721329bc411   jsonbench-mongodb-1    0.36%     768.2MiB / 9GiB      8.34%     3.73GB / 890MB    7.41MB / 3.97GB   33
d34a28836e4a   jsonbench-postgres-1   0.00%     123.4MiB / 9GiB      1.34%     2.47kB / 2.17kB   16.9MB / 68.5MB   6
cb072a433afa   prometheus             0.00%     71.46MiB / 27.2GiB   0.26%     46.3MB / 901kB    1.77MB / 12.3kB   13
bf5f9b03e712   cadvisor               2.22%     61.96MiB / 27.2GiB   0.22%     856kB / 46.2MB    2.64MB / 0B       16
a0f8c07301ab   mongo_fdw              0.00%     155.3MiB / 27.2GiB   0.56%     2.21kB / 2.38kB   168MB / 11.2GB    6
              total        used        free      shared  buff/cache   available
Mem:            27G        1.6G         23G        506M        1.9G         24G
Swap:          8.0G        141M        7.9G
              total        used        free      shared  buff/cache   available
Mem:            27G        1.6G         24G        506M        1.2G         24G
Swap:          8.0G        141M        7.9G
CONTAINER ID   NAME                   CPU %     MEM USAGE / LIMIT    MEM %     NET I/O           BLOCK I/O         PIDS
4648282809e3   jsonbench-grafana-1    0.85%     70.52MiB / 27.2GiB   0.25%     374kB / 327kB     27.6MB / 1.47MB   13
3721329bc411   jsonbench-mongodb-1    0.38%     767.4MiB / 9GiB      8.33%     3.73GB / 890MB    7.41MB / 3.97GB   33
d34a28836e4a   jsonbench-postgres-1   0.00%     121.9MiB / 9GiB      1.32%     2.47kB / 2.17kB   16.9MB / 68.5MB   6
cb072a433afa   prometheus             0.03%     71.46MiB / 27.2GiB   0.26%     46.3MB / 901kB    1.77MB / 12.3kB   13
bf5f9b03e712   cadvisor               2.25%     59.5MiB / 27.2GiB    0.21%     856kB / 46.2MB    2.67MB / 0B       16
a0f8c07301ab   mongo_fdw              0.00%     154.1MiB / 27.2GiB   0.55%     2.21kB / 2.38kB   168MB / 11.2GB    6
