CONTAINER ID   NAME                   CPU %     MEM USAGE / LIMIT    MEM %     NET I/O           BLOCK I/O       PIDS
2cf19af6c3f8   jsonbench-grafana-1    3.99%     68.45MiB / 27.2GiB   0.25%     40kB / 18.9kB     422kB / 250kB   23
850a33b3c11e   prometheus             0.00%     53.28MiB / 27.2GiB   0.19%     5MB / 95kB        483kB / 0B      13
6fd576903404   jsonbench-postgres-1   0.01%     130.9MiB / 9GiB      1.42%     1.98kB / 2.17kB   0B / 68.6MB     6
b915f2e24ef7   jsonbench-mongodb-1    0.33%     79.54MiB / 9GiB      0.86%     6.19kB / 8.41kB   0B / 1.73MB     33
714a14a86e94   cadvisor               2.68%     54.18MiB / 27.2GiB   0.19%     95.1kB / 5MB      0B / 0B         16
mongodb-init-1  | Current Mongosh Log ID:	67bed027286f2b548d1c879f
mongodb-init-1  | Connecting to:		mongodb://mongodb:27017/?directConnection=true&appName=mongosh+2.0.2
mongodb-init-1  | Using MongoDB:		7.0.16
mongodb-init-1  | Using Mongosh:		2.0.2
mongodb-init-1  | 
mongodb-init-1  | For mongosh info see: https://docs.mongodb.com/mongodb-shell/
mongodb-init-1  | 
mongodb-init-1  | 
mongodb-init-1  | To help improve our products, anonymous usage data is collected and sent to MongoDB periodically (https://www.mongodb.com/legal/privacy-policy).
mongodb-init-1  | You can opt-out by running the disableTelemetry() command.
mongodb-init-1  | 
mongodb-init-1  | ------
mongodb-init-1  |    The server generated these startup warnings when booting
mongodb-init-1  |    2025-02-26T08:26:15.454+00:00: Access control is not enabled for the database. Read and write access to data and configuration is unrestricted
mongodb-init-1  |    2025-02-26T08:26:15.455+00:00: vm.max_map_count is too low
mongodb-init-1  | ------
mongodb-init-1  | 
mongodb-init-1  | Loading file: /dir/init.js
time="2025-02-26T08:36:18Z" level=warning msg="The \"BENCH_OPERATION\" variable is not set. Defaulting to a blank string."
 Container jsonbench-postgres-1  Running
 Container jsonbench-mongodb-1  Running
 Container jsonbench-client-8  Creating
 Container jsonbench-client-4  Creating
 Container jsonbench-client-6  Creating
 Container jsonbench-client-5  Creating
 Container jsonbench-client-7  Creating
 Container jsonbench-client-1  Creating
 Container jsonbench-client-2  Creating
 Container jsonbench-client-3  Creating
 Container jsonbench-client-4  Created
 Container jsonbench-client-5  Created
 Container jsonbench-client-6  Created
 Container jsonbench-client-2  Created
 Container jsonbench-client-3  Created
 Container jsonbench-client-1  Created
 Container jsonbench-client-8  Created
 Container jsonbench-client-7  Created
Attaching to client-1, client-2, client-3, client-4, client-5, client-6, client-7, client-8
client-3  | Current Mongosh Log ID:	67bed284fc3451c40188e265
client-3  | Using Mongosh:		2.0.2
client-3  | 
client-3  | For mongosh info see: https://docs.mongodb.com/mongodb-shell/
client-3  | 
client-3  | 
client-3  | To help improve our products, anonymous usage data is collected and sent to MongoDB periodically (https://www.mongodb.com/legal/privacy-policy).
client-3  | You can opt-out by running the disableTelemetry() command.
client-3  | 
client-3  | Loading file: /dir/lib.js
client-4  | Current Mongosh Log ID:	67bed28424b503fcc85c808a
client-4  | Using Mongosh:		2.0.2
client-4  | 
client-4  | For mongosh info see: https://docs.mongodb.com/mongodb-shell/
client-4  | 
client-4  | 
client-4  | To help improve our products, anonymous usage data is collected and sent to MongoDB periodically (https://www.mongodb.com/legal/privacy-policy).
client-4  | You can opt-out by running the disableTelemetry() command.
client-4  | 
client-4  | Loading file: /dir/lib.js
client-1  | Current Mongosh Log ID:	67bed2852caad34629ec5ccf
client-3  | Environment Variables:
client-3  | BENCH_DOCS: 1000000
client-3  | DB_URI: mongodb://mongodb:27017
client-3  | [2025-02-26T08:36:22.090Z] 🚀 Starting insert from mongodb://mongodb:27017 for 1000000 calls
client-1  | Using Mongosh:		2.0.2
client-1  | 
client-1  | For mongosh info see: https://docs.mongodb.com/mongodb-shell/
client-1  | 
client-1  | 
client-1  | To help improve our products, anonymous usage data is collected and sent to MongoDB periodically (https://www.mongodb.com/legal/privacy-policy).
client-1  | You can opt-out by running the disableTelemetry() command.
client-1  | 
client-3  | [fad5bbc98503] MongoDB (  0%) - insert throughput:     40 docs/sec - 1 documents
client-1  | Loading file: /dir/lib.js
client-7  | Current Mongosh Log ID:	67bed28621c4619fac8da0eb
client-7  | Using Mongosh:		2.0.2
client-7  | 
client-7  | For mongosh info see: https://docs.mongodb.com/mongodb-shell/
client-7  | 
client-7  | 
client-7  | To help improve our products, anonymous usage data is collected and sent to MongoDB periodically (https://www.mongodb.com/legal/privacy-policy).
client-7  | You can opt-out by running the disableTelemetry() command.
client-7  | 
client-7  | Loading file: /dir/lib.js
client-2  | Current Mongosh Log ID:	67bed28782f00d5a50216016
client-4  | Environment Variables:
client-4  | BENCH_DOCS: 1000000
client-4  | DB_URI: mongodb://mongodb:27017
client-4  | [2025-02-26T08:36:23.441Z] 🚀 Starting insert from mongodb://mongodb:27017 for 1000000 calls
client-4  | [3e81ffd1afae] MongoDB (  0%) - insert throughput:     40 docs/sec - 1 documents
client-2  | Using Mongosh:		2.0.2
client-2  | 
client-2  | For mongosh info see: https://docs.mongodb.com/mongodb-shell/
client-2  | 
client-2  | 
client-2  | To help improve our products, anonymous usage data is collected and sent to MongoDB periodically (https://www.mongodb.com/legal/privacy-policy).
client-2  | You can opt-out by running the disableTelemetry() command.
client-2  | 
client-2  | Loading file: /dir/lib.js
client-5  | Current Mongosh Log ID:	67bed2884a7e2c44b3da7c7f
client-1  | Environment Variables:
client-1  | BENCH_DOCS: 1000000
client-1  | DB_URI: mongodb://mongodb:27017
client-1  | [2025-02-26T08:36:24.696Z] 🚀 Starting insert from mongodb://mongodb:27017 for 1000000 calls
client-1  | [0b258bc04a90] MongoDB (  0%) - insert throughput:     26 docs/sec - 1 documents
client-5  | Using Mongosh:		2.0.2
client-5  | 
client-5  | For mongosh info see: https://docs.mongodb.com/mongodb-shell/
client-5  | 
client-5  | 
client-5  | To help improve our products, anonymous usage data is collected and sent to MongoDB periodically (https://www.mongodb.com/legal/privacy-policy).
client-5  | You can opt-out by running the disableTelemetry() command.
client-5  | 
client-5  | Loading file: /dir/lib.js
client-6  | Current Mongosh Log ID:	67bed2891c87e54bd9226ca8
client-7  | Environment Variables:
client-7  | BENCH_DOCS: 1000000
client-7  | DB_URI: mongodb://mongodb:27017
client-7  | [2025-02-26T08:36:25.605Z] 🚀 Starting insert from mongodb://mongodb:27017 for 1000000 calls
client-7  | [06e381e63652] MongoDB (  0%) - insert throughput:     34 docs/sec - 1 documents
client-6  | Using Mongosh:		2.0.2
client-6  | 
client-6  | For mongosh info see: https://docs.mongodb.com/mongodb-shell/
client-6  | 
client-6  | 
client-6  | To help improve our products, anonymous usage data is collected and sent to MongoDB periodically (https://www.mongodb.com/legal/privacy-policy).
client-6  | You can opt-out by running the disableTelemetry() command.
client-6  | 
client-6  | Loading file: /dir/lib.js
client-8  | Current Mongosh Log ID:	67bed28a612160843756bc69
client-2  | Environment Variables:
client-2  | BENCH_DOCS: 1000000
client-2  | DB_URI: mongodb://mongodb:27017
client-2  | [2025-02-26T08:36:26.714Z] 🚀 Starting insert from mongodb://mongodb:27017 for 1000000 calls
client-2  | [072c6903e9fe] MongoDB (  0%) - insert throughput:     36 docs/sec - 1 documents
client-8  | Using Mongosh:		2.0.2
client-8  | 
client-8  | For mongosh info see: https://docs.mongodb.com/mongodb-shell/
client-8  | 
client-8  | 
client-8  | To help improve our products, anonymous usage data is collected and sent to MongoDB periodically (https://www.mongodb.com/legal/privacy-policy).
client-8  | You can opt-out by running the disableTelemetry() command.
client-8  | 
client-8  | Loading file: /dir/lib.js
client-5  | Environment Variables:
client-5  | BENCH_DOCS: 1000000
client-5  | DB_URI: mongodb://mongodb:27017
client-5  | [2025-02-26T08:36:27.561Z] 🚀 Starting insert from mongodb://mongodb:27017 for 1000000 calls
client-5  | [ae46a45cc889] MongoDB (  0%) - insert throughput:     34 docs/sec - 1 documents
client-6  | Environment Variables:
client-6  | BENCH_DOCS: 1000000
client-6  | DB_URI: mongodb://mongodb:27017
client-6  | [2025-02-26T08:36:28.414Z] 🚀 Starting insert from mongodb://mongodb:27017 for 1000000 calls
client-6  | [04a281b70f64] MongoDB (  0%) - insert throughput:     34 docs/sec - 1 documents
client-8  | Environment Variables:
client-8  | BENCH_DOCS: 1000000
client-8  | DB_URI: mongodb://mongodb:27017
client-8  | [2025-02-26T08:36:29.378Z] 🚀 Starting insert from mongodb://mongodb:27017 for 1000000 calls
client-8  | [a57bc4f4fd9f] MongoDB (  0%) - insert throughput:     34 docs/sec - 1 documents
[ perf record: Woken up 1 times to write data ]
[ perf record: Captured and wrote 0.000 MB - ]
CONTAINER ID   NAME                   CPU %     MEM USAGE / LIMIT    MEM %     NET I/O           BLOCK I/O       PIDS
fad5bbc98503   jsonbench-client-3     78.55%    233.1MiB / 27.2GiB   0.84%     9.99MB / 29.2MB   0B / 8.19kB     11
3e81ffd1afae   jsonbench-client-4     76.75%    164.5MiB / 27.2GiB   0.59%     9.89MB / 28.9MB   0B / 8.19kB     11
0b258bc04a90   jsonbench-client-1     76.58%    156.4MiB / 27.2GiB   0.56%     9.99MB / 29.2MB   0B / 8.19kB     11
06e381e63652   jsonbench-client-7     79.25%    220.7MiB / 27.2GiB   0.79%     9.95MB / 29.1MB   0B / 8.19kB     11
072c6903e9fe   jsonbench-client-2     75.66%    168.8MiB / 27.2GiB   0.61%     9.89MB / 28.9MB   0B / 8.19kB     11
ae46a45cc889   jsonbench-client-5     74.70%    136.8MiB / 27.2GiB   0.49%     9.78MB / 28.6MB   0B / 8.19kB     11
04a281b70f64   jsonbench-client-6     76.65%    204.6MiB / 27.2GiB   0.73%     9.95MB / 29.1MB   0B / 8.19kB     11
a57bc4f4fd9f   jsonbench-client-8     74.81%    188.1MiB / 27.2GiB   0.68%     10MB / 29.3MB     0B / 8.19kB     11
2cf19af6c3f8   jsonbench-grafana-1    1.65%     68.52MiB / 27.2GiB   0.25%     43.1kB / 21.8kB   422kB / 250kB   23
850a33b3c11e   prometheus             0.00%     62.75MiB / 27.2GiB   0.23%     7.81MB / 146kB    483kB / 0B      13
6fd576903404   jsonbench-postgres-1   0.00%     130.6MiB / 9GiB      1.42%     2.31kB / 2.17kB   0B / 68.6MB     6
b915f2e24ef7   jsonbench-mongodb-1    125.37%   256.9MiB / 9GiB      2.79%     232MB / 79.4MB    0B / 364MB      57
714a14a86e94   cadvisor               5.21%     54.39MiB / 27.2GiB   0.20%     147kB / 7.81MB    0B / 0B         16
client-8  | [a57bc4f4fd9f] MongoDB ( 10%) - insert throughput:    344 docs/sec - 100001 documents
client-1  | [0b258bc04a90] MongoDB ( 10%) - insert throughput:    337 docs/sec - 100001 documents
client-3  | [fad5bbc98503] MongoDB ( 10%) - insert throughput:    334 docs/sec - 100001 documents
client-6  | [04a281b70f64] MongoDB ( 10%) - insert throughput:    340 docs/sec - 100001 documents
client-7  | [06e381e63652] MongoDB ( 10%) - insert throughput:    337 docs/sec - 100001 documents
client-2  | [072c6903e9fe] MongoDB ( 10%) - insert throughput:    336 docs/sec - 100001 documents
client-4  | [3e81ffd1afae] MongoDB ( 10%) - insert throughput:    332 docs/sec - 100001 documents
client-5  | [ae46a45cc889] MongoDB ( 10%) - insert throughput:    333 docs/sec - 100001 documents
client-8  | [a57bc4f4fd9f] MongoDB ( 20%) - insert throughput:    348 docs/sec - 200001 documents
client-6  | [04a281b70f64] MongoDB ( 20%) - insert throughput:    344 docs/sec - 200001 documents
client-1  | [0b258bc04a90] MongoDB ( 20%) - insert throughput:    341 docs/sec - 200001 documents
client-7  | [06e381e63652] MongoDB ( 20%) - insert throughput:    341 docs/sec - 200001 documents
client-3  | [fad5bbc98503] MongoDB ( 20%) - insert throughput:    337 docs/sec - 200001 documents
client-2  | [072c6903e9fe] MongoDB ( 20%) - insert throughput:    339 docs/sec - 200001 documents
client-4  | [3e81ffd1afae] MongoDB ( 20%) - insert throughput:    336 docs/sec - 200001 documents
client-5  | [ae46a45cc889] MongoDB ( 20%) - insert throughput:    337 docs/sec - 200001 documents
client-8  | [a57bc4f4fd9f] MongoDB ( 30%) - insert throughput:    349 docs/sec - 300001 documents
client-6  | [04a281b70f64] MongoDB ( 30%) - insert throughput:    344 docs/sec - 300001 documents
client-1  | [0b258bc04a90] MongoDB ( 30%) - insert throughput:    342 docs/sec - 300001 documents
client-7  | [06e381e63652] MongoDB ( 30%) - insert throughput:    342 docs/sec - 300001 documents
client-3  | [fad5bbc98503] MongoDB ( 30%) - insert throughput:    338 docs/sec - 300001 documents
client-2  | [072c6903e9fe] MongoDB ( 30%) - insert throughput:    340 docs/sec - 300001 documents
client-4  | [3e81ffd1afae] MongoDB ( 30%) - insert throughput:    337 docs/sec - 300001 documents
client-5  | [ae46a45cc889] MongoDB ( 30%) - insert throughput:    338 docs/sec - 300001 documents
client-8  | [a57bc4f4fd9f] MongoDB ( 40%) - insert throughput:    350 docs/sec - 400001 documents
client-6  | [04a281b70f64] MongoDB ( 40%) - insert throughput:    345 docs/sec - 400001 documents
client-1  | [0b258bc04a90] MongoDB ( 40%) - insert throughput:    343 docs/sec - 400001 documents
client-7  | [06e381e63652] MongoDB ( 40%) - insert throughput:    342 docs/sec - 400001 documents
client-3  | [fad5bbc98503] MongoDB ( 40%) - insert throughput:    339 docs/sec - 400001 documents
client-2  | [072c6903e9fe] MongoDB ( 40%) - insert throughput:    340 docs/sec - 400001 documents
client-4  | [3e81ffd1afae] MongoDB ( 40%) - insert throughput:    338 docs/sec - 400001 documents
client-5  | [ae46a45cc889] MongoDB ( 40%) - insert throughput:    338 docs/sec - 400001 documents
client-8  | [a57bc4f4fd9f] MongoDB ( 50%) - insert throughput:    350 docs/sec - 500001 documents
client-6  | [04a281b70f64] MongoDB ( 50%) - insert throughput:    345 docs/sec - 500001 documents
client-1  | [0b258bc04a90] MongoDB ( 50%) - insert throughput:    343 docs/sec - 500001 documents
client-7  | [06e381e63652] MongoDB ( 50%) - insert throughput:    343 docs/sec - 500001 documents
client-2  | [072c6903e9fe] MongoDB ( 50%) - insert throughput:    340 docs/sec - 500001 documents
client-3  | [fad5bbc98503] MongoDB ( 50%) - insert throughput:    339 docs/sec - 500001 documents
client-4  | [3e81ffd1afae] MongoDB ( 50%) - insert throughput:    338 docs/sec - 500001 documents
client-5  | [ae46a45cc889] MongoDB ( 50%) - insert throughput:    338 docs/sec - 500001 documents
client-8  | [a57bc4f4fd9f] MongoDB ( 60%) - insert throughput:    350 docs/sec - 600001 documents
client-6  | [04a281b70f64] MongoDB ( 60%) - insert throughput:    345 docs/sec - 600001 documents
client-1  | [0b258bc04a90] MongoDB ( 60%) - insert throughput:    342 docs/sec - 600001 documents
client-7  | [06e381e63652] MongoDB ( 60%) - insert throughput:    342 docs/sec - 600001 documents
client-2  | [072c6903e9fe] MongoDB ( 60%) - insert throughput:    340 docs/sec - 600001 documents
client-3  | [fad5bbc98503] MongoDB ( 60%) - insert throughput:    339 docs/sec - 600001 documents
client-4  | [3e81ffd1afae] MongoDB ( 60%) - insert throughput:    338 docs/sec - 600001 documents
client-5  | [ae46a45cc889] MongoDB ( 60%) - insert throughput:    339 docs/sec - 600001 documents
client-8  | [a57bc4f4fd9f] MongoDB ( 70%) - insert throughput:    349 docs/sec - 700001 documents
client-6  | [04a281b70f64] MongoDB ( 70%) - insert throughput:    344 docs/sec - 700001 documents
client-1  | [0b258bc04a90] MongoDB ( 70%) - insert throughput:    342 docs/sec - 700001 documents
client-7  | [06e381e63652] MongoDB ( 70%) - insert throughput:    342 docs/sec - 700001 documents
client-2  | [072c6903e9fe] MongoDB ( 70%) - insert throughput:    340 docs/sec - 700001 documents
client-3  | [fad5bbc98503] MongoDB ( 70%) - insert throughput:    339 docs/sec - 700001 documents
client-4  | [3e81ffd1afae] MongoDB ( 70%) - insert throughput:    337 docs/sec - 700001 documents
client-5  | [ae46a45cc889] MongoDB ( 70%) - insert throughput:    338 docs/sec - 700001 documents
client-8  | [a57bc4f4fd9f] MongoDB ( 80%) - insert throughput:    349 docs/sec - 800001 documents
client-6  | [04a281b70f64] MongoDB ( 80%) - insert throughput:    344 docs/sec - 800001 documents
client-1  | [0b258bc04a90] MongoDB ( 80%) - insert throughput:    342 docs/sec - 800001 documents
client-7  | [06e381e63652] MongoDB ( 80%) - insert throughput:    341 docs/sec - 800001 documents
client-2  | [072c6903e9fe] MongoDB ( 80%) - insert throughput:    340 docs/sec - 800001 documents
client-3  | [fad5bbc98503] MongoDB ( 80%) - insert throughput:    338 docs/sec - 800001 documents
client-5  | [ae46a45cc889] MongoDB ( 80%) - insert throughput:    338 docs/sec - 800001 documents
client-4  | [3e81ffd1afae] MongoDB ( 80%) - insert throughput:    337 docs/sec - 800001 documents
client-8  | [a57bc4f4fd9f] MongoDB ( 90%) - insert throughput:    349 docs/sec - 900001 documents
client-6  | [04a281b70f64] MongoDB ( 90%) - insert throughput:    344 docs/sec - 900001 documents
client-1  | [0b258bc04a90] MongoDB ( 90%) - insert throughput:    341 docs/sec - 900001 documents
client-7  | [06e381e63652] MongoDB ( 90%) - insert throughput:    341 docs/sec - 900001 documents
client-2  | [072c6903e9fe] MongoDB ( 90%) - insert throughput:    339 docs/sec - 900001 documents
client-3  | [fad5bbc98503] MongoDB ( 90%) - insert throughput:    338 docs/sec - 900001 documents
client-4  | [3e81ffd1afae] MongoDB ( 90%) - insert throughput:    337 docs/sec - 900001 documents
client-5  | [ae46a45cc889] MongoDB ( 90%) - insert throughput:    337 docs/sec - 900001 documents
client-8  | [2025-02-26T09:24:21.820Z] 🏁 insert workload completed in 2872.44 seconds (1000000 documents)
client-6  | [2025-02-26T09:25:01.039Z] 🏁 insert workload completed in 2912.62 seconds (1000000 documents)
client-1  | [2025-02-26T09:25:15.958Z] 🏁 insert workload completed in 2931.26 seconds (1000000 documents)
client-7  | [2025-02-26T09:25:18.307Z] 🏁 insert workload completed in 2932.70 seconds (1000000 documents)
client-2  | [2025-02-26T09:25:31.952Z] 🏁 insert workload completed in 2945.24 seconds (1000000 documents)
client-3  | [2025-02-26T09:25:34.401Z] 🏁 insert workload completed in 2952.31 seconds (1000000 documents)
client-5  | [2025-02-26T09:25:40.458Z] 🏁 insert workload completed in 2952.90 seconds (1000000 documents)
client-4  | [2025-02-26T09:25:40.963Z] 🏁 insert workload completed in 2957.52 seconds (1000000 documents)
[Kclient-8 exited with code 0
[Kclient-6 exited with code 0
[Kclient-1 exited with code 0
[Kclient-7 exited with code 0
[Kclient-2 exited with code 0
[Kclient-3 exited with code 0
[Kclient-5 exited with code 0
[Kclient-4 exited with code 0

 Performance counter stats for 'system wide':

 1,702,341,638,456      instructions:u            docker/b915f2e24ef7707ccbf45c30198d5e06038a6f5a77d3388cd6258cdadc5b7f3e                                   

    3962.795210803 seconds time elapsed

time="2025-02-26T09:42:21Z" level=warning msg="The \"BENCH_OPERATION\" variable is not set. Defaulting to a blank string."
MongoDB count: 8000000 size: 1007 MB
[
  { _id: ObjectId('67bed286f8f6af4ece653c83') },
  { _id: ObjectId('67bed286f8f6af4ece653c84') },
  { _id: ObjectId('67bed286f8f6af4ece653c85') },
  { _id: ObjectId('67bed286f8f6af4ece653c86') },
  { _id: ObjectId('67bed286f8f6af4ece653c87') },
  { _id: ObjectId('67bed286f8f6af4ece653c88') },
  { _id: ObjectId('67bed286f8f6af4ece653c89') },
  { _id: ObjectId('67bed286f8f6af4ece653c8a') },
  { _id: ObjectId('67bed286f8f6af4ece653c8b') },
  { _id: ObjectId('67bed286f8f6af4ece653c8c') }
]
CONTAINER ID   NAME                   CPU %     MEM USAGE / LIMIT    MEM %     NET I/O           BLOCK I/O        PIDS
2cf19af6c3f8   jsonbench-grafana-1    0.95%     69.12MiB / 27.2GiB   0.25%     82.3kB / 42.4kB   422kB / 487kB    23
850a33b3c11e   prometheus             0.04%     69.49MiB / 27.2GiB   0.25%     46.4MB / 857kB    483kB / 12.3kB   13
6fd576903404   jsonbench-postgres-1   0.00%     131.4MiB / 9GiB      1.43%     2.35kB / 2.17kB   0B / 68.6MB      6
b915f2e24ef7   jsonbench-mongodb-1    0.33%     1.319GiB / 9GiB      14.65%    2.6GB / 890MB     0B / 8.11GB      33
714a14a86e94   cadvisor               2.32%     56.04MiB / 27.2GiB   0.20%     858kB / 46.4MB    0B / 0B          16
