CONTAINER ID   NAME                   CPU %     MEM USAGE / LIMIT    MEM %     NET I/O           BLOCK I/O         PIDS
4648282809e3   jsonbench-grafana-1    0.98%     70.55MiB / 27.2GiB   0.25%     445kB / 362kB     27.8MB / 1.52MB   13
3721329bc411   jsonbench-mongodb-1    0.41%     767.4MiB / 9GiB      8.33%     3.73GB / 890MB    7.65MB / 3.97GB   33
d34a28836e4a   jsonbench-postgres-1   0.00%     123.7MiB / 9GiB      1.34%     2.6kB / 2.17kB    20.3MB / 68.5MB   6
cb072a433afa   prometheus             0.04%     69.81MiB / 27.2GiB   0.25%     51.5MB / 1MB      1.77MB / 12.3kB   13
bf5f9b03e712   cadvisor               8.44%     58.41MiB / 27.2GiB   0.21%     958kB / 51.4MB    3.61MB / 0B       16
a0f8c07301ab   mongo_fdw              0.00%     154.9MiB / 27.2GiB   0.56%     2.21kB / 2.38kB   171MB / 11.2GB    6
              total        used        free      shared  buff/cache   available
Mem:            27G        1.6G         24G        506M        1.2G         24G
Swap:          8.0G        141M        7.9G
              total        used        free      shared  buff/cache   available
Mem:            27G        1.6G         24G        506M        1.2G         24G
Swap:          8.0G        141M        7.9G
CONTAINER ID   NAME                   CPU %     MEM USAGE / LIMIT    MEM %     NET I/O           BLOCK I/O         PIDS
4648282809e3   jsonbench-grafana-1    1.07%     70.53MiB / 27.2GiB   0.25%     447kB / 363kB     27.8MB / 1.52MB   13
3721329bc411   jsonbench-mongodb-1    0.33%     767.4MiB / 9GiB      8.33%     3.73GB / 890MB    7.66MB / 3.97GB   33
d34a28836e4a   jsonbench-postgres-1   0.00%     122.2MiB / 9GiB      1.33%     2.6kB / 2.17kB    20.3MB / 68.5MB   6
cb072a433afa   prometheus             0.32%     69.81MiB / 27.2GiB   0.25%     51.7MB / 1.01MB   1.77MB / 12.3kB   13
bf5f9b03e712   cadvisor               2.31%     53.71MiB / 27.2GiB   0.19%     961kB / 51.6MB    3.64MB / 0B       16
a0f8c07301ab   mongo_fdw              0.00%     153.7MiB / 27.2GiB   0.55%     2.21kB / 2.38kB   171MB / 11.2GB    6
postgres-init-1  | psql: error: connection to server at "postgres" (172.22.0.4), port 5432 failed: Connection refused
postgres-init-1  | 	Is the server running on that host and accepting TCP/IP connections?
postgres-init-1  | psql: error: connection to server at "postgres" (172.22.0.4), port 5432 failed: Connection refused
postgres-init-1  | 	Is the server running on that host and accepting TCP/IP connections?
postgres-init-1  | drop table if exists jsonbench;
postgres-init-1  | psql:/dir/init.sql:1: NOTICE:  table "jsonbench" does not exist, skipping
postgres-init-1  | DROP TABLE
postgres-init-1  | create table if not exists jsonbench (
postgres-init-1  |     id bigint generated always as identity ( cache 100 ) primary key,
postgres-init-1  |     data jsonb not null
postgres-init-1  | );
postgres-init-1  | CREATE TABLE
postgres-init-1  | create index on jsonbench ( (data->>'attr1') );
postgres-init-1  | CREATE INDEX
postgres-init-1  | show shared_buffers;
postgres-init-1  |  shared_buffers 
postgres-init-1  | ----------------
postgres-init-1  |  4GB
postgres-init-1  | (1 row)
postgres-init-1  | 
postgres-init-1  | explain select * from jsonbench where data->>'attr1' > 'M' order by data->>'attr1' limit 20;
postgres-init-1  |                                           QUERY PLAN                                          
postgres-init-1  | ----------------------------------------------------------------------------------------------
postgres-init-1  |  Limit  (cost=0.15..2.75 rows=20 width=72)
postgres-init-1  |    ->  Index Scan using jsonbench_expr_idx on jsonbench  (cost=0.15..52.15 rows=400 width=72)
postgres-init-1  |          Index Cond: ((data ->> 'attr1'::text) > 'M'::text)
postgres-init-1  | (3 rows)
postgres-init-1  | 
 Container jsonbench-mongodb-1  Running
 Container jsonbench-postgres-1  Running
 Container jsonbench-client-3  Recreate
 Container jsonbench-client-7  Recreate
 Container jsonbench-client-6  Recreate
 Container jsonbench-client-8  Recreate
 Container jsonbench-client-1  Recreate
 Container jsonbench-client-2  Recreate
 Container jsonbench-client-5  Recreate
 Container jsonbench-client-4  Recreate
 Container jsonbench-client-6  Recreated
 Container jsonbench-client-4  Recreated
 Container jsonbench-client-5  Recreated
 Container jsonbench-client-8  Recreated
 Container jsonbench-client-2  Recreated
 Container jsonbench-client-7  Recreated
 Container jsonbench-client-1  Recreated
 Container jsonbench-client-3  Recreated
Attaching to client-1, client-2, client-3, client-4, client-5, client-6, client-7, client-8
client-7  | Current Mongosh Log ID:	67c16aafbe293957ce54cb64
client-4  | Current Mongosh Log ID:	67c16aaf1a5e54c3dc07f0b9
client-1  | Current Mongosh Log ID:	67c16ab04740682239229df4
client-7  | Using Mongosh:		2.0.2
client-7  | 
client-7  | For mongosh info see: https://docs.mongodb.com/mongodb-shell/
client-7  | 
client-7  | 
client-7  | To help improve our products, anonymous usage data is collected and sent to MongoDB periodically (https://www.mongodb.com/legal/privacy-policy).
client-7  | You can opt-out by running the disableTelemetry() command.
client-7  | 
client-4  | Using Mongosh:		2.0.2
client-4  | 
client-4  | For mongosh info see: https://docs.mongodb.com/mongodb-shell/
client-4  | 
client-4  | 
client-4  | To help improve our products, anonymous usage data is collected and sent to MongoDB periodically (https://www.mongodb.com/legal/privacy-policy).
client-4  | You can opt-out by running the disableTelemetry() command.
client-4  | 
client-7  | Loading file: /dir/lib.js
client-1  | Using Mongosh:		2.0.2
client-1  | 
client-1  | For mongosh info see: https://docs.mongodb.com/mongodb-shell/
client-1  | 
client-1  | 
client-1  | To help improve our products, anonymous usage data is collected and sent to MongoDB periodically (https://www.mongodb.com/legal/privacy-policy).
client-1  | You can opt-out by running the disableTelemetry() command.
client-1  | 
client-4  | Loading file: /dir/lib.js
client-1  | Loading file: /dir/lib.js
client-2  | Current Mongosh Log ID:	67c16ab1e581f9dbe0de0cb0
client-2  | Using Mongosh:		2.0.2
client-2  | 
client-2  | For mongosh info see: https://docs.mongodb.com/mongodb-shell/
client-2  | 
client-2  | 
client-2  | To help improve our products, anonymous usage data is collected and sent to MongoDB periodically (https://www.mongodb.com/legal/privacy-policy).
client-2  | You can opt-out by running the disableTelemetry() command.
client-2  | 
client-2  | Loading file: /dir/lib.js
client-8  | Current Mongosh Log ID:	67c16ab1a87e83fedb5b9b09
client-8  | Using Mongosh:		2.0.2
client-8  | 
client-8  | For mongosh info see: https://docs.mongodb.com/mongodb-shell/
client-8  | 
client-8  | 
client-8  | To help improve our products, anonymous usage data is collected and sent to MongoDB periodically (https://www.mongodb.com/legal/privacy-policy).
client-8  | You can opt-out by running the disableTelemetry() command.
client-8  | 
client-8  | Loading file: /dir/lib.js
client-6  | Current Mongosh Log ID:	67c16ab2dc663098f069884a
client-7  | Environment Variables:
client-1  | Environment Variables:
client-4  | Environment Variables:
client-7  | BENCH_DOCS: 1000000
client-7  | DB_URI: postgres://postgres:xxx@postgres:5432/postgres
client-4  | BENCH_DOCS: 1000000
client-7  | [2025-02-28T07:50:11.358Z] 🚀 Starting insert from postgres://postgres:xxx@postgres:5432/postgres for 1000000 calls
client-4  | DB_URI: postgres://postgres:xxx@postgres:5432/postgres
client-4  | [2025-02-28T07:50:11.362Z] 🚀 Starting insert from postgres://postgres:xxx@postgres:5432/postgres for 1000000 calls
client-1  | BENCH_DOCS: 1000000
client-1  | DB_URI: postgres://postgres:xxx@postgres:5432/postgres
client-1  | [2025-02-28T07:50:11.371Z] 🚀 Starting insert from postgres://postgres:xxx@postgres:5432/postgres for 1000000 calls
client-4  | [9d7a620a12f0] PostgreSQL (  0%) - insert throughput:     33 docs/sec - 1 documents
client-7  | [699ca6491f9e] PostgreSQL (  0%) - insert throughput:     29 docs/sec - 1 documents
client-1  | [58fe9f7275e8] PostgreSQL (  0%) - insert throughput:     28 docs/sec - 1 documents
client-6  | Using Mongosh:		2.0.2
client-6  | 
client-6  | For mongosh info see: https://docs.mongodb.com/mongodb-shell/
client-6  | 
client-6  | 
client-6  | To help improve our products, anonymous usage data is collected and sent to MongoDB periodically (https://www.mongodb.com/legal/privacy-policy).
client-6  | You can opt-out by running the disableTelemetry() command.
client-6  | 
client-6  | Loading file: /dir/lib.js
client-5  | Current Mongosh Log ID:	67c16ab3f2e3a44004156684
client-2  | Environment Variables:
client-2  | BENCH_DOCS: 1000000
client-2  | DB_URI: postgres://postgres:xxx@postgres:5432/postgres
client-2  | [2025-02-28T07:50:12.226Z] 🚀 Starting insert from postgres://postgres:xxx@postgres:5432/postgres for 1000000 calls
client-2  | [3cf69ec08729] PostgreSQL (  0%) - insert throughput:     77 docs/sec - 1 documents
client-5  | Using Mongosh:		2.0.2
client-5  | 
client-5  | For mongosh info see: https://docs.mongodb.com/mongodb-shell/
client-5  | 
client-5  | 
client-5  | To help improve our products, anonymous usage data is collected and sent to MongoDB periodically (https://www.mongodb.com/legal/privacy-policy).
client-5  | You can opt-out by running the disableTelemetry() command.
client-5  | 
client-5  | Loading file: /dir/lib.js
client-3  | Current Mongosh Log ID:	67c16ab485d4193c2d707594
client-8  | Environment Variables:
client-8  | BENCH_DOCS: 1000000
client-8  | DB_URI: postgres://postgres:xxx@postgres:5432/postgres
client-8  | [2025-02-28T07:50:12.985Z] 🚀 Starting insert from postgres://postgres:xxx@postgres:5432/postgres for 1000000 calls
client-8  | [c90d0973f215] PostgreSQL (  0%) - insert throughput:     40 docs/sec - 1 documents
client-3  | Using Mongosh:		2.0.2
client-3  | 
client-3  | For mongosh info see: https://docs.mongodb.com/mongodb-shell/
client-3  | 
client-3  | 
client-3  | To help improve our products, anonymous usage data is collected and sent to MongoDB periodically (https://www.mongodb.com/legal/privacy-policy).
client-3  | You can opt-out by running the disableTelemetry() command.
client-3  | 
client-3  | Loading file: /dir/lib.js
client-6  | Environment Variables:
client-6  | BENCH_DOCS: 1000000
client-6  | DB_URI: postgres://postgres:xxx@postgres:5432/postgres
client-6  | [2025-02-28T07:50:13.832Z] 🚀 Starting insert from postgres://postgres:xxx@postgres:5432/postgres for 1000000 calls
client-6  | [f8a5420b2edb] PostgreSQL (  0%) - insert throughput:     83 docs/sec - 1 documents
client-5  | Environment Variables:
client-5  | BENCH_DOCS: 1000000
client-5  | DB_URI: postgres://postgres:xxx@postgres:5432/postgres
client-5  | [2025-02-28T07:50:14.592Z] 🚀 Starting insert from postgres://postgres:xxx@postgres:5432/postgres for 1000000 calls
client-5  | [50baba21bcf2] PostgreSQL (  0%) - insert throughput:     87 docs/sec - 1 documents
client-3  | Environment Variables:
client-3  | BENCH_DOCS: 1000000
client-3  | DB_URI: postgres://postgres:xxx@postgres:5432/postgres
client-3  | [2025-02-28T07:50:15.498Z] 🚀 Starting insert from postgres://postgres:xxx@postgres:5432/postgres for 1000000 calls
client-3  | [d26ba3a4c6ea] PostgreSQL (  0%) - insert throughput:     81 docs/sec - 1 documents
CONTAINER ID   NAME                   CPU %     MEM USAGE / LIMIT    MEM %     NET I/O           BLOCK I/O         PIDS
9d7a620a12f0   jsonbench-client-4     27.75%    115.6MiB / 27.2GiB   0.42%     51.5MB / 63.8MB   55.9MB / 8.19kB   11
699ca6491f9e   jsonbench-client-7     26.90%    109.5MiB / 27.2GiB   0.39%     51.4MB / 63.9MB   7.85MB / 8.19kB   11
58fe9f7275e8   jsonbench-client-1     26.79%    113.1MiB / 27.2GiB   0.41%     51.4MB / 63.9MB   1.91MB / 8.19kB   11
3cf69ec08729   jsonbench-client-2     27.45%    102.1MiB / 27.2GiB   0.37%     51.2MB / 63.7MB   0B / 8.19kB       11
c90d0973f215   jsonbench-client-8     27.59%    108.4MiB / 27.2GiB   0.39%     51.1MB / 63.5MB   0B / 8.19kB       11
f8a5420b2edb   jsonbench-client-6     27.39%    102.2MiB / 27.2GiB   0.37%     51.2MB / 63.6MB   0B / 8.19kB       11
50baba21bcf2   jsonbench-client-5     27.52%    104.7MiB / 27.2GiB   0.38%     51MB / 63.4MB     0B / 8.19kB       11
d26ba3a4c6ea   jsonbench-client-3     27.84%    99.86MiB / 27.2GiB   0.36%     50.9MB / 63.1MB   0B / 8.19kB       11
4648282809e3   jsonbench-grafana-1    1.57%     70.54MiB / 27.2GiB   0.25%     479kB / 378kB     27.9MB / 1.52MB   13
3721329bc411   jsonbench-mongodb-1    0.57%     767.3MiB / 9GiB      8.33%     3.73GB / 890MB    7.72MB / 3.97GB   33
d34a28836e4a   jsonbench-postgres-1   140.36%   416.2MiB / 9GiB      4.52%     509MB / 410MB     26.2MB / 3.78GB   14
cb072a433afa   prometheus             0.00%     85.28MiB / 27.2GiB   0.31%     54.8MB / 1.06MB   1.77MB / 12.3kB   13
bf5f9b03e712   cadvisor               5.28%     69.1MiB / 27.2GiB    0.25%     1.02MB / 54.8MB   4.54MB / 0B       16
a0f8c07301ab   mongo_fdw              0.00%     154.7MiB / 27.2GiB   0.56%     2.21kB / 2.38kB   174MB / 11.2GB    6
client-7  | [699ca6491f9e] PostgreSQL ( 10%) - insert throughput:    359 docs/sec - 100001 documents
client-1  | [58fe9f7275e8] PostgreSQL ( 10%) - insert throughput:    358 docs/sec - 100001 documents
client-4  | [9d7a620a12f0] PostgreSQL ( 10%) - insert throughput:    358 docs/sec - 100001 documents
client-2  | [3cf69ec08729] PostgreSQL ( 10%) - insert throughput:    359 docs/sec - 100001 documents
client-6  | [f8a5420b2edb] PostgreSQL ( 10%) - insert throughput:    360 docs/sec - 100001 documents
client-8  | [c90d0973f215] PostgreSQL ( 10%) - insert throughput:    359 docs/sec - 100001 documents
client-5  | [50baba21bcf2] PostgreSQL ( 10%) - insert throughput:    360 docs/sec - 100001 documents
client-3  | [d26ba3a4c6ea] PostgreSQL ( 10%) - insert throughput:    360 docs/sec - 100001 documents
client-1  | [58fe9f7275e8] PostgreSQL ( 20%) - insert throughput:    362 docs/sec - 200001 documents
client-7  | [699ca6491f9e] PostgreSQL ( 20%) - insert throughput:    362 docs/sec - 200001 documents
client-2  | [3cf69ec08729] PostgreSQL ( 20%) - insert throughput:    362 docs/sec - 200001 documents
client-6  | [f8a5420b2edb] PostgreSQL ( 20%) - insert throughput:    363 docs/sec - 200001 documents
client-4  | [9d7a620a12f0] PostgreSQL ( 20%) - insert throughput:    361 docs/sec - 200001 documents
client-5  | [50baba21bcf2] PostgreSQL ( 20%) - insert throughput:    363 docs/sec - 200001 documents
client-8  | [c90d0973f215] PostgreSQL ( 20%) - insert throughput:    362 docs/sec - 200001 documents
client-3  | [d26ba3a4c6ea] PostgreSQL ( 20%) - insert throughput:    362 docs/sec - 200001 documents
client-7  | [699ca6491f9e] PostgreSQL ( 30%) - insert throughput:    363 docs/sec - 300001 documents
client-6  | [f8a5420b2edb] PostgreSQL ( 30%) - insert throughput:    364 docs/sec - 300001 documents
client-1  | [58fe9f7275e8] PostgreSQL ( 30%) - insert throughput:    362 docs/sec - 300001 documents
client-5  | [50baba21bcf2] PostgreSQL ( 30%) - insert throughput:    364 docs/sec - 300001 documents
client-2  | [3cf69ec08729] PostgreSQL ( 30%) - insert throughput:    363 docs/sec - 300001 documents
client-4  | [9d7a620a12f0] PostgreSQL ( 30%) - insert throughput:    362 docs/sec - 300001 documents
client-8  | [c90d0973f215] PostgreSQL ( 30%) - insert throughput:    363 docs/sec - 300001 documents
client-3  | [d26ba3a4c6ea] PostgreSQL ( 30%) - insert throughput:    363 docs/sec - 300001 documents
client-7  | [699ca6491f9e] PostgreSQL ( 40%) - insert throughput:    364 docs/sec - 400001 documents
client-5  | [50baba21bcf2] PostgreSQL ( 40%) - insert throughput:    365 docs/sec - 400001 documents
client-6  | [f8a5420b2edb] PostgreSQL ( 40%) - insert throughput:    364 docs/sec - 400001 documents
client-1  | [58fe9f7275e8] PostgreSQL ( 40%) - insert throughput:    363 docs/sec - 400001 documents
client-2  | [3cf69ec08729] PostgreSQL ( 40%) - insert throughput:    364 docs/sec - 400001 documents
client-8  | [c90d0973f215] PostgreSQL ( 40%) - insert throughput:    364 docs/sec - 400001 documents
client-4  | [9d7a620a12f0] PostgreSQL ( 40%) - insert throughput:    363 docs/sec - 400001 documents
client-3  | [d26ba3a4c6ea] PostgreSQL ( 40%) - insert throughput:    364 docs/sec - 400001 documents
client-5  | [50baba21bcf2] PostgreSQL ( 50%) - insert throughput:    365 docs/sec - 500001 documents
client-6  | [f8a5420b2edb] PostgreSQL ( 50%) - insert throughput:    365 docs/sec - 500001 documents
client-7  | [699ca6491f9e] PostgreSQL ( 50%) - insert throughput:    364 docs/sec - 500001 documents
client-1  | [58fe9f7275e8] PostgreSQL ( 50%) - insert throughput:    364 docs/sec - 500001 documents
client-2  | [3cf69ec08729] PostgreSQL ( 50%) - insert throughput:    364 docs/sec - 500001 documents
client-8  | [c90d0973f215] PostgreSQL ( 50%) - insert throughput:    364 docs/sec - 500001 documents
client-4  | [9d7a620a12f0] PostgreSQL ( 50%) - insert throughput:    363 docs/sec - 500001 documents
client-3  | [d26ba3a4c6ea] PostgreSQL ( 50%) - insert throughput:    364 docs/sec - 500001 documents
client-5  | [50baba21bcf2] PostgreSQL ( 60%) - insert throughput:    366 docs/sec - 600001 documents
client-6  | [f8a5420b2edb] PostgreSQL ( 60%) - insert throughput:    365 docs/sec - 600001 documents
client-7  | [699ca6491f9e] PostgreSQL ( 60%) - insert throughput:    364 docs/sec - 600001 documents
client-1  | [58fe9f7275e8] PostgreSQL ( 60%) - insert throughput:    364 docs/sec - 600001 documents
client-2  | [3cf69ec08729] PostgreSQL ( 60%) - insert throughput:    364 docs/sec - 600001 documents
client-8  | [c90d0973f215] PostgreSQL ( 60%) - insert throughput:    364 docs/sec - 600001 documents
client-4  | [9d7a620a12f0] PostgreSQL ( 60%) - insert throughput:    364 docs/sec - 600001 documents
client-3  | [d26ba3a4c6ea] PostgreSQL ( 60%) - insert throughput:    365 docs/sec - 600001 documents
client-5  | [50baba21bcf2] PostgreSQL ( 70%) - insert throughput:    366 docs/sec - 700001 documents
client-6  | [f8a5420b2edb] PostgreSQL ( 70%) - insert throughput:    366 docs/sec - 700001 documents
client-7  | [699ca6491f9e] PostgreSQL ( 70%) - insert throughput:    365 docs/sec - 700001 documents
client-1  | [58fe9f7275e8] PostgreSQL ( 70%) - insert throughput:    365 docs/sec - 700001 documents
client-2  | [3cf69ec08729] PostgreSQL ( 70%) - insert throughput:    365 docs/sec - 700001 documents
client-8  | [c90d0973f215] PostgreSQL ( 70%) - insert throughput:    365 docs/sec - 700001 documents
client-4  | [9d7a620a12f0] PostgreSQL ( 70%) - insert throughput:    364 docs/sec - 700001 documents
client-3  | [d26ba3a4c6ea] PostgreSQL ( 70%) - insert throughput:    365 docs/sec - 700001 documents
client-5  | [50baba21bcf2] PostgreSQL ( 80%) - insert throughput:    367 docs/sec - 800001 documents
client-6  | [f8a5420b2edb] PostgreSQL ( 80%) - insert throughput:    366 docs/sec - 800001 documents
client-7  | [699ca6491f9e] PostgreSQL ( 80%) - insert throughput:    365 docs/sec - 800001 documents
client-1  | [58fe9f7275e8] PostgreSQL ( 80%) - insert throughput:    365 docs/sec - 800001 documents
client-2  | [3cf69ec08729] PostgreSQL ( 80%) - insert throughput:    365 docs/sec - 800001 documents
client-8  | [c90d0973f215] PostgreSQL ( 80%) - insert throughput:    365 docs/sec - 800001 documents
client-3  | [d26ba3a4c6ea] PostgreSQL ( 80%) - insert throughput:    365 docs/sec - 800001 documents
client-4  | [9d7a620a12f0] PostgreSQL ( 80%) - insert throughput:    365 docs/sec - 800001 documents
client-5  | [50baba21bcf2] PostgreSQL ( 90%) - insert throughput:    366 docs/sec - 900001 documents
client-6  | [f8a5420b2edb] PostgreSQL ( 90%) - insert throughput:    366 docs/sec - 900001 documents
client-7  | [699ca6491f9e] PostgreSQL ( 90%) - insert throughput:    365 docs/sec - 900001 documents
client-1  | [58fe9f7275e8] PostgreSQL ( 90%) - insert throughput:    365 docs/sec - 900001 documents
client-2  | [3cf69ec08729] PostgreSQL ( 90%) - insert throughput:    365 docs/sec - 900001 documents
client-8  | [c90d0973f215] PostgreSQL ( 90%) - insert throughput:    365 docs/sec - 900001 documents
client-3  | [d26ba3a4c6ea] PostgreSQL ( 90%) - insert throughput:    365 docs/sec - 900001 documents
client-4  | [9d7a620a12f0] PostgreSQL ( 90%) - insert throughput:    364 docs/sec - 900001 documents
client-5  | [2025-02-28T08:35:42.184Z] 🏁 insert workload completed in 2727.59 seconds (1000000 documents)
client-6  | [2025-02-28T08:35:44.257Z] 🏁 insert workload completed in 2730.43 seconds (1000000 documents)
client-7  | [2025-02-28T08:35:46.442Z] 🏁 insert workload completed in 2735.08 seconds (1000000 documents)
client-1  | [2025-02-28T08:35:47.365Z] 🏁 insert workload completed in 2735.99 seconds (1000000 documents)
client-8  | [2025-02-28T08:35:48.889Z] 🏁 insert workload completed in 2735.90 seconds (1000000 documents)
client-2  | [2025-02-28T08:35:49.038Z] 🏁 insert workload completed in 2736.81 seconds (1000000 documents)
client-3  | [2025-02-28T08:35:49.595Z] 🏁 insert workload completed in 2734.10 seconds (1000000 documents)
client-4  | [2025-02-28T08:35:50.484Z] 🏁 insert workload completed in 2739.12 seconds (1000000 documents)
[Kclient-5 exited with code 0
[Kclient-6 exited with code 0
[Kclient-7 exited with code 0
[Kclient-1 exited with code 0
[Kclient-8 exited with code 0
[Kclient-2 exited with code 0
[Kclient-3 exited with code 0
[Kclient-4 exited with code 0

 Performance counter stats for 'system wide':

 1,693,413,098,170      instructions:u            docker/d34a28836e4a12e54fc851229b77c392381f774a8e9ceea0ec3699b582f87a9b                                   

    3745.983734235 seconds time elapsed

VACUUM
PostgreSQL count: 8.000038e+06 size: 2501 MB index: 329 MB
1
101
201
102
202
103
2
203
104
105
public|jsonbench|id|f|0|8|-1|||{40,75546,154486,250272,329375,427035,507437,590128,663118,748031,822325,906739,991319,1074149,1144006,1219867,1289647,1363156,1445800,1520014,1597816,1680775,1750711,1843380,1925265,1996278,2089155,2172541,2253782,2334965,2417856,2488320,2571890,2641615,2722990,2798393,2865439,2937329,3025508,3096565,3171762,3253130,3327310,3423142,3510060,3590742,3667882,3739558,3823613,3912593,3999098,4080853,4157219,4231012,4308912,4401175,4486186,4560125,4647271,4728194,4796895,4870487,4942865,5024377,5095266,5160914,5240874,5329995,5407702,5504635,5585962,5660720,5746329,5829277,5903492,5980487,6074756,6145718,6227221,6301992,6384857,6477582,6551552,6637969,6715909,6790885,6877615,6959268,7036418,7111086,7189740,7276284,7354156,7432689,7514498,7592028,7673290,7754364,7827574,7912842,7998601}|0.9999919||||||
CONTAINER ID   NAME                   CPU %     MEM USAGE / LIMIT    MEM %     NET I/O           BLOCK I/O         PIDS
4648282809e3   jsonbench-grafana-1    0.87%     72.22MiB / 27.2GiB   0.26%     807kB / 745kB     28.9MB / 2.22MB   15
3721329bc411   jsonbench-mongodb-1    0.35%     764.8MiB / 9GiB      8.30%     3.73GB / 890MB    7.74MB / 3.98GB   33
d34a28836e4a   jsonbench-postgres-1   0.02%     2.917GiB / 9GiB      32.41%    5.37GB / 4.33GB   26.9MB / 37GB     6
cb072a433afa   prometheus             0.03%     97.46MiB / 27.2GiB   0.35%     96MB / 1.88MB     1.78MB / 12.3kB   13
bf5f9b03e712   cadvisor               2.91%     63.21MiB / 27.2GiB   0.23%     1.76MB / 95.9MB   4.61MB / 0B       17
a0f8c07301ab   mongo_fdw              0.00%     154.7MiB / 27.2GiB   0.56%     2.21kB / 2.38kB   174MB / 11.2GB    6
              total        used        free      shared  buff/cache   available
Mem:            27G        1.7G         17G        3.3G        8.2G         21G
Swap:          8.0G        141M        7.9G
              total        used        free      shared  buff/cache   available
Mem:            27G        1.7G         21G        3.3G        4.0G         21G
Swap:          8.0G        141M        7.9G
CONTAINER ID   NAME                   CPU %     MEM USAGE / LIMIT    MEM %     NET I/O           BLOCK I/O         PIDS
4648282809e3   jsonbench-grafana-1    0.89%     71.8MiB / 27.2GiB    0.26%     807kB / 745kB     28.9MB / 2.22MB   15
3721329bc411   jsonbench-mongodb-1    0.37%     764.8MiB / 9GiB      8.30%     3.73GB / 890MB    7.75MB / 3.98GB   33
d34a28836e4a   jsonbench-postgres-1   0.01%     2.912GiB / 9GiB      32.35%    5.37GB / 4.33GB   26.9MB / 37GB     6
cb072a433afa   prometheus             0.00%     97.46MiB / 27.2GiB   0.35%     96MB / 1.88MB     1.78MB / 12.3kB   13
bf5f9b03e712   cadvisor               5.38%     63.97MiB / 27.2GiB   0.23%     1.76MB / 95.9MB   4.63MB / 0B       17
a0f8c07301ab   mongo_fdw              0.00%     153.6MiB / 27.2GiB   0.55%     2.21kB / 2.38kB   174MB / 11.2GB    6
