CONTAINER ID   NAME                   CPU %     MEM USAGE / LIMIT    MEM %     NET I/O           BLOCK I/O     PIDS
a737c66045b5   jsonbench-postgres-1   0.01%     130MiB / 9GiB        1.41%     1.53kB / 1.68kB   0B / 68.5MB   6
73c8a249ff5b   jsonbench-mongodb-1    0.32%     81.3MiB / 9GiB       0.88%     5.69kB / 6.8kB    0B / 1.67MB   33
500f45bd6023   jsonbench-grafana-1    0.94%     74.22MiB / 27.2GiB   0.27%     469kB / 9.95MB    0B / 1.84MB   18
2e606fb57093   prometheus             0.07%     101.9MiB / 27.2GiB   0.37%     76MB / 1.52MB     0B / 24.6kB   13
4ea88e7152ac   cadvisor               4.36%     61.18MiB / 27.2GiB   0.22%     1.43MB / 75.9MB   0B / 0B       17
mongodb-init-1  | Current Mongosh Log ID:	67b65751480664ba1d5c8a1c
mongodb-init-1  | Connecting to:		mongodb://mongodb:27017/?directConnection=true&appName=mongosh+2.0.2
mongodb-init-1  | Using MongoDB:		7.0.16
mongodb-init-1  | Using Mongosh:		2.0.2
mongodb-init-1  | 
mongodb-init-1  | For mongosh info see: https://docs.mongodb.com/mongodb-shell/
mongodb-init-1  | 
mongodb-init-1  | 
mongodb-init-1  | To help improve our products, anonymous usage data is collected and sent to MongoDB periodically (https://www.mongodb.com/legal/privacy-policy).
mongodb-init-1  | You can opt-out by running the disableTelemetry() command.
mongodb-init-1  | 
mongodb-init-1  | ------
mongodb-init-1  |    The server generated these startup warnings when booting
mongodb-init-1  |    2025-02-19T22:12:33.575+00:00: Access control is not enabled for the database. Read and write access to data and configuration is unrestricted
mongodb-init-1  |    2025-02-19T22:12:33.575+00:00: vm.max_map_count is too low
mongodb-init-1  | ------
mongodb-init-1  | 
mongodb-init-1  | Loading file: /dir/init.js
 Container jsonbench-mongodb-1  Running
 Container jsonbench-postgres-1  Running
 Container jsonbench-client-8  Creating
 Container jsonbench-client-4  Creating
 Container jsonbench-client-6  Creating
 Container jsonbench-client-7  Creating
 Container jsonbench-client-5  Creating
 Container jsonbench-client-3  Creating
 Container jsonbench-client-1  Creating
 Container jsonbench-client-2  Creating
 Container jsonbench-client-5  Created
 Container jsonbench-client-3  Created
 Container jsonbench-client-4  Created
 Container jsonbench-client-6  Created
 Container jsonbench-client-1  Created
 Container jsonbench-client-8  Created
 Container jsonbench-client-7  Created
 Container jsonbench-client-2  Created
Attaching to client-1, client-2, client-3, client-4, client-5, client-6, client-7, client-8
client-5  | Current Mongosh Log ID:	67b659ad5f5680d2d54ec352
client-5  | Using Mongosh:		2.0.2
client-5  | 
client-5  | For mongosh info see: https://docs.mongodb.com/mongodb-shell/
client-5  | 
client-5  | 
client-5  | To help improve our products, anonymous usage data is collected and sent to MongoDB periodically (https://www.mongodb.com/legal/privacy-policy).
client-5  | You can opt-out by running the disableTelemetry() command.
client-5  | 
client-5  | Loading file: /dir/lib.js
client-4  | Current Mongosh Log ID:	67b659aecc8b2ef3f1da42d2
client-4  | Using Mongosh:		2.0.2
client-4  | 
client-4  | For mongosh info see: https://docs.mongodb.com/mongodb-shell/
client-4  | 
client-4  | 
client-4  | To help improve our products, anonymous usage data is collected and sent to MongoDB periodically (https://www.mongodb.com/legal/privacy-policy).
client-4  | You can opt-out by running the disableTelemetry() command.
client-4  | 
client-4  | Loading file: /dir/lib.js
client-1  | Current Mongosh Log ID:	67b659af3f901e248899874b
client-5  | 📚 lib.js loaded
client-5  | [2025-02-19T22:22:39.542Z] 🚀 Starting data insertion into mongodb://mongodb:27017 for 100000 documents of 100 bytes * 10 fields
client-1  | Using Mongosh:		2.0.2
client-1  | 
client-1  | For mongosh info see: https://docs.mongodb.com/mongodb-shell/
client-1  | 
client-1  | 
client-1  | To help improve our products, anonymous usage data is collected and sent to MongoDB periodically (https://www.mongodb.com/legal/privacy-policy).
client-1  | You can opt-out by running the disableTelemetry() command.
client-1  | 
client-1  | Loading file: /dir/lib.js
client-7  | Current Mongosh Log ID:	67b659aff12c2d43c8aa0370
client-4  | 📚 lib.js loaded
client-4  | [2025-02-19T22:22:40.436Z] 🚀 Starting data insertion into mongodb://mongodb:27017 for 100000 documents of 100 bytes * 10 fields
client-7  | Using Mongosh:		2.0.2
client-7  | 
client-7  | For mongosh info see: https://docs.mongodb.com/mongodb-shell/
client-7  | 
client-7  | 
client-7  | To help improve our products, anonymous usage data is collected and sent to MongoDB periodically (https://www.mongodb.com/legal/privacy-policy).
client-7  | You can opt-out by running the disableTelemetry() command.
client-7  | 
client-6  | Current Mongosh Log ID:	67b659b00231c5e2e327a214
client-7  | Loading file: /dir/lib.js
client-6  | Using Mongosh:		2.0.2
client-6  | 
client-6  | For mongosh info see: https://docs.mongodb.com/mongodb-shell/
client-6  | 
client-6  | 
client-6  | To help improve our products, anonymous usage data is collected and sent to MongoDB periodically (https://www.mongodb.com/legal/privacy-policy).
client-6  | You can opt-out by running the disableTelemetry() command.
client-6  | 
client-6  | Loading file: /dir/lib.js
client-1  | 📚 lib.js loaded
client-1  | [2025-02-19T22:22:41.337Z] 🚀 Starting data insertion into mongodb://mongodb:27017 for 100000 documents of 100 bytes * 10 fields
client-2  | Current Mongosh Log ID:	67b659b1473578381045c35b
client-2  | Using Mongosh:		2.0.2
client-2  | 
client-2  | For mongosh info see: https://docs.mongodb.com/mongodb-shell/
client-2  | 
client-2  | 
client-2  | To help improve our products, anonymous usage data is collected and sent to MongoDB periodically (https://www.mongodb.com/legal/privacy-policy).
client-2  | You can opt-out by running the disableTelemetry() command.
client-2  | 
client-2  | Loading file: /dir/lib.js
client-3  | Current Mongosh Log ID:	67b659b20fc9d103279bdabb
client-7  | 📚 lib.js loaded
client-7  | [2025-02-19T22:22:42.290Z] 🚀 Starting data insertion into mongodb://mongodb:27017 for 100000 documents of 100 bytes * 10 fields
client-6  | 📚 lib.js loaded
client-6  | [2025-02-19T22:22:42.756Z] 🚀 Starting data insertion into mongodb://mongodb:27017 for 100000 documents of 100 bytes * 10 fields
client-3  | Using Mongosh:		2.0.2
client-3  | 
client-3  | For mongosh info see: https://docs.mongodb.com/mongodb-shell/
client-3  | 
client-3  | 
client-3  | To help improve our products, anonymous usage data is collected and sent to MongoDB periodically (https://www.mongodb.com/legal/privacy-policy).
client-3  | You can opt-out by running the disableTelemetry() command.
client-3  | 
client-8  | Current Mongosh Log ID:	67b659b2b6723aaee5f81f16
client-3  | Loading file: /dir/lib.js
client-2  | 📚 lib.js loaded
client-2  | [2025-02-19T22:22:43.377Z] 🚀 Starting data insertion into mongodb://mongodb:27017 for 100000 documents of 100 bytes * 10 fields
client-8  | Using Mongosh:		2.0.2
client-8  | 
client-8  | For mongosh info see: https://docs.mongodb.com/mongodb-shell/
client-8  | 
client-8  | 
client-8  | To help improve our products, anonymous usage data is collected and sent to MongoDB periodically (https://www.mongodb.com/legal/privacy-policy).
client-8  | You can opt-out by running the disableTelemetry() command.
client-8  | 
client-8  | Loading file: /dir/lib.js
client-3  | 📚 lib.js loaded
client-3  | [2025-02-19T22:22:44.033Z] 🚀 Starting data insertion into mongodb://mongodb:27017 for 100000 documents of 100 bytes * 10 fields
client-8  | 📚 lib.js loaded
client-8  | [2025-02-19T22:22:44.508Z] 🚀 Starting data insertion into mongodb://mongodb:27017 for 100000 documents of 100 bytes * 10 fields
client-5  | ✅ Connected to MongoDB
client-4  | ✅ Connected to MongoDB
client-1  | ✅ Connected to MongoDB
client-7  | ✅ Connected to MongoDB
client-6  | ✅ Connected to MongoDB
client-2  | ✅ Connected to MongoDB
client-3  | ✅ Connected to MongoDB
client-8  | ✅ Connected to MongoDB
client-5  | [e4348ff23992] MongoDB (10%) - Throughput: 113.24 docs/sec
client-4  | [0f40d58ee862] MongoDB (10%) - Throughput: 109.95 docs/sec
client-1  | [4ddd03855422] MongoDB (10%) - Throughput: 108.74 docs/sec
client-2  | [f99730cd8528] MongoDB (10%) - Throughput: 109.77 docs/sec
client-6  | [af9cf999b690] MongoDB (10%) - Throughput: 108.77 docs/sec
client-7  | [36f417bf26c1] MongoDB (10%) - Throughput: 106.63 docs/sec
client-3  | [852a3ce93add] MongoDB (10%) - Throughput: 108.13 docs/sec
client-8  | [4f813778d702] MongoDB (10%) - Throughput: 108.55 docs/sec
client-5  | [e4348ff23992] MongoDB (20%) - Throughput: 110.75 docs/sec
client-4  | [0f40d58ee862] MongoDB (20%) - Throughput: 109.63 docs/sec
client-2  | [f99730cd8528] MongoDB (20%) - Throughput: 109.47 docs/sec
client-6  | [af9cf999b690] MongoDB (20%) - Throughput: 108.97 docs/sec
client-1  | [4ddd03855422] MongoDB (20%) - Throughput: 107.95 docs/sec
client-7  | [36f417bf26c1] MongoDB (20%) - Throughput: 107.54 docs/sec
client-8  | [4f813778d702] MongoDB (20%) - Throughput: 108.76 docs/sec
client-3  | [852a3ce93add] MongoDB (20%) - Throughput: 108.11 docs/sec
[ perf record: Woken up 9 times to write data ]
[ perf record: Captured and wrote 0.000 MB - ]
client-5  | [e4348ff23992] MongoDB (30%) - Throughput: 110.53 docs/sec
client-4  | [0f40d58ee862] MongoDB (30%) - Throughput: 110.33 docs/sec
client-6  | [af9cf999b690] MongoDB (30%) - Throughput: 109.71 docs/sec
client-2  | [f99730cd8528] MongoDB (30%) - Throughput: 109.74 docs/sec
client-1  | [4ddd03855422] MongoDB (30%) - Throughput: 108.47 docs/sec
client-7  | [36f417bf26c1] MongoDB (30%) - Throughput: 108.35 docs/sec
client-8  | [4f813778d702] MongoDB (30%) - Throughput: 109.19 docs/sec
client-3  | [852a3ce93add] MongoDB (30%) - Throughput: 108.60 docs/sec
CONTAINER ID   NAME                   CPU %     MEM USAGE / LIMIT    MEM %     NET I/O           BLOCK I/O     PIDS
e4348ff23992   jsonbench-client-5     90.61%    225.7MiB / 27.2GiB   0.81%     4.38MB / 52.6MB   0B / 8.19kB   11
0f40d58ee862   jsonbench-client-4     83.13%    188.3MiB / 27.2GiB   0.68%     4.36MB / 52.3MB   0B / 8.19kB   11
4ddd03855422   jsonbench-client-1     91.72%    222.8MiB / 27.2GiB   0.80%     4.3MB / 51.5MB    0B / 8.19kB   11
36f417bf26c1   jsonbench-client-7     76.15%    174.4MiB / 27.2GiB   0.63%     4.27MB / 51.2MB   0B / 8.19kB   11
af9cf999b690   jsonbench-client-6     87.32%    113.9MiB / 27.2GiB   0.41%     4.32MB / 51.8MB   0B / 8.19kB   11
f99730cd8528   jsonbench-client-2     84.60%    195.2MiB / 27.2GiB   0.70%     4.32MB / 51.8MB   0B / 8.19kB   11
852a3ce93add   jsonbench-client-3     86.96%    208.9MiB / 27.2GiB   0.75%     4.28MB / 51.3MB   0B / 8.19kB   11
4f813778d702   jsonbench-client-8     87.81%    182.4MiB / 27.2GiB   0.65%     4.29MB / 51.4MB   0B / 8.19kB   11
a737c66045b5   jsonbench-postgres-1   0.00%     130.3MiB / 9GiB      1.41%     1.87kB / 1.68kB   0B / 68.5MB   6
73c8a249ff5b   jsonbench-mongodb-1    67.39%    315.5MiB / 9GiB      3.42%     414MB / 34.5MB    0B / 1.07GB   57
500f45bd6023   jsonbench-grafana-1    1.54%     74.24MiB / 27.2GiB   0.27%     470kB / 9.95MB    0B / 1.84MB   18
2e606fb57093   prometheus             0.00%     90.93MiB / 27.2GiB   0.33%     79.9MB / 1.59MB   0B / 24.6kB   13
4ea88e7152ac   cadvisor               5.98%     62.93MiB / 27.2GiB   0.23%     1.51MB / 79.8MB   0B / 0B       17
client-5  | [e4348ff23992] MongoDB (40%) - Throughput: 110.89 docs/sec
client-4  | [0f40d58ee862] MongoDB (40%) - Throughput: 110.67 docs/sec
client-6  | [af9cf999b690] MongoDB (40%) - Throughput: 110.37 docs/sec
client-2  | [f99730cd8528] MongoDB (40%) - Throughput: 110.36 docs/sec
client-1  | [4ddd03855422] MongoDB (40%) - Throughput: 109.34 docs/sec
client-8  | [4f813778d702] MongoDB (40%) - Throughput: 110.09 docs/sec
client-3  | [852a3ce93add] MongoDB (40%) - Throughput: 109.70 docs/sec
client-7  | [36f417bf26c1] MongoDB (40%) - Throughput: 108.96 docs/sec
client-5  | [e4348ff23992] MongoDB (50%) - Throughput: 111.11 docs/sec
client-4  | [0f40d58ee862] MongoDB (50%) - Throughput: 110.98 docs/sec
client-6  | [af9cf999b690] MongoDB (50%) - Throughput: 110.73 docs/sec
client-2  | [f99730cd8528] MongoDB (50%) - Throughput: 110.73 docs/sec
client-8  | [4f813778d702] MongoDB (50%) - Throughput: 110.62 docs/sec
client-1  | [4ddd03855422] MongoDB (50%) - Throughput: 109.67 docs/sec
client-3  | [852a3ce93add] MongoDB (50%) - Throughput: 110.00 docs/sec
client-7  | [36f417bf26c1] MongoDB (50%) - Throughput: 109.48 docs/sec
client-5  | [e4348ff23992] MongoDB (60%) - Throughput: 111.52 docs/sec
client-4  | [0f40d58ee862] MongoDB (60%) - Throughput: 111.32 docs/sec
client-6  | [af9cf999b690] MongoDB (60%) - Throughput: 111.23 docs/sec
client-2  | [f99730cd8528] MongoDB (60%) - Throughput: 110.89 docs/sec
client-8  | [4f813778d702] MongoDB (60%) - Throughput: 110.80 docs/sec
client-3  | [852a3ce93add] MongoDB (60%) - Throughput: 110.40 docs/sec
client-1  | [4ddd03855422] MongoDB (60%) - Throughput: 109.74 docs/sec
client-7  | [36f417bf26c1] MongoDB (60%) - Throughput: 109.92 docs/sec
client-5  | [e4348ff23992] MongoDB (70%) - Throughput: 111.82 docs/sec
client-4  | [0f40d58ee862] MongoDB (70%) - Throughput: 111.72 docs/sec
client-6  | [af9cf999b690] MongoDB (70%) - Throughput: 111.67 docs/sec
client-8  | [4f813778d702] MongoDB (70%) - Throughput: 111.31 docs/sec
client-2  | [f99730cd8528] MongoDB (70%) - Throughput: 111.09 docs/sec
client-3  | [852a3ce93add] MongoDB (70%) - Throughput: 110.74 docs/sec
client-1  | [4ddd03855422] MongoDB (70%) - Throughput: 109.81 docs/sec
client-7  | [36f417bf26c1] MongoDB (70%) - Throughput: 109.81 docs/sec
client-5  | [e4348ff23992] MongoDB (80%) - Throughput: 112.08 docs/sec
client-4  | [0f40d58ee862] MongoDB (80%) - Throughput: 111.78 docs/sec
client-6  | [af9cf999b690] MongoDB (80%) - Throughput: 112.03 docs/sec
client-2  | [f99730cd8528] MongoDB (80%) - Throughput: 111.45 docs/sec
client-8  | [4f813778d702] MongoDB (80%) - Throughput: 111.45 docs/sec
client-3  | [852a3ce93add] MongoDB (80%) - Throughput: 110.91 docs/sec
client-7  | [36f417bf26c1] MongoDB (80%) - Throughput: 110.12 docs/sec
client-1  | [4ddd03855422] MongoDB (80%) - Throughput: 109.93 docs/sec
client-5  | [e4348ff23992] MongoDB (90%) - Throughput: 112.11 docs/sec
client-6  | [af9cf999b690] MongoDB (90%) - Throughput: 112.25 docs/sec
client-4  | [0f40d58ee862] MongoDB (90%) - Throughput: 111.89 docs/sec
client-2  | [f99730cd8528] MongoDB (90%) - Throughput: 111.62 docs/sec
client-8  | [4f813778d702] MongoDB (90%) - Throughput: 111.70 docs/sec
client-3  | [852a3ce93add] MongoDB (90%) - Throughput: 111.07 docs/sec
client-7  | [36f417bf26c1] MongoDB (90%) - Throughput: 110.19 docs/sec
client-1  | [4ddd03855422] MongoDB (90%) - Throughput: 109.99 docs/sec
client-5  | [e4348ff23992] MongoDB (100%) - Throughput: 112.13 docs/sec
client-5  | ✅ Inserted 100000 records into MongoDB
client-5  | ✅ MongoDB Connection closed
client-5  | [2025-02-19T22:37:36.483Z] 🏁 Data insertion completed in 896.94 seconds
[Kclient-5 exited with code 0
client-4  | [0f40d58ee862] MongoDB (100%) - Throughput: 112.04 docs/sec
client-4  | ✅ Inserted 100000 records into MongoDB
client-4  | ✅ MongoDB Connection closed
client-4  | [2025-02-19T22:37:38.136Z] 🏁 Data insertion completed in 897.70 seconds
[Kclient-4 exited with code 0
client-6  | [af9cf999b690] MongoDB (100%) - Throughput: 112.26 docs/sec
client-6  | ✅ Inserted 100000 records into MongoDB
client-6  | ✅ MongoDB Connection closed
client-6  | [2025-02-19T22:37:38.650Z] 🏁 Data insertion completed in 895.89 seconds
[Kclient-6 exited with code 0
client-8  | [4f813778d702] MongoDB (100%) - Throughput: 112.06 docs/sec
client-8  | ✅ Inserted 100000 records into MongoDB
client-8  | ✅ MongoDB Connection closed
client-8  | [2025-02-19T22:37:41.973Z] 🏁 Data insertion completed in 897.47 seconds
[Kclient-8 exited with code 0
client-2  | [f99730cd8528] MongoDB (100%) - Throughput: 111.85 docs/sec
client-2  | ✅ Inserted 100000 records into MongoDB
client-2  | ✅ MongoDB Connection closed
client-2  | [2025-02-19T22:37:42.547Z] 🏁 Data insertion completed in 899.17 seconds
[Kclient-2 exited with code 0
client-3  | [852a3ce93add] MongoDB (100%) - Throughput: 111.64 docs/sec
client-3  | ✅ Inserted 100000 records into MongoDB
client-3  | ✅ MongoDB Connection closed
client-3  | [2025-02-19T22:37:44.888Z] 🏁 Data insertion completed in 900.85 seconds
[Kclient-3 exited with code 0
client-7  | [36f417bf26c1] MongoDB (100%) - Throughput: 111.11 docs/sec
client-7  | ✅ Inserted 100000 records into MongoDB
client-7  | ✅ MongoDB Connection closed
client-7  | [2025-02-19T22:37:47.392Z] 🏁 Data insertion completed in 905.10 seconds
[Kclient-7 exited with code 0
client-1  | [4ddd03855422] MongoDB (100%) - Throughput: 110.96 docs/sec
client-1  | ✅ Inserted 100000 records into MongoDB
client-1  | ✅ MongoDB Connection closed
client-1  | [2025-02-19T22:37:47.675Z] 🏁 Data insertion completed in 906.34 seconds
[Kclient-1 exited with code 0

 Performance counter stats for 'system wide':

    99,268,930,919      instructions:u            docker/73c8a249ff5b6e386c56d41de7991cfbc1c962f588f0e40b9b2070c71c5cd8de                                   

     911.893260492 seconds time elapsed

MongoDB count: 800000 size: 872 MB
[
  { _id: ObjectId('67b659b4409f8b4e200a3e5c') },
  { _id: ObjectId('67b659b4409f8b4e200a3e5d') },
  { _id: ObjectId('67b659b4409f8b4e200a3e5e') },
  { _id: ObjectId('67b659b4409f8b4e200a3e5f') },
  { _id: ObjectId('67b659b4409f8b4e200a3e60') },
  { _id: ObjectId('67b659b4409f8b4e200a3e61') },
  { _id: ObjectId('67b659b4409f8b4e200a3e62') },
  { _id: ObjectId('67b659b4409f8b4e200a3e63') },
  { _id: ObjectId('67b659b4409f8b4e200a3e64') },
  { _id: ObjectId('67b659b4409f8b4e200a3e65') }
]
CONTAINER ID   NAME                   CPU %     MEM USAGE / LIMIT    MEM %     NET I/O           BLOCK I/O     PIDS
a737c66045b5   jsonbench-postgres-1   0.00%     130.4MiB / 9GiB      1.41%     1.91kB / 1.68kB   0B / 68.5MB   6
73c8a249ff5b   jsonbench-mongodb-1    0.39%     535.2MiB / 9GiB      5.81%     1.07GB / 89.4MB   0B / 2.87GB   33
500f45bd6023   jsonbench-grafana-1    0.91%     74.05MiB / 27.2GiB   0.27%     475kB / 9.95MB    0B / 1.87MB   18
2e606fb57093   prometheus             0.00%     98.28MiB / 27.2GiB   0.35%     85.7MB / 1.7MB    0B / 24.6kB   13
4ea88e7152ac   cadvisor               2.43%     59.37MiB / 27.2GiB   0.21%     1.61MB / 85.6MB   0B / 0B       17
