CONTAINER ID   NAME                   CPU %     MEM USAGE / LIMIT    MEM %     NET I/O           BLOCK I/O     PIDS
34911f43141d   jsonbench-grafana-1    1.01%     63.9MiB / 27.2GiB    0.23%     33.5kB / 12.3kB   0B / 152kB    16
939cd330cbce   jsonbench-mongodb-1    0.36%     130.7MiB / 9GiB      1.42%     41.6MB / 788kB    0B / 150MB    33
42c9796b7417   cadvisor               1.62%     46.45MiB / 27.2GiB   0.17%     13.9kB / 709kB    0B / 0B       15
229a07d3b5b5   jsonbench-postgres-1   0.05%     129.4MiB / 9GiB      1.40%     2kB / 1.68kB      0B / 67.7MB   6
69c93363aabe   prometheus             0.00%     59.83MiB / 27.2GiB   0.21%     710kB / 13.4kB    0B / 0B       13
postgres-init-1  | psql: error: connection to server at "postgres" (192.168.224.2), port 5432 failed: Connection refused
postgres-init-1  | 	Is the server running on that host and accepting TCP/IP connections?
postgres-init-1  | drop table if exists jsonbench;
postgres-init-1  | psql:/dir/init.sql:1: NOTICE:  table "jsonbench" does not exist, skipping
postgres-init-1  | DROP TABLE
postgres-init-1  | create table if not exists jsonbench (
postgres-init-1  |     id bigint generated always as identity ( cache 100 ) primary key,
postgres-init-1  |     data jsonb not null
postgres-init-1  | );
postgres-init-1  | CREATE TABLE
postgres-init-1  | show shared_buffers;
postgres-init-1  |  shared_buffers 
postgres-init-1  | ----------------
postgres-init-1  |  4GB
postgres-init-1  | (1 row)
postgres-init-1  | 
 Container jsonbench-mongodb-1  Running
 Container jsonbench-postgres-1  Running
 Container jsonbench-client-8  Recreate
 Container jsonbench-client-4  Recreate
 Container jsonbench-client-7  Recreate
 Container jsonbench-client-1  Recreate
 Container jsonbench-client-5  Recreate
 Container jsonbench-client-3  Recreate
 Container jsonbench-client-6  Recreate
 Container jsonbench-client-2  Recreate
 Container jsonbench-client-4  Recreated
 Container jsonbench-client-5  Recreated
 Container jsonbench-client-8  Recreated
 Container jsonbench-client-1  Recreated
 Container jsonbench-client-7  Recreated
 Container jsonbench-client-3  Recreated
 Container jsonbench-client-6  Recreated
 Container jsonbench-client-2  Recreated
Attaching to client-1, client-2, client-3, client-4, client-5, client-6, client-7, client-8
client-3  | Current Mongosh Log ID:	67b46c5684a503122ee78a38
client-3  | Using Mongosh:		2.0.2
client-3  | 
client-3  | For mongosh info see: https://docs.mongodb.com/mongodb-shell/
client-3  | 
client-3  | 
client-3  | To help improve our products, anonymous usage data is collected and sent to MongoDB periodically (https://www.mongodb.com/legal/privacy-policy).
client-3  | You can opt-out by running the disableTelemetry() command.
client-3  | 
client-3  | Loading file: /dir/lib.js
client-5  | Current Mongosh Log ID:	67b46c57375b8a58bf0777bd
client-5  | Using Mongosh:		2.0.2
client-5  | 
client-5  | For mongosh info see: https://docs.mongodb.com/mongodb-shell/
client-5  | 
client-5  | 
client-5  | To help improve our products, anonymous usage data is collected and sent to MongoDB periodically (https://www.mongodb.com/legal/privacy-policy).
client-5  | You can opt-out by running the disableTelemetry() command.
client-5  | 
client-5  | Loading file: /dir/lib.js
client-7  | Current Mongosh Log ID:	67b46c5706cfc627e6d1cb31
client-3  | 📚 lib.js loaded
client-3  | [2025-02-18T11:17:44.386Z] 🚀 Starting data insertion into postgres://postgres:xxx@postgres:5432/postgres for 500 documents of 1000 bytes * 10 fields
client-7  | Using Mongosh:		2.0.2
client-7  | 
client-7  | For mongosh info see: https://docs.mongodb.com/mongodb-shell/
client-7  | 
client-7  | 
client-7  | To help improve our products, anonymous usage data is collected and sent to MongoDB periodically (https://www.mongodb.com/legal/privacy-policy).
client-7  | You can opt-out by running the disableTelemetry() command.
client-7  | 
client-7  | Loading file: /dir/lib.js
client-2  | Current Mongosh Log ID:	67b46c587877650022f88897
client-5  | 📚 lib.js loaded
client-5  | [2025-02-18T11:17:45.102Z] 🚀 Starting data insertion into postgres://postgres:xxx@postgres:5432/postgres for 500 documents of 1000 bytes * 10 fields
client-2  | Using Mongosh:		2.0.2
client-2  | 
client-2  | For mongosh info see: https://docs.mongodb.com/mongodb-shell/
client-2  | 
client-2  | 
client-2  | To help improve our products, anonymous usage data is collected and sent to MongoDB periodically (https://www.mongodb.com/legal/privacy-policy).
client-2  | You can opt-out by running the disableTelemetry() command.
client-2  | 
client-2  | Loading file: /dir/lib.js
client-1  | Current Mongosh Log ID:	67b46c59c1c266eaeebf3ccc
client-7  | 📚 lib.js loaded
client-7  | [2025-02-18T11:17:46.112Z] 🚀 Starting data insertion into postgres://postgres:xxx@postgres:5432/postgres for 500 documents of 1000 bytes * 10 fields
client-1  | Using Mongosh:		2.0.2
client-1  | 
client-1  | For mongosh info see: https://docs.mongodb.com/mongodb-shell/
client-1  | 
client-1  | 
client-1  | To help improve our products, anonymous usage data is collected and sent to MongoDB periodically (https://www.mongodb.com/legal/privacy-policy).
client-1  | You can opt-out by running the disableTelemetry() command.
client-1  | 
client-6  | Current Mongosh Log ID:	67b46c5a82183c81b850e6ec
client-1  | Loading file: /dir/lib.js
client-6  | Using Mongosh:		2.0.2
client-6  | 
client-6  | For mongosh info see: https://docs.mongodb.com/mongodb-shell/
client-6  | 
client-6  | 
client-6  | To help improve our products, anonymous usage data is collected and sent to MongoDB periodically (https://www.mongodb.com/legal/privacy-policy).
client-6  | You can opt-out by running the disableTelemetry() command.
client-6  | 
client-6  | Loading file: /dir/lib.js
client-8  | Current Mongosh Log ID:	67b46c5aab73566caa14a65d
client-2  | 📚 lib.js loaded
client-2  | [2025-02-18T11:17:47.040Z] 🚀 Starting data insertion into postgres://postgres:xxx@postgres:5432/postgres for 500 documents of 1000 bytes * 10 fields
client-8  | Using Mongosh:		2.0.2
client-8  | 
client-8  | For mongosh info see: https://docs.mongodb.com/mongodb-shell/
client-8  | 
client-8  | 
client-8  | To help improve our products, anonymous usage data is collected and sent to MongoDB periodically (https://www.mongodb.com/legal/privacy-policy).
client-8  | You can opt-out by running the disableTelemetry() command.
client-8  | 
client-8  | Loading file: /dir/lib.js
client-4  | Current Mongosh Log ID:	67b46c5b425caa5f994f4b98
client-1  | 📚 lib.js loaded
client-1  | [2025-02-18T11:17:47.717Z] 🚀 Starting data insertion into postgres://postgres:xxx@postgres:5432/postgres for 500 documents of 1000 bytes * 10 fields
client-4  | Using Mongosh:		2.0.2
client-4  | 
client-4  | For mongosh info see: https://docs.mongodb.com/mongodb-shell/
client-4  | 
client-4  | 
client-4  | To help improve our products, anonymous usage data is collected and sent to MongoDB periodically (https://www.mongodb.com/legal/privacy-policy).
client-4  | You can opt-out by running the disableTelemetry() command.
client-4  | 
client-6  | 📚 lib.js loaded
client-4  | Loading file: /dir/lib.js
client-6  | [2025-02-18T11:17:48.196Z] 🚀 Starting data insertion into postgres://postgres:xxx@postgres:5432/postgres for 500 documents of 1000 bytes * 10 fields
client-8  | 📚 lib.js loaded
client-8  | [2025-02-18T11:17:48.738Z] 🚀 Starting data insertion into postgres://postgres:xxx@postgres:5432/postgres for 500 documents of 1000 bytes * 10 fields
client-4  | 📚 lib.js loaded
client-4  | [2025-02-18T11:17:49.223Z] 🚀 Starting data insertion into postgres://postgres:xxx@postgres:5432/postgres for 500 documents of 1000 bytes * 10 fields
client-3  | [8d4b06559bcd] PostgreSQL (10%) - Throughput: 31.56 docs/sec
client-5  | [65e304aae137] PostgreSQL (10%) - Throughput: 28.41 docs/sec
client-3  | [8d4b06559bcd] PostgreSQL (20%) - Throughput: 31.09 docs/sec
client-7  | [642bcc89bb41] PostgreSQL (10%) - Throughput: 27.08 docs/sec
client-5  | [65e304aae137] PostgreSQL (20%) - Throughput: 23.78 docs/sec
client-2  | [2be083fe575a] PostgreSQL (10%) - Throughput: 20.08 docs/sec
client-3  | [8d4b06559bcd] PostgreSQL (30%) - Throughput: 26.43 docs/sec
client-7  | [642bcc89bb41] PostgreSQL (20%) - Throughput: 22.04 docs/sec
client-1  | [52bbb412930f] PostgreSQL (10%) - Throughput: 16.20 docs/sec
client-6  | [6aee87a3a12f] PostgreSQL (10%) - Throughput: 15.40 docs/sec
client-8  | [0a2887b0651a] PostgreSQL (10%) - Throughput: 15.16 docs/sec
client-5  | [65e304aae137] PostgreSQL (30%) - Throughput: 19.63 docs/sec
client-2  | [2be083fe575a] PostgreSQL (20%) - Throughput: 17.42 docs/sec
client-4  | [157e9f9e1ccc] PostgreSQL (10%) - Throughput: 13.40 docs/sec
client-3  | [8d4b06559bcd] PostgreSQL (40%) - Throughput: 22.14 docs/sec
client-1  | [52bbb412930f] PostgreSQL (20%) - Throughput: 15.71 docs/sec
client-7  | [642bcc89bb41] PostgreSQL (30%) - Throughput: 18.82 docs/sec
client-6  | [6aee87a3a12f] PostgreSQL (20%) - Throughput: 15.33 docs/sec
client-8  | [0a2887b0651a] PostgreSQL (20%) - Throughput: 15.23 docs/sec
client-5  | [65e304aae137] PostgreSQL (40%) - Throughput: 18.55 docs/sec
client-2  | [2be083fe575a] PostgreSQL (30%) - Throughput: 16.61 docs/sec
client-4  | [157e9f9e1ccc] PostgreSQL (20%) - Throughput: 14.34 docs/sec
client-3  | [8d4b06559bcd] PostgreSQL (50%) - Throughput: 20.47 docs/sec
client-7  | [642bcc89bb41] PostgreSQL (40%) - Throughput: 17.83 docs/sec
client-1  | [52bbb412930f] PostgreSQL (30%) - Throughput: 15.48 docs/sec
client-6  | [6aee87a3a12f] PostgreSQL (30%) - Throughput: 15.12 docs/sec
client-8  | [0a2887b0651a] PostgreSQL (30%) - Throughput: 15.24 docs/sec
client-2  | [2be083fe575a] PostgreSQL (40%) - Throughput: 16.54 docs/sec
client-5  | [65e304aae137] PostgreSQL (50%) - Throughput: 17.73 docs/sec
client-4  | [157e9f9e1ccc] PostgreSQL (30%) - Throughput: 14.34 docs/sec
client-3  | [8d4b06559bcd] PostgreSQL (60%) - Throughput: 19.43 docs/sec
client-7  | [642bcc89bb41] PostgreSQL (50%) - Throughput: 17.37 docs/sec
client-1  | [52bbb412930f] PostgreSQL (40%) - Throughput: 15.38 docs/sec
client-6  | [6aee87a3a12f] PostgreSQL (40%) - Throughput: 15.34 docs/sec
client-8  | [0a2887b0651a] PostgreSQL (40%) - Throughput: 15.50 docs/sec
client-2  | [2be083fe575a] PostgreSQL (50%) - Throughput: 16.54 docs/sec
client-5  | [65e304aae137] PostgreSQL (60%) - Throughput: 17.42 docs/sec
client-3  | [8d4b06559bcd] PostgreSQL (70%) - Throughput: 18.88 docs/sec
client-4  | [157e9f9e1ccc] PostgreSQL (40%) - Throughput: 14.45 docs/sec
client-7  | [642bcc89bb41] PostgreSQL (60%) - Throughput: 17.21 docs/sec
client-1  | [52bbb412930f] PostgreSQL (50%) - Throughput: 15.46 docs/sec
client-6  | [6aee87a3a12f] PostgreSQL (50%) - Throughput: 15.37 docs/sec
client-8  | [0a2887b0651a] PostgreSQL (50%) - Throughput: 15.58 docs/sec
client-2  | [2be083fe575a] PostgreSQL (60%) - Throughput: 16.38 docs/sec
client-5  | [65e304aae137] PostgreSQL (70%) - Throughput: 17.17 docs/sec
[ perf record: Woken up 1 times to write data ]
[ perf record: Captured and wrote 0.000 MB - ]
client-3  | [8d4b06559bcd] PostgreSQL (80%) - Throughput: 18.42 docs/sec
client-4  | [157e9f9e1ccc] PostgreSQL (50%) - Throughput: 14.20 docs/sec
client-7  | [642bcc89bb41] PostgreSQL (70%) - Throughput: 16.85 docs/sec
client-1  | [52bbb412930f] PostgreSQL (60%) - Throughput: 15.21 docs/sec
client-6  | [6aee87a3a12f] PostgreSQL (60%) - Throughput: 15.35 docs/sec
client-8  | [0a2887b0651a] PostgreSQL (60%) - Throughput: 15.40 docs/sec
client-2  | [2be083fe575a] PostgreSQL (70%) - Throughput: 16.29 docs/sec
client-5  | [65e304aae137] PostgreSQL (80%) - Throughput: 16.80 docs/sec
client-3  | [8d4b06559bcd] PostgreSQL (90%) - Throughput: 18.16 docs/sec
client-4  | [157e9f9e1ccc] PostgreSQL (60%) - Throughput: 14.37 docs/sec
client-7  | [642bcc89bb41] PostgreSQL (80%) - Throughput: 16.63 docs/sec
client-1  | [52bbb412930f] PostgreSQL (70%) - Throughput: 15.33 docs/sec
client-6  | [6aee87a3a12f] PostgreSQL (70%) - Throughput: 15.47 docs/sec
client-8  | [0a2887b0651a] PostgreSQL (70%) - Throughput: 15.48 docs/sec
client-2  | [2be083fe575a] PostgreSQL (80%) - Throughput: 16.27 docs/sec
client-5  | [65e304aae137] PostgreSQL (90%) - Throughput: 16.68 docs/sec
client-3  | [8d4b06559bcd] PostgreSQL (100%) - Throughput: 17.78 docs/sec
client-3  | ✅ Inserted 500 records into PostgreSQL
client-3  | ✅ PostgreSQL Connection closed
client-3  | [2025-02-18T11:18:17.592Z] 🏁 Data insertion completed in 33.21 seconds
[Kclient-3 exited with code 0
client-4  | [157e9f9e1ccc] PostgreSQL (70%) - Throughput: 14.45 docs/sec
client-7  | [642bcc89bb41] PostgreSQL (90%) - Throughput: 16.41 docs/sec
client-1  | [52bbb412930f] PostgreSQL (80%) - Throughput: 15.37 docs/sec
client-6  | [6aee87a3a12f] PostgreSQL (80%) - Throughput: 15.33 docs/sec
client-8  | [0a2887b0651a] PostgreSQL (80%) - Throughput: 15.57 docs/sec
client-2  | [2be083fe575a] PostgreSQL (90%) - Throughput: 16.24 docs/sec
client-5  | [65e304aae137] PostgreSQL (100%) - Throughput: 16.61 docs/sec
client-5  | ✅ Inserted 500 records into PostgreSQL
client-5  | ✅ PostgreSQL Connection closed
client-5  | [2025-02-18T11:18:20.289Z] 🏁 Data insertion completed in 35.19 seconds
[Kclient-5 exited with code 0
client-1  | [52bbb412930f] PostgreSQL (90%) - Throughput: 15.81 docs/sec
client-7  | [642bcc89bb41] PostgreSQL (100%) - Throughput: 16.47 docs/sec
client-7  | ✅ Inserted 500 records into PostgreSQL
client-7  | ✅ PostgreSQL Connection closed
client-7  | [2025-02-18T11:18:21.547Z] 🏁 Data insertion completed in 35.44 seconds
client-4  | [157e9f9e1ccc] PostgreSQL (80%) - Throughput: 14.59 docs/sec
[Kclient-7 exited with code 0
client-8  | [0a2887b0651a] PostgreSQL (90%) - Throughput: 16.03 docs/sec
client-6  | [6aee87a3a12f] PostgreSQL (90%) - Throughput: 15.72 docs/sec
client-2  | [2be083fe575a] PostgreSQL (100%) - Throughput: 16.32 docs/sec
client-2  | ✅ Inserted 500 records into PostgreSQL
client-2  | ✅ PostgreSQL Connection closed
client-2  | [2025-02-18T11:18:22.754Z] 🏁 Data insertion completed in 35.71 seconds
[Kclient-2 exited with code 0
client-1  | [52bbb412930f] PostgreSQL (100%) - Throughput: 16.23 docs/sec
client-1  | ✅ Inserted 500 records into PostgreSQL
client-1  | ✅ PostgreSQL Connection closed
client-1  | [2025-02-18T11:18:23.602Z] 🏁 Data insertion completed in 35.89 seconds
client-8  | [0a2887b0651a] PostgreSQL (100%) - Throughput: 16.69 docs/sec
client-8  | ✅ Inserted 500 records into PostgreSQL
client-8  | ✅ PostgreSQL Connection closed
client-8  | [2025-02-18T11:18:23.750Z] 🏁 Data insertion completed in 35.01 seconds
[Kclient-1 exited with code 0
client-4  | [157e9f9e1ccc] PostgreSQL (90%) - Throughput: 15.18 docs/sec
[Kclient-8 exited with code 0
client-6  | [6aee87a3a12f] PostgreSQL (100%) - Throughput: 16.18 docs/sec
client-6  | ✅ Inserted 500 records into PostgreSQL
client-6  | ✅ PostgreSQL Connection closed
client-6  | [2025-02-18T11:18:24.156Z] 🏁 Data insertion completed in 35.96 seconds
[Kclient-6 exited with code 0
client-4  | [157e9f9e1ccc] PostgreSQL (100%) - Throughput: 16.02 docs/sec
client-4  | ✅ Inserted 500 records into PostgreSQL
client-4  | ✅ PostgreSQL Connection closed
client-4  | [2025-02-18T11:18:25.495Z] 🏁 Data insertion completed in 36.27 seconds
[Kclient-4 exited with code 0

 Performance counter stats for 'system wide':

     4,259,421,284      instructions:u            docker/229a07d3b5b5c2a417ed98c6d6a9e65a1c15db0a381c203d804f02bb82897902                                   

      45.121521541 seconds time elapsed

VACUUM
PostgreSQL count: 4000 size: 48 MB
1
2
3
4
5
6
7
8
9
10
public|jsonbench|id|f|0|8|-1|||{1,40,80,120,160,200,240,280,320,360,400,440,480,520,560,600,640,680,720,760,800,840,880,920,960,1000,1040,1080,1120,1160,1200,1240,1280,1320,1360,1400,1440,1480,1520,1560,1600,1640,1680,1720,1760,1800,1840,1880,1920,1960,2000,2040,2080,2120,2160,2200,2240,2280,2320,2360,2400,2440,2480,2520,2560,2600,2640,2680,2720,2760,2800,2840,2880,2920,2960,3000,3040,3080,3120,3160,3200,3240,3280,3320,3360,3400,3440,3480,3520,3560,3600,3640,3680,3720,3760,3800,3840,3880,3920,3960,4000}|0.9538372||||||
CONTAINER ID   NAME                   CPU %     MEM USAGE / LIMIT    MEM %     NET I/O           BLOCK I/O    PIDS
34911f43141d   jsonbench-grafana-1    0.83%     67.81MiB / 27.2GiB   0.24%     38.1kB / 14.9kB   0B / 152kB   16
939cd330cbce   jsonbench-mongodb-1    0.37%     130.7MiB / 9GiB      1.42%     41.6MB / 788kB    0B / 150MB   33
42c9796b7417   cadvisor               2.57%     44.47MiB / 27.2GiB   0.16%     25.4kB / 1.3MB    0B / 0B      15
229a07d3b5b5   jsonbench-postgres-1   0.01%     178.6MiB / 9GiB      1.94%     42.4MB / 948kB    0B / 224MB   6
69c93363aabe   prometheus             0.00%     85.7MiB / 27.2GiB    0.31%     1.3MB / 24.5kB    0B / 0B      13
CONTAINER ID   NAME                   CPU %     MEM USAGE / LIMIT    MEM %     NET I/O           BLOCK I/O    PIDS
34911f43141d   jsonbench-grafana-1    0.91%     67.85MiB / 27.2GiB   0.24%     38.1kB / 14.9kB   0B / 152kB   16
939cd330cbce   jsonbench-mongodb-1    0.34%     130.7MiB / 9GiB      1.42%     41.6MB / 788kB    0B / 150MB   33
42c9796b7417   cadvisor               2.55%     44.92MiB / 27.2GiB   0.16%     27.7kB / 1.42MB   0B / 0B      16
229a07d3b5b5   jsonbench-postgres-1   0.01%     178.6MiB / 9GiB      1.94%     42.4MB / 948kB    0B / 224MB   6
69c93363aabe   prometheus             0.00%     85.7MiB / 27.2GiB    0.31%     1.43MB / 26.9kB   0B / 0B      13
