CONTAINER ID   NAME                   CPU %     MEM USAGE / LIMIT    MEM %     NET I/O           BLOCK I/O         PIDS
d596a1de6bb6   jsonbench-grafana-1    0.95%     69.84MiB / 27.2GiB   0.25%     59.4kB / 27.2kB   28.8MB / 397kB    14
053bce6740ad   jsonbench-postgres-1   0.00%     124.7MiB / 9GiB      1.35%     2.78kB / 2.22kB   21.4MB / 72.3MB   6
7d2f2ec7526f   prometheus             0.26%     64.31MiB / 27.2GiB   0.23%     39.9MB / 739kB    2.02MB / 12.3kB   14
9b810c8d8ae3   jsonbench-mongodb-1    0.76%     104.4MiB / 9GiB      1.13%     1.94GB / 1.01GB   8.6MB / 1.27GB    33
c39984ab930d   cadvisor               2.16%     57.21MiB / 27.2GiB   0.21%     740kB / 39.9MB    3.57MB / 0B       16
a0f8c07301ab   mongo_fdw              0.00%     154.7MiB / 27.2GiB   0.56%     2.21kB / 2.38kB   283MB / 11.2GB    6
              total        used        free      shared  buff/cache   available
Mem:            27G        985M         24G        644M        1.3G         25G
Swap:          8.0G        141M        7.9G
              total        used        free      shared  buff/cache   available
Mem:            27G        981M         24G        644M        1.3G         25G
Swap:          8.0G        141M        7.9G
CONTAINER ID   NAME                   CPU %     MEM USAGE / LIMIT    MEM %     NET I/O           BLOCK I/O         PIDS
d596a1de6bb6   jsonbench-grafana-1    1.01%     69.79MiB / 27.2GiB   0.25%     59.4kB / 27.2kB   28.9MB / 397kB    14
053bce6740ad   jsonbench-postgres-1   0.00%     123.4MiB / 9GiB      1.34%     2.78kB / 2.22kB   21.4MB / 72.3MB   6
7d2f2ec7526f   prometheus             0.00%     64.31MiB / 27.2GiB   0.23%     39.9MB / 739kB    2.02MB / 12.3kB   14
9b810c8d8ae3   jsonbench-mongodb-1    0.40%     104.4MiB / 9GiB      1.13%     1.94GB / 1.01GB   8.6MB / 1.27GB    33
c39984ab930d   cadvisor               1.99%     54.48MiB / 27.2GiB   0.20%     740kB / 39.9MB    3.59MB / 0B       16
a0f8c07301ab   mongo_fdw              0.00%     153.5MiB / 27.2GiB   0.55%     2.21kB / 2.38kB   283MB / 11.2GB    6
postgres-init-1  | psql: error: connection to server at "postgres" (172.28.0.4), port 5432 failed: Connection refused
postgres-init-1  | 	Is the server running on that host and accepting TCP/IP connections?
postgres-init-1  | psql: error: connection to server at "postgres" (172.28.0.4), port 5432 failed: Connection refused
postgres-init-1  | 	Is the server running on that host and accepting TCP/IP connections?
postgres-init-1  | drop table if exists products;
postgres-init-1  | psql:/dir/init.sql:1: NOTICE:  table "products" does not exist, skipping
postgres-init-1  | DROP TABLE
postgres-init-1  | drop function if exists random;
postgres-init-1  | psql:/dir/init.sql:2: ERROR:  function name "random" is not unique
postgres-init-1  | HINT:  Specify the argument list to select the function unambiguously.
postgres-init-1  | CREATE OR REPLACE FUNCTION random_string(length INTEGER) RETURNS TEXT AS $$
postgres-init-1  | DECLARE
postgres-init-1  |     chars TEXT := 'abcdefghijklmnopqrstuvwxyzABCDEFGHIJKLMNOPQRSTUVWXYZ0123456789';
postgres-init-1  |     result TEXT := '';
postgres-init-1  |     i INTEGER := 0;
postgres-init-1  | BEGIN
postgres-init-1  |     FOR i IN 1..length LOOP
postgres-init-1  |         result := result || substr(chars, CAST(floor(random() * length(chars) + 1) AS INTEGER), 1);
postgres-init-1  |     END LOOP;
postgres-init-1  |     RETURN result;
postgres-init-1  | END;
postgres-init-1  | $$ LANGUAGE plpgsql;
postgres-init-1  | CREATE FUNCTION
postgres-init-1  | create table if not exists products (
postgres-init-1  |     id          bigint primary key,
postgres-init-1  |     description text not null,
postgres-init-1  |     stock       int not null default 0
postgres-init-1  | );
postgres-init-1  | CREATE TABLE
postgres-init-1  | insert into products select generate_series(1,10000), random_string(30), 0;
postgres-init-1  | INSERT 0 10000
 Container jsonbench-postgres-1  Running
 Container jsonbench-mongodb-1  Running
 Container jsonbench-client-8  Recreate
 Container jsonbench-client-7  Recreate
 Container jsonbench-client-3  Recreate
 Container jsonbench-client-4  Recreate
 Container jsonbench-client-1  Recreate
 Container jsonbench-client-6  Recreate
 Container jsonbench-client-5  Recreate
 Container jsonbench-client-2  Recreate
 Container jsonbench-client-5  Recreated
 Container jsonbench-client-1  Recreated
 Container jsonbench-client-4  Recreated
 Container jsonbench-client-7  Recreated
 Container jsonbench-client-2  Recreated
 Container jsonbench-client-8  Recreated
 Container jsonbench-client-3  Recreated
 Container jsonbench-client-6  Recreated
Attaching to client-1, client-2, client-3, client-4, client-5, client-6, client-7, client-8
client-1  | Current Mongosh Log ID:	67cc056b76c259d4eeea9ef5
client-5  | Current Mongosh Log ID:	67cc056bfa4b129eb3b8e775
client-2  | Current Mongosh Log ID:	67cc056b1549df3c88a650c4
client-5  | Using Mongosh:		2.0.2
client-5  | 
client-5  | For mongosh info see: https://docs.mongodb.com/mongodb-shell/
client-5  | 
client-5  | 
client-5  | To help improve our products, anonymous usage data is collected and sent to MongoDB periodically (https://www.mongodb.com/legal/privacy-policy).
client-5  | You can opt-out by running the disableTelemetry() command.
client-5  | 
client-1  | Using Mongosh:		2.0.2
client-1  | 
client-1  | For mongosh info see: https://docs.mongodb.com/mongodb-shell/
client-1  | 
client-1  | 
client-1  | To help improve our products, anonymous usage data is collected and sent to MongoDB periodically (https://www.mongodb.com/legal/privacy-policy).
client-1  | You can opt-out by running the disableTelemetry() command.
client-1  | 
client-5  | Loading file: /dir/lib.js
client-1  | Loading file: /dir/lib.js
client-2  | Using Mongosh:		2.0.2
client-2  | 
client-2  | For mongosh info see: https://docs.mongodb.com/mongodb-shell/
client-2  | 
client-2  | 
client-2  | To help improve our products, anonymous usage data is collected and sent to MongoDB periodically (https://www.mongodb.com/legal/privacy-policy).
client-2  | You can opt-out by running the disableTelemetry() command.
client-2  | 
client-7  | Current Mongosh Log ID:	67cc056c579bbbebd497eb62
client-2  | Loading file: /dir/lib.js
client-7  | Using Mongosh:		2.0.2
client-7  | 
client-7  | For mongosh info see: https://docs.mongodb.com/mongodb-shell/
client-7  | 
client-7  | 
client-7  | To help improve our products, anonymous usage data is collected and sent to MongoDB periodically (https://www.mongodb.com/legal/privacy-policy).
client-7  | You can opt-out by running the disableTelemetry() command.
client-7  | 
client-7  | Loading file: /dir/lib.js
client-4  | Current Mongosh Log ID:	67cc056de7a476a4a14f63af
client-4  | Using Mongosh:		2.0.2
client-4  | 
client-4  | For mongosh info see: https://docs.mongodb.com/mongodb-shell/
client-4  | 
client-4  | 
client-4  | To help improve our products, anonymous usage data is collected and sent to MongoDB periodically (https://www.mongodb.com/legal/privacy-policy).
client-4  | You can opt-out by running the disableTelemetry() command.
client-4  | 
client-5  | Environment Variables:
client-2  | Environment Variables:
client-4  | Loading file: /dir/lib.js
client-1  | Environment Variables:
client-1  | DB_URI: postgres://postgres:xxx@postgres:5432/postgres
client-5  | DB_URI: postgres://postgres:xxx@postgres:5432/postgres
client-1  | [2025-03-08T08:53:02.199Z] 🚀 Starting from postgres://postgres:xxx@postgres:5432/postgres
client-2  | DB_URI: postgres://postgres:xxx@postgres:5432/postgres
client-5  | [2025-03-08T08:53:02.199Z] 🚀 Starting from postgres://postgres:xxx@postgres:5432/postgres
client-2  | [2025-03-08T08:53:02.200Z] 🚀 Starting from postgres://postgres:xxx@postgres:5432/postgres
client-6  | Current Mongosh Log ID:	67cc056e13f354e2e55d3b69
client-5  | [0b67cbd20320] PostgreSQL (  0%) throughput:     30 docs/sec - 1 documents
client-2  | [7eb4d67c97a1] PostgreSQL (  0%) throughput:     23 docs/sec - 1 documents
client-1  | [6bcb1dce0d41] PostgreSQL (  0%) throughput:     24 docs/sec - 1 documents
client-7  | Environment Variables:
client-7  | DB_URI: postgres://postgres:xxx@postgres:5432/postgres
client-7  | [2025-03-08T08:53:02.749Z] 🚀 Starting from postgres://postgres:xxx@postgres:5432/postgres
client-7  | [df09c0bd4e8f] PostgreSQL (  0%) throughput:     93 docs/sec - 1 documents
client-6  | Using Mongosh:		2.0.2
client-6  | 
client-6  | For mongosh info see: https://docs.mongodb.com/mongodb-shell/
client-6  | 
client-6  | 
client-6  | To help improve our products, anonymous usage data is collected and sent to MongoDB periodically (https://www.mongodb.com/legal/privacy-policy).
client-6  | You can opt-out by running the disableTelemetry() command.
client-6  | 
client-6  | Loading file: /dir/lib.js
client-3  | Current Mongosh Log ID:	67cc056f31035e1be6deb540
client-3  | Using Mongosh:		2.0.2
client-3  | 
client-3  | For mongosh info see: https://docs.mongodb.com/mongodb-shell/
client-3  | 
client-3  | 
client-3  | To help improve our products, anonymous usage data is collected and sent to MongoDB periodically (https://www.mongodb.com/legal/privacy-policy).
client-3  | You can opt-out by running the disableTelemetry() command.
client-3  | 
client-4  | Environment Variables:
client-4  | DB_URI: postgres://postgres:xxx@postgres:5432/postgres
client-4  | [2025-03-08T08:53:03.900Z] 🚀 Starting from postgres://postgres:xxx@postgres:5432/postgres
client-3  | Loading file: /dir/lib.js
client-4  | [bb114bb2d91e] PostgreSQL (  0%) throughput:    117 docs/sec - 1 documents
client-8  | Current Mongosh Log ID:	67cc0570da7eaba7628186c0
client-8  | Using Mongosh:		2.0.2
client-8  | 
client-8  | For mongosh info see: https://docs.mongodb.com/mongodb-shell/
client-8  | 
client-8  | 
client-8  | To help improve our products, anonymous usage data is collected and sent to MongoDB periodically (https://www.mongodb.com/legal/privacy-policy).
client-8  | You can opt-out by running the disableTelemetry() command.
client-8  | 
client-6  | Environment Variables:
client-6  | DB_URI: postgres://postgres:xxx@postgres:5432/postgres
client-6  | [2025-03-08T08:53:04.756Z] 🚀 Starting from postgres://postgres:xxx@postgres:5432/postgres
client-8  | Loading file: /dir/lib.js
client-6  | [b1e2d5064a39] PostgreSQL (  0%) throughput:    150 docs/sec - 1 documents
client-3  | Environment Variables:
client-3  | DB_URI: postgres://postgres:xxx@postgres:5432/postgres
client-3  | [2025-03-08T08:53:05.525Z] 🚀 Starting from postgres://postgres:xxx@postgres:5432/postgres
client-3  | [7fba57ca3637] PostgreSQL (  0%) throughput:    142 docs/sec - 1 documents
client-8  | Environment Variables:
client-8  | DB_URI: postgres://postgres:xxx@postgres:5432/postgres
client-8  | [2025-03-08T08:53:06.273Z] 🚀 Starting from postgres://postgres:xxx@postgres:5432/postgres
client-8  | [3f1b3ae7f96c] PostgreSQL (  0%) throughput:    159 docs/sec - 1 documents
[ perf record: Woken up 2 times to write data ]
[ perf record: Captured and wrote 0.000 MB - ]
client-5  | [0b67cbd20320] PostgreSQL ( 10%) throughput:    481 docs/sec - 100001 documents
client-1  | [6bcb1dce0d41] PostgreSQL ( 10%) throughput:    481 docs/sec - 100001 documents
client-2  | [7eb4d67c97a1] PostgreSQL ( 10%) throughput:    481 docs/sec - 100001 documents
client-7  | [df09c0bd4e8f] PostgreSQL ( 10%) throughput:    480 docs/sec - 100001 documents
client-4  | [bb114bb2d91e] PostgreSQL ( 10%) throughput:    481 docs/sec - 100001 documents
client-3  | [7fba57ca3637] PostgreSQL ( 10%) throughput:    482 docs/sec - 100001 documents
client-6  | [b1e2d5064a39] PostgreSQL ( 10%) throughput:    480 docs/sec - 100001 documents
client-8  | [3f1b3ae7f96c] PostgreSQL ( 10%) throughput:    483 docs/sec - 100001 documents
CONTAINER ID   NAME                   CPU %     MEM USAGE / LIMIT    MEM %     NET I/O           BLOCK I/O         PIDS
6bcb1dce0d41   jsonbench-client-1     25.42%    91.15MiB / 27.2GiB   0.33%     25.9MB / 42.8MB   56.6MB / 8.19kB   11
0b67cbd20320   jsonbench-client-5     25.05%    88.67MiB / 27.2GiB   0.32%     26MB / 42.8MB     7.89MB / 8.19kB   11
7eb4d67c97a1   jsonbench-client-2     25.27%    82.08MiB / 27.2GiB   0.29%     25.9MB / 42.8MB   1.11MB / 8.19kB   11
df09c0bd4e8f   jsonbench-client-7     26.26%    81.99MiB / 27.2GiB   0.29%     25.9MB / 42.6MB   0B / 8.19kB       11
bb114bb2d91e   jsonbench-client-4     25.70%    82.75MiB / 27.2GiB   0.30%     25.8MB / 42.4MB   0B / 8.19kB       11
b1e2d5064a39   jsonbench-client-6     25.50%    82.11MiB / 27.2GiB   0.29%     25.6MB / 42.3MB   0B / 8.19kB       11
7fba57ca3637   jsonbench-client-3     25.30%    82.54MiB / 27.2GiB   0.30%     25.6MB / 42.3MB   0B / 8.19kB       11
3f1b3ae7f96c   jsonbench-client-8     25.68%    83.34MiB / 27.2GiB   0.30%     25.6MB / 42.3MB   0B / 8.19kB       11
d596a1de6bb6   jsonbench-grafana-1    1.66%     69.63MiB / 27.2GiB   0.25%     64.9kB / 29.7kB   29.2MB / 442kB    14
053bce6740ad   jsonbench-postgres-1   161.23%   144.2MiB / 9GiB      1.57%     340MB / 206MB     27.3MB / 3.31GB   14
7d2f2ec7526f   prometheus             0.00%     94.93MiB / 27.2GiB   0.34%     43.1MB / 796kB    2.02MB / 12.3kB   14
9b810c8d8ae3   jsonbench-mongodb-1    0.49%     104.4MiB / 9GiB      1.13%     1.94GB / 1.01GB   8.62MB / 1.27GB   33
c39984ab930d   cadvisor               9.67%     76.3MiB / 27.2GiB    0.27%     797kB / 43.1MB    4.49MB / 0B       16
a0f8c07301ab   mongo_fdw              0.00%     154.7MiB / 27.2GiB   0.56%     2.21kB / 2.38kB   286MB / 11.2GB    6
client-5  | [0b67cbd20320] PostgreSQL ( 20%) throughput:    488 docs/sec - 200001 documents
client-1  | [6bcb1dce0d41] PostgreSQL ( 20%) throughput:    487 docs/sec - 200001 documents
client-2  | [7eb4d67c97a1] PostgreSQL ( 20%) throughput:    487 docs/sec - 200001 documents
client-7  | [df09c0bd4e8f] PostgreSQL ( 20%) throughput:    487 docs/sec - 200001 documents
client-4  | [bb114bb2d91e] PostgreSQL ( 20%) throughput:    486 docs/sec - 200001 documents
client-3  | [7fba57ca3637] PostgreSQL ( 20%) throughput:    488 docs/sec - 200001 documents
client-8  | [3f1b3ae7f96c] PostgreSQL ( 20%) throughput:    489 docs/sec - 200001 documents
client-6  | [b1e2d5064a39] PostgreSQL ( 20%) throughput:    486 docs/sec - 200001 documents
client-5  | [0b67cbd20320] PostgreSQL ( 30%) throughput:    490 docs/sec - 300001 documents
client-2  | [7eb4d67c97a1] PostgreSQL ( 30%) throughput:    489 docs/sec - 300001 documents
client-1  | [6bcb1dce0d41] PostgreSQL ( 30%) throughput:    489 docs/sec - 300001 documents
client-7  | [df09c0bd4e8f] PostgreSQL ( 30%) throughput:    488 docs/sec - 300001 documents
client-3  | [7fba57ca3637] PostgreSQL ( 30%) throughput:    489 docs/sec - 300001 documents
client-4  | [bb114bb2d91e] PostgreSQL ( 30%) throughput:    487 docs/sec - 300001 documents
client-8  | [3f1b3ae7f96c] PostgreSQL ( 30%) throughput:    489 docs/sec - 300001 documents
client-6  | [b1e2d5064a39] PostgreSQL ( 30%) throughput:    487 docs/sec - 300001 documents
client-5  | [0b67cbd20320] PostgreSQL ( 40%) throughput:    489 docs/sec - 400001 documents
client-1  | [6bcb1dce0d41] PostgreSQL ( 40%) throughput:    488 docs/sec - 400001 documents
client-2  | [7eb4d67c97a1] PostgreSQL ( 40%) throughput:    487 docs/sec - 400001 documents
client-7  | [df09c0bd4e8f] PostgreSQL ( 40%) throughput:    486 docs/sec - 400001 documents
client-3  | [7fba57ca3637] PostgreSQL ( 40%) throughput:    488 docs/sec - 400001 documents
client-4  | [bb114bb2d91e] PostgreSQL ( 40%) throughput:    486 docs/sec - 400001 documents
client-8  | [3f1b3ae7f96c] PostgreSQL ( 40%) throughput:    487 docs/sec - 400001 documents
client-6  | [b1e2d5064a39] PostgreSQL ( 40%) throughput:    486 docs/sec - 400001 documents
client-5  | [0b67cbd20320] PostgreSQL ( 50%) throughput:    489 docs/sec - 500001 documents
client-1  | [6bcb1dce0d41] PostgreSQL ( 50%) throughput:    488 docs/sec - 500001 documents
client-2  | [7eb4d67c97a1] PostgreSQL ( 50%) throughput:    488 docs/sec - 500001 documents
client-3  | [7fba57ca3637] PostgreSQL ( 50%) throughput:    489 docs/sec - 500001 documents
client-7  | [df09c0bd4e8f] PostgreSQL ( 50%) throughput:    487 docs/sec - 500001 documents
client-8  | [3f1b3ae7f96c] PostgreSQL ( 50%) throughput:    488 docs/sec - 500001 documents
client-6  | [b1e2d5064a39] PostgreSQL ( 50%) throughput:    487 docs/sec - 500001 documents
client-4  | [bb114bb2d91e] PostgreSQL ( 50%) throughput:    487 docs/sec - 500001 documents
client-5  | [0b67cbd20320] PostgreSQL ( 60%) throughput:    490 docs/sec - 600001 documents
client-1  | [6bcb1dce0d41] PostgreSQL ( 60%) throughput:    489 docs/sec - 600001 documents
client-2  | [7eb4d67c97a1] PostgreSQL ( 60%) throughput:    489 docs/sec - 600001 documents
client-3  | [7fba57ca3637] PostgreSQL ( 60%) throughput:    489 docs/sec - 600001 documents
client-7  | [df09c0bd4e8f] PostgreSQL ( 60%) throughput:    488 docs/sec - 600001 documents
client-8  | [3f1b3ae7f96c] PostgreSQL ( 60%) throughput:    489 docs/sec - 600001 documents
client-6  | [b1e2d5064a39] PostgreSQL ( 60%) throughput:    488 docs/sec - 600001 documents
client-4  | [bb114bb2d91e] PostgreSQL ( 60%) throughput:    488 docs/sec - 600001 documents
client-5  | [0b67cbd20320] PostgreSQL ( 70%) throughput:    490 docs/sec - 700001 documents
client-2  | [7eb4d67c97a1] PostgreSQL ( 70%) throughput:    489 docs/sec - 700001 documents
client-1  | [6bcb1dce0d41] PostgreSQL ( 70%) throughput:    489 docs/sec - 700001 documents
client-3  | [7fba57ca3637] PostgreSQL ( 70%) throughput:    490 docs/sec - 700001 documents
client-7  | [df09c0bd4e8f] PostgreSQL ( 70%) throughput:    489 docs/sec - 700001 documents
client-8  | [3f1b3ae7f96c] PostgreSQL ( 70%) throughput:    489 docs/sec - 700001 documents
client-6  | [b1e2d5064a39] PostgreSQL ( 70%) throughput:    488 docs/sec - 700001 documents
client-4  | [bb114bb2d91e] PostgreSQL ( 70%) throughput:    488 docs/sec - 700001 documents
client-5  | [0b67cbd20320] PostgreSQL ( 80%) throughput:    491 docs/sec - 800001 documents
client-2  | [7eb4d67c97a1] PostgreSQL ( 80%) throughput:    490 docs/sec - 800001 documents
client-1  | [6bcb1dce0d41] PostgreSQL ( 80%) throughput:    490 docs/sec - 800001 documents
client-3  | [7fba57ca3637] PostgreSQL ( 80%) throughput:    490 docs/sec - 800001 documents
client-7  | [df09c0bd4e8f] PostgreSQL ( 80%) throughput:    489 docs/sec - 800001 documents
client-8  | [3f1b3ae7f96c] PostgreSQL ( 80%) throughput:    490 docs/sec - 800001 documents
client-6  | [b1e2d5064a39] PostgreSQL ( 80%) throughput:    489 docs/sec - 800001 documents
client-4  | [bb114bb2d91e] PostgreSQL ( 80%) throughput:    489 docs/sec - 800001 documents
client-5  | [0b67cbd20320] PostgreSQL ( 90%) throughput:    492 docs/sec - 900001 documents
client-2  | [7eb4d67c97a1] PostgreSQL ( 90%) throughput:    491 docs/sec - 900001 documents
client-1  | [6bcb1dce0d41] PostgreSQL ( 90%) throughput:    491 docs/sec - 900001 documents
client-3  | [7fba57ca3637] PostgreSQL ( 90%) throughput:    491 docs/sec - 900001 documents
client-7  | [df09c0bd4e8f] PostgreSQL ( 90%) throughput:    490 docs/sec - 900001 documents
client-8  | [3f1b3ae7f96c] PostgreSQL ( 90%) throughput:    490 docs/sec - 900001 documents
client-6  | [b1e2d5064a39] PostgreSQL ( 90%) throughput:    490 docs/sec - 900001 documents
client-4  | [bb114bb2d91e] PostgreSQL ( 90%) throughput:    489 docs/sec - 900001 documents
client-5  | [2025-03-08T09:26:54.183Z] 🏁 workload completed in 2031.98 seconds (1000000 documents)
[Kclient-5 exited with code 0
client-2  | [2025-03-08T09:26:58.015Z] 🏁 workload completed in 2035.81 seconds (1000000 documents)
client-1  | [2025-03-08T09:26:58.287Z] 🏁 workload completed in 2036.09 seconds (1000000 documents)
[Kclient-2 exited with code 0
[Kclient-1 exited with code 0
client-3  | [2025-03-08T09:27:00.267Z] 🏁 workload completed in 2034.74 seconds (1000000 documents)
[Kclient-3 exited with code 0
client-7  | [2025-03-08T09:27:01.886Z] 🏁 workload completed in 2039.14 seconds (1000000 documents)
[Kclient-7 exited with code 0
client-8  | [2025-03-08T09:27:02.765Z] 🏁 workload completed in 2036.49 seconds (1000000 documents)
[Kclient-8 exited with code 0
client-6  | [2025-03-08T09:27:03.580Z] 🏁 workload completed in 2038.82 seconds (1000000 documents)
[Kclient-6 exited with code 0
client-4  | [2025-03-08T09:27:04.236Z] 🏁 workload completed in 2040.34 seconds (1000000 documents)
[Kclient-4 exited with code 0

 Performance counter stats for 'system wide':

   754,413,647,473      instructions:u            docker/053bce6740ad7a63739c99518081c2d243856d9bf580accace2c1d0c38a55194                                   

    2048.103753116 seconds time elapsed

ERROR:  relation "jsonbench" does not exist
ERROR:  relation "jsonbench" does not exist
LINE 2: ...ples || ' size: ' || pg_size_pretty(pg_table_size('jsonbench...
                                                             ^
ERROR:  relation "jsonbench" does not exist
LINE 2:  select id from jsonbench limit 10;
                        ^
CONTAINER ID   NAME                   CPU %     MEM USAGE / LIMIT    MEM %     NET I/O           BLOCK I/O         PIDS
d596a1de6bb6   jsonbench-grafana-1    0.93%     69.92MiB / 27.2GiB   0.25%     76.7kB / 36.3kB   29.8MB / 528kB    14
053bce6740ad   jsonbench-postgres-1   0.01%     136.6MiB / 9GiB      1.48%     2.66GB / 1.62GB   27.7MB / 22.8GB   6
7d2f2ec7526f   prometheus             0.00%     93.3MiB / 27.2GiB    0.34%     64.2MB / 1.18MB   2.02MB / 12.3kB   14
9b810c8d8ae3   jsonbench-mongodb-1    0.34%     104.4MiB / 9GiB      1.13%     1.94GB / 1.01GB   8.64MB / 1.27GB   33
c39984ab930d   cadvisor               2.64%     64.65MiB / 27.2GiB   0.23%     1.18MB / 64.2MB   4.49MB / 0B       16
a0f8c07301ab   mongo_fdw              0.01%     154.5MiB / 27.2GiB   0.55%     2.21kB / 2.38kB   286MB / 11.2GB    6
              total        used        free      shared  buff/cache   available
Mem:            27G        1.0G         24G        653M        1.7G         25G
Swap:          8.0G        141M        7.9G
              total        used        free      shared  buff/cache   available
Mem:            27G        1.0G         24G        653M        1.3G         25G
Swap:          8.0G        141M        7.9G
CONTAINER ID   NAME                   CPU %     MEM USAGE / LIMIT    MEM %     NET I/O           BLOCK I/O         PIDS
d596a1de6bb6   jsonbench-grafana-1    0.87%     69.81MiB / 27.2GiB   0.25%     76.7kB / 36.3kB   29.8MB / 528kB    14
053bce6740ad   jsonbench-postgres-1   0.01%     132.9MiB / 9GiB      1.44%     2.66GB / 1.62GB   27.7MB / 22.8GB   6
7d2f2ec7526f   prometheus             0.00%     93.3MiB / 27.2GiB    0.34%     64.2MB / 1.18MB   2.02MB / 12.3kB   14
9b810c8d8ae3   jsonbench-mongodb-1    0.38%     104.4MiB / 9GiB      1.13%     1.94GB / 1.01GB   8.64MB / 1.27GB   33
c39984ab930d   cadvisor               4.06%     61.85MiB / 27.2GiB   0.22%     1.18MB / 64.2MB   4.51MB / 0B       16
a0f8c07301ab   mongo_fdw              0.00%     153.3MiB / 27.2GiB   0.55%     2.21kB / 2.38kB   286MB / 11.2GB    6
