CONTAINER ID   NAME                   CPU %     MEM USAGE / LIMIT    MEM %     NET I/O           BLOCK I/O     PIDS
54566cbd83b6   jsonbench-mongodb-1    0.33%     79.53MiB / 9GiB      0.86%     5.6kB / 6.8kB     0B / 1.79MB   33
5b991752b4cf   jsonbench-postgres-1   0.00%     130.3MiB / 9GiB      1.41%     1.49kB / 1.68kB   0B / 68.4MB   6
5c76845f046f   jsonbench-grafana-1    1.11%     74.86MiB / 27.2GiB   0.27%     1.74MB / 13.3MB   0B / 5.26MB   20
3d7ff0ec48c2   cadvisor               2.03%     58.12MiB / 27.2GiB   0.21%     9.11MB / 486MB    0B / 0B       17
12b6eeb6b2d1   prometheus             0.04%     94.62MiB / 27.2GiB   0.34%     486MB / 9.51MB    0B / 83.2MB   13
mongodb-init-1  | Current Mongosh Log ID:	67b7de72a06c9fafffcca8f6
mongodb-init-1  | Connecting to:		mongodb://mongodb:27017/?directConnection=true&appName=mongosh+2.0.2
mongodb-init-1  | Using MongoDB:		7.0.16
mongodb-init-1  | Using Mongosh:		2.0.2
mongodb-init-1  | 
mongodb-init-1  | For mongosh info see: https://docs.mongodb.com/mongodb-shell/
mongodb-init-1  | 
mongodb-init-1  | 
mongodb-init-1  | To help improve our products, anonymous usage data is collected and sent to MongoDB periodically (https://www.mongodb.com/legal/privacy-policy).
mongodb-init-1  | You can opt-out by running the disableTelemetry() command.
mongodb-init-1  | 
mongodb-init-1  | ------
mongodb-init-1  |    The server generated these startup warnings when booting
mongodb-init-1  |    2025-02-21T02:01:22.363+00:00: Access control is not enabled for the database. Read and write access to data and configuration is unrestricted
mongodb-init-1  |    2025-02-21T02:01:22.363+00:00: vm.max_map_count is too low
mongodb-init-1  | ------
mongodb-init-1  | 
mongodb-init-1  | Loading file: /dir/init.js
 Container jsonbench-mongodb-1  Running
 Container jsonbench-postgres-1  Running
 Container jsonbench-client-8  Creating
 Container jsonbench-client-1  Creating
 Container jsonbench-client-2  Creating
 Container jsonbench-client-6  Creating
 Container jsonbench-client-3  Creating
 Container jsonbench-client-7  Creating
 Container jsonbench-client-4  Creating
 Container jsonbench-client-5  Creating
 Container jsonbench-client-2  Created
 Container jsonbench-client-4  Created
 Container jsonbench-client-5  Created
 Container jsonbench-client-6  Created
 Container jsonbench-client-3  Created
 Container jsonbench-client-1  Created
 Container jsonbench-client-7  Created
 Container jsonbench-client-8  Created
Attaching to client-1, client-2, client-3, client-4, client-5, client-6, client-7, client-8
client-1  | Current Mongosh Log ID:	67b7e0ce86eff5712e5756c3
client-1  | Using Mongosh:		2.0.2
client-1  | 
client-1  | For mongosh info see: https://docs.mongodb.com/mongodb-shell/
client-1  | 
client-1  | 
client-1  | To help improve our products, anonymous usage data is collected and sent to MongoDB periodically (https://www.mongodb.com/legal/privacy-policy).
client-1  | You can opt-out by running the disableTelemetry() command.
client-1  | 
client-1  | Loading file: /dir/lib.js
client-5  | Current Mongosh Log ID:	67b7e0cf6e90a294957e720b
client-5  | Using Mongosh:		2.0.2
client-5  | 
client-5  | For mongosh info see: https://docs.mongodb.com/mongodb-shell/
client-5  | 
client-5  | 
client-5  | To help improve our products, anonymous usage data is collected and sent to MongoDB periodically (https://www.mongodb.com/legal/privacy-policy).
client-5  | You can opt-out by running the disableTelemetry() command.
client-5  | 
client-5  | Loading file: /dir/lib.js
client-8  | Current Mongosh Log ID:	67b7e0d0c088872d99ceae59
client-1  | 📚 lib.js loaded
client-1  | [2025-02-21T02:11:28.473Z] 🚀 Starting data insertion into mongodb://mongodb:27017 for 10000 documents of 1000 bytes * 100 fields
client-8  | Using Mongosh:		2.0.2
client-8  | 
client-8  | For mongosh info see: https://docs.mongodb.com/mongodb-shell/
client-8  | 
client-8  | 
client-8  | To help improve our products, anonymous usage data is collected and sent to MongoDB periodically (https://www.mongodb.com/legal/privacy-policy).
client-8  | You can opt-out by running the disableTelemetry() command.
client-8  | 
client-8  | Loading file: /dir/lib.js
client-2  | Current Mongosh Log ID:	67b7e0d19be957f3418a2397
client-5  | 📚 lib.js loaded
client-5  | [2025-02-21T02:11:29.614Z] 🚀 Starting data insertion into mongodb://mongodb:27017 for 10000 documents of 1000 bytes * 100 fields
client-2  | Using Mongosh:		2.0.2
client-2  | 
client-2  | For mongosh info see: https://docs.mongodb.com/mongodb-shell/
client-2  | 
client-2  | 
client-2  | To help improve our products, anonymous usage data is collected and sent to MongoDB periodically (https://www.mongodb.com/legal/privacy-policy).
client-2  | You can opt-out by running the disableTelemetry() command.
client-2  | 
client-2  | Loading file: /dir/lib.js
client-3  | Current Mongosh Log ID:	67b7e0d261c579f0a16b5ffd
client-8  | 📚 lib.js loaded
client-8  | [2025-02-21T02:11:30.808Z] 🚀 Starting data insertion into mongodb://mongodb:27017 for 10000 documents of 1000 bytes * 100 fields
client-3  | Using Mongosh:		2.0.2
client-3  | 
client-3  | For mongosh info see: https://docs.mongodb.com/mongodb-shell/
client-3  | 
client-3  | 
client-3  | To help improve our products, anonymous usage data is collected and sent to MongoDB periodically (https://www.mongodb.com/legal/privacy-policy).
client-3  | You can opt-out by running the disableTelemetry() command.
client-3  | 
client-3  | Loading file: /dir/lib.js
client-6  | Current Mongosh Log ID:	67b7e0d2766ee2202053ad67
client-2  | 📚 lib.js loaded
client-6  | Using Mongosh:		2.0.2
client-6  | 
client-6  | For mongosh info see: https://docs.mongodb.com/mongodb-shell/
client-6  | 
client-6  | 
client-6  | To help improve our products, anonymous usage data is collected and sent to MongoDB periodically (https://www.mongodb.com/legal/privacy-policy).
client-6  | You can opt-out by running the disableTelemetry() command.
client-6  | 
client-2  | [2025-02-21T02:11:31.543Z] 🚀 Starting data insertion into mongodb://mongodb:27017 for 10000 documents of 1000 bytes * 100 fields
client-6  | Loading file: /dir/lib.js
client-4  | Current Mongosh Log ID:	67b7e0d3448c91bec03f5766
client-4  | Using Mongosh:		2.0.2
client-4  | 
client-4  | For mongosh info see: https://docs.mongodb.com/mongodb-shell/
client-4  | 
client-4  | 
client-4  | To help improve our products, anonymous usage data is collected and sent to MongoDB periodically (https://www.mongodb.com/legal/privacy-policy).
client-4  | You can opt-out by running the disableTelemetry() command.
client-4  | 
client-4  | Loading file: /dir/lib.js
client-3  | 📚 lib.js loaded
client-3  | [2025-02-21T02:11:32.435Z] 🚀 Starting data insertion into mongodb://mongodb:27017 for 10000 documents of 1000 bytes * 100 fields
client-7  | Current Mongosh Log ID:	67b7e0d484220584c720027f
client-6  | 📚 lib.js loaded
client-6  | [2025-02-21T02:11:33.051Z] 🚀 Starting data insertion into mongodb://mongodb:27017 for 10000 documents of 1000 bytes * 100 fields
client-7  | Using Mongosh:		2.0.2
client-7  | 
client-7  | For mongosh info see: https://docs.mongodb.com/mongodb-shell/
client-7  | 
client-7  | 
client-7  | To help improve our products, anonymous usage data is collected and sent to MongoDB periodically (https://www.mongodb.com/legal/privacy-policy).
client-7  | You can opt-out by running the disableTelemetry() command.
client-7  | 
client-7  | Loading file: /dir/lib.js
client-1  | ✅ Connected to MongoDB
client-4  | 📚 lib.js loaded
client-4  | [2025-02-21T02:11:33.676Z] 🚀 Starting data insertion into mongodb://mongodb:27017 for 10000 documents of 1000 bytes * 100 fields
client-7  | 📚 lib.js loaded
client-7  | [2025-02-21T02:11:34.187Z] 🚀 Starting data insertion into mongodb://mongodb:27017 for 10000 documents of 1000 bytes * 100 fields
client-5  | ✅ Connected to MongoDB
client-8  | ✅ Connected to MongoDB
client-2  | ✅ Connected to MongoDB
client-3  | ✅ Connected to MongoDB
client-6  | ✅ Connected to MongoDB
client-4  | ✅ Connected to MongoDB
client-7  | ✅ Connected to MongoDB
[ perf record: Woken up 1 times to write data ]
[ perf record: Captured and wrote 0.000 MB - ]
runme.sh: line 21: 13152 Done                    perf record -o - --call-graph fp -F99 -e cpu-cycles -p $(
pgrep -d, "mongod"
) sleep 120
     13153 Segmentation fault      (core dumped) | perf script -F +pid > $DIR/mongodb.perf
CONTAINER ID   NAME                   CPU %     MEM USAGE / LIMIT    MEM %     NET I/O           BLOCK I/O     PIDS
7aecfb4415b0   jsonbench-client-1     96.54%    252MiB / 27.2GiB     0.90%     259kB / 54.3MB    0B / 8.19kB   11
89aaa546a5b3   jsonbench-client-5     96.13%    230.1MiB / 27.2GiB   0.83%     254kB / 52.9MB    0B / 8.19kB   11
42e2596fb4d5   jsonbench-client-8     94.00%    117.5MiB / 27.2GiB   0.42%     257kB / 53.5MB    0B / 8.19kB   11
c3d773393525   jsonbench-client-2     95.90%    157.1MiB / 27.2GiB   0.56%     254kB / 52.6MB    0B / 8.19kB   11
1695c90b60f7   jsonbench-client-3     96.46%    117.6MiB / 27.2GiB   0.42%     256kB / 53MB      0B / 8.19kB   11
59b81a0f35d2   jsonbench-client-6     91.65%    226.1MiB / 27.2GiB   0.81%     255kB / 52.9MB    0B / 8.19kB   11
86bf5d517fd8   jsonbench-client-4     96.43%    164.9MiB / 27.2GiB   0.59%     257kB / 53.2MB    0B / 8.19kB   11
5c6fdfe05b2e   jsonbench-client-7     97.68%    223.9MiB / 27.2GiB   0.80%     253kB / 52.3MB    0B / 8.19kB   11
54566cbd83b6   jsonbench-mongodb-1    2.77%     256.8MiB / 9GiB      2.79%     425MB / 2.05MB    0B / 1.15GB   57
5b991752b4cf   jsonbench-postgres-1   0.00%     130.6MiB / 9GiB      1.42%     1.82kB / 1.68kB   0B / 68.4MB   6
5c76845f046f   jsonbench-grafana-1    1.12%     74.86MiB / 27.2GiB   0.27%     1.74MB / 13.3MB   0B / 5.26MB   20
3d7ff0ec48c2   cadvisor               8.98%     62.3MiB / 27.2GiB    0.22%     9.18MB / 489MB    0B / 0B       17
12b6eeb6b2d1   prometheus             0.08%     96.14MiB / 27.2GiB   0.35%     490MB / 9.58MB    0B / 83.2MB   13
client-1  | [7aecfb4415b0] MongoDB (10%) - Throughput: 1.52 docs/sec
client-4  | [86bf5d517fd8] MongoDB (10%) - Throughput: 1.53 docs/sec
client-6  | [59b81a0f35d2] MongoDB (10%) - Throughput: 1.51 docs/sec
client-8  | [42e2596fb4d5] MongoDB (10%) - Throughput: 1.50 docs/sec
client-3  | [1695c90b60f7] MongoDB (10%) - Throughput: 1.50 docs/sec
client-2  | [c3d773393525] MongoDB (10%) - Throughput: 1.49 docs/sec
client-7  | [5c6fdfe05b2e] MongoDB (10%) - Throughput: 1.50 docs/sec
client-5  | [89aaa546a5b3] MongoDB (10%) - Throughput: 1.48 docs/sec
client-4  | [86bf5d517fd8] MongoDB (20%) - Throughput: 1.55 docs/sec
client-1  | [7aecfb4415b0] MongoDB (20%) - Throughput: 1.53 docs/sec
client-7  | [5c6fdfe05b2e] MongoDB (20%) - Throughput: 1.52 docs/sec
client-3  | [1695c90b60f7] MongoDB (20%) - Throughput: 1.52 docs/sec
client-6  | [59b81a0f35d2] MongoDB (20%) - Throughput: 1.52 docs/sec
client-2  | [c3d773393525] MongoDB (20%) - Throughput: 1.51 docs/sec
client-8  | [42e2596fb4d5] MongoDB (20%) - Throughput: 1.51 docs/sec
client-5  | [89aaa546a5b3] MongoDB (20%) - Throughput: 1.50 docs/sec
client-4  | [86bf5d517fd8] MongoDB (30%) - Throughput: 1.55 docs/sec
client-1  | [7aecfb4415b0] MongoDB (30%) - Throughput: 1.53 docs/sec
client-6  | [59b81a0f35d2] MongoDB (30%) - Throughput: 1.53 docs/sec
client-7  | [5c6fdfe05b2e] MongoDB (30%) - Throughput: 1.52 docs/sec
client-2  | [c3d773393525] MongoDB (30%) - Throughput: 1.52 docs/sec
client-8  | [42e2596fb4d5] MongoDB (30%) - Throughput: 1.51 docs/sec
client-3  | [1695c90b60f7] MongoDB (30%) - Throughput: 1.52 docs/sec
client-5  | [89aaa546a5b3] MongoDB (30%) - Throughput: 1.50 docs/sec
client-4  | [86bf5d517fd8] MongoDB (40%) - Throughput: 1.56 docs/sec
client-6  | [59b81a0f35d2] MongoDB (40%) - Throughput: 1.53 docs/sec
client-1  | [7aecfb4415b0] MongoDB (40%) - Throughput: 1.52 docs/sec
client-7  | [5c6fdfe05b2e] MongoDB (40%) - Throughput: 1.52 docs/sec
client-2  | [c3d773393525] MongoDB (40%) - Throughput: 1.52 docs/sec
client-8  | [42e2596fb4d5] MongoDB (40%) - Throughput: 1.52 docs/sec
client-3  | [1695c90b60f7] MongoDB (40%) - Throughput: 1.51 docs/sec
client-5  | [89aaa546a5b3] MongoDB (40%) - Throughput: 1.50 docs/sec
client-4  | [86bf5d517fd8] MongoDB (50%) - Throughput: 1.56 docs/sec
client-6  | [59b81a0f35d2] MongoDB (50%) - Throughput: 1.53 docs/sec
client-1  | [7aecfb4415b0] MongoDB (50%) - Throughput: 1.53 docs/sec
client-7  | [5c6fdfe05b2e] MongoDB (50%) - Throughput: 1.52 docs/sec
client-8  | [42e2596fb4d5] MongoDB (50%) - Throughput: 1.52 docs/sec
client-2  | [c3d773393525] MongoDB (50%) - Throughput: 1.52 docs/sec
client-3  | [1695c90b60f7] MongoDB (50%) - Throughput: 1.51 docs/sec
client-5  | [89aaa546a5b3] MongoDB (50%) - Throughput: 1.50 docs/sec
client-4  | [86bf5d517fd8] MongoDB (60%) - Throughput: 1.56 docs/sec
client-6  | [59b81a0f35d2] MongoDB (60%) - Throughput: 1.54 docs/sec
client-1  | [7aecfb4415b0] MongoDB (60%) - Throughput: 1.53 docs/sec
client-7  | [5c6fdfe05b2e] MongoDB (60%) - Throughput: 1.53 docs/sec
client-8  | [42e2596fb4d5] MongoDB (60%) - Throughput: 1.52 docs/sec
client-2  | [c3d773393525] MongoDB (60%) - Throughput: 1.52 docs/sec
client-3  | [1695c90b60f7] MongoDB (60%) - Throughput: 1.50 docs/sec
client-5  | [89aaa546a5b3] MongoDB (60%) - Throughput: 1.50 docs/sec
client-4  | [86bf5d517fd8] MongoDB (70%) - Throughput: 1.57 docs/sec
client-6  | [59b81a0f35d2] MongoDB (70%) - Throughput: 1.54 docs/sec
client-1  | [7aecfb4415b0] MongoDB (70%) - Throughput: 1.53 docs/sec
client-7  | [5c6fdfe05b2e] MongoDB (70%) - Throughput: 1.53 docs/sec
client-8  | [42e2596fb4d5] MongoDB (70%) - Throughput: 1.52 docs/sec
client-2  | [c3d773393525] MongoDB (70%) - Throughput: 1.51 docs/sec
client-5  | [89aaa546a5b3] MongoDB (70%) - Throughput: 1.50 docs/sec
client-3  | [1695c90b60f7] MongoDB (70%) - Throughput: 1.50 docs/sec
client-4  | [86bf5d517fd8] MongoDB (80%) - Throughput: 1.57 docs/sec
client-6  | [59b81a0f35d2] MongoDB (80%) - Throughput: 1.54 docs/sec
client-7  | [5c6fdfe05b2e] MongoDB (80%) - Throughput: 1.53 docs/sec
client-1  | [7aecfb4415b0] MongoDB (80%) - Throughput: 1.53 docs/sec
client-8  | [42e2596fb4d5] MongoDB (80%) - Throughput: 1.52 docs/sec
client-2  | [c3d773393525] MongoDB (80%) - Throughput: 1.51 docs/sec
client-5  | [89aaa546a5b3] MongoDB (80%) - Throughput: 1.50 docs/sec
client-3  | [1695c90b60f7] MongoDB (80%) - Throughput: 1.50 docs/sec
client-4  | [86bf5d517fd8] MongoDB (90%) - Throughput: 1.57 docs/sec
client-6  | [59b81a0f35d2] MongoDB (90%) - Throughput: 1.54 docs/sec
client-7  | [5c6fdfe05b2e] MongoDB (90%) - Throughput: 1.54 docs/sec
client-1  | [7aecfb4415b0] MongoDB (90%) - Throughput: 1.53 docs/sec
client-8  | [42e2596fb4d5] MongoDB (90%) - Throughput: 1.52 docs/sec
client-2  | [c3d773393525] MongoDB (90%) - Throughput: 1.52 docs/sec
client-5  | [89aaa546a5b3] MongoDB (90%) - Throughput: 1.50 docs/sec
client-3  | [1695c90b60f7] MongoDB (90%) - Throughput: 1.50 docs/sec
client-4  | [86bf5d517fd8] MongoDB (100%) - Throughput: 1.57 docs/sec
client-4  | ✅ Inserted 10000 records into MongoDB
client-4  | ✅ MongoDB Connection closed
client-4  | [2025-02-21T03:58:06.954Z] 🏁 Data insertion completed in 6393.28 seconds
[Kclient-4 exited with code 0
client-6  | [59b81a0f35d2] MongoDB (100%) - Throughput: 1.54 docs/sec
client-6  | ✅ Inserted 10000 records into MongoDB
client-6  | ✅ MongoDB Connection closed
client-6  | [2025-02-21T03:59:39.519Z] 🏁 Data insertion completed in 6486.47 seconds
[Kclient-6 exited with code 0
client-7  | [5c6fdfe05b2e] MongoDB (100%) - Throughput: 1.54 docs/sec
client-7  | ✅ Inserted 10000 records into MongoDB
client-7  | ✅ MongoDB Connection closed
client-7  | [2025-02-21T03:59:51.053Z] 🏁 Data insertion completed in 6496.87 seconds
[Kclient-7 exited with code 0
client-1  | [7aecfb4415b0] MongoDB (100%) - Throughput: 1.54 docs/sec
client-1  | ✅ Inserted 10000 records into MongoDB
client-1  | ✅ MongoDB Connection closed
client-1  | [2025-02-21T04:00:01.369Z] 🏁 Data insertion completed in 6512.90 seconds
[Kclient-1 exited with code 0
client-8  | [42e2596fb4d5] MongoDB (100%) - Throughput: 1.53 docs/sec
client-8  | ✅ Inserted 10000 records into MongoDB
client-8  | ✅ MongoDB Connection closed
client-8  | [2025-02-21T04:00:24.025Z] 🏁 Data insertion completed in 6533.22 seconds
[Kclient-8 exited with code 0
client-2  | [c3d773393525] MongoDB (100%) - Throughput: 1.53 docs/sec
client-2  | ✅ Inserted 10000 records into MongoDB
client-2  | ✅ MongoDB Connection closed
client-2  | [2025-02-21T04:00:34.027Z] 🏁 Data insertion completed in 6542.48 seconds
[Kclient-2 exited with code 0
client-5  | [89aaa546a5b3] MongoDB (100%) - Throughput: 1.52 docs/sec
client-5  | ✅ Inserted 10000 records into MongoDB
client-5  | ✅ MongoDB Connection closed
client-5  | [2025-02-21T04:01:00.927Z] 🏁 Data insertion completed in 6571.31 seconds
[Kclient-5 exited with code 0
client-3  | [1695c90b60f7] MongoDB (100%) - Throughput: 1.52 docs/sec
client-3  | ✅ Inserted 10000 records into MongoDB
client-3  | ✅ MongoDB Connection closed
client-3  | [2025-02-21T04:01:07.478Z] 🏁 Data insertion completed in 6575.04 seconds
[Kclient-3 exited with code 0

 Performance counter stats for 'system wide':

    72,767,446,376      instructions:u            docker/54566cbd83b62705e542a48c464e3c20e732b7e83bcfde4339216317226c7105                                   

    6582.930461234 seconds time elapsed

MongoDB count: 80000 size: 7732 MB
[
  { _id: '97a9087e-5ab9-4329-a868-cd37f9ade225' },
  { _id: '58baf52a-caf3-4cdc-a6c9-3446d20801a6' },
  { _id: 'b0bf501e-5901-4226-877c-90591e9fefce' },
  { _id: 'ebfc2088-eba4-4039-90ed-6a8d40a67e0e' },
  { _id: 'b9d09fc7-b692-4771-8c76-c1e3d2f7945b' },
  { _id: '083e1a25-2423-43c5-90ae-e840ce2f51e5' },
  { _id: '1a208222-e6fe-4555-ae0e-4b2ab663dacf' },
  { _id: 'a57acfbb-7ec8-44d6-b30f-552a210b3523' },
  { _id: '484b3f18-efff-4eeb-bcfc-ccb30cd5e03c' },
  { _id: '31f8f261-64a8-4b62-90c6-4dd4b77e7f0d' }
]
CONTAINER ID   NAME                   CPU %     MEM USAGE / LIMIT    MEM %     NET I/O           BLOCK I/O         PIDS
54566cbd83b6   jsonbench-mongodb-1    0.31%     1.798GiB / 9GiB      19.98%    8.17GB / 38.9MB   1.28MB / 23.9GB   33
5b991752b4cf   jsonbench-postgres-1   0.00%     130.4MiB / 9GiB      1.42%     1.87kB / 1.68kB   0B / 68.4MB       6
5c76845f046f   jsonbench-grafana-1    0.70%     75.24MiB / 27.2GiB   0.27%     2.94MB / 15.2MB   0B / 6.75MB       20
3d7ff0ec48c2   cadvisor               2.09%     60.29MiB / 27.2GiB   0.22%     10.4MB / 554MB    0B / 0B           17
12b6eeb6b2d1   prometheus             0.00%     99.05MiB / 27.2GiB   0.36%     555MB / 11.2MB    0B / 91.4MB       13
