CONTAINER ID   NAME                   CPU %     MEM USAGE / LIMIT    MEM %     NET I/O           BLOCK I/O     PIDS
8f21ff3a8a30   jsonbench-postgres-1   0.05%     126.2MiB / 9GiB      1.37%     1.49kB / 1.68kB   0B / 67.2MB   6
eb0c668b0fff   jsonbench-mongodb-1    0.36%     78.64MiB / 9GiB      0.85%     5.6kB / 6.8kB     0B / 573kB    34
ed27ef5b36b0   jsonbench-grafana-1    0.92%     69.48MiB / 27.2GiB   0.25%     52.7kB / 22.1kB   0B / 291kB    15
491fb051c578   prometheus             2.81%     98.16MiB / 27.2GiB   0.35%     18.9MB / 361kB    0B / 32.8kB   14
1444a0f2328d   cadvisor               6.38%     52.24MiB / 27.2GiB   0.19%     361kB / 18.8MB    0B / 0B       24
mongodb-init-1  | Current Mongosh Log ID:	67b4a08d37b1538cfae8e10c
mongodb-init-1  | Connecting to:		mongodb://mongodb:27017/?directConnection=true&appName=mongosh+2.0.2
mongodb-init-1  | Using MongoDB:		7.0.16
mongodb-init-1  | Using Mongosh:		2.0.2
mongodb-init-1  | 
mongodb-init-1  | For mongosh info see: https://docs.mongodb.com/mongodb-shell/
mongodb-init-1  | 
mongodb-init-1  | 
mongodb-init-1  | To help improve our products, anonymous usage data is collected and sent to MongoDB periodically (https://www.mongodb.com/legal/privacy-policy).
mongodb-init-1  | You can opt-out by running the disableTelemetry() command.
mongodb-init-1  | 
mongodb-init-1  | ------
mongodb-init-1  |    The server generated these startup warnings when booting
mongodb-init-1  |    2025-02-18T15:00:28.748+00:00: Access control is not enabled for the database. Read and write access to data and configuration is unrestricted
mongodb-init-1  |    2025-02-18T15:00:28.748+00:00: vm.max_map_count is too low
mongodb-init-1  | ------
mongodb-init-1  | 
mongodb-init-1  | Loading file: /dir/init.js
 Container jsonbench-postgres-1  Running
 Container jsonbench-mongodb-1  Running
 Container jsonbench-client-1  Creating
 Container jsonbench-client-4  Creating
 Container jsonbench-client-8  Creating
 Container jsonbench-client-6  Creating
 Container jsonbench-client-5  Creating
 Container jsonbench-client-2  Creating
 Container jsonbench-client-7  Creating
 Container jsonbench-client-3  Creating
 Container jsonbench-client-4  Created
 Container jsonbench-client-7  Created
 Container jsonbench-client-1  Created
 Container jsonbench-client-2  Created
 Container jsonbench-client-6  Created
 Container jsonbench-client-5  Created
 Container jsonbench-client-8  Created
 Container jsonbench-client-3  Created
Attaching to client-1, client-2, client-3, client-4, client-5, client-6, client-7, client-8
client-3  | Current Mongosh Log ID:	67b4a0919c5bc6ad8992344f
client-3  | Using Mongosh:		2.0.2
client-3  | 
client-3  | For mongosh info see: https://docs.mongodb.com/mongodb-shell/
client-3  | 
client-3  | 
client-3  | To help improve our products, anonymous usage data is collected and sent to MongoDB periodically (https://www.mongodb.com/legal/privacy-policy).
client-3  | You can opt-out by running the disableTelemetry() command.
client-3  | 
client-3  | Loading file: /dir/lib.js
client-6  | Current Mongosh Log ID:	67b4a092588bb0464a36dd1d
client-6  | Using Mongosh:		2.0.2
client-6  | 
client-6  | For mongosh info see: https://docs.mongodb.com/mongodb-shell/
client-6  | 
client-6  | 
client-6  | To help improve our products, anonymous usage data is collected and sent to MongoDB periodically (https://www.mongodb.com/legal/privacy-policy).
client-6  | You can opt-out by running the disableTelemetry() command.
client-6  | 
client-6  | Loading file: /dir/lib.js
client-8  | Current Mongosh Log ID:	67b4a0936822f447a5d473bb
client-3  | 📚 lib.js loaded
client-3  | [2025-02-18T15:00:35.540Z] 🚀 Starting data insertion into mongodb://mongodb:27017 for 100 documents of 1000 bytes * 10 fields
client-8  | Using Mongosh:		2.0.2
client-8  | 
client-8  | For mongosh info see: https://docs.mongodb.com/mongodb-shell/
client-8  | 
client-8  | 
client-8  | To help improve our products, anonymous usage data is collected and sent to MongoDB periodically (https://www.mongodb.com/legal/privacy-policy).
client-8  | You can opt-out by running the disableTelemetry() command.
client-8  | 
client-8  | Loading file: /dir/lib.js
client-5  | Current Mongosh Log ID:	67b4a09438706efea2b9eafa
client-6  | 📚 lib.js loaded
client-6  | [2025-02-18T15:00:36.453Z] 🚀 Starting data insertion into mongodb://mongodb:27017 for 100 documents of 1000 bytes * 10 fields
client-5  | Using Mongosh:		2.0.2
client-5  | 
client-5  | For mongosh info see: https://docs.mongodb.com/mongodb-shell/
client-5  | 
client-5  | 
client-5  | To help improve our products, anonymous usage data is collected and sent to MongoDB periodically (https://www.mongodb.com/legal/privacy-policy).
client-5  | You can opt-out by running the disableTelemetry() command.
client-5  | 
client-5  | Loading file: /dir/lib.js
client-1  | Current Mongosh Log ID:	67b4a094248e151c7f959837
client-1  | Using Mongosh:		2.0.2
client-1  | 
client-1  | For mongosh info see: https://docs.mongodb.com/mongodb-shell/
client-1  | 
client-1  | 
client-1  | To help improve our products, anonymous usage data is collected and sent to MongoDB periodically (https://www.mongodb.com/legal/privacy-policy).
client-1  | You can opt-out by running the disableTelemetry() command.
client-1  | 
client-8  | 📚 lib.js loaded
client-8  | [2025-02-18T15:00:37.505Z] 🚀 Starting data insertion into mongodb://mongodb:27017 for 100 documents of 1000 bytes * 10 fields
client-1  | Loading file: /dir/lib.js
client-2  | Current Mongosh Log ID:	67b4a0950288fb7e929a8d96
client-2  | Using Mongosh:		2.0.2
client-2  | 
client-2  | For mongosh info see: https://docs.mongodb.com/mongodb-shell/
client-2  | 
client-2  | 
client-2  | To help improve our products, anonymous usage data is collected and sent to MongoDB periodically (https://www.mongodb.com/legal/privacy-policy).
client-2  | You can opt-out by running the disableTelemetry() command.
client-2  | 
client-5  | 📚 lib.js loaded
client-2  | Loading file: /dir/lib.js
client-5  | [2025-02-18T15:00:38.320Z] 🚀 Starting data insertion into mongodb://mongodb:27017 for 100 documents of 1000 bytes * 10 fields
client-4  | Current Mongosh Log ID:	67b4a096a6784dd5eda86bb4
client-1  | 📚 lib.js loaded
client-1  | [2025-02-18T15:00:38.933Z] 🚀 Starting data insertion into mongodb://mongodb:27017 for 100 documents of 1000 bytes * 10 fields
client-4  | Using Mongosh:		2.0.2
client-4  | 
client-4  | For mongosh info see: https://docs.mongodb.com/mongodb-shell/
client-4  | 
client-4  | 
client-4  | To help improve our products, anonymous usage data is collected and sent to MongoDB periodically (https://www.mongodb.com/legal/privacy-policy).
client-4  | You can opt-out by running the disableTelemetry() command.
client-4  | 
client-4  | Loading file: /dir/lib.js
client-7  | Current Mongosh Log ID:	67b4a0971724f4f2aa78d107
client-7  | Using Mongosh:		2.0.2
client-7  | 
client-7  | For mongosh info see: https://docs.mongodb.com/mongodb-shell/
client-7  | 
client-7  | 
client-7  | To help improve our products, anonymous usage data is collected and sent to MongoDB periodically (https://www.mongodb.com/legal/privacy-policy).
client-7  | You can opt-out by running the disableTelemetry() command.
client-7  | 
client-7  | Loading file: /dir/lib.js
client-2  | 📚 lib.js loaded
client-2  | [2025-02-18T15:00:39.609Z] 🚀 Starting data insertion into mongodb://mongodb:27017 for 100 documents of 1000 bytes * 10 fields
client-4  | 📚 lib.js loaded
client-4  | [2025-02-18T15:00:40.182Z] 🚀 Starting data insertion into mongodb://mongodb:27017 for 100 documents of 1000 bytes * 10 fields
client-7  | 📚 lib.js loaded
client-7  | [2025-02-18T15:00:40.613Z] 🚀 Starting data insertion into mongodb://mongodb:27017 for 100 documents of 1000 bytes * 10 fields
client-3  | ✅ Connected to MongoDB
client-3  | [95bf48719ef1] MongoDB (10%) - Throughput: 23.92 docs/sec
client-3  | [95bf48719ef1] MongoDB (20%) - Throughput: 27.19 docs/sec
client-6  | ✅ Connected to MongoDB
client-3  | [95bf48719ef1] MongoDB (30%) - Throughput: 27.52 docs/sec
client-6  | [15edb09d3e92] MongoDB (10%) - Throughput: 22.79 docs/sec
client-3  | [95bf48719ef1] MongoDB (40%) - Throughput: 28.35 docs/sec
client-6  | [15edb09d3e92] MongoDB (20%) - Throughput: 26.35 docs/sec
client-3  | [95bf48719ef1] MongoDB (50%) - Throughput: 28.92 docs/sec
client-8  | ✅ Connected to MongoDB
client-6  | [15edb09d3e92] MongoDB (30%) - Throughput: 27.70 docs/sec
client-3  | [95bf48719ef1] MongoDB (60%) - Throughput: 29.13 docs/sec
client-6  | [15edb09d3e92] MongoDB (40%) - Throughput: 27.36 docs/sec
client-3  | [95bf48719ef1] MongoDB (70%) - Throughput: 28.91 docs/sec
client-8  | [0228c35aadb0] MongoDB (10%) - Throughput: 20.60 docs/sec
client-6  | [15edb09d3e92] MongoDB (50%) - Throughput: 27.49 docs/sec
client-3  | [95bf48719ef1] MongoDB (80%) - Throughput: 29.15 docs/sec
client-5  | ✅ Connected to MongoDB
client-8  | [0228c35aadb0] MongoDB (20%) - Throughput: 24.44 docs/sec
client-6  | [15edb09d3e92] MongoDB (60%) - Throughput: 27.41 docs/sec
client-3  | [95bf48719ef1] MongoDB (90%) - Throughput: 28.73 docs/sec
client-8  | [0228c35aadb0] MongoDB (30%) - Throughput: 23.80 docs/sec
client-5  | [deb99fdf1acc] MongoDB (10%) - Throughput: 19.55 docs/sec
client-1  | ✅ Connected to MongoDB
client-6  | [15edb09d3e92] MongoDB (70%) - Throughput: 27.08 docs/sec
client-3  | [95bf48719ef1] MongoDB (100%) - Throughput: 28.33 docs/sec
client-3  | ✅ Inserted 100 records into MongoDB
client-3  | ✅ MongoDB Connection closed
client-3  | [2025-02-18T15:00:44.158Z] 🏁 Data insertion completed in 8.62 seconds
client-8  | [0228c35aadb0] MongoDB (40%) - Throughput: 23.15 docs/sec
client-5  | [deb99fdf1acc] MongoDB (20%) - Throughput: 21.40 docs/sec
[Kclient-3 exited with code 0
client-6  | [15edb09d3e92] MongoDB (80%) - Throughput: 26.61 docs/sec
client-1  | [208a4dcd972e] MongoDB (10%) - Throughput: 17.50 docs/sec
client-2  | ✅ Connected to MongoDB
client-8  | [0228c35aadb0] MongoDB (50%) - Throughput: 24.02 docs/sec
client-5  | [deb99fdf1acc] MongoDB (30%) - Throughput: 22.47 docs/sec
client-1  | [208a4dcd972e] MongoDB (20%) - Throughput: 20.37 docs/sec
client-6  | [15edb09d3e92] MongoDB (90%) - Throughput: 26.03 docs/sec
client-5  | [deb99fdf1acc] MongoDB (40%) - Throughput: 23.20 docs/sec
client-8  | [0228c35aadb0] MongoDB (60%) - Throughput: 23.69 docs/sec
client-4  | ✅ Connected to MongoDB
client-6  | [15edb09d3e92] MongoDB (100%) - Throughput: 26.01 docs/sec
client-6  | ✅ Inserted 100 records into MongoDB
client-6  | ✅ MongoDB Connection closed
client-6  | [2025-02-18T15:00:45.387Z] 🏁 Data insertion completed in 8.93 seconds
client-1  | [208a4dcd972e] MongoDB (30%) - Throughput: 21.51 docs/sec
client-2  | [9325744c2559] MongoDB (10%) - Throughput: 12.54 docs/sec
client-5  | [deb99fdf1acc] MongoDB (50%) - Throughput: 22.92 docs/sec
[Kclient-6 exited with code 0
client-7  | ✅ Connected to MongoDB
client-8  | [0228c35aadb0] MongoDB (70%) - Throughput: 21.83 docs/sec
client-1  | [208a4dcd972e] MongoDB (40%) - Throughput: 21.06 docs/sec
client-2  | [9325744c2559] MongoDB (20%) - Throughput: 15.91 docs/sec
client-5  | [deb99fdf1acc] MongoDB (60%) - Throughput: 23.21 docs/sec
client-4  | [54d88cdd1079] MongoDB (10%) - Throughput: 12.93 docs/sec
client-2  | [9325744c2559] MongoDB (30%) - Throughput: 18.26 docs/sec
client-5  | [deb99fdf1acc] MongoDB (70%) - Throughput: 23.52 docs/sec
client-8  | [0228c35aadb0] MongoDB (80%) - Throughput: 20.94 docs/sec
client-7  | [51c24582daca] MongoDB (10%) - Throughput: 13.29 docs/sec
client-1  | [208a4dcd972e] MongoDB (50%) - Throughput: 19.88 docs/sec
client-4  | [54d88cdd1079] MongoDB (20%) - Throughput: 14.13 docs/sec
client-2  | [9325744c2559] MongoDB (40%) - Throughput: 18.27 docs/sec
client-5  | [deb99fdf1acc] MongoDB (80%) - Throughput: 23.00 docs/sec
client-7  | [51c24582daca] MongoDB (20%) - Throughput: 14.67 docs/sec
client-8  | [0228c35aadb0] MongoDB (90%) - Throughput: 20.11 docs/sec
client-1  | [208a4dcd972e] MongoDB (60%) - Throughput: 19.15 docs/sec
client-4  | [54d88cdd1079] MongoDB (30%) - Throughput: 15.61 docs/sec
client-2  | [9325744c2559] MongoDB (50%) - Throughput: 19.29 docs/sec
client-5  | [deb99fdf1acc] MongoDB (90%) - Throughput: 22.15 docs/sec
client-7  | [51c24582daca] MongoDB (30%) - Throughput: 16.50 docs/sec
client-2  | [9325744c2559] MongoDB (60%) - Throughput: 20.25 docs/sec
client-8  | [0228c35aadb0] MongoDB (100%) - Throughput: 19.61 docs/sec
client-8  | ✅ Inserted 100 records into MongoDB
client-4  | [54d88cdd1079] MongoDB (40%) - Throughput: 16.28 docs/sec
client-8  | ✅ MongoDB Connection closed
client-8  | [2025-02-18T15:00:47.707Z] 🏁 Data insertion completed in 10.20 seconds
client-1  | [208a4dcd972e] MongoDB (70%) - Throughput: 18.59 docs/sec
[Kclient-8 exited with code 0
client-7  | [51c24582daca] MongoDB (40%) - Throughput: 16.96 docs/sec
client-5  | [deb99fdf1acc] MongoDB (100%) - Throughput: 21.41 docs/sec
client-5  | ✅ Inserted 100 records into MongoDB
client-5  | ✅ MongoDB Connection closed
client-5  | [2025-02-18T15:00:48.087Z] 🏁 Data insertion completed in 9.77 seconds
client-4  | [54d88cdd1079] MongoDB (50%) - Throughput: 17.36 docs/sec
client-2  | [9325744c2559] MongoDB (70%) - Throughput: 20.14 docs/sec
client-1  | [208a4dcd972e] MongoDB (80%) - Throughput: 18.62 docs/sec
[Kclient-5 exited with code 0
client-7  | [51c24582daca] MongoDB (50%) - Throughput: 17.84 docs/sec
client-4  | [54d88cdd1079] MongoDB (60%) - Throughput: 18.43 docs/sec
client-2  | [9325744c2559] MongoDB (80%) - Throughput: 20.52 docs/sec
client-1  | [208a4dcd972e] MongoDB (90%) - Throughput: 19.36 docs/sec
client-7  | [51c24582daca] MongoDB (60%) - Throughput: 18.95 docs/sec
client-4  | [54d88cdd1079] MongoDB (70%) - Throughput: 19.34 docs/sec
client-2  | [9325744c2559] MongoDB (90%) - Throughput: 21.16 docs/sec
client-1  | [208a4dcd972e] MongoDB (100%) - Throughput: 19.88 docs/sec
client-1  | ✅ Inserted 100 records into MongoDB
client-1  | ✅ MongoDB Connection closed
client-1  | [2025-02-18T15:00:49.036Z] 🏁 Data insertion completed in 10.10 seconds
client-7  | [51c24582daca] MongoDB (70%) - Throughput: 19.64 docs/sec
client-4  | [54d88cdd1079] MongoDB (80%) - Throughput: 19.89 docs/sec
client-2  | [9325744c2559] MongoDB (100%) - Throughput: 21.60 docs/sec
client-2  | ✅ Inserted 100 records into MongoDB
client-2  | ✅ MongoDB Connection closed
client-2  | [2025-02-18T15:00:49.313Z] 🏁 Data insertion completed in 9.70 seconds
[Kclient-1 exited with code 0
client-7  | [51c24582daca] MongoDB (80%) - Throughput: 20.55 docs/sec
[Kclient-2 exited with code 0
client-4  | [54d88cdd1079] MongoDB (90%) - Throughput: 20.64 docs/sec
client-7  | [51c24582daca] MongoDB (90%) - Throughput: 21.40 docs/sec
client-4  | [54d88cdd1079] MongoDB (100%) - Throughput: 21.32 docs/sec
client-4  | ✅ Inserted 100 records into MongoDB
client-4  | ✅ MongoDB Connection closed
client-4  | [2025-02-18T15:00:49.944Z] 🏁 Data insertion completed in 9.76 seconds
[Kclient-4 exited with code 0
client-7  | [51c24582daca] MongoDB (100%) - Throughput: 22.05 docs/sec
client-7  | ✅ Inserted 100 records into MongoDB
client-7  | ✅ MongoDB Connection closed
client-7  | [2025-02-18T15:00:50.230Z] 🏁 Data insertion completed in 9.62 seconds
[Kclient-7 exited with code 0

 Performance counter stats for 'system wide':

       191,777,076      instructions:u            docker/eb0c668b0ffff8c225832ff307ad4318f94f8ec195014ab08596cd80544c1a26                                   

      18.263185174 seconds time elapsed

MongoDB count: 800 size: 8 MB
[
  { _id: 'd8eee5da-4990-48b9-a477-91cec6fcc935' },
  { _id: '4e0852cb-9271-4d62-bf3d-ddc3976b1af5' },
  { _id: '9a4da258-101f-4f84-a539-b924a54c5be2' },
  { _id: '45701309-a81e-4142-8414-65ed0ae43f9a' },
  { _id: '61253593-510d-4901-b364-963cb895d585' },
  { _id: 'b176a20a-db4b-4225-8db7-6fbd8947f2a6' },
  { _id: '9a095539-1c7c-4357-87f9-08198843bd08' },
  { _id: '672f0211-4f73-4f3b-9ae3-b5c74beb39cc' },
  { _id: 'df1460a4-f85c-43c3-92c8-e572abe99ee3' },
  { _id: '24b4571d-fc58-4c60-96a9-6fe977f58493' }
]
CONTAINER ID   NAME                   CPU %     MEM USAGE / LIMIT    MEM %     NET I/O           BLOCK I/O     PIDS
8f21ff3a8a30   jsonbench-postgres-1   0.05%     126.3MiB / 9GiB      1.37%     1.87kB / 1.68kB   0B / 67.2MB   6
eb0c668b0fff   jsonbench-mongodb-1    0.34%     93.64MiB / 9GiB      1.02%     8.36MB / 232kB    0B / 9.67MB   34
ed27ef5b36b0   jsonbench-grafana-1    0.93%     69.48MiB / 27.2GiB   0.25%     53.1kB / 22.1kB   0B / 291kB    15
491fb051c578   prometheus             0.00%     96.87MiB / 27.2GiB   0.35%     19.1MB / 363kB    0B / 32.8kB   14
1444a0f2328d   cadvisor               3.15%     58.77MiB / 27.2GiB   0.21%     366kB / 19.1MB    0B / 0B       24
[ perf record: Woken up 1 times to write data ]
[ perf record: Captured and wrote 0.000 MB - ]
CONTAINER ID   NAME                   CPU %     MEM USAGE / LIMIT    MEM %     NET I/O           BLOCK I/O     PIDS
8f21ff3a8a30   jsonbench-postgres-1   0.00%     130MiB / 9GiB        1.41%     1.87kB / 1.68kB   0B / 68.4MB   6
eb0c668b0fff   jsonbench-mongodb-1    0.36%     94.32MiB / 9GiB      1.02%     8.36MB / 232kB    0B / 31.6MB   33
ed27ef5b36b0   jsonbench-grafana-1    0.79%     69.53MiB / 27.2GiB   0.25%     58.9kB / 25.1kB   0B / 344kB    15
491fb051c578   prometheus             0.00%     98.54MiB / 27.2GiB   0.35%     22MB / 419kB      0B / 32.8kB   14
1444a0f2328d   cadvisor               1.97%     53.73MiB / 27.2GiB   0.19%     422kB / 22MB      0B / 0B       24
