CONTAINER ID   NAME                   CPU %     MEM USAGE / LIMIT    MEM %     NET I/O           BLOCK I/O     PIDS
8f21ff3a8a30   jsonbench-postgres-1   0.00%     130MiB / 9GiB        1.41%     1.87kB / 1.68kB   0B / 68.4MB   6
eb0c668b0fff   jsonbench-mongodb-1    0.34%     94.32MiB / 9GiB      1.02%     8.36MB / 232kB    0B / 31.6MB   33
ed27ef5b36b0   jsonbench-grafana-1    0.87%     69.53MiB / 27.2GiB   0.25%     58.9kB / 25.1kB   0B / 344kB    15
491fb051c578   prometheus             0.00%     98.54MiB / 27.2GiB   0.35%     22MB / 419kB      0B / 32.8kB   14
1444a0f2328d   cadvisor               2.02%     54.15MiB / 27.2GiB   0.19%     422kB / 22MB      0B / 0B       24
postgres-init-1  | psql: error: connection to server at "postgres" (172.21.0.4), port 5432 failed: Connection refused
postgres-init-1  | 	Is the server running on that host and accepting TCP/IP connections?
postgres-init-1  | drop table if exists jsonbench;
postgres-init-1  | psql:/dir/init.sql:1: NOTICE:  table "jsonbench" does not exist, skipping
postgres-init-1  | DROP TABLE
postgres-init-1  | create table if not exists jsonbench (
postgres-init-1  |     id uuid primary key,
postgres-init-1  |     data jsonb not null
postgres-init-1  | );
postgres-init-1  | CREATE TABLE
postgres-init-1  | show shared_buffers;
postgres-init-1  |  shared_buffers 
postgres-init-1  | ----------------
postgres-init-1  |  4GB
postgres-init-1  | (1 row)
postgres-init-1  | 
 Container jsonbench-mongodb-1  Running
 Container jsonbench-postgres-1  Running
 Container jsonbench-client-4  Recreate
 Container jsonbench-client-3  Recreate
 Container jsonbench-client-6  Recreate
 Container jsonbench-client-1  Recreate
 Container jsonbench-client-5  Recreate
 Container jsonbench-client-7  Recreate
 Container jsonbench-client-2  Recreate
 Container jsonbench-client-8  Recreate
 Container jsonbench-client-8  Recreated
 Container jsonbench-client-2  Recreated
 Container jsonbench-client-6  Recreated
 Container jsonbench-client-5  Recreated
 Container jsonbench-client-4  Recreated
 Container jsonbench-client-7  Recreated
 Container jsonbench-client-1  Recreated
 Container jsonbench-client-3  Recreated
Attaching to client-1, client-2, client-3, client-4, client-5, client-6, client-7, client-8
client-5  | Current Mongosh Log ID:	67b4a20010d757f823da2aa9
client-5  | Using Mongosh:		2.0.2
client-5  | 
client-5  | For mongosh info see: https://docs.mongodb.com/mongodb-shell/
client-5  | 
client-5  | 
client-5  | To help improve our products, anonymous usage data is collected and sent to MongoDB periodically (https://www.mongodb.com/legal/privacy-policy).
client-5  | You can opt-out by running the disableTelemetry() command.
client-5  | 
client-5  | Loading file: /dir/lib.js
client-3  | Current Mongosh Log ID:	67b4a201bc169f723ff1fe7a
client-3  | Using Mongosh:		2.0.2
client-3  | 
client-3  | For mongosh info see: https://docs.mongodb.com/mongodb-shell/
client-3  | 
client-3  | 
client-3  | To help improve our products, anonymous usage data is collected and sent to MongoDB periodically (https://www.mongodb.com/legal/privacy-policy).
client-3  | You can opt-out by running the disableTelemetry() command.
client-3  | 
client-3  | Loading file: /dir/lib.js
client-4  | Current Mongosh Log ID:	67b4a20158b2a28a54cb6e77
client-5  | 📚 lib.js loaded
client-5  | [2025-02-18T15:06:42.489Z] 🚀 Starting data insertion into postgres://postgres:xxx@postgres:5432/postgres for 100 documents of 1000 bytes * 10 fields
client-4  | Using Mongosh:		2.0.2
client-4  | 
client-4  | For mongosh info see: https://docs.mongodb.com/mongodb-shell/
client-4  | 
client-4  | 
client-4  | To help improve our products, anonymous usage data is collected and sent to MongoDB periodically (https://www.mongodb.com/legal/privacy-policy).
client-4  | You can opt-out by running the disableTelemetry() command.
client-4  | 
client-4  | Loading file: /dir/lib.js
client-2  | Current Mongosh Log ID:	67b4a202a3cccb53d7db6fa7
client-3  | 📚 lib.js loaded
client-3  | [2025-02-18T15:06:43.223Z] 🚀 Starting data insertion into postgres://postgres:xxx@postgres:5432/postgres for 100 documents of 1000 bytes * 10 fields
client-7  | Current Mongosh Log ID:	67b4a203a4ee04e0df6322c7
client-2  | Using Mongosh:		2.0.2
client-2  | 
client-2  | For mongosh info see: https://docs.mongodb.com/mongodb-shell/
client-2  | 
client-2  | 
client-2  | To help improve our products, anonymous usage data is collected and sent to MongoDB periodically (https://www.mongodb.com/legal/privacy-policy).
client-2  | You can opt-out by running the disableTelemetry() command.
client-2  | 
client-2  | Loading file: /dir/lib.js
client-7  | Using Mongosh:		2.0.2
client-7  | 
client-7  | For mongosh info see: https://docs.mongodb.com/mongodb-shell/
client-7  | 
client-7  | 
client-7  | To help improve our products, anonymous usage data is collected and sent to MongoDB periodically (https://www.mongodb.com/legal/privacy-policy).
client-7  | You can opt-out by running the disableTelemetry() command.
client-7  | 
client-7  | Loading file: /dir/lib.js
client-4  | 📚 lib.js loaded
client-4  | [2025-02-18T15:06:44.227Z] 🚀 Starting data insertion into postgres://postgres:xxx@postgres:5432/postgres for 100 documents of 1000 bytes * 10 fields
client-1  | Current Mongosh Log ID:	67b4a2045d84fba8caf091fa
client-1  | Using Mongosh:		2.0.2
client-1  | 
client-1  | For mongosh info see: https://docs.mongodb.com/mongodb-shell/
client-1  | 
client-1  | 
client-1  | To help improve our products, anonymous usage data is collected and sent to MongoDB periodically (https://www.mongodb.com/legal/privacy-policy).
client-1  | You can opt-out by running the disableTelemetry() command.
client-1  | 
client-1  | Loading file: /dir/lib.js
client-8  | Current Mongosh Log ID:	67b4a205f783d4baad41b497
client-2  | 📚 lib.js loaded
client-2  | [2025-02-18T15:06:45.146Z] 🚀 Starting data insertion into postgres://postgres:xxx@postgres:5432/postgres for 100 documents of 1000 bytes * 10 fields
client-8  | Using Mongosh:		2.0.2
client-8  | 
client-8  | For mongosh info see: https://docs.mongodb.com/mongodb-shell/
client-8  | 
client-8  | 
client-8  | To help improve our products, anonymous usage data is collected and sent to MongoDB periodically (https://www.mongodb.com/legal/privacy-policy).
client-8  | You can opt-out by running the disableTelemetry() command.
client-8  | 
client-7  | 📚 lib.js loaded
client-7  | [2025-02-18T15:06:45.693Z] 🚀 Starting data insertion into postgres://postgres:xxx@postgres:5432/postgres for 100 documents of 1000 bytes * 10 fields
client-8  | Loading file: /dir/lib.js
client-6  | Current Mongosh Log ID:	67b4a2053b43c0ef90f88432
client-1  | 📚 lib.js loaded
client-1  | [2025-02-18T15:06:46.398Z] 🚀 Starting data insertion into postgres://postgres:xxx@postgres:5432/postgres for 100 documents of 1000 bytes * 10 fields
client-6  | Using Mongosh:		2.0.2
client-6  | 
client-6  | For mongosh info see: https://docs.mongodb.com/mongodb-shell/
client-6  | 
client-6  | 
client-6  | To help improve our products, anonymous usage data is collected and sent to MongoDB periodically (https://www.mongodb.com/legal/privacy-policy).
client-6  | You can opt-out by running the disableTelemetry() command.
client-6  | 
client-6  | Loading file: /dir/lib.js
client-8  | 📚 lib.js loaded
client-8  | [2025-02-18T15:06:47.052Z] 🚀 Starting data insertion into postgres://postgres:xxx@postgres:5432/postgres for 100 documents of 1000 bytes * 10 fields
client-6  | 📚 lib.js loaded
client-6  | [2025-02-18T15:06:47.607Z] 🚀 Starting data insertion into postgres://postgres:xxx@postgres:5432/postgres for 100 documents of 1000 bytes * 10 fields
client-5  | [00fcc3563cff] PostgreSQL (10%) - Throughput: 24.76 docs/sec
client-5  | [00fcc3563cff] PostgreSQL (20%) - Throughput: 28.64 docs/sec
client-5  | [00fcc3563cff] PostgreSQL (30%) - Throughput: 29.40 docs/sec
client-3  | [9664846264b8] PostgreSQL (10%) - Throughput: 24.78 docs/sec
client-5  | [00fcc3563cff] PostgreSQL (40%) - Throughput: 29.81 docs/sec
client-3  | [9664846264b8] PostgreSQL (20%) - Throughput: 28.09 docs/sec
client-5  | [00fcc3563cff] PostgreSQL (50%) - Throughput: 30.47 docs/sec
client-3  | [9664846264b8] PostgreSQL (30%) - Throughput: 29.26 docs/sec
client-5  | [00fcc3563cff] PostgreSQL (60%) - Throughput: 30.18 docs/sec
client-3  | [9664846264b8] PostgreSQL (40%) - Throughput: 28.68 docs/sec
client-4  | [403853d2d7a2] PostgreSQL (10%) - Throughput: 24.38 docs/sec
client-5  | [00fcc3563cff] PostgreSQL (70%) - Throughput: 30.09 docs/sec
client-3  | [9664846264b8] PostgreSQL (50%) - Throughput: 29.15 docs/sec
client-4  | [403853d2d7a2] PostgreSQL (20%) - Throughput: 27.77 docs/sec
client-5  | [00fcc3563cff] PostgreSQL (80%) - Throughput: 30.21 docs/sec
client-3  | [9664846264b8] PostgreSQL (60%) - Throughput: 28.90 docs/sec
client-4  | [403853d2d7a2] PostgreSQL (30%) - Throughput: 28.04 docs/sec
client-5  | [00fcc3563cff] PostgreSQL (90%) - Throughput: 29.92 docs/sec
client-2  | [18b94ed58e9b] PostgreSQL (10%) - Throughput: 21.13 docs/sec
client-3  | [9664846264b8] PostgreSQL (70%) - Throughput: 28.74 docs/sec
client-4  | [403853d2d7a2] PostgreSQL (40%) - Throughput: 28.03 docs/sec
client-5  | [00fcc3563cff] PostgreSQL (100%) - Throughput: 29.10 docs/sec
client-5  | ✅ Inserted 100 records into PostgreSQL
client-5  | ✅ PostgreSQL Connection closed
client-5  | [2025-02-18T15:06:51.006Z] 🏁 Data insertion completed in 8.52 seconds
client-3  | [9664846264b8] PostgreSQL (80%) - Throughput: 28.57 docs/sec
client-2  | [18b94ed58e9b] PostgreSQL (20%) - Throughput: 22.31 docs/sec
client-4  | [403853d2d7a2] PostgreSQL (50%) - Throughput: 26.62 docs/sec
[Kclient-5 exited with code 0
client-7  | [b1102979bfc4] PostgreSQL (10%) - Throughput: 17.51 docs/sec
client-3  | [9664846264b8] PostgreSQL (90%) - Throughput: 28.33 docs/sec
client-2  | [18b94ed58e9b] PostgreSQL (30%) - Throughput: 23.51 docs/sec
client-4  | [403853d2d7a2] PostgreSQL (60%) - Throughput: 26.84 docs/sec
client-7  | [b1102979bfc4] PostgreSQL (20%) - Throughput: 20.89 docs/sec
client-2  | [18b94ed58e9b] PostgreSQL (40%) - Throughput: 23.68 docs/sec
client-3  | [9664846264b8] PostgreSQL (100%) - Throughput: 27.67 docs/sec
client-3  | ✅ Inserted 100 records into PostgreSQL
client-3  | ✅ PostgreSQL Connection closed
client-3  | [2025-02-18T15:06:51.907Z] 🏁 Data insertion completed in 8.68 seconds
client-4  | [403853d2d7a2] PostgreSQL (70%) - Throughput: 25.13 docs/sec
client-1  | [41cd606a82e9] PostgreSQL (10%) - Throughput: 15.82 docs/sec
client-7  | [b1102979bfc4] PostgreSQL (30%) - Throughput: 22.05 docs/sec
[Kclient-3 exited with code 0
client-2  | [18b94ed58e9b] PostgreSQL (50%) - Throughput: 24.17 docs/sec
client-4  | [403853d2d7a2] PostgreSQL (80%) - Throughput: 25.38 docs/sec
client-7  | [b1102979bfc4] PostgreSQL (40%) - Throughput: 22.28 docs/sec
client-1  | [41cd606a82e9] PostgreSQL (20%) - Throughput: 17.20 docs/sec
client-2  | [18b94ed58e9b] PostgreSQL (60%) - Throughput: 24.50 docs/sec
client-4  | [403853d2d7a2] PostgreSQL (90%) - Throughput: 25.62 docs/sec
client-8  | [87a6d086bcfe] PostgreSQL (10%) - Throughput: 13.60 docs/sec
client-7  | [b1102979bfc4] PostgreSQL (50%) - Throughput: 21.64 docs/sec
client-2  | [18b94ed58e9b] PostgreSQL (70%) - Throughput: 24.36 docs/sec
client-1  | [41cd606a82e9] PostgreSQL (30%) - Throughput: 17.80 docs/sec
client-4  | [403853d2d7a2] PostgreSQL (100%) - Throughput: 25.18 docs/sec
client-4  | ✅ Inserted 100 records into PostgreSQL
client-4  | ✅ PostgreSQL Connection closed
client-4  | [2025-02-18T15:06:53.278Z] 🏁 Data insertion completed in 9.05 seconds
client-6  | [eab23b62a6bb] PostgreSQL (10%) - Throughput: 15.27 docs/sec
client-8  | [87a6d086bcfe] PostgreSQL (20%) - Throughput: 15.73 docs/sec
client-2  | [18b94ed58e9b] PostgreSQL (80%) - Throughput: 24.09 docs/sec
[Kclient-4 exited with code 0
client-7  | [b1102979bfc4] PostgreSQL (60%) - Throughput: 20.78 docs/sec
client-1  | [41cd606a82e9] PostgreSQL (40%) - Throughput: 17.54 docs/sec
client-6  | [eab23b62a6bb] PostgreSQL (20%) - Throughput: 17.53 docs/sec
client-8  | [87a6d086bcfe] PostgreSQL (30%) - Throughput: 16.88 docs/sec
client-2  | [18b94ed58e9b] PostgreSQL (90%) - Throughput: 24.03 docs/sec
client-6  | [eab23b62a6bb] PostgreSQL (30%) - Throughput: 19.94 docs/sec
client-7  | [b1102979bfc4] PostgreSQL (70%) - Throughput: 20.29 docs/sec
client-2  | [18b94ed58e9b] PostgreSQL (100%) - Throughput: 24.39 docs/sec
client-2  | ✅ Inserted 100 records into PostgreSQL
client-2  | ✅ PostgreSQL Connection closed
client-2  | [2025-02-18T15:06:54.312Z] 🏁 Data insertion completed in 9.17 seconds
client-1  | [41cd606a82e9] PostgreSQL (50%) - Throughput: 17.43 docs/sec
client-8  | [87a6d086bcfe] PostgreSQL (40%) - Throughput: 17.71 docs/sec
client-6  | [eab23b62a6bb] PostgreSQL (40%) - Throughput: 21.20 docs/sec
client-7  | [b1102979bfc4] PostgreSQL (80%) - Throughput: 20.92 docs/sec
[Kclient-2 exited with code 0
client-8  | [87a6d086bcfe] PostgreSQL (50%) - Throughput: 18.73 docs/sec
client-1  | [41cd606a82e9] PostgreSQL (60%) - Throughput: 17.98 docs/sec
client-6  | [eab23b62a6bb] PostgreSQL (50%) - Throughput: 22.58 docs/sec
client-7  | [b1102979bfc4] PostgreSQL (90%) - Throughput: 21.59 docs/sec
client-8  | [87a6d086bcfe] PostgreSQL (60%) - Throughput: 19.90 docs/sec
client-1  | [41cd606a82e9] PostgreSQL (70%) - Throughput: 18.90 docs/sec
client-6  | [eab23b62a6bb] PostgreSQL (60%) - Throughput: 23.69 docs/sec
client-7  | [b1102979bfc4] PostgreSQL (100%) - Throughput: 22.05 docs/sec
client-7  | ✅ Inserted 100 records into PostgreSQL
client-7  | ✅ PostgreSQL Connection closed
client-7  | [2025-02-18T15:06:55.297Z] 🏁 Data insertion completed in 9.60 seconds
client-8  | [87a6d086bcfe] PostgreSQL (70%) - Throughput: 20.60 docs/sec
client-1  | [41cd606a82e9] PostgreSQL (80%) - Throughput: 19.63 docs/sec
client-6  | [eab23b62a6bb] PostgreSQL (70%) - Throughput: 24.10 docs/sec
[Kclient-7 exited with code 0
client-8  | [87a6d086bcfe] PostgreSQL (80%) - Throughput: 21.42 docs/sec
client-6  | [eab23b62a6bb] PostgreSQL (80%) - Throughput: 24.90 docs/sec
client-1  | [41cd606a82e9] PostgreSQL (90%) - Throughput: 20.23 docs/sec
client-8  | [87a6d086bcfe] PostgreSQL (90%) - Throughput: 21.57 docs/sec
client-6  | [eab23b62a6bb] PostgreSQL (90%) - Throughput: 24.81 docs/sec
client-1  | [41cd606a82e9] PostgreSQL (100%) - Throughput: 20.41 docs/sec
client-1  | ✅ Inserted 100 records into PostgreSQL
client-1  | ✅ PostgreSQL Connection closed
client-1  | [2025-02-18T15:06:56.371Z] 🏁 Data insertion completed in 9.97 seconds
client-6  | [eab23b62a6bb] PostgreSQL (100%) - Throughput: 25.15 docs/sec
client-6  | ✅ Inserted 100 records into PostgreSQL
client-6  | ✅ PostgreSQL Connection closed
client-6  | [2025-02-18T15:06:56.641Z] 🏁 Data insertion completed in 9.03 seconds
[Kclient-1 exited with code 0
client-8  | [87a6d086bcfe] PostgreSQL (100%) - Throughput: 22.04 docs/sec
client-8  | ✅ Inserted 100 records into PostgreSQL
client-8  | ✅ PostgreSQL Connection closed
client-8  | [2025-02-18T15:06:56.672Z] 🏁 Data insertion completed in 9.62 seconds
[Kclient-6 exited with code 0
[Kclient-8 exited with code 0

 Performance counter stats for 'system wide':

       858,795,475      instructions:u            docker/8f21ff3a8a30e9860a7e8f0c4916039394400f775fd1f226a0d3b6c987a15540                                   

      18.146678222 seconds time elapsed

VACUUM
PostgreSQL count: 800 size: 9888 kB
28e7e7fe-971d-41de-a83c-5f479ddddede
e537b5c6-0bcb-4707-9af1-a22feac4be1b
d3d5dc1b-9878-4f0f-bed5-2eb64bff4e9a
c6128fe6-e474-44d7-bc00-75b29a0ac335
7afe973a-c951-4bb6-96ef-e5293d5898eb
345d2f90-8564-4bc1-9d09-59e7d67bf5ae
9a41105c-3a8d-4ee3-bceb-eed0cda18fb0
723c8b81-964d-4f38-9067-c2154dac31ca
a45f5eb4-7b16-47af-928c-85dd95eb7985
3a5d0531-e61e-4de5-8321-967ed782e6c6
public|jsonbench|id|f|0|16|-1|||{002827e9-e6dc-4320-9c8b-9d9cb5f65c13,02461d0f-82ec-426c-86eb-f6f55f5d3a52,040a2994-3cdf-4b11-b96a-f6025bf1dc51,0643d2cb-d110-46b8-b8d2-727ec099c495,0937d1e1-0a50-4a0f-a563-a6c4e0bbc08f,0c6ba761-36df-4a6f-a5b7-a69a35911046,0e64941a-728e-4dab-bf42-e6d4147115c5,10dbcd19-6ad6-46e6-9b75-1f92340c14bd,126897ff-d1f0-42fe-8444-4c745cb58864,17003cca-213d-4918-98cb-9e5bfebb238d,1906700e-65de-4d31-9341-1353c2bf4e08,1b054891-930c-4979-b478-bd81853bd43f,1c3abea9-06f9-46b9-bb01-75a16df827d2,1edbf9c1-1d96-41d5-bd0f-b9fe27454050,21253ac1-43eb-4f48-b716-9180bb85226a,22d14bb3-707f-47ea-87e5-449283d8212b,24174dbf-28f8-44b3-a68f-f9543dff205b,26e944fa-6ec8-4186-b0b6-da1fc3331823,292ab300-0eba-48b2-951d-f68177b2bc2b,2ccb0e70-fe96-4960-a68f-75ff3e89b02d,319005b0-8e7b-4e07-982c-3b5733ea2a78,355fe9f0-b9e9-4d4f-9fd3-a1cb8deb54d7,371a22a4-e0b6-43cf-97c1-11eca1f5c224,397a9661-30f9-4779-b649-ad2bce0fcb94,3bb12e66-7ab3-445a-a2c1-4a8458cb644f,3dde9ab0-6655-467f-a445-ef50280a72ac,403a1aae-8729-48a4-809a-77bfba3a1a38,44c5764d-bfa1-4cac-b2ff-ad97b8fad9d8,469260be-06f2-457b-9927-4111b5bb817e,48699508-c1f3-49ec-a94b-344b555942a8,4bb79a25-b638-41fe-b9e5-e245864c8b3e,4e7b6752-90d8-40c0-bd9d-c1c0ea72ff27,50dfebf0-1548-48ee-bddd-6de68c5732da,528936a5-7efa-4190-a4fd-27fe06eff2ee,55766c2e-badc-4b8d-b984-c89c1b31464f,5795ea00-2f28-4d31-9006-0449585c5ea2,5a0b0cad-cc79-4cb1-91b4-bc4aec8d3d82,5c33c06d-2376-4d72-8708-1f12609a9410,5ee3d8c2-f864-4233-b06c-3b232b3c7539,64295863-d66f-4522-a0bc-c7127389c692,661c8017-36a7-4a8a-8cd8-efa5da948a72,69bf9609-3051-4eb0-ada8-20d5a95d19fb,6d745e9b-6b5b-44bc-98a0-cf91d6ed99a7,71c1bbbb-ae99-43ae-8a8c-914c80cb0e19,739ffae9-686b-4456-90f4-d1f5c9dee252,773588d2-c169-4451-a7d4-1a55229fcab5,79eb0fe1-71a8-48ef-9b73-b6ef8b8f906a,7c1e6498-92bb-4632-a66d-52d05217ab35,7f58e42a-b5c1-4eea-920a-5c413b933679,812ef990-d4ee-498e-b176-e2f5ec1250c8,855d1d1c-1117-4e5b-8b46-933247b88970,8782e650-3a6c-483c-bd2a-34c869e76cff,8b23e71d-c1cf-4e80-9e1d-e50fcbb4762d,8cf20685-7c27-454e-b7d0-b165dd45f61b,8f6b0e1c-a97d-4c71-a97a-5a5c27781ae5,927a1b7a-9b45-41ef-aaf7-ab3f3b9e1a95,94bb47c5-dd73-43d1-9b65-976f3068cbe0,9622d417-c916-49ce-9695-e19859796c78,9802501e-3004-439a-b8bf-2f34ea2bc83a,9a781895-a3eb-4ef2-9914-dd679764eb28,9e35389d-f55c-49a5-8b1d-0ceb347d1e11,9f9fefd7-25df-40d9-91a7-0274c6ca3ff7,a24eb6e0-95c7-4e33-8699-a111be8ff124,a5284fa6-af1b-4076-a103-9b1259d76889,a794051c-058c-4c52-ba53-5258e15aba05,aa5f5bed-c747-497f-be1f-c999cc9e2bcd,ac103f36-3164-4742-acf4-4818e09a955d,aecd9759-4434-400e-8898-001fd611d503,b298b02b-5139-4b81-a91c-a9cd64895597,b5f7e3f1-f1df-423a-aa1b-be48ea3acae0,b85df977-9a5d-4ad7-a69e-25f89c396f46,b9c0233e-7edb-44d5-b38b-84b1e428e051,bd5e709d-fa1b-463a-bb2d-ecbffafe2eca,bf5229db-1ac7-43b5-90ed-53cf40df0775,c214aeda-9dce-4c53-a563-3c20e6e931e6,c62b076f-ae12-404a-aa6c-845cfb06c8fa,ca2e03f4-c9e0-43aa-897f-02d8211a5db4,cc9f0943-fba1-4d32-8e30-696f3b09b2d7,cf424c8e-975a-4bdc-8a3b-f9f4f64171a5,d188f389-af42-4bbf-84f7-39178b5a4d8d,d31cc43f-c015-4f22-a703-d6073516f738,d5e80c39-9547-4d92-bd07-a4603f1aa747,d7cf06a4-6cd4-445b-b1cd-2775d107d85f,d9f6fcba-c775-46b8-b820-7c186f3f89f5,dbcf6e67-edfb-4e44-a60d-db0780d8e8fc,dd605523-547d-4fbc-b1b5-977e70866c0e,e0b615de-1af9-42c0-a188-002e396d75ce,e28f9b2e-2421-4b8c-bfae-f7b778d853e6,e42c58ab-1ac7-43e8-8a89-67c937ce7c3f,e76635e8-9d92-4dfa-9833-db3e76bbff0f,e96aadeb-f067-48c4-8936-2c63866a58bb,eb771c7b-edec-4114-b3cc-f8fc61cbedaf,ee0df3a3-88f2-4c10-b7ed-bc7a0d03fce8,ef7a4c76-bb91-4a99-bb4d-6bb583a0074f,f2a5c79e-4a66-4d9a-adb2-3a3898a20403,f4039f0a-3880-4f24-bc37-2622642b4862,f6a0d0f6-90c3-4495-8b48-13177e99340c,f890f89c-8cf3-4ca3-a5ec-ab75f0246dfa,fafca4bc-5e8d-464e-9a25-98ebcf7dbe04,fd1b98f4-46b6-4e33-8d84-52b9fa372b2e,ffd35ee6-856d-4515-8db5-d5156ce01c34}|0.022362387||||||
CONTAINER ID   NAME                   CPU %     MEM USAGE / LIMIT    MEM %     NET I/O           BLOCK I/O     PIDS
8f21ff3a8a30   jsonbench-postgres-1   0.56%     141.1MiB / 9GiB      1.53%     8.56MB / 204kB    0B / 110MB    6
eb0c668b0fff   jsonbench-mongodb-1    0.36%     94.32MiB / 9GiB      1.02%     8.36MB / 232kB    0B / 31.6MB   33
ed27ef5b36b0   jsonbench-grafana-1    0.87%     69.53MiB / 27.2GiB   0.25%     59.3kB / 25.1kB   0B / 344kB    15
491fb051c578   prometheus             0.00%     114.2MiB / 27.2GiB   0.41%     22.1MB / 422kB    0B / 32.8kB   14
1444a0f2328d   cadvisor               2.49%     60.78MiB / 27.2GiB   0.22%     425kB / 22.1MB    0B / 0B       24
[ perf record: Woken up 1 times to write data ]
[ perf record: Captured and wrote 0.000 MB - ]
CONTAINER ID   NAME                   CPU %     MEM USAGE / LIMIT    MEM %     NET I/O           BLOCK I/O     PIDS
8f21ff3a8a30   jsonbench-postgres-1   0.01%     141.2MiB / 9GiB      1.53%     8.56MB / 204kB    0B / 120MB    6
eb0c668b0fff   jsonbench-mongodb-1    0.35%     94.32MiB / 9GiB      1.02%     8.36MB / 232kB    0B / 32.1MB   33
ed27ef5b36b0   jsonbench-grafana-1    1.02%     69.55MiB / 27.2GiB   0.25%     59.3kB / 25.1kB   0B / 344kB    15
491fb051c578   prometheus             0.00%     96.78MiB / 27.2GiB   0.35%     25MB / 477kB      0B / 32.8kB   14
1444a0f2328d   cadvisor               1.93%     54.98MiB / 27.2GiB   0.20%     480kB / 25MB      0B / 0B       24
