CONTAINER ID   NAME                   CPU %     MEM USAGE / LIMIT    MEM %     NET I/O           BLOCK I/O         PIDS
54566cbd83b6   jsonbench-mongodb-1    0.31%     1.798GiB / 9GiB      19.98%    8.17GB / 38.9MB   1.29MB / 23.9GB   33
5b991752b4cf   jsonbench-postgres-1   0.00%     130.1MiB / 9GiB      1.41%     1.99kB / 1.68kB   0B / 68.4MB       6
5c76845f046f   jsonbench-grafana-1    0.78%     75.25MiB / 27.2GiB   0.27%     2.95MB / 15.2MB   0B / 6.81MB       20
3d7ff0ec48c2   cadvisor               2.75%     60.35MiB / 27.2GiB   0.22%     10.5MB / 559MB    0B / 0B           17
12b6eeb6b2d1   prometheus             0.00%     93.06MiB / 27.2GiB   0.33%     560MB / 11.3MB    0B / 91.4MB       13
postgres-init-1  | psql: error: connection to server at "postgres" (172.26.0.5), port 5432 failed: Connection refused
postgres-init-1  | 	Is the server running on that host and accepting TCP/IP connections?
postgres-init-1  | drop table if exists jsonbench;
postgres-init-1  | psql:/dir/init.sql:1: NOTICE:  table "jsonbench" does not exist, skipping
postgres-init-1  | DROP TABLE
postgres-init-1  | create table if not exists jsonbench (
postgres-init-1  |     id uuid primary key,
postgres-init-1  |     data jsonb not null
postgres-init-1  | );
postgres-init-1  | CREATE TABLE
postgres-init-1  | show shared_buffers;
postgres-init-1  |  shared_buffers 
postgres-init-1  | ----------------
postgres-init-1  |  4GB
postgres-init-1  | (1 row)
postgres-init-1  | 
 Container jsonbench-postgres-1  Running
 Container jsonbench-mongodb-1  Running
 Container jsonbench-client-6  Recreate
 Container jsonbench-client-3  Recreate
 Container jsonbench-client-7  Recreate
 Container jsonbench-client-1  Recreate
 Container jsonbench-client-8  Recreate
 Container jsonbench-client-4  Recreate
 Container jsonbench-client-5  Recreate
 Container jsonbench-client-2  Recreate
 Container jsonbench-client-5  Recreated
 Container jsonbench-client-4  Recreated
 Container jsonbench-client-2  Recreated
 Container jsonbench-client-8  Recreated
 Container jsonbench-client-3  Recreated
 Container jsonbench-client-7  Recreated
 Container jsonbench-client-6  Recreated
 Container jsonbench-client-1  Recreated
Attaching to client-1, client-2, client-3, client-4, client-5, client-6, client-7, client-8
client-3  | Current Mongosh Log ID:	67b7fce45485e496a0e1b487
client-3  | Using Mongosh:		2.0.2
client-3  | 
client-3  | For mongosh info see: https://docs.mongodb.com/mongodb-shell/
client-3  | 
client-3  | 
client-3  | To help improve our products, anonymous usage data is collected and sent to MongoDB periodically (https://www.mongodb.com/legal/privacy-policy).
client-3  | You can opt-out by running the disableTelemetry() command.
client-3  | 
client-3  | Loading file: /dir/lib.js
client-4  | Current Mongosh Log ID:	67b7fce5cd3d10527cdbe7ca
client-4  | Using Mongosh:		2.0.2
client-4  | 
client-4  | For mongosh info see: https://docs.mongodb.com/mongodb-shell/
client-4  | 
client-4  | 
client-4  | To help improve our products, anonymous usage data is collected and sent to MongoDB periodically (https://www.mongodb.com/legal/privacy-policy).
client-4  | You can opt-out by running the disableTelemetry() command.
client-4  | 
client-4  | Loading file: /dir/lib.js
client-8  | Current Mongosh Log ID:	67b7fce6495365a1a81a0aa9
client-3  | 📚 lib.js loaded
client-3  | [2025-02-21T04:11:18.477Z] 🚀 Starting data insertion into postgres://postgres:xxx@postgres:5432/postgres for 10000 documents of 1000 bytes * 100 fields
client-8  | Using Mongosh:		2.0.2
client-8  | 
client-8  | For mongosh info see: https://docs.mongodb.com/mongodb-shell/
client-8  | 
client-8  | 
client-8  | To help improve our products, anonymous usage data is collected and sent to MongoDB periodically (https://www.mongodb.com/legal/privacy-policy).
client-8  | You can opt-out by running the disableTelemetry() command.
client-8  | 
client-8  | Loading file: /dir/lib.js
client-5  | Current Mongosh Log ID:	67b7fce613083441cfbdb295
client-4  | 📚 lib.js loaded
client-4  | [2025-02-21T04:11:19.178Z] 🚀 Starting data insertion into postgres://postgres:xxx@postgres:5432/postgres for 10000 documents of 1000 bytes * 100 fields
client-5  | Using Mongosh:		2.0.2
client-5  | 
client-5  | For mongosh info see: https://docs.mongodb.com/mongodb-shell/
client-5  | 
client-5  | 
client-5  | To help improve our products, anonymous usage data is collected and sent to MongoDB periodically (https://www.mongodb.com/legal/privacy-policy).
client-5  | You can opt-out by running the disableTelemetry() command.
client-5  | 
client-5  | Loading file: /dir/lib.js
client-2  | Current Mongosh Log ID:	67b7fce7b5886cf88db7e2e1
client-8  | 📚 lib.js loaded
client-8  | [2025-02-21T04:11:20.255Z] 🚀 Starting data insertion into postgres://postgres:xxx@postgres:5432/postgres for 10000 documents of 1000 bytes * 100 fields
client-2  | Using Mongosh:		2.0.2
client-2  | 
client-2  | For mongosh info see: https://docs.mongodb.com/mongodb-shell/
client-2  | 
client-2  | 
client-2  | To help improve our products, anonymous usage data is collected and sent to MongoDB periodically (https://www.mongodb.com/legal/privacy-policy).
client-2  | You can opt-out by running the disableTelemetry() command.
client-2  | 
client-2  | Loading file: /dir/lib.js
client-6  | Current Mongosh Log ID:	67b7fce8186b9438991ac5ca
client-5  | 📚 lib.js loaded
client-5  | [2025-02-21T04:11:20.978Z] 🚀 Starting data insertion into postgres://postgres:xxx@postgres:5432/postgres for 10000 documents of 1000 bytes * 100 fields
client-6  | Using Mongosh:		2.0.2
client-6  | 
client-6  | For mongosh info see: https://docs.mongodb.com/mongodb-shell/
client-6  | 
client-6  | 
client-6  | To help improve our products, anonymous usage data is collected and sent to MongoDB periodically (https://www.mongodb.com/legal/privacy-policy).
client-6  | You can opt-out by running the disableTelemetry() command.
client-6  | 
client-6  | Loading file: /dir/lib.js
client-1  | Current Mongosh Log ID:	67b7fce923fbe04078050ca4
client-7  | Current Mongosh Log ID:	67b7fce9330325e4f29ce5e7
client-1  | Using Mongosh:		2.0.2
client-1  | 
client-1  | For mongosh info see: https://docs.mongodb.com/mongodb-shell/
client-1  | 
client-1  | 
client-1  | To help improve our products, anonymous usage data is collected and sent to MongoDB periodically (https://www.mongodb.com/legal/privacy-policy).
client-1  | You can opt-out by running the disableTelemetry() command.
client-1  | 
client-1  | Loading file: /dir/lib.js
client-2  | 📚 lib.js loaded
client-2  | [2025-02-21T04:11:21.763Z] 🚀 Starting data insertion into postgres://postgres:xxx@postgres:5432/postgres for 10000 documents of 1000 bytes * 100 fields
client-7  | Using Mongosh:		2.0.2
client-7  | 
client-7  | For mongosh info see: https://docs.mongodb.com/mongodb-shell/
client-7  | 
client-7  | 
client-7  | To help improve our products, anonymous usage data is collected and sent to MongoDB periodically (https://www.mongodb.com/legal/privacy-policy).
client-7  | You can opt-out by running the disableTelemetry() command.
client-7  | 
client-7  | Loading file: /dir/lib.js
client-6  | 📚 lib.js loaded
client-6  | [2025-02-21T04:11:22.359Z] 🚀 Starting data insertion into postgres://postgres:xxx@postgres:5432/postgres for 10000 documents of 1000 bytes * 100 fields
client-1  | 📚 lib.js loaded
client-1  | [2025-02-21T04:11:22.923Z] 🚀 Starting data insertion into postgres://postgres:xxx@postgres:5432/postgres for 10000 documents of 1000 bytes * 100 fields
client-7  | 📚 lib.js loaded
client-7  | [2025-02-21T04:11:23.360Z] 🚀 Starting data insertion into postgres://postgres:xxx@postgres:5432/postgres for 10000 documents of 1000 bytes * 100 fields
[ perf record: Woken up 1 times to write data ]
[ perf record: Captured and wrote 0.000 MB - ]
CONTAINER ID   NAME                   CPU %     MEM USAGE / LIMIT    MEM %     NET I/O           BLOCK I/O         PIDS
0596e918ba18   jsonbench-client-3     93.79%    153.4MiB / 27.2GiB   0.55%     250kB / 55.9MB    0B / 8.19kB       11
10bfd4b407de   jsonbench-client-4     92.19%    171.2MiB / 27.2GiB   0.61%     244kB / 55.3MB    0B / 8.19kB       11
5e96b0e48b24   jsonbench-client-8     96.76%    124.6MiB / 27.2GiB   0.45%     242kB / 54.8MB    0B / 8.19kB       11
8b9a67a9fb88   jsonbench-client-5     91.69%    177.8MiB / 27.2GiB   0.64%     237kB / 54.1MB    0B / 8.19kB       11
7fa58998eada   jsonbench-client-2     86.53%    225.2MiB / 27.2GiB   0.81%     246kB / 55.5MB    0B / 8.19kB       11
8f95467748f6   jsonbench-client-6     88.54%    173.4MiB / 27.2GiB   0.62%     248kB / 55.5MB    0B / 8.19kB       11
6d8213893945   jsonbench-client-1     95.69%    192.2MiB / 27.2GiB   0.69%     245kB / 54.9MB    0B / 8.19kB       11
ce917a6f68c2   jsonbench-client-7     95.44%    202.2MiB / 27.2GiB   0.73%     242kB / 54.5MB    0B / 8.19kB       11
54566cbd83b6   jsonbench-mongodb-1    0.63%     1.798GiB / 9GiB      19.98%    8.17GB / 38.9MB   1.29MB / 23.9GB   33
5b991752b4cf   jsonbench-postgres-1   7.67%     594MiB / 9GiB        6.44%     441MB / 1.95MB    0B / 1.6GB        14
5c76845f046f   jsonbench-grafana-1    1.17%     74.71MiB / 27.2GiB   0.27%     2.95MB / 15.2MB   0B / 6.81MB       20
3d7ff0ec48c2   cadvisor               31.16%    61.37MiB / 27.2GiB   0.22%     10.6MB / 563MB    0B / 0B           17
12b6eeb6b2d1   prometheus             0.00%     108.4MiB / 27.2GiB   0.39%     564MB / 11.4MB    0B / 91.4MB       13
client-6  | [8f95467748f6] PostgreSQL (10%) - Throughput: 1.55 docs/sec
client-2  | [7fa58998eada] PostgreSQL (10%) - Throughput: 1.55 docs/sec
client-4  | [10bfd4b407de] PostgreSQL (10%) - Throughput: 1.53 docs/sec
client-1  | [6d8213893945] PostgreSQL (10%) - Throughput: 1.54 docs/sec
client-3  | [0596e918ba18] PostgreSQL (10%) - Throughput: 1.53 docs/sec
client-7  | [ce917a6f68c2] PostgreSQL (10%) - Throughput: 1.53 docs/sec
client-8  | [5e96b0e48b24] PostgreSQL (10%) - Throughput: 1.52 docs/sec
client-5  | [8b9a67a9fb88] PostgreSQL (10%) - Throughput: 1.50 docs/sec
client-2  | [7fa58998eada] PostgreSQL (20%) - Throughput: 1.56 docs/sec
client-6  | [8f95467748f6] PostgreSQL (20%) - Throughput: 1.56 docs/sec
client-1  | [6d8213893945] PostgreSQL (20%) - Throughput: 1.54 docs/sec
client-7  | [ce917a6f68c2] PostgreSQL (20%) - Throughput: 1.54 docs/sec
client-4  | [10bfd4b407de] PostgreSQL (20%) - Throughput: 1.52 docs/sec
client-8  | [5e96b0e48b24] PostgreSQL (20%) - Throughput: 1.52 docs/sec
client-3  | [0596e918ba18] PostgreSQL (20%) - Throughput: 1.51 docs/sec
client-5  | [8b9a67a9fb88] PostgreSQL (20%) - Throughput: 1.50 docs/sec
client-2  | [7fa58998eada] PostgreSQL (30%) - Throughput: 1.56 docs/sec
client-6  | [8f95467748f6] PostgreSQL (30%) - Throughput: 1.56 docs/sec
client-7  | [ce917a6f68c2] PostgreSQL (30%) - Throughput: 1.54 docs/sec
client-1  | [6d8213893945] PostgreSQL (30%) - Throughput: 1.53 docs/sec
client-4  | [10bfd4b407de] PostgreSQL (30%) - Throughput: 1.52 docs/sec
client-8  | [5e96b0e48b24] PostgreSQL (30%) - Throughput: 1.51 docs/sec
client-3  | [0596e918ba18] PostgreSQL (30%) - Throughput: 1.51 docs/sec
client-5  | [8b9a67a9fb88] PostgreSQL (30%) - Throughput: 1.50 docs/sec
client-2  | [7fa58998eada] PostgreSQL (40%) - Throughput: 1.57 docs/sec
client-6  | [8f95467748f6] PostgreSQL (40%) - Throughput: 1.56 docs/sec
client-1  | [6d8213893945] PostgreSQL (40%) - Throughput: 1.53 docs/sec
client-7  | [ce917a6f68c2] PostgreSQL (40%) - Throughput: 1.53 docs/sec
client-4  | [10bfd4b407de] PostgreSQL (40%) - Throughput: 1.52 docs/sec
client-8  | [5e96b0e48b24] PostgreSQL (40%) - Throughput: 1.52 docs/sec
client-3  | [0596e918ba18] PostgreSQL (40%) - Throughput: 1.50 docs/sec
client-5  | [8b9a67a9fb88] PostgreSQL (40%) - Throughput: 1.50 docs/sec
client-2  | [7fa58998eada] PostgreSQL (50%) - Throughput: 1.57 docs/sec
client-6  | [8f95467748f6] PostgreSQL (50%) - Throughput: 1.56 docs/sec
client-1  | [6d8213893945] PostgreSQL (50%) - Throughput: 1.53 docs/sec
client-7  | [ce917a6f68c2] PostgreSQL (50%) - Throughput: 1.53 docs/sec
client-4  | [10bfd4b407de] PostgreSQL (50%) - Throughput: 1.52 docs/sec
client-8  | [5e96b0e48b24] PostgreSQL (50%) - Throughput: 1.51 docs/sec
client-5  | [8b9a67a9fb88] PostgreSQL (50%) - Throughput: 1.51 docs/sec
client-3  | [0596e918ba18] PostgreSQL (50%) - Throughput: 1.50 docs/sec
client-2  | [7fa58998eada] PostgreSQL (60%) - Throughput: 1.57 docs/sec
client-6  | [8f95467748f6] PostgreSQL (60%) - Throughput: 1.56 docs/sec
client-1  | [6d8213893945] PostgreSQL (60%) - Throughput: 1.53 docs/sec
client-7  | [ce917a6f68c2] PostgreSQL (60%) - Throughput: 1.53 docs/sec
client-4  | [10bfd4b407de] PostgreSQL (60%) - Throughput: 1.52 docs/sec
client-8  | [5e96b0e48b24] PostgreSQL (60%) - Throughput: 1.52 docs/sec
client-5  | [8b9a67a9fb88] PostgreSQL (60%) - Throughput: 1.50 docs/sec
client-3  | [0596e918ba18] PostgreSQL (60%) - Throughput: 1.50 docs/sec
client-2  | [7fa58998eada] PostgreSQL (70%) - Throughput: 1.57 docs/sec
client-6  | [8f95467748f6] PostgreSQL (70%) - Throughput: 1.56 docs/sec
client-1  | [6d8213893945] PostgreSQL (70%) - Throughput: 1.53 docs/sec
client-7  | [ce917a6f68c2] PostgreSQL (70%) - Throughput: 1.52 docs/sec
client-4  | [10bfd4b407de] PostgreSQL (70%) - Throughput: 1.52 docs/sec
client-8  | [5e96b0e48b24] PostgreSQL (70%) - Throughput: 1.51 docs/sec
client-5  | [8b9a67a9fb88] PostgreSQL (70%) - Throughput: 1.50 docs/sec
client-3  | [0596e918ba18] PostgreSQL (70%) - Throughput: 1.50 docs/sec
client-2  | [7fa58998eada] PostgreSQL (80%) - Throughput: 1.57 docs/sec
client-6  | [8f95467748f6] PostgreSQL (80%) - Throughput: 1.56 docs/sec
client-1  | [6d8213893945] PostgreSQL (80%) - Throughput: 1.52 docs/sec
client-4  | [10bfd4b407de] PostgreSQL (80%) - Throughput: 1.52 docs/sec
client-7  | [ce917a6f68c2] PostgreSQL (80%) - Throughput: 1.52 docs/sec
client-8  | [5e96b0e48b24] PostgreSQL (80%) - Throughput: 1.51 docs/sec
client-5  | [8b9a67a9fb88] PostgreSQL (80%) - Throughput: 1.50 docs/sec
client-3  | [0596e918ba18] PostgreSQL (80%) - Throughput: 1.50 docs/sec
client-2  | [7fa58998eada] PostgreSQL (90%) - Throughput: 1.56 docs/sec
client-6  | [8f95467748f6] PostgreSQL (90%) - Throughput: 1.56 docs/sec
client-4  | [10bfd4b407de] PostgreSQL (90%) - Throughput: 1.52 docs/sec
client-1  | [6d8213893945] PostgreSQL (90%) - Throughput: 1.52 docs/sec
client-7  | [ce917a6f68c2] PostgreSQL (90%) - Throughput: 1.52 docs/sec
client-8  | [5e96b0e48b24] PostgreSQL (90%) - Throughput: 1.51 docs/sec
client-5  | [8b9a67a9fb88] PostgreSQL (90%) - Throughput: 1.50 docs/sec
client-3  | [0596e918ba18] PostgreSQL (90%) - Throughput: 1.50 docs/sec
client-2  | [7fa58998eada] PostgreSQL (100%) - Throughput: 1.56 docs/sec
client-2  | ✅ Inserted 10000 records into PostgreSQL
client-2  | ✅ PostgreSQL Connection closed
client-2  | [2025-02-21T05:58:16.738Z] 🏁 Data insertion completed in 6414.98 seconds
[Kclient-2 exited with code 0
client-6  | [8f95467748f6] PostgreSQL (100%) - Throughput: 1.55 docs/sec
client-6  | ✅ Inserted 10000 records into PostgreSQL
client-6  | ✅ PostgreSQL Connection closed
client-6  | [2025-02-21T05:58:50.288Z] 🏁 Data insertion completed in 6447.93 seconds
[Kclient-6 exited with code 0
client-4  | [10bfd4b407de] PostgreSQL (100%) - Throughput: 1.53 docs/sec
client-4  | ✅ Inserted 10000 records into PostgreSQL
client-4  | ✅ PostgreSQL Connection closed
client-4  | [2025-02-21T06:00:20.204Z] 🏁 Data insertion completed in 6541.03 seconds
[Kclient-4 exited with code 0
client-7  | [ce917a6f68c2] PostgreSQL (100%) - Throughput: 1.53 docs/sec
client-7  | ✅ Inserted 10000 records into PostgreSQL
client-7  | ✅ PostgreSQL Connection closed
client-7  | [2025-02-21T06:00:40.862Z] 🏁 Data insertion completed in 6557.50 seconds
[Kclient-7 exited with code 0
client-1  | [6d8213893945] PostgreSQL (100%) - Throughput: 1.52 docs/sec
client-1  | ✅ Inserted 10000 records into PostgreSQL
client-1  | ✅ PostgreSQL Connection closed
client-1  | [2025-02-21T06:00:53.220Z] 🏁 Data insertion completed in 6570.30 seconds
[Kclient-1 exited with code 0
client-8  | [5e96b0e48b24] PostgreSQL (100%) - Throughput: 1.52 docs/sec
client-8  | ✅ Inserted 10000 records into PostgreSQL
client-8  | ✅ PostgreSQL Connection closed
client-8  | [2025-02-21T06:01:00.014Z] 🏁 Data insertion completed in 6579.76 seconds
[Kclient-8 exited with code 0
client-5  | [8b9a67a9fb88] PostgreSQL (100%) - Throughput: 1.52 docs/sec
client-5  | ✅ Inserted 10000 records into PostgreSQL
client-5  | ✅ PostgreSQL Connection closed
client-5  | [2025-02-21T06:01:25.642Z] 🏁 Data insertion completed in 6604.66 seconds
[Kclient-5 exited with code 0
client-3  | [0596e918ba18] PostgreSQL (100%) - Throughput: 1.51 docs/sec
client-3  | ✅ Inserted 10000 records into PostgreSQL
client-3  | ✅ PostgreSQL Connection closed
client-3  | [2025-02-21T06:01:30.279Z] 🏁 Data insertion completed in 6611.80 seconds
[Kclient-3 exited with code 0

 Performance counter stats for 'system wide':

   836,935,597,288      instructions:u            docker/5b991752b4cf50f5d77ed322de4bb60588d916e10d7b156cb5ef060cc17dde89                                   

    6615.889692078 seconds time elapsed

VACUUM
PostgreSQL count: 80000 size: 8066 MB index: 3080 kB
814376f8-14bd-466a-b847-81113eb75915
17dc4c46-a5f4-454a-b6e2-2dceb039891d
04971237-3ad9-4b03-a385-a5f3d6690bb8
c4511e26-2c0c-4c84-9a8f-4fd0167ac07c
31a3be99-e375-4a1e-a930-6318cd147387
070e21dd-69c0-4134-9286-66544e69ce02
e6ebc39b-ed59-4367-a61d-546b04690416
a41ce2d7-16fb-44bf-8d93-e6e3aa0e2d1e
39428c71-09aa-4503-a7f2-f83e8d2d281c
ff61538b-9d88-4686-8d33-b2c073c71c0f
public|jsonbench|id|f|0|16|-1|||{0000f5e8-c288-4f94-8e22-c61b472054f4,0277beeb-e630-4ce6-bb4b-ab622c46e821,05091802-f7d8-4db9-98f6-abb80d3c57c1,07670296-d2a3-4755-8630-3e958b334882,09fcf8f6-1ced-4b22-9f5f-7ac9cf6d1ce5,0c810ba4-8a2b-410c-a054-700f8fe34334,0ee0ab92-b906-43e3-bf10-b4d02f4b70fd,11b51ab2-a692-4ac8-ab33-67350aff7d0a,1454da09-7dd9-4fd5-bc53-55ab00469bbc,16de07e6-c6fd-48ec-8cec-a282e8991b57,198abcac-27d9-4790-94fb-ba2873199e68,1c49316c-2c44-4e6a-83e9-55882dbef44b,1ec83bd2-54aa-4997-a13d-8b0fd5fdcf82,218654fb-0a71-457d-844f-96b2304c17ab,243a59b3-411b-45fb-acde-ad3caf118c0c,26cd5e35-eb23-4776-a2e2-ceb666e63f1f,294f451d-7eb3-41ae-8c36-820fdf56cc78,2bd6677f-0ce1-4a2d-b2ae-060a95d7df64,2e691b6c-2aa8-4033-8e54-7c7c584b2a13,30ef2fb0-494a-44aa-bf86-3a63e54c8919,33b88fa2-0f8c-466d-bcae-f9fabcb1ebf3,365b6725-aeb1-4ab2-b605-8ef4a6b38a46,38cd4fe8-c109-4b9f-af13-b8facbee095d,3b4a85ae-2795-45f0-8410-5ac63e493cf7,3dda1f4c-7145-44b7-996d-0ae159884a58,4064fb0e-bf44-4794-89de-2c15c7ff65c2,42fd92f1-12cf-4bd0-ac38-ac44156234e4,45c08eed-a2df-4f83-a424-b3ae870af2a8,4885969b-76bd-4678-a9e6-fa1373a1568a,4b1c6581-69ae-4b04-b347-92ecbc28d5a1,4df110ae-1ea5-4426-a4cd-b0da1a65739a,508e55be-cbe6-403f-b4b6-aab510c2820a,532e8f26-998a-4bf6-b13d-79f5e5009f75,55b50326-f7f6-4a8b-971a-39ebedf00ab2,58564f96-f5eb-40bf-a403-7d0c2d89d3dd,5afb0088-7443-4abe-a09b-c5e0df88702e,5db5d195-5316-4982-b5cc-f5a7b489f37a,603d476d-df5b-4446-a2f4-7b88a4449380,62b1f0c6-5ef8-4bbc-9f8f-842073c466be,65171a07-3b95-47bd-b1fb-3e2d99f0170a,67c18587-2653-44e1-a595-9f8f0148f9b6,6a5cd9b2-1c87-4d16-b916-1aa3b3f1d1cc,6cc0d599-9e19-4a57-99b3-beb495d333ae,6f4ab238-364b-494f-b047-9ae9d935f509,71ff60d3-8eaf-4a92-807d-a937ac169d24,74817eb5-005d-4b95-a781-a4abb401bf3b,770ebf79-d54c-4238-b0be-d138f719e973,794419ea-2088-4b2b-9af8-ce1bb1f37340,7bc160b7-92f6-45a5-97eb-a77201971d09,7e601a6f-8fed-4a3d-8f1a-16d385201433,81052e68-8d5d-4819-8df8-8dede3f39974,838fcfba-5f82-429d-8435-63a9ba30824d,862bfc29-37d9-4b4a-b91b-967a4da6fd28,88b0333c-d8b8-4858-add4-58247dc14706,8b01c873-4a43-4872-aa1a-5c73b9cab87a,8d97365f-d13e-4078-9af4-1b5a57bab609,906fc45d-8baa-4fdd-8862-decdbaf1ffae,9319eb48-edf7-4fcd-b494-7e830fb25efa,958af75a-6903-410c-b6f0-514c61bf8860,98535798-cc12-4d32-b633-a3413cbb9611,9aadb8a1-5c66-44e2-bd13-6197bf8d3f3d,9cff70be-bb44-4f5d-8a7a-be3c832079b9,9f914460-4762-4e67-a460-dbdedb2eb524,a2327214-c698-45f4-9dfe-21ed7508573c,a4c8091b-7444-4f9d-ab6f-450bbfc5ace7,a709b295-6000-41de-9755-3c2c5c3165c2,a994c5b8-80fc-4a96-95e8-d4def0570194,ac4dd917-1b61-4c12-acb0-8f54b45b124f,aeb1c978-59b8-45ca-9a39-64a81789beb4,b173ad2d-6653-4128-bc12-b9e996b481b1,b430ddc4-194b-4e1d-9698-2dda372f9cd0,b6dcaf48-16ce-4a85-a372-2af829b0ba40,b9761cc2-bd02-4058-b587-519546eb25ff,bbfd2b18-9f64-4c95-99f7-e5424a7a9a90,bea2049b-5a17-47ba-9008-9aa91741fcc7,c11c40e6-7f34-418c-b51b-9cd89909ee6f,c3a0af6a-1949-434a-8354-7d381c870998,c67acc05-b8ea-48eb-ba31-27819ee971cd,c90b3257-19ed-4849-a264-d993101bd5a5,cb60d9c0-c301-45d7-9443-f01de0b3e52b,cdcb46f0-32bd-4017-bc95-a6258c9cb451,d028c1eb-4423-4be4-b2cf-7b713476af2f,d2d44c01-9109-41f6-adfa-58e24527e4dd,d56d479b-e0eb-4985-b2e1-646326c9d6df,d7d6894b-b302-447c-81bb-9c726a0a6207,da630a6e-0b2d-4ffd-8b4e-c2cad3bde885,dcf08007-94f7-4f06-b286-4d25b90c2d54,df4fcbf2-3d9d-4c6a-9ad5-a299b42c1b15,e1b9478e-cb1a-488c-b086-0b3f8979c2ee,e42424bb-ee9d-4076-b9ff-4a6879502cf7,e69be698-bf03-40c1-9b43-0040d37bea93,e93aa597-0a93-46fc-9844-45f58517b4e2,eb9dc1fc-ac56-4530-99d3-714c23580144,ee522a69-5847-459a-8b8d-3ce1879e52c3,f0dcaeba-db50-4fce-9cbd-d6cc35676d63,f32be902-de85-4576-933b-49c247b334c8,f5761399-730b-483b-8a2c-dc1d40b80680,f7fed1d4-442a-4065-85c1-89340c4ec6ec,fabccc54-7395-4d8c-9336-57411f4cd9f2,fd6da39e-a07b-4d89-acea-7ac94a3b00b8,fff50d89-afd9-4760-a1e6-7d94ee47e940}|-3.7167472e-05||||||
CONTAINER ID   NAME                   CPU %     MEM USAGE / LIMIT    MEM %     NET I/O           BLOCK I/O         PIDS
54566cbd83b6   jsonbench-mongodb-1    0.37%     1.794GiB / 9GiB      19.93%    8.17GB / 38.9MB   1.29MB / 23.9GB   33
5b991752b4cf   jsonbench-postgres-1   0.06%     4.167GiB / 9GiB      46.30%    8.18GB / 35.2MB   1.79MB / 37.5GB   6
5c76845f046f   jsonbench-grafana-1    0.88%     74.86MiB / 27.2GiB   0.27%     3.02MB / 15.3MB   0B / 7.25MB       20
3d7ff0ec48c2   cadvisor               2.90%     60.27MiB / 27.2GiB   0.22%     11.9MB / 635MB    0B / 0B           17
12b6eeb6b2d1   prometheus             0.04%     115.9MiB / 27.2GiB   0.42%     636MB / 12.8MB    0B / 121MB        14
