CONTAINER ID   NAME                   CPU %     MEM USAGE / LIMIT    MEM %     NET I/O           BLOCK I/O        PIDS
6d90c9e65563   jsonbench-grafana-1    0.87%     70.74MiB / 27.2GiB   0.25%     270kB / 140kB     721kB / 2.25MB   18
b716ea8d8b75   jsonbench-mongodb-1    0.35%     195.6MiB / 9GiB      2.12%     5.43kB / 7.77kB   0B / 1.26MB      33
c18f180539c3   jsonbench-postgres-1   0.00%     117.8MiB / 9GiB      1.28%     1.28kB / 1.61kB   0B / 332kB       6
6cd2a634ef9b   prometheus             0.00%     87.34MiB / 27.2GiB   0.31%     247MB / 4.57MB    803kB / 39.1MB   13
9a52da6a4ba0   cadvisor               2.86%     54.2MiB / 27.2GiB    0.19%     4.57MB / 247MB    0B / 0B          16
mongodb-init-1  | Current Mongosh Log ID:	67bea14a57c9490f27e0ba73
mongodb-init-1  | Connecting to:		mongodb://mongodb:27017/?directConnection=true&appName=mongosh+2.0.2
mongodb-init-1  | Using MongoDB:		7.0.16
mongodb-init-1  | Using Mongosh:		2.0.2
mongodb-init-1  | 
mongodb-init-1  | For mongosh info see: https://docs.mongodb.com/mongodb-shell/
mongodb-init-1  | 
mongodb-init-1  | 
mongodb-init-1  | To help improve our products, anonymous usage data is collected and sent to MongoDB periodically (https://www.mongodb.com/legal/privacy-policy).
mongodb-init-1  | You can opt-out by running the disableTelemetry() command.
mongodb-init-1  | 
mongodb-init-1  | ------
mongodb-init-1  |    The server generated these startup warnings when booting
mongodb-init-1  |    2025-02-26T05:06:17.895+00:00: Access control is not enabled for the database. Read and write access to data and configuration is unrestricted
mongodb-init-1  |    2025-02-26T05:06:17.895+00:00: vm.max_map_count is too low
mongodb-init-1  | ------
mongodb-init-1  | 
mongodb-init-1  | Loading file: /dir/init.js
time="2025-02-26T05:16:20Z" level=warning msg="The \"BENCH_OPERATION\" variable is not set. Defaulting to a blank string."
 Container jsonbench-mongodb-1  Running
 Container jsonbench-postgres-1  Running
 Container jsonbench-client-8  Creating
 Container jsonbench-client-1  Creating
 Container jsonbench-client-5  Creating
 Container jsonbench-client-3  Creating
 Container jsonbench-client-2  Creating
 Container jsonbench-client-4  Creating
 Container jsonbench-client-7  Creating
 Container jsonbench-client-6  Creating
 Container jsonbench-client-4  Created
 Container jsonbench-client-7  Created
 Container jsonbench-client-1  Created
 Container jsonbench-client-5  Created
 Container jsonbench-client-6  Created
 Container jsonbench-client-2  Created
 Container jsonbench-client-3  Created
 Container jsonbench-client-8  Created
Attaching to client-1, client-2, client-3, client-4, client-5, client-6, client-7, client-8
client-4  | Current Mongosh Log ID:	67bea3a5764f566258b236d0
client-4  | Using Mongosh:		2.0.2
client-4  | 
client-4  | For mongosh info see: https://docs.mongodb.com/mongodb-shell/
client-4  | 
client-4  | 
client-4  | To help improve our products, anonymous usage data is collected and sent to MongoDB periodically (https://www.mongodb.com/legal/privacy-policy).
client-4  | You can opt-out by running the disableTelemetry() command.
client-4  | 
client-4  | Loading file: /dir/lib.js
client-6  | Current Mongosh Log ID:	67bea3a6e31744cea3d75df7
client-6  | Using Mongosh:		2.0.2
client-6  | 
client-6  | For mongosh info see: https://docs.mongodb.com/mongodb-shell/
client-6  | 
client-6  | 
client-6  | To help improve our products, anonymous usage data is collected and sent to MongoDB periodically (https://www.mongodb.com/legal/privacy-policy).
client-6  | You can opt-out by running the disableTelemetry() command.
client-6  | 
client-6  | Loading file: /dir/lib.js
client-2  | Current Mongosh Log ID:	67bea3a7c437d3a81047fe11
client-4  | Environment Variables:
client-4  | BENCH_DOCS: 1000000
client-4  | DB_URI: mongodb://mongodb:27017
client-4  | [2025-02-26T05:16:23.889Z] 🚀 Starting update from mongodb://mongodb:27017 for 1000000 calls
client-4  | [5f9f10a6f53d] MongoDB (  0%) - update throughput:     23 docs/sec - 1 documents
client-2  | Using Mongosh:		2.0.2
client-2  | 
client-2  | For mongosh info see: https://docs.mongodb.com/mongodb-shell/
client-2  | 
client-2  | 
client-2  | To help improve our products, anonymous usage data is collected and sent to MongoDB periodically (https://www.mongodb.com/legal/privacy-policy).
client-2  | You can opt-out by running the disableTelemetry() command.
client-2  | 
client-2  | Loading file: /dir/lib.js
client-3  | Current Mongosh Log ID:	67bea3a87577663497d728a1
client-6  | Environment Variables:
client-6  | BENCH_DOCS: 1000000
client-6  | DB_URI: mongodb://mongodb:27017
client-6  | [2025-02-26T05:16:24.897Z] 🚀 Starting update from mongodb://mongodb:27017 for 1000000 calls
client-3  | Using Mongosh:		2.0.2
client-3  | 
client-3  | For mongosh info see: https://docs.mongodb.com/mongodb-shell/
client-3  | 
client-3  | 
client-3  | To help improve our products, anonymous usage data is collected and sent to MongoDB periodically (https://www.mongodb.com/legal/privacy-policy).
client-3  | You can opt-out by running the disableTelemetry() command.
client-3  | 
client-3  | Loading file: /dir/lib.js
client-6  | [6a6ba71d2138] MongoDB (  0%) - update throughput:     30 docs/sec - 1 documents
client-5  | Current Mongosh Log ID:	67bea3a9415df23ce8f89c47
client-5  | Using Mongosh:		2.0.2
client-5  | 
client-5  | For mongosh info see: https://docs.mongodb.com/mongodb-shell/
client-5  | 
client-5  | 
client-5  | To help improve our products, anonymous usage data is collected and sent to MongoDB periodically (https://www.mongodb.com/legal/privacy-policy).
client-5  | You can opt-out by running the disableTelemetry() command.
client-5  | 
client-5  | Loading file: /dir/lib.js
client-7  | Current Mongosh Log ID:	67bea3a90e287874ca508717
client-2  | Environment Variables:
client-2  | BENCH_DOCS: 1000000
client-2  | DB_URI: mongodb://mongodb:27017
client-2  | [2025-02-26T05:16:26.129Z] 🚀 Starting update from mongodb://mongodb:27017 for 1000000 calls
client-2  | [985af4f56965] MongoDB (  0%) - update throughput:     24 docs/sec - 1 documents
client-7  | Using Mongosh:		2.0.2
client-7  | 
client-7  | For mongosh info see: https://docs.mongodb.com/mongodb-shell/
client-7  | 
client-7  | 
client-7  | To help improve our products, anonymous usage data is collected and sent to MongoDB periodically (https://www.mongodb.com/legal/privacy-policy).
client-7  | You can opt-out by running the disableTelemetry() command.
client-7  | 
client-7  | Loading file: /dir/lib.js
client-8  | Current Mongosh Log ID:	67bea3aa248ba5178e095fda
client-3  | Environment Variables:
client-3  | BENCH_DOCS: 1000000
client-3  | DB_URI: mongodb://mongodb:27017
client-3  | [2025-02-26T05:16:27.469Z] 🚀 Starting update from mongodb://mongodb:27017 for 1000000 calls
client-3  | [4871c83b5dc0] MongoDB (  0%) - update throughput:     23 docs/sec - 1 documents
client-8  | Using Mongosh:		2.0.2
client-8  | 
client-8  | For mongosh info see: https://docs.mongodb.com/mongodb-shell/
client-8  | 
client-8  | 
client-8  | To help improve our products, anonymous usage data is collected and sent to MongoDB periodically (https://www.mongodb.com/legal/privacy-policy).
client-8  | You can opt-out by running the disableTelemetry() command.
client-8  | 
client-8  | Loading file: /dir/lib.js
client-1  | Current Mongosh Log ID:	67bea3acca4b36d1cc340e9b
client-5  | Environment Variables:
client-5  | BENCH_DOCS: 1000000
client-5  | DB_URI: mongodb://mongodb:27017
client-5  | [2025-02-26T05:16:28.438Z] 🚀 Starting update from mongodb://mongodb:27017 for 1000000 calls
client-5  | [c02c50227f6c] MongoDB (  0%) - update throughput:     24 docs/sec - 1 documents
client-1  | Using Mongosh:		2.0.2
client-1  | 
client-1  | For mongosh info see: https://docs.mongodb.com/mongodb-shell/
client-1  | 
client-1  | 
client-1  | To help improve our products, anonymous usage data is collected and sent to MongoDB periodically (https://www.mongodb.com/legal/privacy-policy).
client-1  | You can opt-out by running the disableTelemetry() command.
client-1  | 
client-1  | Loading file: /dir/lib.js
client-7  | Environment Variables:
client-7  | BENCH_DOCS: 1000000
client-7  | DB_URI: mongodb://mongodb:27017
client-7  | [2025-02-26T05:16:29.312Z] 🚀 Starting update from mongodb://mongodb:27017 for 1000000 calls
client-7  | [1e7f772f7325] MongoDB (  0%) - update throughput:     17 docs/sec - 1 documents
client-8  | Environment Variables:
client-8  | BENCH_DOCS: 1000000
client-8  | DB_URI: mongodb://mongodb:27017
client-8  | [2025-02-26T05:16:30.272Z] 🚀 Starting update from mongodb://mongodb:27017 for 1000000 calls
client-8  | [68f36a541ac3] MongoDB (  0%) - update throughput:     22 docs/sec - 1 documents
client-1  | Environment Variables:
client-1  | BENCH_DOCS: 1000000
client-1  | DB_URI: mongodb://mongodb:27017
client-1  | [2025-02-26T05:16:31.544Z] 🚀 Starting update from mongodb://mongodb:27017 for 1000000 calls
client-1  | [71a5a046762d] MongoDB (  0%) - update throughput:     24 docs/sec - 1 documents
[ perf record: Woken up 25 times to write data ]
[ perf record: Captured and wrote 0.000 MB - ]
CONTAINER ID   NAME                   CPU %     MEM USAGE / LIMIT    MEM %     NET I/O           BLOCK I/O        PIDS
5f9f10a6f53d   jsonbench-client-4     67.76%    236.4MiB / 27.2GiB   0.85%     18.8MB / 31.9MB   0B / 8.19kB      11
6a6ba71d2138   jsonbench-client-6     68.51%    148.2MiB / 27.2GiB   0.53%     18.6MB / 31.6MB   0B / 8.19kB      11
985af4f56965   jsonbench-client-2     68.50%    166MiB / 27.2GiB     0.60%     18.6MB / 31.7MB   0B / 8.19kB      11
4871c83b5dc0   jsonbench-client-3     69.92%    236.4MiB / 27.2GiB   0.85%     18.8MB / 32MB     0B / 8.19kB      11
c02c50227f6c   jsonbench-client-5     70.58%    195.8MiB / 27.2GiB   0.70%     18.8MB / 31.9MB   0B / 8.19kB      11
1e7f772f7325   jsonbench-client-7     65.72%    221.6MiB / 27.2GiB   0.80%     18.6MB / 31.7MB   0B / 8.19kB      11
68f36a541ac3   jsonbench-client-8     67.78%    144.1MiB / 27.2GiB   0.52%     18.9MB / 32.1MB   0B / 8.19kB      11
71a5a046762d   jsonbench-client-1     66.86%    134.9MiB / 27.2GiB   0.48%     18.7MB / 31.8MB   0B / 8.19kB      11
6d90c9e65563   jsonbench-grafana-1    1.53%     70.75MiB / 27.2GiB   0.25%     276kB / 143kB     721kB / 2.29MB   18
b716ea8d8b75   jsonbench-mongodb-1    158.85%   201.3MiB / 9GiB      2.18%     255MB / 150MB     1.52MB / 125MB   57
c18f180539c3   jsonbench-postgres-1   0.00%     117.8MiB / 9GiB      1.28%     1.62kB / 1.61kB   0B / 332kB       6
6cd2a634ef9b   prometheus             0.65%     88.81MiB / 27.2GiB   0.32%     251MB / 4.63MB    803kB / 39.1MB   13
9a52da6a4ba0   cadvisor               4.78%     63.75MiB / 27.2GiB   0.23%     4.64MB / 251MB    0B / 0B          16
client-8  | [68f36a541ac3] MongoDB ( 10%) - update throughput:    171 docs/sec - 100001 documents
client-3  | [4871c83b5dc0] MongoDB ( 10%) - update throughput:    169 docs/sec - 100001 documents
client-1  | [71a5a046762d] MongoDB ( 10%) - update throughput:    169 docs/sec - 100001 documents
client-5  | [c02c50227f6c] MongoDB ( 10%) - update throughput:    168 docs/sec - 100001 documents
client-7  | [1e7f772f7325] MongoDB ( 10%) - update throughput:    169 docs/sec - 100001 documents
client-4  | [5f9f10a6f53d] MongoDB ( 10%) - update throughput:    167 docs/sec - 100001 documents
client-2  | [985af4f56965] MongoDB ( 10%) - update throughput:    167 docs/sec - 100001 documents
client-6  | [6a6ba71d2138] MongoDB ( 10%) - update throughput:    166 docs/sec - 100001 documents
client-8  | [68f36a541ac3] MongoDB ( 20%) - update throughput:    171 docs/sec - 200001 documents
client-3  | [4871c83b5dc0] MongoDB ( 20%) - update throughput:    170 docs/sec - 200001 documents
client-1  | [71a5a046762d] MongoDB ( 20%) - update throughput:    170 docs/sec - 200001 documents
client-7  | [1e7f772f7325] MongoDB ( 20%) - update throughput:    169 docs/sec - 200001 documents
client-5  | [c02c50227f6c] MongoDB ( 20%) - update throughput:    169 docs/sec - 200001 documents
client-4  | [5f9f10a6f53d] MongoDB ( 20%) - update throughput:    168 docs/sec - 200001 documents
client-6  | [6a6ba71d2138] MongoDB ( 20%) - update throughput:    168 docs/sec - 200001 documents
client-2  | [985af4f56965] MongoDB ( 20%) - update throughput:    168 docs/sec - 200001 documents
client-8  | [68f36a541ac3] MongoDB ( 30%) - update throughput:    173 docs/sec - 300001 documents
client-3  | [4871c83b5dc0] MongoDB ( 30%) - update throughput:    172 docs/sec - 300001 documents
client-7  | [1e7f772f7325] MongoDB ( 30%) - update throughput:    171 docs/sec - 300001 documents
client-1  | [71a5a046762d] MongoDB ( 30%) - update throughput:    171 docs/sec - 300001 documents
client-5  | [c02c50227f6c] MongoDB ( 30%) - update throughput:    171 docs/sec - 300001 documents
client-6  | [6a6ba71d2138] MongoDB ( 30%) - update throughput:    170 docs/sec - 300001 documents
client-4  | [5f9f10a6f53d] MongoDB ( 30%) - update throughput:    170 docs/sec - 300001 documents
client-2  | [985af4f56965] MongoDB ( 30%) - update throughput:    170 docs/sec - 300001 documents
client-8  | [68f36a541ac3] MongoDB ( 40%) - update throughput:    174 docs/sec - 400001 documents
client-3  | [4871c83b5dc0] MongoDB ( 40%) - update throughput:    173 docs/sec - 400001 documents
client-7  | [1e7f772f7325] MongoDB ( 40%) - update throughput:    173 docs/sec - 400001 documents
client-5  | [c02c50227f6c] MongoDB ( 40%) - update throughput:    172 docs/sec - 400001 documents
client-1  | [71a5a046762d] MongoDB ( 40%) - update throughput:    172 docs/sec - 400001 documents
client-6  | [6a6ba71d2138] MongoDB ( 40%) - update throughput:    171 docs/sec - 400001 documents
client-4  | [5f9f10a6f53d] MongoDB ( 40%) - update throughput:    170 docs/sec - 400001 documents
client-2  | [985af4f56965] MongoDB ( 40%) - update throughput:    170 docs/sec - 400001 documents
client-8  | [68f36a541ac3] MongoDB ( 50%) - update throughput:    175 docs/sec - 500001 documents
client-3  | [4871c83b5dc0] MongoDB ( 50%) - update throughput:    173 docs/sec - 500001 documents
client-7  | [1e7f772f7325] MongoDB ( 50%) - update throughput:    173 docs/sec - 500001 documents
client-1  | [71a5a046762d] MongoDB ( 50%) - update throughput:    172 docs/sec - 500001 documents
client-5  | [c02c50227f6c] MongoDB ( 50%) - update throughput:    172 docs/sec - 500001 documents
client-6  | [6a6ba71d2138] MongoDB ( 50%) - update throughput:    171 docs/sec - 500001 documents
client-4  | [5f9f10a6f53d] MongoDB ( 50%) - update throughput:    171 docs/sec - 500001 documents
client-2  | [985af4f56965] MongoDB ( 50%) - update throughput:    171 docs/sec - 500001 documents
client-8  | [68f36a541ac3] MongoDB ( 60%) - update throughput:    175 docs/sec - 600001 documents
client-3  | [4871c83b5dc0] MongoDB ( 60%) - update throughput:    173 docs/sec - 600001 documents
client-7  | [1e7f772f7325] MongoDB ( 60%) - update throughput:    173 docs/sec - 600001 documents
client-1  | [71a5a046762d] MongoDB ( 60%) - update throughput:    173 docs/sec - 600001 documents
client-5  | [c02c50227f6c] MongoDB ( 60%) - update throughput:    172 docs/sec - 600001 documents
client-6  | [6a6ba71d2138] MongoDB ( 60%) - update throughput:    171 docs/sec - 600001 documents
client-4  | [5f9f10a6f53d] MongoDB ( 60%) - update throughput:    171 docs/sec - 600001 documents
client-2  | [985af4f56965] MongoDB ( 60%) - update throughput:    171 docs/sec - 600001 documents
client-8  | [68f36a541ac3] MongoDB ( 70%) - update throughput:    175 docs/sec - 700001 documents
client-7  | [1e7f772f7325] MongoDB ( 70%) - update throughput:    173 docs/sec - 700001 documents
client-3  | [4871c83b5dc0] MongoDB ( 70%) - update throughput:    173 docs/sec - 700001 documents
client-1  | [71a5a046762d] MongoDB ( 70%) - update throughput:    172 docs/sec - 700001 documents
client-5  | [c02c50227f6c] MongoDB ( 70%) - update throughput:    172 docs/sec - 700001 documents
client-6  | [6a6ba71d2138] MongoDB ( 70%) - update throughput:    171 docs/sec - 700001 documents
client-2  | [985af4f56965] MongoDB ( 70%) - update throughput:    171 docs/sec - 700001 documents
client-4  | [5f9f10a6f53d] MongoDB ( 70%) - update throughput:    171 docs/sec - 700001 documents
