CONTAINER ID   NAME                   CPU %     MEM USAGE / LIMIT    MEM %     NET I/O           BLOCK I/O     PIDS
a257e8fd4324   jsonbench-mongodb-1    0.35%     79.3MiB / 9GiB       0.86%     5.69kB / 6.8kB    0B / 1.69MB   33
b3a1138d75f8   jsonbench-postgres-1   0.01%     129.8MiB / 9GiB      1.41%     1.49kB / 1.68kB   0B / 68.5MB   6
500f45bd6023   jsonbench-grafana-1    0.90%     74.64MiB / 27.2GiB   0.27%     402kB / 9.91MB    0B / 963kB    18
2e606fb57093   prometheus             0.00%     92.18MiB / 27.2GiB   0.33%     40.4MB / 847kB    0B / 24.6kB   13
4ea88e7152ac   cadvisor               1.91%     55.86MiB / 27.2GiB   0.20%     761kB / 40.4MB    0B / 0B       16
mongodb-init-1  | Current Mongosh Log ID:	67b648f5f0b03e4bb6af55d5
mongodb-init-1  | Connecting to:		mongodb://mongodb:27017/?directConnection=true&appName=mongosh+2.0.2
mongodb-init-1  | Using MongoDB:		7.0.16
mongodb-init-1  | Using Mongosh:		2.0.2
mongodb-init-1  | 
mongodb-init-1  | For mongosh info see: https://docs.mongodb.com/mongodb-shell/
mongodb-init-1  | 
mongodb-init-1  | 
mongodb-init-1  | To help improve our products, anonymous usage data is collected and sent to MongoDB periodically (https://www.mongodb.com/legal/privacy-policy).
mongodb-init-1  | You can opt-out by running the disableTelemetry() command.
mongodb-init-1  | 
mongodb-init-1  | ------
mongodb-init-1  |    The server generated these startup warnings when booting
mongodb-init-1  |    2025-02-19T21:11:17.308+00:00: Access control is not enabled for the database. Read and write access to data and configuration is unrestricted
mongodb-init-1  |    2025-02-19T21:11:17.308+00:00: vm.max_map_count is too low
mongodb-init-1  | ------
mongodb-init-1  | 
mongodb-init-1  | Loading file: /dir/init.js
 Container jsonbench-mongodb-1  Running
 Container jsonbench-postgres-1  Running
 Container jsonbench-client-8  Creating
 Container jsonbench-client-1  Creating
 Container jsonbench-client-2  Creating
 Container jsonbench-client-6  Creating
 Container jsonbench-client-4  Creating
 Container jsonbench-client-7  Creating
 Container jsonbench-client-3  Creating
 Container jsonbench-client-5  Creating
 Container jsonbench-client-6  Created
 Container jsonbench-client-4  Created
 Container jsonbench-client-8  Created
 Container jsonbench-client-1  Created
 Container jsonbench-client-2  Created
 Container jsonbench-client-5  Created
 Container jsonbench-client-7  Created
 Container jsonbench-client-3  Created
Attaching to client-1, client-2, client-3, client-4, client-5, client-6, client-7, client-8
client-5  | Current Mongosh Log ID:	67b64b51d413b1377fc28da7
client-5  | Using Mongosh:		2.0.2
client-5  | 
client-5  | For mongosh info see: https://docs.mongodb.com/mongodb-shell/
client-5  | 
client-5  | 
client-5  | To help improve our products, anonymous usage data is collected and sent to MongoDB periodically (https://www.mongodb.com/legal/privacy-policy).
client-5  | You can opt-out by running the disableTelemetry() command.
client-5  | 
client-5  | Loading file: /dir/lib.js
client-6  | Current Mongosh Log ID:	67b64b52578b298bfeaf045e
client-6  | Using Mongosh:		2.0.2
client-6  | 
client-6  | For mongosh info see: https://docs.mongodb.com/mongodb-shell/
client-6  | 
client-6  | 
client-6  | To help improve our products, anonymous usage data is collected and sent to MongoDB periodically (https://www.mongodb.com/legal/privacy-policy).
client-6  | You can opt-out by running the disableTelemetry() command.
client-6  | 
client-6  | Loading file: /dir/lib.js
client-4  | Current Mongosh Log ID:	67b64b5256a473e21a61524d
client-5  | 📚 lib.js loaded
client-5  | [2025-02-19T21:21:23.321Z] 🚀 Starting data insertion into mongodb://mongodb:27017 for 100000 documents of 100 bytes * 10 fields
client-4  | Using Mongosh:		2.0.2
client-4  | 
client-4  | For mongosh info see: https://docs.mongodb.com/mongodb-shell/
client-4  | 
client-4  | 
client-4  | To help improve our products, anonymous usage data is collected and sent to MongoDB periodically (https://www.mongodb.com/legal/privacy-policy).
client-4  | You can opt-out by running the disableTelemetry() command.
client-4  | 
client-4  | Loading file: /dir/lib.js
client-7  | Current Mongosh Log ID:	67b64b53721b0c7de6e5ae4c
client-6  | 📚 lib.js loaded
client-6  | [2025-02-19T21:21:24.271Z] 🚀 Starting data insertion into mongodb://mongodb:27017 for 100000 documents of 100 bytes * 10 fields
client-7  | Using Mongosh:		2.0.2
client-7  | 
client-7  | For mongosh info see: https://docs.mongodb.com/mongodb-shell/
client-7  | 
client-7  | 
client-7  | To help improve our products, anonymous usage data is collected and sent to MongoDB periodically (https://www.mongodb.com/legal/privacy-policy).
client-7  | You can opt-out by running the disableTelemetry() command.
client-7  | 
client-3  | Current Mongosh Log ID:	67b64b54f5adcacd7cdaa2d9
client-7  | Loading file: /dir/lib.js
client-3  | Using Mongosh:		2.0.2
client-3  | 
client-3  | For mongosh info see: https://docs.mongodb.com/mongodb-shell/
client-3  | 
client-3  | 
client-3  | To help improve our products, anonymous usage data is collected and sent to MongoDB periodically (https://www.mongodb.com/legal/privacy-policy).
client-3  | You can opt-out by running the disableTelemetry() command.
client-3  | 
client-3  | Loading file: /dir/lib.js
client-4  | 📚 lib.js loaded
client-4  | [2025-02-19T21:21:25.084Z] 🚀 Starting data insertion into mongodb://mongodb:27017 for 100000 documents of 100 bytes * 10 fields
client-2  | Current Mongosh Log ID:	67b64b55d6a5704894877872
client-2  | Using Mongosh:		2.0.2
client-2  | 
client-2  | For mongosh info see: https://docs.mongodb.com/mongodb-shell/
client-2  | 
client-2  | 
client-2  | To help improve our products, anonymous usage data is collected and sent to MongoDB periodically (https://www.mongodb.com/legal/privacy-policy).
client-2  | You can opt-out by running the disableTelemetry() command.
client-2  | 
client-2  | Loading file: /dir/lib.js
client-8  | Current Mongosh Log ID:	67b64b554080e542004f6f99
client-7  | 📚 lib.js loaded
client-7  | [2025-02-19T21:21:25.888Z] 🚀 Starting data insertion into mongodb://mongodb:27017 for 100000 documents of 100 bytes * 10 fields
client-1  | Current Mongosh Log ID:	67b64b567fee3a891225ff44
client-8  | Using Mongosh:		2.0.2
client-8  | 
client-8  | For mongosh info see: https://docs.mongodb.com/mongodb-shell/
client-8  | 
client-8  | 
client-8  | To help improve our products, anonymous usage data is collected and sent to MongoDB periodically (https://www.mongodb.com/legal/privacy-policy).
client-8  | You can opt-out by running the disableTelemetry() command.
client-8  | 
client-8  | Loading file: /dir/lib.js
client-3  | 📚 lib.js loaded
client-3  | [2025-02-19T21:21:26.540Z] 🚀 Starting data insertion into mongodb://mongodb:27017 for 100000 documents of 100 bytes * 10 fields
client-1  | Using Mongosh:		2.0.2
client-1  | 
client-1  | For mongosh info see: https://docs.mongodb.com/mongodb-shell/
client-1  | 
client-1  | 
client-1  | To help improve our products, anonymous usage data is collected and sent to MongoDB periodically (https://www.mongodb.com/legal/privacy-policy).
client-1  | You can opt-out by running the disableTelemetry() command.
client-1  | 
client-1  | Loading file: /dir/lib.js
client-2  | 📚 lib.js loaded
client-2  | [2025-02-19T21:21:27.117Z] 🚀 Starting data insertion into mongodb://mongodb:27017 for 100000 documents of 100 bytes * 10 fields
client-8  | 📚 lib.js loaded
client-8  | [2025-02-19T21:21:27.722Z] 🚀 Starting data insertion into mongodb://mongodb:27017 for 100000 documents of 100 bytes * 10 fields
client-1  | 📚 lib.js loaded
client-1  | [2025-02-19T21:21:28.068Z] 🚀 Starting data insertion into mongodb://mongodb:27017 for 100000 documents of 100 bytes * 10 fields
client-5  | ✅ Connected to MongoDB
client-6  | ✅ Connected to MongoDB
client-4  | ✅ Connected to MongoDB
client-7  | ✅ Connected to MongoDB
client-3  | ✅ Connected to MongoDB
client-2  | ✅ Connected to MongoDB
client-8  | ✅ Connected to MongoDB
client-1  | ✅ Connected to MongoDB
client-5  | [8f612926d776] MongoDB (10%) - Throughput: 111.15 docs/sec
client-4  | [1a827e9c044c] MongoDB (10%) - Throughput: 109.30 docs/sec
client-6  | [181c14182925] MongoDB (10%) - Throughput: 107.19 docs/sec
client-1  | [bd8422659d8b] MongoDB (10%) - Throughput: 111.06 docs/sec
client-3  | [45fd6fd07631] MongoDB (10%) - Throughput: 108.51 docs/sec
client-7  | [bd9cae2e61ca] MongoDB (10%) - Throughput: 107.61 docs/sec
client-2  | [3b0fb069d895] MongoDB (10%) - Throughput: 107.64 docs/sec
client-8  | [74fa924907c5] MongoDB (10%) - Throughput: 107.37 docs/sec
client-5  | [8f612926d776] MongoDB (20%) - Throughput: 110.32 docs/sec
client-4  | [1a827e9c044c] MongoDB (20%) - Throughput: 109.69 docs/sec
client-1  | [bd8422659d8b] MongoDB (20%) - Throughput: 110.65 docs/sec
client-3  | [45fd6fd07631] MongoDB (20%) - Throughput: 108.49 docs/sec
client-7  | [bd9cae2e61ca] MongoDB (20%) - Throughput: 107.98 docs/sec
client-6  | [181c14182925] MongoDB (20%) - Throughput: 106.73 docs/sec
client-8  | [74fa924907c5] MongoDB (20%) - Throughput: 108.35 docs/sec
client-2  | [3b0fb069d895] MongoDB (20%) - Throughput: 107.98 docs/sec
[ perf record: Woken up 9 times to write data ]
[ perf record: Captured and wrote 0.000 MB - ]
client-5  | [8f612926d776] MongoDB (30%) - Throughput: 110.25 docs/sec
client-4  | [1a827e9c044c] MongoDB (30%) - Throughput: 109.96 docs/sec
client-1  | [bd8422659d8b] MongoDB (30%) - Throughput: 110.76 docs/sec
client-3  | [45fd6fd07631] MongoDB (30%) - Throughput: 108.76 docs/sec
client-7  | [bd9cae2e61ca] MongoDB (30%) - Throughput: 108.12 docs/sec
client-8  | [74fa924907c5] MongoDB (30%) - Throughput: 108.68 docs/sec
client-2  | [3b0fb069d895] MongoDB (30%) - Throughput: 108.34 docs/sec
client-6  | [181c14182925] MongoDB (30%) - Throughput: 106.60 docs/sec
CONTAINER ID   NAME                   CPU %     MEM USAGE / LIMIT    MEM %     NET I/O           BLOCK I/O     PIDS
8f612926d776   jsonbench-client-5     78.54%    192MiB / 27.2GiB     0.69%     4.34MB / 53.1MB   0B / 8.19kB   11
181c14182925   jsonbench-client-6     89.30%    240.5MiB / 27.2GiB   0.86%     4.2MB / 51.4MB    0B / 8.19kB   11
1a827e9c044c   jsonbench-client-4     86.91%    190.9MiB / 27.2GiB   0.69%     4.34MB / 53.1MB   0B / 8.19kB   11
bd9cae2e61ca   jsonbench-client-7     87.19%    131.2MiB / 27.2GiB   0.47%     4.25MB / 52MB     0B / 8.19kB   11
45fd6fd07631   jsonbench-client-3     85.94%    199.5MiB / 27.2GiB   0.72%     4.26MB / 52.2MB   0B / 8.19kB   11
3b0fb069d895   jsonbench-client-2     89.60%    153.9MiB / 27.2GiB   0.55%     4.25MB / 52.1MB   0B / 8.19kB   11
74fa924907c5   jsonbench-client-8     85.22%    123.2MiB / 27.2GiB   0.44%     4.26MB / 52.1MB   0B / 8.19kB   11
bd8422659d8b   jsonbench-client-1     86.35%    133.7MiB / 27.2GiB   0.48%     4.34MB / 53.1MB   0B / 8.19kB   11
a257e8fd4324   jsonbench-mongodb-1    44.20%    580.6MiB / 9GiB      6.30%     419MB / 34.2MB    0B / 1.5GB    57
b3a1138d75f8   jsonbench-postgres-1   0.00%     130.1MiB / 9GiB      1.41%     1.82kB / 1.68kB   0B / 68.5MB   6
500f45bd6023   jsonbench-grafana-1    1.57%     74.32MiB / 27.2GiB   0.27%     416kB / 9.92MB    0B / 1.13MB   18
2e606fb57093   prometheus             0.00%     97.26MiB / 27.2GiB   0.35%     44.3MB / 921kB    0B / 24.6kB   13
4ea88e7152ac   cadvisor               5.24%     62.16MiB / 27.2GiB   0.22%     835kB / 44.3MB    0B / 0B       16
client-5  | [8f612926d776] MongoDB (40%) - Throughput: 109.75 docs/sec
client-1  | [bd8422659d8b] MongoDB (40%) - Throughput: 110.76 docs/sec
client-4  | [1a827e9c044c] MongoDB (40%) - Throughput: 109.82 docs/sec
client-3  | [45fd6fd07631] MongoDB (40%) - Throughput: 108.49 docs/sec
client-8  | [74fa924907c5] MongoDB (40%) - Throughput: 108.65 docs/sec
client-2  | [3b0fb069d895] MongoDB (40%) - Throughput: 108.34 docs/sec
client-7  | [bd9cae2e61ca] MongoDB (40%) - Throughput: 107.94 docs/sec
client-6  | [181c14182925] MongoDB (40%) - Throughput: 106.07 docs/sec
client-1  | [bd8422659d8b] MongoDB (50%) - Throughput: 110.42 docs/sec
client-5  | [8f612926d776] MongoDB (50%) - Throughput: 109.14 docs/sec
client-4  | [1a827e9c044c] MongoDB (50%) - Throughput: 109.51 docs/sec
client-3  | [45fd6fd07631] MongoDB (50%) - Throughput: 108.22 docs/sec
client-8  | [74fa924907c5] MongoDB (50%) - Throughput: 108.45 docs/sec
client-7  | [bd9cae2e61ca] MongoDB (50%) - Throughput: 107.87 docs/sec
client-2  | [3b0fb069d895] MongoDB (50%) - Throughput: 108.13 docs/sec
client-6  | [181c14182925] MongoDB (50%) - Throughput: 105.89 docs/sec
client-1  | [bd8422659d8b] MongoDB (60%) - Throughput: 110.64 docs/sec
client-4  | [1a827e9c044c] MongoDB (60%) - Throughput: 109.52 docs/sec
client-5  | [8f612926d776] MongoDB (60%) - Throughput: 109.13 docs/sec
client-8  | [74fa924907c5] MongoDB (60%) - Throughput: 108.74 docs/sec
client-3  | [45fd6fd07631] MongoDB (60%) - Throughput: 108.37 docs/sec
client-2  | [3b0fb069d895] MongoDB (60%) - Throughput: 108.30 docs/sec
client-7  | [bd9cae2e61ca] MongoDB (60%) - Throughput: 107.83 docs/sec
client-6  | [181c14182925] MongoDB (60%) - Throughput: 105.96 docs/sec
client-1  | [bd8422659d8b] MongoDB (70%) - Throughput: 110.59 docs/sec
client-4  | [1a827e9c044c] MongoDB (70%) - Throughput: 109.55 docs/sec
client-5  | [8f612926d776] MongoDB (70%) - Throughput: 108.62 docs/sec
client-8  | [74fa924907c5] MongoDB (70%) - Throughput: 108.24 docs/sec
client-3  | [45fd6fd07631] MongoDB (70%) - Throughput: 107.99 docs/sec
client-2  | [3b0fb069d895] MongoDB (70%) - Throughput: 107.99 docs/sec
client-7  | [bd9cae2e61ca] MongoDB (70%) - Throughput: 107.50 docs/sec
client-6  | [181c14182925] MongoDB (70%) - Throughput: 105.55 docs/sec
client-1  | [bd8422659d8b] MongoDB (80%) - Throughput: 110.16 docs/sec
client-4  | [1a827e9c044c] MongoDB (80%) - Throughput: 109.31 docs/sec
client-5  | [8f612926d776] MongoDB (80%) - Throughput: 108.51 docs/sec
client-2  | [3b0fb069d895] MongoDB (80%) - Throughput: 108.10 docs/sec
client-3  | [45fd6fd07631] MongoDB (80%) - Throughput: 107.99 docs/sec
client-8  | [74fa924907c5] MongoDB (80%) - Throughput: 108.08 docs/sec
client-7  | [bd9cae2e61ca] MongoDB (80%) - Throughput: 107.67 docs/sec
client-6  | [181c14182925] MongoDB (80%) - Throughput: 105.48 docs/sec
client-1  | [bd8422659d8b] MongoDB (90%) - Throughput: 110.23 docs/sec
client-4  | [1a827e9c044c] MongoDB (90%) - Throughput: 109.28 docs/sec
client-5  | [8f612926d776] MongoDB (90%) - Throughput: 108.35 docs/sec
client-2  | [3b0fb069d895] MongoDB (90%) - Throughput: 108.04 docs/sec
client-3  | [45fd6fd07631] MongoDB (90%) - Throughput: 107.90 docs/sec
client-8  | [74fa924907c5] MongoDB (90%) - Throughput: 108.04 docs/sec
client-7  | [bd9cae2e61ca] MongoDB (90%) - Throughput: 107.52 docs/sec
client-6  | [181c14182925] MongoDB (90%) - Throughput: 105.24 docs/sec
client-1  | [bd8422659d8b] MongoDB (100%) - Throughput: 110.08 docs/sec
client-1  | ✅ Inserted 100000 records into MongoDB
client-1  | ✅ MongoDB Connection closed
client-1  | [2025-02-19T21:36:41.560Z] 🏁 Data insertion completed in 913.49 seconds
client-4  | [1a827e9c044c] MongoDB (100%) - Throughput: 109.25 docs/sec
client-4  | ✅ Inserted 100000 records into MongoDB
client-4  | ✅ MongoDB Connection closed
client-4  | [2025-02-19T21:36:45.515Z] 🏁 Data insertion completed in 920.43 seconds
[Kclient-4 exited with code 0
[Kclient-1 exited with code 0
client-5  | [8f612926d776] MongoDB (100%) - Throughput: 108.31 docs/sec
client-5  | ✅ Inserted 100000 records into MongoDB
client-5  | ✅ MongoDB Connection closed
client-5  | [2025-02-19T21:36:51.740Z] 🏁 Data insertion completed in 928.42 seconds
[Kclient-5 exited with code 0
client-8  | [74fa924907c5] MongoDB (100%) - Throughput: 108.53 docs/sec
client-8  | ✅ Inserted 100000 records into MongoDB
client-8  | ✅ MongoDB Connection closed
client-8  | [2025-02-19T21:36:54.187Z] 🏁 Data insertion completed in 926.47 seconds
[Kclient-8 exited with code 0
client-2  | [3b0fb069d895] MongoDB (100%) - Throughput: 108.34 docs/sec
client-2  | ✅ Inserted 100000 records into MongoDB
client-2  | ✅ MongoDB Connection closed
client-2  | [2025-02-19T21:36:55.186Z] 🏁 Data insertion completed in 928.07 seconds
client-3  | [45fd6fd07631] MongoDB (100%) - Throughput: 108.24 docs/sec
client-3  | ✅ Inserted 100000 records into MongoDB
client-3  | ✅ MongoDB Connection closed
client-3  | [2025-02-19T21:36:55.529Z] 🏁 Data insertion completed in 928.99 seconds
[Kclient-2 exited with code 0
[Kclient-3 exited with code 0
client-7  | [bd9cae2e61ca] MongoDB (100%) - Throughput: 108.03 docs/sec
client-7  | ✅ Inserted 100000 records into MongoDB
client-7  | ✅ MongoDB Connection closed
client-7  | [2025-02-19T21:36:56.621Z] 🏁 Data insertion completed in 930.73 seconds
[Kclient-7 exited with code 0
client-6  | [181c14182925] MongoDB (100%) - Throughput: 106.88 docs/sec
client-6  | ✅ Inserted 100000 records into MongoDB
client-6  | ✅ MongoDB Connection closed
client-6  | [2025-02-19T21:37:04.999Z] 🏁 Data insertion completed in 940.73 seconds
[Kclient-6 exited with code 0

 Performance counter stats for 'system wide':

   242,102,469,510      instructions:u            docker/a257e8fd4324485fdef03e4b4909643855e465d7d9f79ab26f723dc331b112ce                                   

     945.767489061 seconds time elapsed

MongoDB count: 800000 size: 894 MB
[
  { _id: '000018d0-b295-40fc-ab13-f3a954697f8c' },
  { _id: '000018df-9f0e-49ea-acc5-8b459ce6bfad' },
  { _id: '00002598-b57d-4c51-bbec-3bd9084d4bb0' },
  { _id: '000032d0-98a5-44ba-b8cb-82d6ebcce7e6' },
  { _id: '0000481e-a93a-4615-ab1c-ba7639a4cb34' },
  { _id: '00005c7b-adf8-488b-9aef-75a812b1bfdf' },
  { _id: '0000614b-ec3f-458d-8141-c23a9c19f9f8' },
  { _id: '00007d3b-2c7a-4cc6-8f83-416a14709561' },
  { _id: '0000b59b-45d7-4c26-baa2-1373a8a8a23f' },
  { _id: '0000b8b8-e6fd-4fc8-8456-1488df106dc7' }
]
CONTAINER ID   NAME                   CPU %     MEM USAGE / LIMIT    MEM %     NET I/O           BLOCK I/O     PIDS
a257e8fd4324   jsonbench-mongodb-1    0.30%     1.212GiB / 9GiB      13.47%    1.09GB / 89.5MB   0B / 6.83GB   33
b3a1138d75f8   jsonbench-postgres-1   0.01%     130.4MiB / 9GiB      1.42%     1.87kB / 1.68kB   0B / 68.5MB   6
500f45bd6023   jsonbench-grafana-1    0.96%     74.09MiB / 27.2GiB   0.27%     430kB / 9.93MB    0B / 1.41MB   18
2e606fb57093   prometheus             0.00%     89.78MiB / 27.2GiB   0.32%     50.4MB / 1.03MB   0B / 24.6kB   13
4ea88e7152ac   cadvisor               3.17%     56.4MiB / 27.2GiB    0.20%     949kB / 50.4MB    0B / 0B       16
