CONTAINER ID   NAME                   CPU %     MEM USAGE / LIMIT    MEM %     NET I/O           BLOCK I/O     PIDS
c933f1c912bb   jsonbench-postgres-1   0.60%     129.3MiB / 9GiB      1.40%     1.49kB / 1.68kB   0B / 68.5MB   6
2552316bfc85   jsonbench-mongodb-1    0.41%     79.46MiB / 9GiB      0.86%     5.69kB / 6.8kB    0B / 1.68MB   33
ca9f60cde762   jsonbench-grafana-1    0.98%     80.48MiB / 27.2GiB   0.29%     2.12MB / 6.68MB   0B / 4.03MB   20
9f7c19b54292   prometheus             0.05%     127.6MiB / 27.2GiB   0.46%     167MB / 3.96MB    0B / 11.6MB   14
7aaca6038158   cadvisor               4.40%     55.55MiB / 27.2GiB   0.20%     3.11MB / 166MB    20.5kB / 0B   18
mongodb-init-1  | Current Mongosh Log ID:	67b263019cf9cfc331837cec
mongodb-init-1  | Connecting to:		mongodb://mongodb:27017/?directConnection=true&appName=mongosh+2.0.2
mongodb-init-1  | Using MongoDB:		7.0.16
mongodb-init-1  | Using Mongosh:		2.0.2
mongodb-init-1  | 
mongodb-init-1  | For mongosh info see: https://docs.mongodb.com/mongodb-shell/
mongodb-init-1  | 
mongodb-init-1  | 
mongodb-init-1  | To help improve our products, anonymous usage data is collected and sent to MongoDB periodically (https://www.mongodb.com/legal/privacy-policy).
mongodb-init-1  | You can opt-out by running the disableTelemetry() command.
mongodb-init-1  | 
mongodb-init-1  | ------
mongodb-init-1  |    The server generated these startup warnings when booting
mongodb-init-1  |    2025-02-16T22:13:21.173+00:00: Access control is not enabled for the database. Read and write access to data and configuration is unrestricted
mongodb-init-1  |    2025-02-16T22:13:21.174+00:00: vm.max_map_count is too low
mongodb-init-1  | ------
mongodb-init-1  | 
mongodb-init-1  | Loading file: /dir/init.js
 Container jsonbench-mongodb-1  Running
 Container jsonbench-postgres-1  Running
 Container jsonbench-client-1  Creating
 Container jsonbench-client-5  Creating
 Container jsonbench-client-2  Creating
 Container jsonbench-client-3  Creating
 Container jsonbench-client-4  Creating
 Container jsonbench-client-6  Creating
 Container jsonbench-client-7  Creating
 Container jsonbench-client-8  Creating
 Container jsonbench-client-4  Created
 Container jsonbench-client-1  Created
 Container jsonbench-client-7  Created
 Container jsonbench-client-5  Created
 Container jsonbench-client-8  Created
 Container jsonbench-client-3  Created
 Container jsonbench-client-2  Created
 Container jsonbench-client-6  Created
Attaching to client-1, client-2, client-3, client-4, client-5, client-6, client-7, client-8
client-2  | Current Mongosh Log ID:	67b2655df8c5f2a1707f625b
client-2  | Using Mongosh:		2.0.2
client-2  | 
client-2  | For mongosh info see: https://docs.mongodb.com/mongodb-shell/
client-2  | 
client-2  | 
client-2  | To help improve our products, anonymous usage data is collected and sent to MongoDB periodically (https://www.mongodb.com/legal/privacy-policy).
client-2  | You can opt-out by running the disableTelemetry() command.
client-2  | 
client-2  | Loading file: /dir/lib.js
client-3  | Current Mongosh Log ID:	67b2655ea84a680bea578991
client-3  | Using Mongosh:		2.0.2
client-3  | 
client-3  | For mongosh info see: https://docs.mongodb.com/mongodb-shell/
client-3  | 
client-3  | 
client-3  | To help improve our products, anonymous usage data is collected and sent to MongoDB periodically (https://www.mongodb.com/legal/privacy-policy).
client-3  | You can opt-out by running the disableTelemetry() command.
client-3  | 
client-3  | Loading file: /dir/lib.js
client-6  | Current Mongosh Log ID:	67b2655f2552d6a0ed014372
client-2  | 📚 lib.js loaded
client-2  | [2025-02-16T22:23:27.287Z] 🚀 Starting data insertion into mongodb://mongodb:27017 for 100000 documents of 1000 bytes * 10 fields
client-6  | Using Mongosh:		2.0.2
client-6  | 
client-6  | For mongosh info see: https://docs.mongodb.com/mongodb-shell/
client-6  | 
client-6  | 
client-6  | To help improve our products, anonymous usage data is collected and sent to MongoDB periodically (https://www.mongodb.com/legal/privacy-policy).
client-6  | You can opt-out by running the disableTelemetry() command.
client-6  | 
client-6  | Loading file: /dir/lib.js
client-7  | Current Mongosh Log ID:	67b2655f91c2ff10269c92d1
client-3  | 📚 lib.js loaded
client-3  | [2025-02-16T22:23:28.208Z] 🚀 Starting data insertion into mongodb://mongodb:27017 for 100000 documents of 1000 bytes * 10 fields
client-7  | Using Mongosh:		2.0.2
client-7  | 
client-7  | For mongosh info see: https://docs.mongodb.com/mongodb-shell/
client-7  | 
client-7  | 
client-7  | To help improve our products, anonymous usage data is collected and sent to MongoDB periodically (https://www.mongodb.com/legal/privacy-policy).
client-7  | You can opt-out by running the disableTelemetry() command.
client-7  | 
client-5  | Current Mongosh Log ID:	67b26560f4af26a748a161b9
client-7  | Loading file: /dir/lib.js
client-5  | Using Mongosh:		2.0.2
client-5  | 
client-5  | For mongosh info see: https://docs.mongodb.com/mongodb-shell/
client-5  | 
client-5  | 
client-5  | To help improve our products, anonymous usage data is collected and sent to MongoDB periodically (https://www.mongodb.com/legal/privacy-policy).
client-5  | You can opt-out by running the disableTelemetry() command.
client-5  | 
client-5  | Loading file: /dir/lib.js
client-8  | Current Mongosh Log ID:	67b265616f95e7d40f2ba05c
client-6  | 📚 lib.js loaded
client-6  | [2025-02-16T22:23:29.347Z] 🚀 Starting data insertion into mongodb://mongodb:27017 for 100000 documents of 1000 bytes * 10 fields
client-4  | Current Mongosh Log ID:	67b2656110802f03b544f7b5
client-8  | Using Mongosh:		2.0.2
client-8  | 
client-8  | For mongosh info see: https://docs.mongodb.com/mongodb-shell/
client-8  | 
client-8  | 
client-8  | To help improve our products, anonymous usage data is collected and sent to MongoDB periodically (https://www.mongodb.com/legal/privacy-policy).
client-8  | You can opt-out by running the disableTelemetry() command.
client-8  | 
client-8  | Loading file: /dir/lib.js
client-7  | 📚 lib.js loaded
client-7  | [2025-02-16T22:23:30.248Z] 🚀 Starting data insertion into mongodb://mongodb:27017 for 100000 documents of 1000 bytes * 10 fields
client-4  | Using Mongosh:		2.0.2
client-4  | 
client-4  | For mongosh info see: https://docs.mongodb.com/mongodb-shell/
client-4  | 
client-4  | 
client-4  | To help improve our products, anonymous usage data is collected and sent to MongoDB periodically (https://www.mongodb.com/legal/privacy-policy).
client-4  | You can opt-out by running the disableTelemetry() command.
client-4  | 
client-4  | Loading file: /dir/lib.js
client-1  | Current Mongosh Log ID:	67b2656218edee8a41a1e667
client-5  | 📚 lib.js loaded
client-5  | [2025-02-16T22:23:30.814Z] 🚀 Starting data insertion into mongodb://mongodb:27017 for 100000 documents of 1000 bytes * 10 fields
client-1  | Using Mongosh:		2.0.2
client-1  | 
client-1  | For mongosh info see: https://docs.mongodb.com/mongodb-shell/
client-1  | 
client-1  | 
client-1  | To help improve our products, anonymous usage data is collected and sent to MongoDB periodically (https://www.mongodb.com/legal/privacy-policy).
client-1  | You can opt-out by running the disableTelemetry() command.
client-1  | 
client-1  | Loading file: /dir/lib.js
client-8  | 📚 lib.js loaded
client-8  | [2025-02-16T22:23:31.355Z] 🚀 Starting data insertion into mongodb://mongodb:27017 for 100000 documents of 1000 bytes * 10 fields
client-4  | 📚 lib.js loaded
client-4  | [2025-02-16T22:23:31.927Z] 🚀 Starting data insertion into mongodb://mongodb:27017 for 100000 documents of 1000 bytes * 10 fields
client-1  | 📚 lib.js loaded
client-1  | [2025-02-16T22:23:32.306Z] 🚀 Starting data insertion into mongodb://mongodb:27017 for 100000 documents of 1000 bytes * 10 fields
client-2  | ✅ Connected to MongoDB
client-3  | ✅ Connected to MongoDB
client-6  | ✅ Connected to MongoDB
client-7  | ✅ Connected to MongoDB
client-5  | ✅ Connected to MongoDB
client-8  | ✅ Connected to MongoDB
client-4  | ✅ Connected to MongoDB
client-1  | ✅ Connected to MongoDB
[ perf record: Woken up 1 times to write data ]
[ perf record: Captured and wrote 0.000 MB - ]
client-3  | [3b7e78f960be] MongoDB (10%) - Throughput: 15.06 docs/sec
client-5  | [1271d5168c5d] MongoDB (10%) - Throughput: 14.96 docs/sec
client-4  | [86918a4cd239] MongoDB (10%) - Throughput: 14.77 docs/sec
client-8  | [92d3a6169c36] MongoDB (10%) - Throughput: 14.71 docs/sec
client-1  | [fdacf9eab94e] MongoDB (10%) - Throughput: 14.73 docs/sec
client-7  | [c05f22a6293d] MongoDB (10%) - Throughput: 14.66 docs/sec
client-2  | [f5db7e92a7c6] MongoDB (10%) - Throughput: 14.48 docs/sec
client-6  | [b5169050126e] MongoDB (10%) - Throughput: 14.47 docs/sec
client-3  | [3b7e78f960be] MongoDB (20%) - Throughput: 15.03 docs/sec
client-5  | [1271d5168c5d] MongoDB (20%) - Throughput: 14.94 docs/sec
client-4  | [86918a4cd239] MongoDB (20%) - Throughput: 14.76 docs/sec
client-7  | [c05f22a6293d] MongoDB (20%) - Throughput: 14.71 docs/sec
client-1  | [fdacf9eab94e] MongoDB (20%) - Throughput: 14.73 docs/sec
client-8  | [92d3a6169c36] MongoDB (20%) - Throughput: 14.67 docs/sec
client-6  | [b5169050126e] MongoDB (20%) - Throughput: 14.47 docs/sec
client-2  | [f5db7e92a7c6] MongoDB (20%) - Throughput: 14.43 docs/sec
client-3  | [3b7e78f960be] MongoDB (30%) - Throughput: 15.02 docs/sec
client-5  | [1271d5168c5d] MongoDB (30%) - Throughput: 14.93 docs/sec
client-4  | [86918a4cd239] MongoDB (30%) - Throughput: 14.77 docs/sec
client-7  | [c05f22a6293d] MongoDB (30%) - Throughput: 14.68 docs/sec
client-8  | [92d3a6169c36] MongoDB (30%) - Throughput: 14.69 docs/sec
client-1  | [fdacf9eab94e] MongoDB (30%) - Throughput: 14.69 docs/sec
client-6  | [b5169050126e] MongoDB (30%) - Throughput: 14.45 docs/sec
client-2  | [f5db7e92a7c6] MongoDB (30%) - Throughput: 14.42 docs/sec
client-3  | [3b7e78f960be] MongoDB (40%) - Throughput: 14.99 docs/sec
client-5  | [1271d5168c5d] MongoDB (40%) - Throughput: 14.92 docs/sec
client-4  | [86918a4cd239] MongoDB (40%) - Throughput: 14.74 docs/sec
client-7  | [c05f22a6293d] MongoDB (40%) - Throughput: 14.68 docs/sec
client-1  | [fdacf9eab94e] MongoDB (40%) - Throughput: 14.69 docs/sec
client-8  | [92d3a6169c36] MongoDB (40%) - Throughput: 14.68 docs/sec
client-6  | [b5169050126e] MongoDB (40%) - Throughput: 14.44 docs/sec
client-2  | [f5db7e92a7c6] MongoDB (40%) - Throughput: 14.41 docs/sec
client-3  | [3b7e78f960be] MongoDB (50%) - Throughput: 14.96 docs/sec
client-5  | [1271d5168c5d] MongoDB (50%) - Throughput: 14.92 docs/sec
client-4  | [86918a4cd239] MongoDB (50%) - Throughput: 14.73 docs/sec
client-7  | [c05f22a6293d] MongoDB (50%) - Throughput: 14.71 docs/sec
client-1  | [fdacf9eab94e] MongoDB (50%) - Throughput: 14.70 docs/sec
client-8  | [92d3a6169c36] MongoDB (50%) - Throughput: 14.66 docs/sec
client-6  | [b5169050126e] MongoDB (50%) - Throughput: 14.45 docs/sec
client-2  | [f5db7e92a7c6] MongoDB (50%) - Throughput: 14.40 docs/sec
client-3  | [3b7e78f960be] MongoDB (60%) - Throughput: 14.96 docs/sec
client-5  | [1271d5168c5d] MongoDB (60%) - Throughput: 14.93 docs/sec
client-7  | [c05f22a6293d] MongoDB (60%) - Throughput: 14.72 docs/sec
client-4  | [86918a4cd239] MongoDB (60%) - Throughput: 14.71 docs/sec
client-1  | [fdacf9eab94e] MongoDB (60%) - Throughput: 14.71 docs/sec
client-8  | [92d3a6169c36] MongoDB (60%) - Throughput: 14.65 docs/sec
client-6  | [b5169050126e] MongoDB (60%) - Throughput: 14.43 docs/sec
client-2  | [f5db7e92a7c6] MongoDB (60%) - Throughput: 14.41 docs/sec
client-3  | [3b7e78f960be] MongoDB (70%) - Throughput: 14.92 docs/sec
client-5  | [1271d5168c5d] MongoDB (70%) - Throughput: 14.90 docs/sec
client-7  | [c05f22a6293d] MongoDB (70%) - Throughput: 14.66 docs/sec
client-1  | [fdacf9eab94e] MongoDB (70%) - Throughput: 14.66 docs/sec
client-4  | [86918a4cd239] MongoDB (70%) - Throughput: 14.61 docs/sec
client-8  | [92d3a6169c36] MongoDB (70%) - Throughput: 14.60 docs/sec
client-2  | [f5db7e92a7c6] MongoDB (70%) - Throughput: 14.35 docs/sec
client-6  | [b5169050126e] MongoDB (70%) - Throughput: 14.34 docs/sec
client-5  | [1271d5168c5d] MongoDB (80%) - Throughput: 14.81 docs/sec
client-3  | [3b7e78f960be] MongoDB (80%) - Throughput: 14.80 docs/sec
client-1  | [fdacf9eab94e] MongoDB (80%) - Throughput: 14.57 docs/sec
client-7  | [c05f22a6293d] MongoDB (80%) - Throughput: 14.55 docs/sec
client-8  | [92d3a6169c36] MongoDB (80%) - Throughput: 14.52 docs/sec
client-4  | [86918a4cd239] MongoDB (80%) - Throughput: 14.50 docs/sec
client-2  | [f5db7e92a7c6] MongoDB (80%) - Throughput: 14.25 docs/sec
client-6  | [b5169050126e] MongoDB (80%) - Throughput: 14.22 docs/sec
client-5  | [1271d5168c5d] MongoDB (90%) - Throughput: 14.74 docs/sec
client-3  | [3b7e78f960be] MongoDB (90%) - Throughput: 14.69 docs/sec
client-1  | [fdacf9eab94e] MongoDB (90%) - Throughput: 14.52 docs/sec
client-7  | [c05f22a6293d] MongoDB (90%) - Throughput: 14.47 docs/sec
client-8  | [92d3a6169c36] MongoDB (90%) - Throughput: 14.42 docs/sec
client-4  | [86918a4cd239] MongoDB (90%) - Throughput: 14.41 docs/sec
client-2  | [f5db7e92a7c6] MongoDB (90%) - Throughput: 14.20 docs/sec
client-6  | [b5169050126e] MongoDB (90%) - Throughput: 14.14 docs/sec
client-5  | [1271d5168c5d] MongoDB (100%) - Throughput: 14.73 docs/sec
client-5  | ✅ Inserted 100000 records into MongoDB
client-5  | ✅ MongoDB Connection closed
client-5  | [2025-02-17T00:16:45.032Z] 🏁 Data insertion completed in 6794.22 seconds
[Kclient-5 exited with code 0
client-3  | [3b7e78f960be] MongoDB (100%) - Throughput: 14.66 docs/sec
client-3  | ✅ Inserted 100000 records into MongoDB
client-3  | ✅ MongoDB Connection closed
client-3  | [2025-02-17T00:17:12.339Z] 🏁 Data insertion completed in 6824.13 seconds
[Kclient-3 exited with code 0
client-1  | [fdacf9eab94e] MongoDB (100%) - Throughput: 14.56 docs/sec
client-1  | ✅ Inserted 100000 records into MongoDB
client-1  | ✅ MongoDB Connection closed
client-1  | [2025-02-17T00:18:07.003Z] 🏁 Data insertion completed in 6874.70 seconds
[Kclient-1 exited with code 0
client-7  | [c05f22a6293d] MongoDB (100%) - Throughput: 14.51 docs/sec
client-7  | ✅ Inserted 100000 records into MongoDB
client-7  | ✅ MongoDB Connection closed
client-7  | [2025-02-17T00:18:26.302Z] 🏁 Data insertion completed in 6896.05 seconds
[Kclient-7 exited with code 0
client-8  | [92d3a6169c36] MongoDB (100%) - Throughput: 14.47 docs/sec
client-8  | ✅ Inserted 100000 records into MongoDB
client-8  | ✅ MongoDB Connection closed
client-8  | [2025-02-17T00:18:46.484Z] 🏁 Data insertion completed in 6915.13 seconds
[Kclient-8 exited with code 0
client-4  | [86918a4cd239] MongoDB (100%) - Throughput: 14.47 docs/sec
client-4  | ✅ Inserted 100000 records into MongoDB
client-4  | ✅ MongoDB Connection closed
client-4  | [2025-02-17T00:18:48.833Z] 🏁 Data insertion completed in 6916.91 seconds
[Kclient-4 exited with code 0
client-2  | [f5db7e92a7c6] MongoDB (100%) - Throughput: 14.37 docs/sec
client-2  | ✅ Inserted 100000 records into MongoDB
client-2  | ✅ MongoDB Connection closed
client-2  | [2025-02-17T00:19:29.932Z] 🏁 Data insertion completed in 6962.65 seconds
[Kclient-2 exited with code 0
client-6  | [b5169050126e] MongoDB (100%) - Throughput: 14.34 docs/sec
client-6  | ✅ Inserted 100000 records into MongoDB
client-6  | ✅ MongoDB Connection closed
client-6  | [2025-02-17T00:19:49.518Z] 🏁 Data insertion completed in 6980.17 seconds
[Kclient-6 exited with code 0

 Performance counter stats for 'system wide':

   261,344,461,947      instructions:u            docker/2552316bfc85df79471f3155cbf3569abe8a16d19c9ba6abe7405b60cb72ff7e                                   

    6986.023265056 seconds time elapsed

MongoDB count: 800000 size: 7761 MB
CONTAINER ID   NAME                   CPU %     MEM USAGE / LIMIT    MEM %     NET I/O           BLOCK I/O         PIDS
c933f1c912bb   jsonbench-postgres-1   0.00%     129.9MiB / 9GiB      1.41%     1.87kB / 1.68kB   0B / 68.5MB       6
2552316bfc85   jsonbench-mongodb-1    0.90%     5.872GiB / 9GiB      65.25%    8.35GB / 146MB    4.84GB / 57.2GB   33
ca9f60cde762   jsonbench-grafana-1    0.80%     73.9MiB / 27.2GiB    0.27%     2.9MB / 8.32MB    0B / 5.06MB       20
9f7c19b54292   prometheus             0.00%     97.22MiB / 27.2GiB   0.35%     240MB / 5.75MB    0B / 24MB         14
7aaca6038158   cadvisor               27.92%    60.57MiB / 27.2GiB   0.22%     4.49MB / 239MB    20.5kB / 0B       18
