CONTAINER ID   NAME                   CPU %     MEM USAGE / LIMIT    MEM %     NET I/O            BLOCK I/O     PIDS
fb3dfdfbd48f   jsonbench-mongodb-1    0.37%     78.85MiB / 27.2GiB   0.28%     5.69kB / 6.8kB     0B / 569kB    34
8bed8b5daaa0   jsonbench-postgres-1   0.03%     44.67MiB / 27.2GiB   0.16%     1.49kB / 1.68kB    0B / 67.2MB   6
0a5802dfd081   jsonbench-grafana-1    0.95%     70.83MiB / 27.2GiB   0.25%     216kB / 176kB      0B / 618kB    18
99c98e62e37b   cadvisor               2.08%     41.22MiB / 27.2GiB   0.15%     18.9kB / 928kB     0B / 0B       15
06b8970075c1   prometheus             0.00%     80.12MiB / 27.2GiB   0.29%     1e+03kB / 52.4kB   0B / 0B       13
mongodb-init-1  | Current Mongosh Log ID:	67b1c115bf6b8d7ba4d209a7
mongodb-init-1  | Connecting to:		mongodb://mongodb:27017/?directConnection=true&appName=mongosh+2.0.2
mongodb-init-1  | Using MongoDB:		7.0.16
mongodb-init-1  | Using Mongosh:		2.0.2
mongodb-init-1  | 
mongodb-init-1  | For mongosh info see: https://docs.mongodb.com/mongodb-shell/
mongodb-init-1  | 
mongodb-init-1  | 
mongodb-init-1  | To help improve our products, anonymous usage data is collected and sent to MongoDB periodically (https://www.mongodb.com/legal/privacy-policy).
mongodb-init-1  | You can opt-out by running the disableTelemetry() command.
mongodb-init-1  | 
mongodb-init-1  | ------
mongodb-init-1  |    The server generated these startup warnings when booting
mongodb-init-1  |    2025-02-16T10:42:28.595+00:00: Access control is not enabled for the database. Read and write access to data and configuration is unrestricted
mongodb-init-1  |    2025-02-16T10:42:28.595+00:00: vm.max_map_count is too low
mongodb-init-1  | ------
mongodb-init-1  | 
mongodb-init-1  | Loading file: /dir/init.js
 Container jsonbench-postgres-1  Running
 Container jsonbench-mongodb-1  Running
 Container jsonbench-client-8  Creating
 Container jsonbench-client-4  Creating
 Container jsonbench-client-2  Creating
 Container jsonbench-client-5  Creating
 Container jsonbench-client-6  Creating
 Container jsonbench-client-3  Creating
 Container jsonbench-client-1  Creating
 Container jsonbench-client-7  Creating
 Container jsonbench-client-8  Created
 Container jsonbench-client-3  Created
 Container jsonbench-client-2  Created
 Container jsonbench-client-4  Created
 Container jsonbench-client-5  Created
 Container jsonbench-client-1  Created
 Container jsonbench-client-6  Created
 Container jsonbench-client-7  Created
Attaching to client-1, client-2, client-3, client-4, client-5, client-6, client-7, client-8
client-6  | Current Mongosh Log ID:	67b1c11d8dbfe0366c5975a6
client-6  | Using Mongosh:		2.0.2
client-6  | 
client-6  | For mongosh info see: https://docs.mongodb.com/mongodb-shell/
client-6  | 
client-6  | 
client-6  | To help improve our products, anonymous usage data is collected and sent to MongoDB periodically (https://www.mongodb.com/legal/privacy-policy).
client-6  | You can opt-out by running the disableTelemetry() command.
client-6  | 
client-6  | Loading file: /dir/lib.js
client-4  | Current Mongosh Log ID:	67b1c11e296235b5e95d0ad0
client-4  | Using Mongosh:		2.0.2
client-4  | 
client-4  | For mongosh info see: https://docs.mongodb.com/mongodb-shell/
client-4  | 
client-4  | 
client-4  | To help improve our products, anonymous usage data is collected and sent to MongoDB periodically (https://www.mongodb.com/legal/privacy-policy).
client-4  | You can opt-out by running the disableTelemetry() command.
client-4  | 
client-4  | Loading file: /dir/lib.js
client-7  | Current Mongosh Log ID:	67b1c11f12d49ba7f016eed7
client-6  | 📚 lib.js loaded
client-6  | [2025-02-16T10:42:39.656Z] 🚀 Starting data insertion into mongodb://mongodb:27017 for 100 documents of 1000 bytes * 10 fields
client-7  | Using Mongosh:		2.0.2
client-7  | 
client-7  | For mongosh info see: https://docs.mongodb.com/mongodb-shell/
client-7  | 
client-7  | 
client-7  | To help improve our products, anonymous usage data is collected and sent to MongoDB periodically (https://www.mongodb.com/legal/privacy-policy).
client-7  | You can opt-out by running the disableTelemetry() command.
client-7  | 
client-7  | Loading file: /dir/lib.js
client-5  | Current Mongosh Log ID:	67b1c11fc190fef8ce314107
client-4  | 📚 lib.js loaded
client-4  | [2025-02-16T10:42:40.367Z] 🚀 Starting data insertion into mongodb://mongodb:27017 for 100 documents of 1000 bytes * 10 fields
client-5  | Using Mongosh:		2.0.2
client-5  | 
client-5  | For mongosh info see: https://docs.mongodb.com/mongodb-shell/
client-5  | 
client-5  | 
client-5  | To help improve our products, anonymous usage data is collected and sent to MongoDB periodically (https://www.mongodb.com/legal/privacy-policy).
client-5  | You can opt-out by running the disableTelemetry() command.
client-5  | 
client-5  | Loading file: /dir/lib.js
client-1  | Current Mongosh Log ID:	67b1c120b32997bb88dfb9b4
client-1  | Using Mongosh:		2.0.2
client-1  | 
client-1  | For mongosh info see: https://docs.mongodb.com/mongodb-shell/
client-1  | 
client-1  | 
client-1  | To help improve our products, anonymous usage data is collected and sent to MongoDB periodically (https://www.mongodb.com/legal/privacy-policy).
client-1  | You can opt-out by running the disableTelemetry() command.
client-1  | 
client-1  | Loading file: /dir/lib.js
client-7  | 📚 lib.js loaded
client-7  | [2025-02-16T10:42:41.346Z] 🚀 Starting data insertion into mongodb://mongodb:27017 for 100 documents of 1000 bytes * 10 fields
client-3  | Current Mongosh Log ID:	67b1c12138cd85d82c795cab
client-8  | Current Mongosh Log ID:	67b1c122f1cf9dfefcd6166f
client-3  | Using Mongosh:		2.0.2
client-3  | 
client-3  | For mongosh info see: https://docs.mongodb.com/mongodb-shell/
client-3  | 
client-3  | 
client-3  | To help improve our products, anonymous usage data is collected and sent to MongoDB periodically (https://www.mongodb.com/legal/privacy-policy).
client-3  | You can opt-out by running the disableTelemetry() command.
client-3  | 
client-3  | Loading file: /dir/lib.js
client-5  | 📚 lib.js loaded
client-5  | [2025-02-16T10:42:42.207Z] 🚀 Starting data insertion into mongodb://mongodb:27017 for 100 documents of 1000 bytes * 10 fields
client-8  | Using Mongosh:		2.0.2
client-8  | 
client-8  | For mongosh info see: https://docs.mongodb.com/mongodb-shell/
client-8  | 
client-8  | 
client-8  | To help improve our products, anonymous usage data is collected and sent to MongoDB periodically (https://www.mongodb.com/legal/privacy-policy).
client-8  | You can opt-out by running the disableTelemetry() command.
client-8  | 
client-8  | Loading file: /dir/lib.js
client-1  | 📚 lib.js loaded
client-2  | Current Mongosh Log ID:	67b1c122833db45d8c073822
client-1  | [2025-02-16T10:42:42.775Z] 🚀 Starting data insertion into mongodb://mongodb:27017 for 100 documents of 1000 bytes * 10 fields
client-2  | Using Mongosh:		2.0.2
client-2  | 
client-2  | For mongosh info see: https://docs.mongodb.com/mongodb-shell/
client-2  | 
client-2  | 
client-2  | To help improve our products, anonymous usage data is collected and sent to MongoDB periodically (https://www.mongodb.com/legal/privacy-policy).
client-2  | You can opt-out by running the disableTelemetry() command.
client-2  | 
client-2  | Loading file: /dir/lib.js
client-3  | 📚 lib.js loaded
client-3  | [2025-02-16T10:42:43.398Z] 🚀 Starting data insertion into mongodb://mongodb:27017 for 100 documents of 1000 bytes * 10 fields
client-8  | 📚 lib.js loaded
client-8  | [2025-02-16T10:42:43.858Z] 🚀 Starting data insertion into mongodb://mongodb:27017 for 100 documents of 1000 bytes * 10 fields
client-2  | 📚 lib.js loaded
client-2  | [2025-02-16T10:42:44.437Z] 🚀 Starting data insertion into mongodb://mongodb:27017 for 100 documents of 1000 bytes * 10 fields
client-6  | ✅ Connected to MongoDB
client-6  | [3dcabc934c5e] MongoDB (10%) - Throughput: 25.37 docs/sec
client-6  | [3dcabc934c5e] MongoDB (20%) - Throughput: 28.65 docs/sec
client-4  | ✅ Connected to MongoDB
client-6  | [3dcabc934c5e] MongoDB (30%) - Throughput: 28.50 docs/sec
client-4  | [ed13cd227712] MongoDB (10%) - Throughput: 24.69 docs/sec
client-6  | [3dcabc934c5e] MongoDB (40%) - Throughput: 29.30 docs/sec
client-4  | [ed13cd227712] MongoDB (20%) - Throughput: 26.62 docs/sec
client-6  | [3dcabc934c5e] MongoDB (50%) - Throughput: 29.88 docs/sec
client-7  | ✅ Connected to MongoDB
client-4  | [ed13cd227712] MongoDB (30%) - Throughput: 27.71 docs/sec
client-6  | [3dcabc934c5e] MongoDB (60%) - Throughput: 29.34 docs/sec
client-7  | [99960dfb0518] MongoDB (10%) - Throughput: 23.17 docs/sec
client-4  | [ed13cd227712] MongoDB (40%) - Throughput: 27.69 docs/sec
client-6  | [3dcabc934c5e] MongoDB (70%) - Throughput: 29.43 docs/sec
client-7  | [99960dfb0518] MongoDB (20%) - Throughput: 26.42 docs/sec
client-4  | [ed13cd227712] MongoDB (50%) - Throughput: 28.14 docs/sec
client-5  | ✅ Connected to MongoDB
client-6  | [3dcabc934c5e] MongoDB (80%) - Throughput: 29.40 docs/sec
client-7  | [99960dfb0518] MongoDB (30%) - Throughput: 25.56 docs/sec
client-4  | [ed13cd227712] MongoDB (60%) - Throughput: 27.02 docs/sec
client-1  | ✅ Connected to MongoDB
client-5  | [94666b312bf7] MongoDB (10%) - Throughput: 16.17 docs/sec
client-6  | [3dcabc934c5e] MongoDB (90%) - Throughput: 27.87 docs/sec
client-7  | [99960dfb0518] MongoDB (40%) - Throughput: 25.12 docs/sec
client-4  | [ed13cd227712] MongoDB (70%) - Throughput: 25.49 docs/sec
client-5  | [94666b312bf7] MongoDB (20%) - Throughput: 19.94 docs/sec
client-6  | [3dcabc934c5e] MongoDB (100%) - Throughput: 27.88 docs/sec
client-6  | ✅ Inserted 100 records into MongoDB
client-6  | ✅ MongoDB Connection closed
client-6  | [2025-02-16T10:42:48.340Z] 🏁 Data insertion completed in 8.68 seconds
client-7  | [99960dfb0518] MongoDB (50%) - Throughput: 25.75 docs/sec
client-3  | ✅ Connected to MongoDB
client-1  | [c1b68a5ed661] MongoDB (10%) - Throughput: 13.10 docs/sec
[Kclient-6 exited with code 0
client-4  | [ed13cd227712] MongoDB (80%) - Throughput: 24.45 docs/sec
client-5  | [94666b312bf7] MongoDB (30%) - Throughput: 20.82 docs/sec
client-7  | [99960dfb0518] MongoDB (60%) - Throughput: 24.02 docs/sec
client-8  | ✅ Connected to MongoDB
client-3  | [d1443db0a5fc] MongoDB (10%) - Throughput: 17.90 docs/sec
client-4  | [ed13cd227712] MongoDB (90%) - Throughput: 24.27 docs/sec
client-5  | [94666b312bf7] MongoDB (40%) - Throughput: 20.65 docs/sec
client-1  | [c1b68a5ed661] MongoDB (20%) - Throughput: 14.38 docs/sec
client-3  | [d1443db0a5fc] MongoDB (20%) - Throughput: 20.88 docs/sec
client-2  | ✅ Connected to MongoDB
client-7  | [99960dfb0518] MongoDB (70%) - Throughput: 22.54 docs/sec
client-4  | [ed13cd227712] MongoDB (100%) - Throughput: 24.29 docs/sec
client-4  | ✅ Inserted 100 records into MongoDB
client-4  | ✅ MongoDB Connection closed
client-4  | [2025-02-16T10:42:49.582Z] 🏁 Data insertion completed in 9.22 seconds
client-8  | [379bb4d31887] MongoDB (10%) - Throughput: 12.12 docs/sec
client-1  | [c1b68a5ed661] MongoDB (30%) - Throughput: 14.87 docs/sec
client-5  | [94666b312bf7] MongoDB (50%) - Throughput: 19.35 docs/sec
[Kclient-4 exited with code 0
client-3  | [d1443db0a5fc] MongoDB (30%) - Throughput: 19.87 docs/sec
client-7  | [99960dfb0518] MongoDB (80%) - Throughput: 22.35 docs/sec
client-2  | [b8939771eb2a] MongoDB (10%) - Throughput: 15.07 docs/sec
client-8  | [379bb4d31887] MongoDB (20%) - Throughput: 14.53 docs/sec
client-5  | [94666b312bf7] MongoDB (60%) - Throughput: 19.57 docs/sec
client-3  | [d1443db0a5fc] MongoDB (40%) - Throughput: 20.43 docs/sec
client-1  | [c1b68a5ed661] MongoDB (40%) - Throughput: 14.92 docs/sec
client-7  | [99960dfb0518] MongoDB (90%) - Throughput: 21.61 docs/sec
client-2  | [b8939771eb2a] MongoDB (20%) - Throughput: 16.74 docs/sec
client-8  | [379bb4d31887] MongoDB (30%) - Throughput: 17.06 docs/sec
client-7  | [99960dfb0518] MongoDB (100%) - Throughput: 22.15 docs/sec
client-7  | ✅ Inserted 100 records into MongoDB
client-7  | ✅ MongoDB Connection closed
client-7  | [2025-02-16T10:42:50.945Z] 🏁 Data insertion completed in 9.60 seconds
client-5  | [94666b312bf7] MongoDB (70%) - Throughput: 18.99 docs/sec
client-3  | [d1443db0a5fc] MongoDB (50%) - Throughput: 19.37 docs/sec
client-8  | [379bb4d31887] MongoDB (40%) - Throughput: 18.34 docs/sec
client-1  | [c1b68a5ed661] MongoDB (50%) - Throughput: 15.32 docs/sec
client-2  | [b8939771eb2a] MongoDB (30%) - Throughput: 17.52 docs/sec
[Kclient-7 exited with code 0
client-1  | [c1b68a5ed661] MongoDB (60%) - Throughput: 16.54 docs/sec
client-8  | [379bb4d31887] MongoDB (50%) - Throughput: 19.46 docs/sec
client-5  | [94666b312bf7] MongoDB (80%) - Throughput: 18.58 docs/sec
client-2  | [b8939771eb2a] MongoDB (40%) - Throughput: 18.85 docs/sec
client-3  | [d1443db0a5fc] MongoDB (60%) - Throughput: 18.74 docs/sec
client-8  | [379bb4d31887] MongoDB (60%) - Throughput: 20.51 docs/sec
client-2  | [b8939771eb2a] MongoDB (50%) - Throughput: 20.16 docs/sec
client-5  | [94666b312bf7] MongoDB (90%) - Throughput: 19.22 docs/sec
client-1  | [c1b68a5ed661] MongoDB (70%) - Throughput: 16.56 docs/sec
client-3  | [d1443db0a5fc] MongoDB (70%) - Throughput: 18.53 docs/sec
client-8  | [379bb4d31887] MongoDB (70%) - Throughput: 20.63 docs/sec
client-5  | [94666b312bf7] MongoDB (100%) - Throughput: 19.89 docs/sec
client-5  | ✅ Inserted 100 records into MongoDB
client-5  | ✅ MongoDB Connection closed
client-5  | [2025-02-16T10:42:52.334Z] 🏁 Data insertion completed in 10.13 seconds
client-2  | [b8939771eb2a] MongoDB (60%) - Throughput: 21.01 docs/sec
[Kclient-5 exited with code 0
client-1  | [c1b68a5ed661] MongoDB (80%) - Throughput: 16.70 docs/sec
client-8  | [379bb4d31887] MongoDB (80%) - Throughput: 21.16 docs/sec
client-3  | [d1443db0a5fc] MongoDB (80%) - Throughput: 18.78 docs/sec
client-2  | [b8939771eb2a] MongoDB (70%) - Throughput: 21.13 docs/sec
client-1  | [c1b68a5ed661] MongoDB (90%) - Throughput: 17.49 docs/sec
client-8  | [379bb4d31887] MongoDB (90%) - Throughput: 21.80 docs/sec
client-3  | [d1443db0a5fc] MongoDB (90%) - Throughput: 19.43 docs/sec
client-2  | [b8939771eb2a] MongoDB (80%) - Throughput: 21.85 docs/sec
client-1  | [c1b68a5ed661] MongoDB (100%) - Throughput: 18.18 docs/sec
client-1  | ✅ Inserted 100 records into MongoDB
client-1  | ✅ MongoDB Connection closed
client-1  | [2025-02-16T10:42:53.396Z] 🏁 Data insertion completed in 10.62 seconds
client-8  | [379bb4d31887] MongoDB (100%) - Throughput: 22.27 docs/sec
client-8  | ✅ Inserted 100 records into MongoDB
client-8  | ✅ MongoDB Connection closed
client-8  | [2025-02-16T10:42:53.429Z] 🏁 Data insertion completed in 9.57 seconds
client-3  | [d1443db0a5fc] MongoDB (100%) - Throughput: 19.87 docs/sec
client-3  | ✅ Inserted 100 records into MongoDB
client-2  | [b8939771eb2a] MongoDB (90%) - Throughput: 22.38 docs/sec
client-3  | ✅ MongoDB Connection closed
client-3  | [2025-02-16T10:42:53.513Z] 🏁 Data insertion completed in 10.12 seconds
[Kclient-1 exited with code 0
[Kclient-8 exited with code 0
[Kclient-3 exited with code 0
client-2  | [b8939771eb2a] MongoDB (100%) - Throughput: 22.90 docs/sec
client-2  | ✅ Inserted 100 records into MongoDB
client-2  | ✅ MongoDB Connection closed
client-2  | [2025-02-16T10:42:53.866Z] 🏁 Data insertion completed in 9.43 seconds
[Kclient-2 exited with code 0

 Performance counter stats for 'system wide':

       187,797,019      instructions:u            docker/fb3dfdfbd48f862584f1a466ebf5169f6bce3191a2afd90a6c79048155139051                                   

      18.036602863 seconds time elapsed

MongoDB count: 800 size: 8 MB
CONTAINER ID   NAME                   CPU %     MEM USAGE / LIMIT    MEM %     NET I/O           BLOCK I/O     PIDS
fb3dfdfbd48f   jsonbench-mongodb-1    0.59%     93.63MiB / 27.2GiB   0.34%     8.36MB / 201kB    0B / 9.52MB   34
8bed8b5daaa0   jsonbench-postgres-1   0.02%     44.72MiB / 27.2GiB   0.16%     1.87kB / 1.68kB   0B / 67.2MB   6
0a5802dfd081   jsonbench-grafana-1    1.01%     73.68MiB / 27.2GiB   0.26%     217kB / 177kB     0B / 618kB    18
99c98e62e37b   cadvisor               5.66%     38.18MiB / 27.2GiB   0.14%     22.2kB / 1.08MB   0B / 0B       15
06b8970075c1   prometheus             0.00%     81.67MiB / 27.2GiB   0.29%     1.16MB / 55.6kB   0B / 0B       13
[ perf record: Woken up 3 times to write data ]
[ perf record: Captured and wrote 0.000 MB - ]
