CONTAINER ID   NAME                   CPU %     MEM USAGE / LIMIT    MEM %     NET I/O           BLOCK I/O         PIDS
55dc330cb702   jsonbench-postgres-1   0.00%     130.2MiB / 9GiB      1.41%     2.07kB / 1.68kB   0B / 68.5MB       6
57def4f57493   jsonbench-mongodb-1    0.30%     5.893GiB / 9GiB      65.47%    8.35GB / 146MB    4.89GB / 58.5GB   33
6ca7385c783b   jsonbench-grafana-1    0.80%     75.27MiB / 27.2GiB   0.27%     3.08MB / 6.2MB    0B / 5.04MB       14
4c48aa883ea9   cadvisor               2.59%     55.45MiB / 27.2GiB   0.20%     4.55MB / 243MB    0B / 0B           17
4831d6bffee2   prometheus             0.00%     98.56MiB / 27.2GiB   0.35%     244MB / 5.95MB    0B / 28.3MB       14
postgres-init-1  | psql: error: connection to server at "postgres" (172.22.0.3), port 5432 failed: Connection refused
postgres-init-1  | 	Is the server running on that host and accepting TCP/IP connections?
postgres-init-1  | drop table if exists jsonbench;
postgres-init-1  | psql:/dir/init.sql:1: NOTICE:  table "jsonbench" does not exist, skipping
postgres-init-1  | DROP TABLE
postgres-init-1  | create table if not exists jsonbench (
postgres-init-1  |     id uuid primary key,
postgres-init-1  |     data jsonb not null
postgres-init-1  | );
postgres-init-1  | CREATE TABLE
postgres-init-1  | show shared_buffers;
postgres-init-1  |  shared_buffers 
postgres-init-1  | ----------------
postgres-init-1  |  4GB
postgres-init-1  | (1 row)
postgres-init-1  | 
 Container jsonbench-mongodb-1  Running
 Container jsonbench-postgres-1  Running
 Container jsonbench-client-6  Recreate
 Container jsonbench-client-7  Recreate
 Container jsonbench-client-1  Recreate
 Container jsonbench-client-2  Recreate
 Container jsonbench-client-3  Recreate
 Container jsonbench-client-4  Recreate
 Container jsonbench-client-8  Recreate
 Container jsonbench-client-5  Recreate
 Container jsonbench-client-1  Recreated
 Container jsonbench-client-5  Recreated
 Container jsonbench-client-4  Recreated
 Container jsonbench-client-7  Recreated
 Container jsonbench-client-2  Recreated
 Container jsonbench-client-6  Recreated
 Container jsonbench-client-3  Recreated
 Container jsonbench-client-8  Recreated
Attaching to client-1, client-2, client-3, client-4, client-5, client-6, client-7, client-8
client-5  | Current Mongosh Log ID:	67b5522bc1b63bd550dba476
client-5  | Using Mongosh:		2.0.2
client-5  | 
client-5  | For mongosh info see: https://docs.mongodb.com/mongodb-shell/
client-5  | 
client-5  | 
client-5  | To help improve our products, anonymous usage data is collected and sent to MongoDB periodically (https://www.mongodb.com/legal/privacy-policy).
client-5  | You can opt-out by running the disableTelemetry() command.
client-5  | 
client-5  | Loading file: /dir/lib.js
client-2  | Current Mongosh Log ID:	67b5522c2c4a6b4a87565eb3
client-2  | Using Mongosh:		2.0.2
client-2  | 
client-2  | For mongosh info see: https://docs.mongodb.com/mongodb-shell/
client-2  | 
client-2  | 
client-2  | To help improve our products, anonymous usage data is collected and sent to MongoDB periodically (https://www.mongodb.com/legal/privacy-policy).
client-2  | You can opt-out by running the disableTelemetry() command.
client-2  | 
client-2  | Loading file: /dir/lib.js
client-4  | Current Mongosh Log ID:	67b5522dcce320ec82bd22e8
client-5  | 📚 lib.js loaded
client-5  | [2025-02-19T03:38:21.616Z] 🚀 Starting data insertion into postgres://postgres:xxx@postgres:5432/postgres for 100000 documents of 1000 bytes * 10 fields
client-4  | Using Mongosh:		2.0.2
client-4  | 
client-4  | For mongosh info see: https://docs.mongodb.com/mongodb-shell/
client-4  | 
client-4  | 
client-4  | To help improve our products, anonymous usage data is collected and sent to MongoDB periodically (https://www.mongodb.com/legal/privacy-policy).
client-4  | You can opt-out by running the disableTelemetry() command.
client-4  | 
client-4  | Loading file: /dir/lib.js
client-8  | Current Mongosh Log ID:	67b5522d93b3f8d7ef02fd23
client-2  | 📚 lib.js loaded
client-2  | [2025-02-19T03:38:22.586Z] 🚀 Starting data insertion into postgres://postgres:xxx@postgres:5432/postgres for 100000 documents of 1000 bytes * 10 fields
client-8  | Using Mongosh:		2.0.2
client-8  | 
client-8  | For mongosh info see: https://docs.mongodb.com/mongodb-shell/
client-8  | 
client-8  | 
client-8  | To help improve our products, anonymous usage data is collected and sent to MongoDB periodically (https://www.mongodb.com/legal/privacy-policy).
client-8  | You can opt-out by running the disableTelemetry() command.
client-8  | 
client-3  | Current Mongosh Log ID:	67b5522e180e97c316b5bcba
client-8  | Loading file: /dir/lib.js
client-3  | Using Mongosh:		2.0.2
client-3  | 
client-3  | For mongosh info see: https://docs.mongodb.com/mongodb-shell/
client-3  | 
client-3  | 
client-3  | To help improve our products, anonymous usage data is collected and sent to MongoDB periodically (https://www.mongodb.com/legal/privacy-policy).
client-3  | You can opt-out by running the disableTelemetry() command.
client-3  | 
client-3  | Loading file: /dir/lib.js
client-4  | 📚 lib.js loaded
client-4  | [2025-02-19T03:38:23.470Z] 🚀 Starting data insertion into postgres://postgres:xxx@postgres:5432/postgres for 100000 documents of 1000 bytes * 10 fields
client-1  | Current Mongosh Log ID:	67b5522f72f6159983ee3e1b
client-1  | Using Mongosh:		2.0.2
client-1  | 
client-1  | For mongosh info see: https://docs.mongodb.com/mongodb-shell/
client-1  | 
client-1  | 
client-1  | To help improve our products, anonymous usage data is collected and sent to MongoDB periodically (https://www.mongodb.com/legal/privacy-policy).
client-1  | You can opt-out by running the disableTelemetry() command.
client-1  | 
client-1  | Loading file: /dir/lib.js
client-6  | Current Mongosh Log ID:	67b55230748d57cc1d1d3825
client-8  | 📚 lib.js loaded
client-8  | [2025-02-19T03:38:24.276Z] 🚀 Starting data insertion into postgres://postgres:xxx@postgres:5432/postgres for 100000 documents of 1000 bytes * 10 fields
client-6  | Using Mongosh:		2.0.2
client-6  | 
client-6  | For mongosh info see: https://docs.mongodb.com/mongodb-shell/
client-6  | 
client-6  | 
client-6  | To help improve our products, anonymous usage data is collected and sent to MongoDB periodically (https://www.mongodb.com/legal/privacy-policy).
client-6  | You can opt-out by running the disableTelemetry() command.
client-6  | 
client-7  | Current Mongosh Log ID:	67b55230fd97b695c5da3adb
client-6  | Loading file: /dir/lib.js
client-3  | 📚 lib.js loaded
client-3  | [2025-02-19T03:38:24.924Z] 🚀 Starting data insertion into postgres://postgres:xxx@postgres:5432/postgres for 100000 documents of 1000 bytes * 10 fields
client-7  | Using Mongosh:		2.0.2
client-7  | 
client-7  | For mongosh info see: https://docs.mongodb.com/mongodb-shell/
client-7  | 
client-7  | 
client-7  | To help improve our products, anonymous usage data is collected and sent to MongoDB periodically (https://www.mongodb.com/legal/privacy-policy).
client-7  | You can opt-out by running the disableTelemetry() command.
client-7  | 
client-7  | Loading file: /dir/lib.js
client-1  | 📚 lib.js loaded
client-1  | [2025-02-19T03:38:25.502Z] 🚀 Starting data insertion into postgres://postgres:xxx@postgres:5432/postgres for 100000 documents of 1000 bytes * 10 fields
client-6  | 📚 lib.js loaded
client-6  | [2025-02-19T03:38:26.036Z] 🚀 Starting data insertion into postgres://postgres:xxx@postgres:5432/postgres for 100000 documents of 1000 bytes * 10 fields
client-7  | 📚 lib.js loaded
client-7  | [2025-02-19T03:38:26.567Z] 🚀 Starting data insertion into postgres://postgres:xxx@postgres:5432/postgres for 100000 documents of 1000 bytes * 10 fields
[ perf record: Woken up 1 times to write data ]
[ perf record: Captured and wrote 0.000 MB - ]
CONTAINER ID   NAME                   CPU %     MEM USAGE / LIMIT    MEM %     NET I/O           BLOCK I/O         PIDS
9c162ade3bf2   jsonbench-client-5     94.07%    240.5MiB / 27.2GiB   0.86%     1.28MB / 58.9MB   0B / 8.19kB       11
b45fa0dcdf1a   jsonbench-client-2     91.28%    139.5MiB / 27.2GiB   0.50%     1.24MB / 57.2MB   0B / 8.19kB       11
f863ed562d54   jsonbench-client-4     94.29%    238.2MiB / 27.2GiB   0.86%     1.24MB / 57.2MB   0B / 8.19kB       11
8d9997017a9d   jsonbench-client-8     94.29%    155.1MiB / 27.2GiB   0.56%     1.26MB / 58.2MB   0B / 8.19kB       11
6c36903ec1a8   jsonbench-client-3     95.79%    138.3MiB / 27.2GiB   0.50%     1.24MB / 57.2MB   0B / 8.19kB       11
7269a4546724   jsonbench-client-1     92.78%    176.8MiB / 27.2GiB   0.63%     1.23MB / 56.5MB   0B / 8.19kB       11
1642256e623e   jsonbench-client-6     92.67%    194.5MiB / 27.2GiB   0.70%     1.24MB / 56.8MB   0B / 8.19kB       11
b429b714b70f   jsonbench-client-7     95.10%    166MiB / 27.2GiB     0.60%     1.23MB / 56.7MB   0B / 8.19kB       11
55dc330cb702   jsonbench-postgres-1   13.54%    670.5MiB / 9GiB      7.28%     459MB / 9.97MB    0B / 2.06GB       14
57def4f57493   jsonbench-mongodb-1    0.62%     5.892GiB / 9GiB      65.47%    8.35GB / 146MB    4.89GB / 58.5GB   33
6ca7385c783b   jsonbench-grafana-1    1.50%     75.48MiB / 27.2GiB   0.27%     3.09MB / 6.2MB    0B / 5.15MB       14
4c48aa883ea9   cadvisor               6.18%     71.39MiB / 27.2GiB   0.26%     4.63MB / 247MB    0B / 0B           17
4831d6bffee2   prometheus             0.00%     98.44MiB / 27.2GiB   0.35%     248MB / 6.03MB    0B / 28.3MB       14
client-5  | [9c162ade3bf2] PostgreSQL (10%) - Throughput: 15.54 docs/sec
client-8  | [8d9997017a9d] PostgreSQL (10%) - Throughput: 15.54 docs/sec
client-3  | [6c36903ec1a8] PostgreSQL (10%) - Throughput: 15.23 docs/sec
client-4  | [f863ed562d54] PostgreSQL (10%) - Throughput: 15.19 docs/sec
client-6  | [1642256e623e] PostgreSQL (10%) - Throughput: 15.22 docs/sec
client-2  | [b45fa0dcdf1a] PostgreSQL (10%) - Throughput: 15.13 docs/sec
client-7  | [b429b714b70f] PostgreSQL (10%) - Throughput: 15.21 docs/sec
client-1  | [7269a4546724] PostgreSQL (10%) - Throughput: 15.07 docs/sec
client-5  | [9c162ade3bf2] PostgreSQL (20%) - Throughput: 15.47 docs/sec
client-8  | [8d9997017a9d] PostgreSQL (20%) - Throughput: 15.39 docs/sec
client-4  | [f863ed562d54] PostgreSQL (20%) - Throughput: 15.25 docs/sec
client-7  | [b429b714b70f] PostgreSQL (20%) - Throughput: 15.25 docs/sec
client-6  | [1642256e623e] PostgreSQL (20%) - Throughput: 15.25 docs/sec
client-3  | [6c36903ec1a8] PostgreSQL (20%) - Throughput: 15.20 docs/sec
client-2  | [b45fa0dcdf1a] PostgreSQL (20%) - Throughput: 15.13 docs/sec
client-1  | [7269a4546724] PostgreSQL (20%) - Throughput: 15.05 docs/sec
client-5  | [9c162ade3bf2] PostgreSQL (30%) - Throughput: 15.48 docs/sec
client-8  | [8d9997017a9d] PostgreSQL (30%) - Throughput: 15.39 docs/sec
client-4  | [f863ed562d54] PostgreSQL (30%) - Throughput: 15.30 docs/sec
client-6  | [1642256e623e] PostgreSQL (30%) - Throughput: 15.28 docs/sec
client-7  | [b429b714b70f] PostgreSQL (30%) - Throughput: 15.27 docs/sec
client-3  | [6c36903ec1a8] PostgreSQL (30%) - Throughput: 15.24 docs/sec
client-2  | [b45fa0dcdf1a] PostgreSQL (30%) - Throughput: 15.16 docs/sec
client-1  | [7269a4546724] PostgreSQL (30%) - Throughput: 15.06 docs/sec
client-5  | [9c162ade3bf2] PostgreSQL (40%) - Throughput: 15.45 docs/sec
client-8  | [8d9997017a9d] PostgreSQL (40%) - Throughput: 15.40 docs/sec
client-4  | [f863ed562d54] PostgreSQL (40%) - Throughput: 15.29 docs/sec
client-6  | [1642256e623e] PostgreSQL (40%) - Throughput: 15.26 docs/sec
client-7  | [b429b714b70f] PostgreSQL (40%) - Throughput: 15.25 docs/sec
client-3  | [6c36903ec1a8] PostgreSQL (40%) - Throughput: 15.21 docs/sec
client-2  | [b45fa0dcdf1a] PostgreSQL (40%) - Throughput: 15.17 docs/sec
client-1  | [7269a4546724] PostgreSQL (40%) - Throughput: 15.04 docs/sec
client-5  | [9c162ade3bf2] PostgreSQL (50%) - Throughput: 15.45 docs/sec
client-8  | [8d9997017a9d] PostgreSQL (50%) - Throughput: 15.43 docs/sec
client-4  | [f863ed562d54] PostgreSQL (50%) - Throughput: 15.30 docs/sec
client-7  | [b429b714b70f] PostgreSQL (50%) - Throughput: 15.27 docs/sec
client-6  | [1642256e623e] PostgreSQL (50%) - Throughput: 15.26 docs/sec
client-3  | [6c36903ec1a8] PostgreSQL (50%) - Throughput: 15.21 docs/sec
client-2  | [b45fa0dcdf1a] PostgreSQL (50%) - Throughput: 15.19 docs/sec
client-1  | [7269a4546724] PostgreSQL (50%) - Throughput: 15.05 docs/sec
client-5  | [9c162ade3bf2] PostgreSQL (60%) - Throughput: 15.45 docs/sec
client-8  | [8d9997017a9d] PostgreSQL (60%) - Throughput: 15.44 docs/sec
client-4  | [f863ed562d54] PostgreSQL (60%) - Throughput: 15.30 docs/sec
client-7  | [b429b714b70f] PostgreSQL (60%) - Throughput: 15.27 docs/sec
client-6  | [1642256e623e] PostgreSQL (60%) - Throughput: 15.26 docs/sec
client-3  | [6c36903ec1a8] PostgreSQL (60%) - Throughput: 15.21 docs/sec
client-2  | [b45fa0dcdf1a] PostgreSQL (60%) - Throughput: 15.19 docs/sec
client-1  | [7269a4546724] PostgreSQL (60%) - Throughput: 15.05 docs/sec
client-5  | [9c162ade3bf2] PostgreSQL (70%) - Throughput: 15.43 docs/sec
client-8  | [8d9997017a9d] PostgreSQL (70%) - Throughput: 15.44 docs/sec
client-4  | [f863ed562d54] PostgreSQL (70%) - Throughput: 15.31 docs/sec
client-7  | [b429b714b70f] PostgreSQL (70%) - Throughput: 15.27 docs/sec
client-6  | [1642256e623e] PostgreSQL (70%) - Throughput: 15.25 docs/sec
client-3  | [6c36903ec1a8] PostgreSQL (70%) - Throughput: 15.21 docs/sec
client-2  | [b45fa0dcdf1a] PostgreSQL (70%) - Throughput: 15.16 docs/sec
client-1  | [7269a4546724] PostgreSQL (70%) - Throughput: 15.04 docs/sec
client-8  | [8d9997017a9d] PostgreSQL (80%) - Throughput: 15.45 docs/sec
client-5  | [9c162ade3bf2] PostgreSQL (80%) - Throughput: 15.43 docs/sec
client-4  | [f863ed562d54] PostgreSQL (80%) - Throughput: 15.31 docs/sec
client-7  | [b429b714b70f] PostgreSQL (80%) - Throughput: 15.22 docs/sec
client-6  | [1642256e623e] PostgreSQL (80%) - Throughput: 15.19 docs/sec
client-3  | [6c36903ec1a8] PostgreSQL (80%) - Throughput: 15.17 docs/sec
client-2  | [b45fa0dcdf1a] PostgreSQL (80%) - Throughput: 15.13 docs/sec
client-1  | [7269a4546724] PostgreSQL (80%) - Throughput: 15.00 docs/sec
client-8  | [8d9997017a9d] PostgreSQL (90%) - Throughput: 15.41 docs/sec
client-5  | [9c162ade3bf2] PostgreSQL (90%) - Throughput: 15.38 docs/sec
client-4  | [f863ed562d54] PostgreSQL (90%) - Throughput: 15.27 docs/sec
client-7  | [b429b714b70f] PostgreSQL (90%) - Throughput: 15.24 docs/sec
client-6  | [1642256e623e] PostgreSQL (90%) - Throughput: 15.20 docs/sec
client-3  | [6c36903ec1a8] PostgreSQL (90%) - Throughput: 15.18 docs/sec
client-2  | [b45fa0dcdf1a] PostgreSQL (90%) - Throughput: 15.14 docs/sec
client-1  | [7269a4546724] PostgreSQL (90%) - Throughput: 15.01 docs/sec
client-8  | [8d9997017a9d] PostgreSQL (100%) - Throughput: 15.37 docs/sec
client-8  | ✅ Inserted 100000 records into PostgreSQL
client-8  | ✅ PostgreSQL Connection closed
client-8  | [2025-02-19T05:26:56.722Z] 🏁 Data insertion completed in 6512.45 seconds
[Kclient-8 exited with code 0
client-5  | [9c162ade3bf2] PostgreSQL (100%) - Throughput: 15.34 docs/sec
client-5  | ✅ Inserted 100000 records into PostgreSQL
client-5  | ✅ PostgreSQL Connection closed
client-5  | [2025-02-19T05:27:04.965Z] 🏁 Data insertion completed in 6523.35 seconds
[Kclient-5 exited with code 0
client-4  | [f863ed562d54] PostgreSQL (100%) - Throughput: 15.25 docs/sec
client-4  | ✅ Inserted 100000 records into PostgreSQL
client-4  | ✅ PostgreSQL Connection closed
client-4  | [2025-02-19T05:27:43.848Z] 🏁 Data insertion completed in 6560.38 seconds
[Kclient-4 exited with code 0
client-7  | [b429b714b70f] PostgreSQL (100%) - Throughput: 15.23 docs/sec
client-7  | ✅ Inserted 100000 records into PostgreSQL
client-7  | ✅ PostgreSQL Connection closed
client-7  | [2025-02-19T05:27:58.333Z] 🏁 Data insertion completed in 6571.77 seconds
[Kclient-7 exited with code 0
client-6  | [1642256e623e] PostgreSQL (100%) - Throughput: 15.21 docs/sec
client-6  | ✅ Inserted 100000 records into PostgreSQL
client-6  | ✅ PostgreSQL Connection closed
client-6  | [2025-02-19T05:28:06.257Z] 🏁 Data insertion completed in 6580.22 seconds
[Kclient-6 exited with code 0
client-3  | [6c36903ec1a8] PostgreSQL (100%) - Throughput: 15.20 docs/sec
client-3  | ✅ Inserted 100000 records into PostgreSQL
client-3  | ✅ PostgreSQL Connection closed
client-3  | [2025-02-19T05:28:08.344Z] 🏁 Data insertion completed in 6583.42 seconds
[Kclient-3 exited with code 0
client-2  | [b45fa0dcdf1a] PostgreSQL (100%) - Throughput: 15.17 docs/sec
client-2  | ✅ Inserted 100000 records into PostgreSQL
client-2  | ✅ PostgreSQL Connection closed
client-2  | [2025-02-19T05:28:21.153Z] 🏁 Data insertion completed in 6598.57 seconds
[Kclient-2 exited with code 0
client-1  | [7269a4546724] PostgreSQL (100%) - Throughput: 15.11 docs/sec
client-1  | ✅ Inserted 100000 records into PostgreSQL
client-1  | ✅ PostgreSQL Connection closed
client-1  | [2025-02-19T05:28:46.738Z] 🏁 Data insertion completed in 6621.24 seconds
[Kclient-1 exited with code 0

 Performance counter stats for 'system wide':

   870,324,066,389      instructions:u            docker/55dc330cb7020f1127a8fd124a70b0ca075c48ece4d7480af8ae85851f1f665f                                   

    6629.248755968 seconds time elapsed

VACUUM
PostgreSQL count: 800000 size: 9530 MB
397f17e6-5f61-464c-8f01-f50bccb48c4e
6b3fa75a-e775-4614-ab8a-4763581e1e4e
d8e3db85-3dea-4980-bde5-41fc25f30ce7
4aee157d-5a4a-444c-9a0a-d2be46689e1e
2935f208-355d-47cc-919b-183a481c5c14
5c839cf8-433c-4d5c-a5df-a583e67cd33f
ac4d5fbf-68b8-441f-9f8b-1c3e4523e17f
cdbf98d5-aba1-414e-9340-a909b418b2fd
c1f5bb86-e7ee-4ec4-81ec-1576c90124ba
9a2283c8-5027-4bc3-91e6-ea45b92b7e40
public|jsonbench|id|f|0|16|-1|||{0005a073-d9c4-40d1-8ae3-e448cf53fc3d,02c58f11-d668-4031-b295-e181f3822b80,05660929-ca40-4a16-b021-4b145640ea60,082ae6b1-05d8-4e26-b643-6593cfa29ca8,0aaa0b01-ebf0-43f6-a526-1ad8919fc33e,0d67dc1b-0de0-40e0-a901-f6582779cc5b,0ffd8553-6f0f-415e-92c9-e0bfe4f8d7d9,129b9f41-5ebf-4541-8a91-20ba072e580c,1541fd6d-0b60-45ea-90fd-9c4786ed5730,17a6dffe-39dc-48f9-ac15-d2c743ec9e7b,1a0990a8-d26c-468c-89ee-1f9321b9d277,1c77d2e6-1632-4a7f-80ec-33c2674c4fe7,1f0c6cc4-e0c2-49bf-981f-cd2c606b7592,21b9211d-7983-4904-84d3-960621b07d2d,2409f06e-7826-4bb2-8d36-94cff48b9149,2659174e-6f88-4359-bb8e-f678b677adbc,28e76fa0-56fa-4747-be1a-ed2d7d4a7a72,2b51a22e-f332-4a44-8483-e82a01b04c02,2dd031ae-5ed7-4c4e-9aa4-1d7335f5f9fe,3068884c-6199-4529-84cf-23f3aef30773,32d6dc9c-735f-45cc-90b6-91a955a929a3,358d34c0-f935-4b27-9dcf-56f367bcd7d6,380047ba-1883-40ec-b933-f98a1e7f0b04,3a8a3815-ed65-400c-9070-2c1bc563901c,3d19c008-a9f1-4f22-8111-c337a95d28db,3f6f3698-fa81-4493-a69a-4bf155915690,420aef26-10be-49c3-a594-c62632fe6e54,4487cf70-3306-4a74-ac20-35ac35f78e31,474e4762-b5cf-4d1e-9f6f-30993d189314,49c2907f-1bdb-4de0-aa4a-fa984eea2a23,4c1ef9a2-d43d-475b-970a-c0ea1a4be26d,4e943d81-f330-4b54-a54d-66dda1b43501,510ea4e3-8452-4969-af48-5a0ff8e40454,539b0f24-e06b-4f64-b5ef-485612ce60a0,564bfe0f-00a8-44d1-a212-65a7396f6265,58f220be-48d1-4eb2-9a19-fcf9903e6532,5b7c898f-b3d3-437d-9368-05b750bdee68,5e077fc7-5238-4f1c-9bf4-df45d194f705,604a3091-9ba4-43e0-b41b-44ddde18ecf0,62f043cd-7cf7-449b-aac1-6b689768b984,655886df-8173-4c47-afbf-6bc650aa6229,67d27a7c-6ca7-42f7-a33f-948ac174b82e,6a5bb29f-5ce3-4a9b-adc6-4bd86fb5efbe,6ccee2a5-aad9-4678-b540-8f540b19d6ce,6f85ad6b-7b8f-407c-99ac-954adf1455ea,72148353-7bb9-4098-8a7c-fca69e1b8479,744d1eda-e7b6-4991-90b3-f7f677e6f5a0,7701e867-e246-4d63-9c5f-1eb14226513d,79b7cc62-26ed-4e90-818c-0c858f75d651,7c585a62-ba74-4488-9c05-ceaeb856d978,7ef727f4-65ab-4bad-8cd8-0c7f578c140a,8197e5f7-20b1-4cd3-8db6-2cd59dd7695c,842c0418-7b63-4b31-a4fc-58b9a1d84c00,86c63cc4-3b09-418b-a25d-1a7230d03388,899f6cf7-ca62-4826-a0f6-d9236524f544,8c8565b1-377b-482a-ac45-3281855c7460,8efe7399-0929-461a-b6e7-95a26d22a2a2,91acc310-c1b4-4e2f-862a-50b75903bcd9,94469c9e-8c0c-41a3-9f51-7415bbf2d6d3,96f3dfbf-025c-4bd6-9edf-777e1fc7090d,9962a62f-4a85-41d0-b486-5c968ee971de,9be73e59-b029-4685-b81d-068377a19ffa,9e33a842-d9ae-4609-b4c8-50308c4de64f,a0b8ee79-1d5a-4733-ac3e-4349064a6723,a368177e-5f2a-4ec5-a3de-0c58f151f1f7,a5ff8e39-574b-463f-a9a3-cdfe739058bf,a8b0b396-f988-47c5-92b1-53c337842b37,ab43955a-22da-409c-95f7-84f0e14cb9e9,adca46d3-92a4-4b72-a809-beb49278c612,b036c1f8-7051-4238-8025-bca2f79759eb,b2e5bd84-873b-47bf-8469-fde67ceb6b4f,b54609db-f76c-4835-a4d6-37e15057c0bc,b7fa3291-63e5-440a-943b-62458e2d2c09,ba5ad5c2-5756-4a7a-a84b-11a8c2dd312e,bcee592f-2e28-4de5-a387-dca7a98d357f,bf812aaf-c90e-4aef-acf6-4ca66ff727e8,c25c9262-e5dd-4d17-92bb-6a101b086a72,c53178a9-9171-4977-adef-a8bbb16c0ec6,c7d862bf-306a-4eef-b055-5ab44eb5b68b,ca4da53c-96f7-46ab-9eb6-c3588e4f4716,cd14d8cf-26f6-4b9a-98e8-3afd6d530e8e,cfc1b5b0-3212-4e68-82e0-5db725f6df70,d27cff1a-b40f-488c-872e-424c032f073f,d4f1fe41-82dc-47fd-bbbd-81382c2393dc,d734583a-699b-4036-b8c0-5ff9b019a50b,d9eac4a3-8204-4119-99a7-ec27ade579fd,dc875eec-0237-417b-9157-3bc017e4b06e,df1b2fca-aadf-4080-8088-4dbd66d0f212,e1897f60-9118-441f-88f8-f747b48bfc69,e41509bc-d5c9-473d-9aa4-74213eed5fcc,e67b319c-54fb-406f-8770-aa7f007fdfa0,e9174308-f8c1-4848-b4d6-a5be9e6c26cf,eb84e528-22f7-4c95-87c0-e7cfbee8f5fd,edfba235-b331-4c36-8024-2891e6d82584,f0b7e294-ba9b-45d1-bc0f-d45f75ec81fb,f32158d0-d6b9-4614-a20a-1926c42871fc,f57122d6-1c3a-42ce-8f58-d3c3f88a2522,f7d761cd-4f6a-48d4-ba99-7cefd584e334,fa7ec95e-ae32-47ba-a70d-1928c9de031b,fd2bbfe5-dfcc-4835-94c9-c2015263acb1,fffb9462-b692-492a-9936-8b8f40fe7598}|-0.008350248||||||
CONTAINER ID   NAME                   CPU %     MEM USAGE / LIMIT    MEM %     NET I/O           BLOCK I/O         PIDS
55dc330cb702   jsonbench-postgres-1   0.01%     4.194GiB / 9GiB      46.60%    8.56GB / 186MB    28.5MB / 43GB     6
57def4f57493   jsonbench-mongodb-1    0.38%     5.888GiB / 9GiB      65.42%    8.35GB / 146MB    4.89GB / 58.5GB   33
6ca7385c783b   jsonbench-grafana-1    1.02%     75.17MiB / 27.2GiB   0.27%     3.15MB / 6.23MB   0B / 5.64MB       14
4c48aa883ea9   cadvisor               1.69%     63.77MiB / 27.2GiB   0.23%     5.98MB / 319MB    0B / 0B           17
4831d6bffee2   prometheus             0.00%     96.99MiB / 27.2GiB   0.35%     320MB / 7.38MB    0B / 50.2MB       14
