CONTAINER ID   NAME                   CPU %     MEM USAGE / LIMIT    MEM %     NET I/O           BLOCK I/O     PIDS
5426c0065119   jsonbench-grafana-1    0.88%     63.72MiB / 27.2GiB   0.23%     28.1kB / 9.61kB   0B / 193kB    16
a04409d6ef6d   jsonbench-mongodb-1    0.34%     93.78MiB / 9GiB      1.02%     8.36MB / 200kB    0B / 9.42MB   33
c47c114b48f9   prometheus             0.00%     56.88MiB / 27.2GiB   0.20%     280kB / 5.58kB    0B / 0B       12
5eccfa684690   jsonbench-postgres-1   0.04%     127MiB / 9GiB        1.38%     2.49kB / 2.12kB   0B / 67.3MB   6
dadf432fa4b7   cadvisor               3.86%     26.23MiB / 27.2GiB   0.09%     6.09kB / 279kB    0B / 0B       15
postgres-init-1  | psql: error: connection to server at "postgres" (192.168.176.3), port 5432 failed: Connection refused
postgres-init-1  | 	Is the server running on that host and accepting TCP/IP connections?
postgres-init-1  | psql: error: connection to server at "postgres" (192.168.176.3), port 5432 failed: FATAL:  the database system is starting up
postgres-init-1  | drop table if exists jsonbench;
postgres-init-1  | psql:/dir/init.sql:1: NOTICE:  table "jsonbench" does not exist, skipping
postgres-init-1  | DROP TABLE
postgres-init-1  | create table if not exists jsonbench (
postgres-init-1  |     id uuid primary key,
postgres-init-1  |     data jsonb not null
postgres-init-1  | );
postgres-init-1  | CREATE TABLE
postgres-init-1  | show shared_buffers;
postgres-init-1  |  shared_buffers 
postgres-init-1  | ----------------
postgres-init-1  |  4GB
postgres-init-1  | (1 row)
postgres-init-1  | 
 Container jsonbench-mongodb-1  Running
 Container jsonbench-postgres-1  Running
 Container jsonbench-client-6  Recreate
 Container jsonbench-client-3  Recreate
 Container jsonbench-client-2  Recreate
 Container jsonbench-client-4  Recreate
 Container jsonbench-client-1  Recreate
 Container jsonbench-client-5  Recreate
 Container jsonbench-client-7  Recreate
 Container jsonbench-client-8  Recreate
 Container jsonbench-client-4  Recreated
 Container jsonbench-client-6  Recreated
 Container jsonbench-client-3  Recreated
 Container jsonbench-client-2  Recreated
 Container jsonbench-client-8  Recreated
 Container jsonbench-client-5  Recreated
 Container jsonbench-client-1  Recreated
 Container jsonbench-client-7  Recreated
Attaching to client-1, client-2, client-3, client-4, client-5, client-6, client-7, client-8
client-5  | Current Mongosh Log ID:	67b466dd12151e77cda3f67e
client-5  | Using Mongosh:		2.0.2
client-5  | 
client-5  | For mongosh info see: https://docs.mongodb.com/mongodb-shell/
client-5  | 
client-5  | 
client-5  | To help improve our products, anonymous usage data is collected and sent to MongoDB periodically (https://www.mongodb.com/legal/privacy-policy).
client-5  | You can opt-out by running the disableTelemetry() command.
client-5  | 
client-5  | Loading file: /dir/lib.js
client-1  | Current Mongosh Log ID:	67b466defd773b46b6641b47
client-1  | Using Mongosh:		2.0.2
client-1  | 
client-1  | For mongosh info see: https://docs.mongodb.com/mongodb-shell/
client-1  | 
client-1  | 
client-1  | To help improve our products, anonymous usage data is collected and sent to MongoDB periodically (https://www.mongodb.com/legal/privacy-policy).
client-1  | You can opt-out by running the disableTelemetry() command.
client-1  | 
client-1  | Loading file: /dir/lib.js
client-2  | Current Mongosh Log ID:	67b466df7ab3bbd3fc504b1a
client-5  | 📚 lib.js loaded
client-5  | [2025-02-18T10:54:23.594Z] 🚀 Starting data insertion into postgres://postgres:xxx@postgres:5432/postgres for 100 documents of 1000 bytes * 10 fields
client-6  | Current Mongosh Log ID:	67b466dfcc666ad4789c0259
client-2  | Using Mongosh:		2.0.2
client-2  | 
client-2  | For mongosh info see: https://docs.mongodb.com/mongodb-shell/
client-2  | 
client-2  | 
client-2  | To help improve our products, anonymous usage data is collected and sent to MongoDB periodically (https://www.mongodb.com/legal/privacy-policy).
client-2  | You can opt-out by running the disableTelemetry() command.
client-2  | 
client-2  | Loading file: /dir/lib.js
client-6  | Using Mongosh:		2.0.2
client-6  | 
client-6  | For mongosh info see: https://docs.mongodb.com/mongodb-shell/
client-6  | 
client-6  | 
client-6  | To help improve our products, anonymous usage data is collected and sent to MongoDB periodically (https://www.mongodb.com/legal/privacy-policy).
client-6  | You can opt-out by running the disableTelemetry() command.
client-6  | 
client-6  | Loading file: /dir/lib.js
client-1  | 📚 lib.js loaded
client-1  | [2025-02-18T10:54:24.507Z] 🚀 Starting data insertion into postgres://postgres:xxx@postgres:5432/postgres for 100 documents of 1000 bytes * 10 fields
client-3  | Current Mongosh Log ID:	67b466e0757d429ae492e18e
client-3  | Using Mongosh:		2.0.2
client-3  | 
client-3  | For mongosh info see: https://docs.mongodb.com/mongodb-shell/
client-3  | 
client-3  | 
client-3  | To help improve our products, anonymous usage data is collected and sent to MongoDB periodically (https://www.mongodb.com/legal/privacy-policy).
client-3  | You can opt-out by running the disableTelemetry() command.
client-3  | 
client-3  | Loading file: /dir/lib.js
client-7  | Current Mongosh Log ID:	67b466e159ec2ae65b0a7b24
client-2  | 📚 lib.js loaded
client-2  | [2025-02-18T10:54:25.628Z] 🚀 Starting data insertion into postgres://postgres:xxx@postgres:5432/postgres for 100 documents of 1000 bytes * 10 fields
client-6  | 📚 lib.js loaded
client-6  | [2025-02-18T10:54:26.053Z] 🚀 Starting data insertion into postgres://postgres:xxx@postgres:5432/postgres for 100 documents of 1000 bytes * 10 fields
client-7  | Using Mongosh:		2.0.2
client-7  | 
client-7  | For mongosh info see: https://docs.mongodb.com/mongodb-shell/
client-7  | 
client-7  | 
client-7  | To help improve our products, anonymous usage data is collected and sent to MongoDB periodically (https://www.mongodb.com/legal/privacy-policy).
client-7  | You can opt-out by running the disableTelemetry() command.
client-7  | 
client-7  | Loading file: /dir/lib.js
client-4  | Current Mongosh Log ID:	67b466e264bedf9cdcb96c34
client-4  | Using Mongosh:		2.0.2
client-4  | 
client-4  | For mongosh info see: https://docs.mongodb.com/mongodb-shell/
client-4  | 
client-4  | 
client-4  | To help improve our products, anonymous usage data is collected and sent to MongoDB periodically (https://www.mongodb.com/legal/privacy-policy).
client-4  | You can opt-out by running the disableTelemetry() command.
client-4  | 
client-4  | Loading file: /dir/lib.js
client-8  | Current Mongosh Log ID:	67b466e2b94727f699799027
client-3  | 📚 lib.js loaded
client-3  | [2025-02-18T10:54:26.825Z] 🚀 Starting data insertion into postgres://postgres:xxx@postgres:5432/postgres for 100 documents of 1000 bytes * 10 fields
client-8  | Using Mongosh:		2.0.2
client-8  | 
client-8  | For mongosh info see: https://docs.mongodb.com/mongodb-shell/
client-8  | 
client-8  | 
client-8  | To help improve our products, anonymous usage data is collected and sent to MongoDB periodically (https://www.mongodb.com/legal/privacy-policy).
client-8  | You can opt-out by running the disableTelemetry() command.
client-8  | 
client-8  | Loading file: /dir/lib.js
client-7  | 📚 lib.js loaded
client-7  | [2025-02-18T10:54:27.503Z] 🚀 Starting data insertion into postgres://postgres:xxx@postgres:5432/postgres for 100 documents of 1000 bytes * 10 fields
client-4  | 📚 lib.js loaded
client-4  | [2025-02-18T10:54:27.969Z] 🚀 Starting data insertion into postgres://postgres:xxx@postgres:5432/postgres for 100 documents of 1000 bytes * 10 fields
client-8  | 📚 lib.js loaded
client-8  | [2025-02-18T10:54:28.449Z] 🚀 Starting data insertion into postgres://postgres:xxx@postgres:5432/postgres for 100 documents of 1000 bytes * 10 fields
client-5  | [f7ff4211f5fb] PostgreSQL (10%) - Throughput: 25.70 docs/sec
client-5  | [f7ff4211f5fb] PostgreSQL (20%) - Throughput: 29.54 docs/sec
client-5  | [f7ff4211f5fb] PostgreSQL (30%) - Throughput: 30.57 docs/sec
client-5  | [f7ff4211f5fb] PostgreSQL (40%) - Throughput: 30.61 docs/sec
client-1  | [c4a698abf17e] PostgreSQL (10%) - Throughput: 23.64 docs/sec
client-5  | [f7ff4211f5fb] PostgreSQL (50%) - Throughput: 31.03 docs/sec
client-1  | [c4a698abf17e] PostgreSQL (20%) - Throughput: 26.85 docs/sec
client-5  | [f7ff4211f5fb] PostgreSQL (60%) - Throughput: 31.46 docs/sec
client-1  | [c4a698abf17e] PostgreSQL (30%) - Throughput: 28.15 docs/sec
client-5  | [f7ff4211f5fb] PostgreSQL (70%) - Throughput: 31.03 docs/sec
client-1  | [c4a698abf17e] PostgreSQL (40%) - Throughput: 27.78 docs/sec
client-2  | [2175e6732a78] PostgreSQL (10%) - Throughput: 21.87 docs/sec
client-5  | [f7ff4211f5fb] PostgreSQL (80%) - Throughput: 30.73 docs/sec
client-1  | [c4a698abf17e] PostgreSQL (50%) - Throughput: 27.60 docs/sec
client-2  | [2175e6732a78] PostgreSQL (20%) - Throughput: 24.66 docs/sec
client-6  | [f91ce32dba62] PostgreSQL (10%) - Throughput: 22.34 docs/sec
client-5  | [f7ff4211f5fb] PostgreSQL (90%) - Throughput: 30.59 docs/sec
client-1  | [c4a698abf17e] PostgreSQL (60%) - Throughput: 27.46 docs/sec
client-2  | [2175e6732a78] PostgreSQL (30%) - Throughput: 25.08 docs/sec
client-6  | [f91ce32dba62] PostgreSQL (20%) - Throughput: 24.53 docs/sec
client-5  | [f7ff4211f5fb] PostgreSQL (100%) - Throughput: 29.92 docs/sec
client-5  | ✅ Inserted 100 records into PostgreSQL
client-5  | ✅ PostgreSQL Connection closed
client-5  | [2025-02-18T10:54:32.017Z] 🏁 Data insertion completed in 8.42 seconds
client-1  | [c4a698abf17e] PostgreSQL (70%) - Throughput: 26.70 docs/sec
[Kclient-5 exited with code 0
client-2  | [2175e6732a78] PostgreSQL (40%) - Throughput: 24.13 docs/sec
client-6  | [f91ce32dba62] PostgreSQL (30%) - Throughput: 23.88 docs/sec
client-3  | [fd38b2681edf] PostgreSQL (10%) - Throughput: 18.37 docs/sec
client-1  | [c4a698abf17e] PostgreSQL (80%) - Throughput: 26.98 docs/sec
client-2  | [2175e6732a78] PostgreSQL (50%) - Throughput: 23.88 docs/sec
client-3  | [fd38b2681edf] PostgreSQL (20%) - Throughput: 21.62 docs/sec
client-6  | [f91ce32dba62] PostgreSQL (40%) - Throughput: 22.70 docs/sec
client-1  | [c4a698abf17e] PostgreSQL (90%) - Throughput: 26.15 docs/sec
client-7  | [18d91ffd0055] PostgreSQL (10%) - Throughput: 18.39 docs/sec
client-2  | [2175e6732a78] PostgreSQL (60%) - Throughput: 23.92 docs/sec
client-3  | [fd38b2681edf] PostgreSQL (30%) - Throughput: 21.06 docs/sec
client-6  | [f91ce32dba62] PostgreSQL (50%) - Throughput: 21.55 docs/sec
client-4  | [06e865e8f711] PostgreSQL (10%) - Throughput: 16.09 docs/sec
client-1  | [c4a698abf17e] PostgreSQL (100%) - Throughput: 24.54 docs/sec
client-1  | ✅ Inserted 100 records into PostgreSQL
client-1  | ✅ PostgreSQL Connection closed
client-1  | [2025-02-18T10:54:33.667Z] 🏁 Data insertion completed in 9.16 seconds
client-7  | [18d91ffd0055] PostgreSQL (20%) - Throughput: 17.67 docs/sec
client-2  | [2175e6732a78] PostgreSQL (70%) - Throughput: 23.43 docs/sec
client-3  | [fd38b2681edf] PostgreSQL (40%) - Throughput: 19.85 docs/sec
[Kclient-1 exited with code 0
client-6  | [f91ce32dba62] PostgreSQL (60%) - Throughput: 20.70 docs/sec
client-4  | [06e865e8f711] PostgreSQL (20%) - Throughput: 18.31 docs/sec
client-7  | [18d91ffd0055] PostgreSQL (30%) - Throughput: 17.99 docs/sec
client-2  | [2175e6732a78] PostgreSQL (80%) - Throughput: 22.40 docs/sec
client-8  | [11f1522b9df5] PostgreSQL (10%) - Throughput: 12.45 docs/sec
client-3  | [fd38b2681edf] PostgreSQL (50%) - Throughput: 20.50 docs/sec
client-4  | [06e865e8f711] PostgreSQL (30%) - Throughput: 20.54 docs/sec
client-6  | [f91ce32dba62] PostgreSQL (70%) - Throughput: 19.89 docs/sec
client-8  | [11f1522b9df5] PostgreSQL (20%) - Throughput: 16.02 docs/sec
client-2  | [2175e6732a78] PostgreSQL (90%) - Throughput: 22.12 docs/sec
client-7  | [18d91ffd0055] PostgreSQL (40%) - Throughput: 17.86 docs/sec
client-4  | [06e865e8f711] PostgreSQL (40%) - Throughput: 21.55 docs/sec
client-3  | [fd38b2681edf] PostgreSQL (60%) - Throughput: 19.89 docs/sec
client-6  | [f91ce32dba62] PostgreSQL (80%) - Throughput: 20.40 docs/sec
client-7  | [18d91ffd0055] PostgreSQL (50%) - Throughput: 18.43 docs/sec
client-4  | [06e865e8f711] PostgreSQL (50%) - Throughput: 22.18 docs/sec
client-8  | [11f1522b9df5] PostgreSQL (30%) - Throughput: 16.21 docs/sec
client-2  | [2175e6732a78] PostgreSQL (100%) - Throughput: 21.45 docs/sec
client-2  | ✅ Inserted 100 records into PostgreSQL
client-2  | ✅ PostgreSQL Connection closed
client-2  | [2025-02-18T10:54:35.370Z] 🏁 Data insertion completed in 9.74 seconds
client-3  | [fd38b2681edf] PostgreSQL (70%) - Throughput: 19.34 docs/sec
client-6  | [f91ce32dba62] PostgreSQL (90%) - Throughput: 20.35 docs/sec
[Kclient-2 exited with code 0
client-4  | [06e865e8f711] PostgreSQL (60%) - Throughput: 21.79 docs/sec
client-8  | [11f1522b9df5] PostgreSQL (40%) - Throughput: 17.49 docs/sec
client-7  | [18d91ffd0055] PostgreSQL (60%) - Throughput: 18.47 docs/sec
client-3  | [fd38b2681edf] PostgreSQL (80%) - Throughput: 19.99 docs/sec
client-6  | [f91ce32dba62] PostgreSQL (100%) - Throughput: 20.73 docs/sec
client-6  | ✅ Inserted 100 records into PostgreSQL
client-6  | ✅ PostgreSQL Connection closed
client-6  | [2025-02-18T10:54:35.945Z] 🏁 Data insertion completed in 9.89 seconds
client-8  | [11f1522b9df5] PostgreSQL (50%) - Throughput: 18.50 docs/sec
[Kclient-6 exited with code 0
client-3  | [fd38b2681edf] PostgreSQL (90%) - Throughput: 20.53 docs/sec
client-4  | [06e865e8f711] PostgreSQL (70%) - Throughput: 21.42 docs/sec
client-7  | [18d91ffd0055] PostgreSQL (70%) - Throughput: 18.64 docs/sec
client-8  | [11f1522b9df5] PostgreSQL (60%) - Throughput: 19.64 docs/sec
client-4  | [06e865e8f711] PostgreSQL (80%) - Throughput: 22.12 docs/sec
client-3  | [fd38b2681edf] PostgreSQL (100%) - Throughput: 21.01 docs/sec
client-3  | ✅ Inserted 100 records into PostgreSQL
client-7  | [18d91ffd0055] PostgreSQL (80%) - Throughput: 19.52 docs/sec
client-3  | ✅ PostgreSQL Connection closed
client-3  | [2025-02-18T10:54:36.653Z] 🏁 Data insertion completed in 9.83 seconds
[Kclient-3 exited with code 0
client-8  | [11f1522b9df5] PostgreSQL (70%) - Throughput: 20.27 docs/sec
client-4  | [06e865e8f711] PostgreSQL (90%) - Throughput: 22.66 docs/sec
client-7  | [18d91ffd0055] PostgreSQL (90%) - Throughput: 20.24 docs/sec
client-8  | [11f1522b9df5] PostgreSQL (80%) - Throughput: 20.84 docs/sec
client-4  | [06e865e8f711] PostgreSQL (100%) - Throughput: 22.77 docs/sec
client-4  | ✅ Inserted 100 records into PostgreSQL
client-4  | ✅ PostgreSQL Connection closed
client-4  | [2025-02-18T10:54:37.414Z] 🏁 Data insertion completed in 9.45 seconds
client-7  | [18d91ffd0055] PostgreSQL (100%) - Throughput: 19.99 docs/sec
client-7  | ✅ Inserted 100 records into PostgreSQL
client-7  | ✅ PostgreSQL Connection closed
client-7  | [2025-02-18T10:54:37.562Z] 🏁 Data insertion completed in 10.06 seconds
[Kclient-4 exited with code 0
client-8  | [11f1522b9df5] PostgreSQL (90%) - Throughput: 21.02 docs/sec
[Kclient-7 exited with code 0
client-8  | [11f1522b9df5] PostgreSQL (100%) - Throughput: 21.68 docs/sec
client-8  | ✅ Inserted 100 records into PostgreSQL
client-8  | ✅ PostgreSQL Connection closed
client-8  | [2025-02-18T10:54:38.115Z] 🏁 Data insertion completed in 9.67 seconds
[Kclient-8 exited with code 0

 Performance counter stats for 'system wide':

     1,057,476,699      instructions:u            docker/5eccfa6846902c51af1bc67aeafdfa7b988d267fb8a571b1814b069f8c90abf1                                   

      18.685496396 seconds time elapsed

VACUUM
PostgreSQL count: 800 size: 9888 kB
20be2d7e-b463-4af5-b45f-b622189ebf42
910ad9a1-0418-464d-8106-b3a9e5a4f22d
e18a50ef-e23a-456b-8442-266ea719cd64
7ac38aa1-d10f-44c9-a6ff-6298e3b5f7a0
0af3ec74-9178-47b0-b3a6-62e8b752dd48
0697d0ee-80aa-4028-9baa-0ffe6c6781d5
78812c72-cdf3-498e-bb68-74e38ed331b7
d2876722-6a9b-4ede-8e04-eab5dbf2613d
01f92cd8-3a61-4471-85d3-378099ccf2fe
b1cdce6e-3ea9-4c10-aafc-88f0153f10db
public|jsonbench|id|f|0|16|-1|||{012d4684-e7ba-410c-b51c-c194832a1fb1,02f4a145-c574-4e41-b35c-29893b4bbc5b,0643607a-fc8d-4bc9-a837-38f90765d673,06b10756-5191-4c19-ad76-36a5fff09494,0a0be064-fb2a-462c-8593-40694c22d46b,0df834ca-e7bc-4848-8dac-c2024af9ab42,0fb6e749-2f6f-4d0b-9bea-0442358bf6db,12e3faaa-c841-4039-a2d5-37ccdcf88447,15dab576-6c46-4604-bb4f-8123f73500e2,1a0a1652-c14c-4950-84af-e61ecf79fae1,1c58c2f3-4555-4c7e-9650-7f1b781a1c95,1e9ad82d-e3b4-4188-9500-d55ad4e42fdb,215865fc-0de0-40ed-a725-d2d5b7b2bdc3,22970b2c-3238-4a2a-8014-66b522399506,23aec7a8-e6df-4aa2-a443-2f163bf66763,25ebde99-07bd-4d3a-a1a4-8f4164626255,272ecba0-64e2-4901-aa71-397ebbe0a9cb,2b8b84ef-1390-47b0-b56d-2c754a9c068b,2fad7cef-28a3-4ff6-b7c5-04ec31dd8090,313b10e6-9312-4b00-b02b-c9c357c6afab,3333a9ba-eda9-42d1-85e3-b9308ab65326,3654a57c-4b87-4be5-9d43-5f8ac6d97403,3853ee64-446b-49fe-85c0-d8c25cdce0ed,3a8cd670-53da-4d06-b8ac-7d87e94f918c,3ce5d9a7-d109-4754-840a-3389ce0c1fb1,3f373bd3-fa2e-4898-bfdd-044bde2a817f,41abec47-707e-44b7-9355-a7d91c4fdedf,4381968c-0dbc-4db4-988c-d709ce8c1fc2,45fb21b7-ed35-4a6d-b51d-4439e4b76e44,48f78a27-aa79-4ba8-a89b-1c79d71d9831,4ce23b36-10f3-406b-a13f-c5d7a8a181c3,4e58a475-825e-42cd-8cd6-cd408b92bab5,4ffdbe47-5c03-4261-98e2-5fcdaa2c09c7,5241fdd5-cf50-4115-bc17-40c13a409191,5465059d-314a-4914-840c-9d75cf1bdf8c,57e465b4-942c-4d04-976c-003059cef403,5ac53a8d-b2ca-455d-a4cd-2a9462483853,5cb9e7e9-5da7-4af1-aaff-f5b6e6b69819,5f387783-f5ff-420e-9c8f-768078e1bdea,613a50c5-7cf0-4ff6-aaee-baa0423ffeff,635c925a-f28f-4a21-bad8-37d03a37b928,65fd93ab-c329-4825-9388-a5e7901dd0ff,674c2a44-424d-44b9-8862-f5def5c9b8f5,6a62ac1d-649a-4fe8-8a5c-0fb8b2a9c53d,6cbf1859-3182-4839-90f2-2ab9d446af2c,6e7bc81c-0ddc-42bc-bc7b-4d3f92a584bf,7098e764-2051-4158-952e-8c118ff1d4af,74ea9132-dbe5-481a-b835-6913df47d4f1,764517f2-d3fd-470b-888f-6cfb147b9c57,79379d80-8b66-4154-9d30-65e3bd7e72d5,7c99394a-ecac-4792-a72e-073f656a805c,7e28040c-5cd8-4d34-9f95-b3d538313285,813c9977-a221-476f-881e-1c760b1ed8f5,85b039e6-f588-43b9-b784-a692fa346188,87f135ae-1c0c-4cbf-9cdf-f9be0e8ed895,8b13fff8-3d24-4d89-825f-a266a50b98dc,8dc6867d-a9b5-4d1f-8ead-9f3fa8bc40f0,905a4921-61bc-452c-a907-87e624b4f69c,9270e2a1-97c4-4da8-a0c9-955457639a9b,964cbc4f-8f5d-44ce-9571-efe7eeae5667,97c0995a-f75f-497a-bdd9-09fa3784974b,99d18bd9-a556-400f-a41c-dc4ff7f0b156,9bd4328a-8c12-4ad0-a9b8-96751171f727,9d52da3e-02b5-432c-9d4a-b05f76301267,a0dca58a-d28e-4067-9e06-23910d1c78f4,a318e5a7-12e7-4c00-a62d-8386582e9590,a47c8f52-4cc2-48d6-a5f0-266211cea645,a682fbaa-c5e3-44cc-9535-746d82bff5b9,a8e32a0f-c94e-4ab4-903d-6b4426e7047e,ab391f44-044b-4e84-8410-6291b0bb963e,aec2d584-a001-4fd4-9f7b-2fb3db9e7f7f,b3a60134-1a47-4770-a1bd-9a72556d3a9a,b6493adc-d328-48cf-9b6b-3ec5daa06e1c,b78eb054-8123-4abd-be51-d886e7438734,baa66a93-e3fe-426a-b2bb-412cc02d74f4,bc5af49a-9da1-4009-93a0-7a792da8ec7a,be5b72df-fe03-4f8c-a63a-380290f22d43,c0947b64-7176-456b-b096-434c4a8ac48f,c22633a9-1203-492a-8e5d-fb4cadb9db83,c5e62710-02b6-4647-9b30-a94d7ba7448d,c7c29a71-29f5-4b9f-bac2-fcb60ac29de2,c99cd9e3-26b2-4d13-95e5-d970407fc1cf,ccaa4f7f-6d37-42ca-ac92-8ceb4a74dd02,cefdac07-973e-478b-a6f8-3a6f5ed3c765,d2411180-06f6-48bb-b438-ee07b9e06faa,d3a02166-6481-4ce1-b1e3-c62972a82826,d6e19459-98a4-4127-a585-9bdb4ee8c555,da6e9b18-a40c-42ef-8efb-0372f1350955,dc0fa228-fcd6-4750-8261-fe3bc36feef1,e07cc566-cb49-4059-956f-14ae86630c7f,e26f464a-64cb-4e05-9e32-7328d0a92b5b,e386f1b7-572a-45f0-b9b1-243f305bf26b,e6dd317e-1751-45f1-bbac-a5b4a160a029,eabfddc5-a5a2-492b-a0db-68272f4699e8,ee665f06-9ece-4542-a04f-909bcd16fd51,f170a3c8-1584-4f85-ada2-5141ea596947,f4eb00f4-c675-4b65-9796-1f8f102c620a,f7a24eb4-796b-4318-b23b-9b6b11951337,f92d8675-ce79-447d-bf46-2c359b4bc43a,fd5caa08-754d-4fdb-a4ac-4c99d9c5e097,ffc2f80a-6964-4eee-ac48-5fec48fcff0e}|0.028529435||||||
CONTAINER ID   NAME                   CPU %     MEM USAGE / LIMIT    MEM %     NET I/O           BLOCK I/O     PIDS
5426c0065119   jsonbench-grafana-1    1.01%     66.81MiB / 27.2GiB   0.24%     28.9kB / 10.1kB   0B / 193kB    16
a04409d6ef6d   jsonbench-mongodb-1    0.34%     94.05MiB / 9GiB      1.02%     8.36MB / 200kB    0B / 24.3MB   33
c47c114b48f9   prometheus             0.00%     70.34MiB / 27.2GiB   0.25%     570kB / 10.8kB    0B / 0B       13
5eccfa684690   jsonbench-postgres-1   0.09%     140.5MiB / 9GiB      1.52%     8.56MB / 204kB    0B / 109MB    6
dadf432fa4b7   cadvisor               1.71%     42.61MiB / 27.2GiB   0.15%     11.7kB / 569kB    0B / 0B       15
[ perf record: Woken up 1 times to write data ]
[ perf record: Captured and wrote 0.000 MB - ]
