CONTAINER ID   NAME                   CPU %     MEM USAGE / LIMIT    MEM %     NET I/O           BLOCK I/O         PIDS
c933f1c912bb   jsonbench-postgres-1   0.56%     130.3MiB / 9GiB      1.41%     1.99kB / 1.68kB   0B / 68.5MB       6
2552316bfc85   jsonbench-mongodb-1    0.30%     5.872GiB / 9GiB      65.25%    8.35GB / 146MB    4.84GB / 57.2GB   33
ca9f60cde762   jsonbench-grafana-1    0.79%     73.91MiB / 27.2GiB   0.27%     2.9MB / 8.32MB    0B / 5.1MB        20
9f7c19b54292   prometheus             0.00%     98.16MiB / 27.2GiB   0.35%     245MB / 5.85MB    0B / 24MB         14
7aaca6038158   cadvisor               2.57%     58.14MiB / 27.2GiB   0.21%     4.59MB / 245MB    20.5kB / 0B       18
postgres-init-1  | psql: error: connection to server at "postgres" (192.168.64.5), port 5432 failed: Connection refused
postgres-init-1  | 	Is the server running on that host and accepting TCP/IP connections?
postgres-init-1  | drop table if exists jsonbench;
postgres-init-1  | psql:/dir/init.sql:1: NOTICE:  table "jsonbench" does not exist, skipping
postgres-init-1  | DROP TABLE
postgres-init-1  | create table if not exists jsonbench (
postgres-init-1  |     id uuid primary key,
postgres-init-1  |     data jsonb not null
postgres-init-1  | );
postgres-init-1  | CREATE TABLE
postgres-init-1  | show shared_buffers;
postgres-init-1  |  shared_buffers 
postgres-init-1  | ----------------
postgres-init-1  |  4GB
postgres-init-1  | (1 row)
postgres-init-1  | 
 Container jsonbench-mongodb-1  Running
 Container jsonbench-postgres-1  Running
 Container jsonbench-client-4  Recreate
 Container jsonbench-client-1  Recreate
 Container jsonbench-client-5  Recreate
 Container jsonbench-client-3  Recreate
 Container jsonbench-client-8  Recreate
 Container jsonbench-client-6  Recreate
 Container jsonbench-client-2  Recreate
 Container jsonbench-client-7  Recreate
 Container jsonbench-client-5  Recreated
 Container jsonbench-client-4  Recreated
 Container jsonbench-client-2  Recreated
 Container jsonbench-client-3  Recreated
 Container jsonbench-client-7  Recreated
 Container jsonbench-client-1  Recreated
 Container jsonbench-client-8  Recreated
 Container jsonbench-client-6  Recreated
Attaching to client-1, client-2, client-3, client-4, client-5, client-6, client-7, client-8
client-6  | Current Mongosh Log ID:	67b283066eda79800b0c77fd
client-6  | Using Mongosh:		2.0.2
client-6  | 
client-6  | For mongosh info see: https://docs.mongodb.com/mongodb-shell/
client-6  | 
client-6  | 
client-6  | To help improve our products, anonymous usage data is collected and sent to MongoDB periodically (https://www.mongodb.com/legal/privacy-policy).
client-6  | You can opt-out by running the disableTelemetry() command.
client-6  | 
client-6  | Loading file: /dir/lib.js
client-8  | Current Mongosh Log ID:	67b283079be7dd1bf41df5ea
client-8  | Using Mongosh:		2.0.2
client-8  | 
client-8  | For mongosh info see: https://docs.mongodb.com/mongodb-shell/
client-8  | 
client-8  | 
client-8  | To help improve our products, anonymous usage data is collected and sent to MongoDB periodically (https://www.mongodb.com/legal/privacy-policy).
client-8  | You can opt-out by running the disableTelemetry() command.
client-8  | 
client-8  | Loading file: /dir/lib.js
client-7  | Current Mongosh Log ID:	67b2830848c1da7568a0902b
client-6  | 📚 lib.js loaded
client-6  | [2025-02-17T00:30:00.561Z] 🚀 Starting data insertion into postgres://postgres:xxx@postgres:5432/postgres for 100000 documents of 1000 bytes * 10 fields
client-7  | Using Mongosh:		2.0.2
client-7  | 
client-7  | For mongosh info see: https://docs.mongodb.com/mongodb-shell/
client-7  | 
client-7  | 
client-7  | To help improve our products, anonymous usage data is collected and sent to MongoDB periodically (https://www.mongodb.com/legal/privacy-policy).
client-7  | You can opt-out by running the disableTelemetry() command.
client-7  | 
client-7  | Loading file: /dir/lib.js
client-3  | Current Mongosh Log ID:	67b28308762607a50830ebb6
client-8  | 📚 lib.js loaded
client-8  | [2025-02-17T00:30:01.580Z] 🚀 Starting data insertion into postgres://postgres:xxx@postgres:5432/postgres for 100000 documents of 1000 bytes * 10 fields
client-3  | Using Mongosh:		2.0.2
client-3  | 
client-3  | For mongosh info see: https://docs.mongodb.com/mongodb-shell/
client-3  | 
client-3  | 
client-3  | To help improve our products, anonymous usage data is collected and sent to MongoDB periodically (https://www.mongodb.com/legal/privacy-policy).
client-3  | You can opt-out by running the disableTelemetry() command.
client-3  | 
client-3  | Loading file: /dir/lib.js
client-2  | Current Mongosh Log ID:	67b28309521e0dea0fb0fcba
client-2  | Using Mongosh:		2.0.2
client-2  | 
client-2  | For mongosh info see: https://docs.mongodb.com/mongodb-shell/
client-2  | 
client-2  | 
client-2  | To help improve our products, anonymous usage data is collected and sent to MongoDB periodically (https://www.mongodb.com/legal/privacy-policy).
client-2  | You can opt-out by running the disableTelemetry() command.
client-2  | 
client-2  | Loading file: /dir/lib.js
client-4  | Current Mongosh Log ID:	67b2830a1dcc2290b32c8f44
client-7  | 📚 lib.js loaded
client-7  | [2025-02-17T00:30:02.579Z] 🚀 Starting data insertion into postgres://postgres:xxx@postgres:5432/postgres for 100000 documents of 1000 bytes * 10 fields
client-4  | Using Mongosh:		2.0.2
client-4  | 
client-4  | For mongosh info see: https://docs.mongodb.com/mongodb-shell/
client-4  | 
client-4  | 
client-4  | To help improve our products, anonymous usage data is collected and sent to MongoDB periodically (https://www.mongodb.com/legal/privacy-policy).
client-4  | You can opt-out by running the disableTelemetry() command.
client-4  | 
client-4  | Loading file: /dir/lib.js
client-3  | 📚 lib.js loaded
client-3  | [2025-02-17T00:30:03.291Z] 🚀 Starting data insertion into postgres://postgres:xxx@postgres:5432/postgres for 100000 documents of 1000 bytes * 10 fields
client-5  | Current Mongosh Log ID:	67b2830be5c248d1c3a82e82
client-5  | Using Mongosh:		2.0.2
client-5  | 
client-5  | For mongosh info see: https://docs.mongodb.com/mongodb-shell/
client-5  | 
client-5  | 
client-5  | To help improve our products, anonymous usage data is collected and sent to MongoDB periodically (https://www.mongodb.com/legal/privacy-policy).
client-5  | You can opt-out by running the disableTelemetry() command.
client-5  | 
client-5  | Loading file: /dir/lib.js
client-1  | Current Mongosh Log ID:	67b2830b2f90f49d0462d578
client-2  | 📚 lib.js loaded
client-2  | [2025-02-17T00:30:03.968Z] 🚀 Starting data insertion into postgres://postgres:xxx@postgres:5432/postgres for 100000 documents of 1000 bytes * 10 fields
client-1  | Using Mongosh:		2.0.2
client-1  | 
client-1  | For mongosh info see: https://docs.mongodb.com/mongodb-shell/
client-1  | 
client-1  | 
client-1  | To help improve our products, anonymous usage data is collected and sent to MongoDB periodically (https://www.mongodb.com/legal/privacy-policy).
client-1  | You can opt-out by running the disableTelemetry() command.
client-1  | 
client-1  | Loading file: /dir/lib.js
client-4  | 📚 lib.js loaded
client-4  | [2025-02-17T00:30:04.525Z] 🚀 Starting data insertion into postgres://postgres:xxx@postgres:5432/postgres for 100000 documents of 1000 bytes * 10 fields
client-5  | 📚 lib.js loaded
client-5  | [2025-02-17T00:30:05.088Z] 🚀 Starting data insertion into postgres://postgres:xxx@postgres:5432/postgres for 100000 documents of 1000 bytes * 10 fields
client-1  | 📚 lib.js loaded
client-1  | [2025-02-17T00:30:05.545Z] 🚀 Starting data insertion into postgres://postgres:xxx@postgres:5432/postgres for 100000 documents of 1000 bytes * 10 fields
[ perf record: Woken up 1 times to write data ]
[ perf record: Captured and wrote 0.000 MB - ]
client-6  | [63fb608c5ca2] PostgreSQL (10%) - Throughput: 15.48 docs/sec
client-8  | [9b6bd81c0693] PostgreSQL (10%) - Throughput: 15.40 docs/sec
client-4  | [2d2682847e9e] PostgreSQL (10%) - Throughput: 15.47 docs/sec
client-7  | [6049c073120c] PostgreSQL (10%) - Throughput: 15.39 docs/sec
client-5  | [ef47bc5f19b0] PostgreSQL (10%) - Throughput: 15.44 docs/sec
client-1  | [2b1f1e2a0f9d] PostgreSQL (10%) - Throughput: 15.44 docs/sec
client-2  | [9091e7dbbff9] PostgreSQL (10%) - Throughput: 15.27 docs/sec
client-3  | [347284a7d3cb] PostgreSQL (10%) - Throughput: 15.13 docs/sec
client-4  | [2d2682847e9e] PostgreSQL (20%) - Throughput: 15.46 docs/sec
client-1  | [2b1f1e2a0f9d] PostgreSQL (20%) - Throughput: 15.44 docs/sec
client-5  | [ef47bc5f19b0] PostgreSQL (20%) - Throughput: 15.42 docs/sec
client-7  | [6049c073120c] PostgreSQL (20%) - Throughput: 15.39 docs/sec
client-8  | [9b6bd81c0693] PostgreSQL (20%) - Throughput: 15.34 docs/sec
client-6  | [63fb608c5ca2] PostgreSQL (20%) - Throughput: 15.31 docs/sec
client-2  | [9091e7dbbff9] PostgreSQL (20%) - Throughput: 15.30 docs/sec
client-3  | [347284a7d3cb] PostgreSQL (20%) - Throughput: 15.11 docs/sec
client-1  | [2b1f1e2a0f9d] PostgreSQL (30%) - Throughput: 15.51 docs/sec
client-4  | [2d2682847e9e] PostgreSQL (30%) - Throughput: 15.50 docs/sec
client-5  | [ef47bc5f19b0] PostgreSQL (30%) - Throughput: 15.48 docs/sec
client-7  | [6049c073120c] PostgreSQL (30%) - Throughput: 15.45 docs/sec
client-8  | [9b6bd81c0693] PostgreSQL (30%) - Throughput: 15.34 docs/sec
client-6  | [63fb608c5ca2] PostgreSQL (30%) - Throughput: 15.33 docs/sec
client-2  | [9091e7dbbff9] PostgreSQL (30%) - Throughput: 15.36 docs/sec
client-3  | [347284a7d3cb] PostgreSQL (30%) - Throughput: 15.15 docs/sec
client-1  | [2b1f1e2a0f9d] PostgreSQL (40%) - Throughput: 15.46 docs/sec
client-4  | [2d2682847e9e] PostgreSQL (40%) - Throughput: 15.45 docs/sec
client-5  | [ef47bc5f19b0] PostgreSQL (40%) - Throughput: 15.42 docs/sec
client-7  | [6049c073120c] PostgreSQL (40%) - Throughput: 15.38 docs/sec
client-2  | [9091e7dbbff9] PostgreSQL (40%) - Throughput: 15.30 docs/sec
client-6  | [63fb608c5ca2] PostgreSQL (40%) - Throughput: 15.24 docs/sec
client-8  | [9b6bd81c0693] PostgreSQL (40%) - Throughput: 15.24 docs/sec
client-3  | [347284a7d3cb] PostgreSQL (40%) - Throughput: 15.08 docs/sec
client-1  | [2b1f1e2a0f9d] PostgreSQL (50%) - Throughput: 15.48 docs/sec
client-4  | [2d2682847e9e] PostgreSQL (50%) - Throughput: 15.44 docs/sec
client-5  | [ef47bc5f19b0] PostgreSQL (50%) - Throughput: 15.43 docs/sec
client-7  | [6049c073120c] PostgreSQL (50%) - Throughput: 15.38 docs/sec
client-2  | [9091e7dbbff9] PostgreSQL (50%) - Throughput: 15.31 docs/sec
client-6  | [63fb608c5ca2] PostgreSQL (50%) - Throughput: 15.24 docs/sec
client-8  | [9b6bd81c0693] PostgreSQL (50%) - Throughput: 15.24 docs/sec
client-3  | [347284a7d3cb] PostgreSQL (50%) - Throughput: 15.09 docs/sec
client-1  | [2b1f1e2a0f9d] PostgreSQL (60%) - Throughput: 15.50 docs/sec
client-4  | [2d2682847e9e] PostgreSQL (60%) - Throughput: 15.44 docs/sec
client-5  | [ef47bc5f19b0] PostgreSQL (60%) - Throughput: 15.44 docs/sec
client-7  | [6049c073120c] PostgreSQL (60%) - Throughput: 15.39 docs/sec
client-2  | [9091e7dbbff9] PostgreSQL (60%) - Throughput: 15.32 docs/sec
client-8  | [9b6bd81c0693] PostgreSQL (60%) - Throughput: 15.24 docs/sec
client-6  | [63fb608c5ca2] PostgreSQL (60%) - Throughput: 15.23 docs/sec
client-3  | [347284a7d3cb] PostgreSQL (60%) - Throughput: 15.11 docs/sec
client-1  | [2b1f1e2a0f9d] PostgreSQL (70%) - Throughput: 15.51 docs/sec
client-5  | [ef47bc5f19b0] PostgreSQL (70%) - Throughput: 15.45 docs/sec
client-4  | [2d2682847e9e] PostgreSQL (70%) - Throughput: 15.44 docs/sec
client-7  | [6049c073120c] PostgreSQL (70%) - Throughput: 15.39 docs/sec
client-2  | [9091e7dbbff9] PostgreSQL (70%) - Throughput: 15.33 docs/sec
client-8  | [9b6bd81c0693] PostgreSQL (70%) - Throughput: 15.25 docs/sec
client-6  | [63fb608c5ca2] PostgreSQL (70%) - Throughput: 15.22 docs/sec
client-3  | [347284a7d3cb] PostgreSQL (70%) - Throughput: 15.12 docs/sec
client-1  | [2b1f1e2a0f9d] PostgreSQL (80%) - Throughput: 15.52 docs/sec
client-5  | [ef47bc5f19b0] PostgreSQL (80%) - Throughput: 15.45 docs/sec
client-4  | [2d2682847e9e] PostgreSQL (80%) - Throughput: 15.45 docs/sec
client-7  | [6049c073120c] PostgreSQL (80%) - Throughput: 15.41 docs/sec
client-2  | [9091e7dbbff9] PostgreSQL (80%) - Throughput: 15.35 docs/sec
client-8  | [9b6bd81c0693] PostgreSQL (80%) - Throughput: 15.26 docs/sec
client-6  | [63fb608c5ca2] PostgreSQL (80%) - Throughput: 15.22 docs/sec
client-3  | [347284a7d3cb] PostgreSQL (80%) - Throughput: 15.13 docs/sec
client-1  | [2b1f1e2a0f9d] PostgreSQL (90%) - Throughput: 15.51 docs/sec
client-4  | [2d2682847e9e] PostgreSQL (90%) - Throughput: 15.45 docs/sec
client-5  | [ef47bc5f19b0] PostgreSQL (90%) - Throughput: 15.45 docs/sec
client-7  | [6049c073120c] PostgreSQL (90%) - Throughput: 15.40 docs/sec
client-2  | [9091e7dbbff9] PostgreSQL (90%) - Throughput: 15.35 docs/sec
client-8  | [9b6bd81c0693] PostgreSQL (90%) - Throughput: 15.24 docs/sec
client-6  | [63fb608c5ca2] PostgreSQL (90%) - Throughput: 15.22 docs/sec
client-3  | [347284a7d3cb] PostgreSQL (90%) - Throughput: 15.13 docs/sec
client-1  | [2b1f1e2a0f9d] PostgreSQL (100%) - Throughput: 15.53 docs/sec
client-1  | ✅ Inserted 100000 records into PostgreSQL
client-1  | ✅ PostgreSQL Connection closed
client-1  | [2025-02-17T02:17:30.680Z] 🏁 Data insertion completed in 6445.14 seconds
[Kclient-1 exited with code 0
client-5  | [ef47bc5f19b0] PostgreSQL (100%) - Throughput: 15.47 docs/sec
client-5  | ✅ Inserted 100000 records into PostgreSQL
client-5  | ✅ PostgreSQL Connection closed
client-5  | [2025-02-17T02:17:55.512Z] 🏁 Data insertion completed in 6470.42 seconds
[Kclient-5 exited with code 0
client-4  | [2d2682847e9e] PostgreSQL (100%) - Throughput: 15.46 docs/sec
client-4  | ✅ Inserted 100000 records into PostgreSQL
client-4  | ✅ PostgreSQL Connection closed
client-4  | [2025-02-17T02:17:56.097Z] 🏁 Data insertion completed in 6471.57 seconds
[Kclient-4 exited with code 0
client-7  | [6049c073120c] PostgreSQL (100%) - Throughput: 15.43 docs/sec
client-7  | ✅ Inserted 100000 records into PostgreSQL
client-7  | ✅ PostgreSQL Connection closed
client-7  | [2025-02-17T02:18:09.955Z] 🏁 Data insertion completed in 6487.38 seconds
[Kclient-7 exited with code 0
client-2  | [9091e7dbbff9] PostgreSQL (100%) - Throughput: 15.40 docs/sec
client-2  | ✅ Inserted 100000 records into PostgreSQL
client-2  | ✅ PostgreSQL Connection closed
client-2  | [2025-02-17T02:18:22.072Z] 🏁 Data insertion completed in 6498.10 seconds
[Kclient-2 exited with code 0
client-8  | [9b6bd81c0693] PostgreSQL (100%) - Throughput: 15.33 docs/sec
client-8  | ✅ Inserted 100000 records into PostgreSQL
client-8  | ✅ PostgreSQL Connection closed
client-8  | [2025-02-17T02:18:49.012Z] 🏁 Data insertion completed in 6527.43 seconds
[Kclient-8 exited with code 0
client-6  | [63fb608c5ca2] PostgreSQL (100%) - Throughput: 15.32 docs/sec
client-6  | ✅ Inserted 100000 records into PostgreSQL
client-6  | ✅ PostgreSQL Connection closed
client-6  | [2025-02-17T02:18:54.387Z] 🏁 Data insertion completed in 6533.83 seconds
[Kclient-6 exited with code 0
client-3  | [347284a7d3cb] PostgreSQL (100%) - Throughput: 15.28 docs/sec
client-3  | ✅ Inserted 100000 records into PostgreSQL
client-3  | ✅ PostgreSQL Connection closed
client-3  | [2025-02-17T02:19:11.816Z] 🏁 Data insertion completed in 6548.53 seconds
[Kclient-3 exited with code 0

 Performance counter stats for 'system wide':

   868,021,329,554      instructions:u            docker/c933f1c912bb0be3778cf18383a95562f1fdbed5b5aea15879667c7d3dd84636                                   

    6555.196467895 seconds time elapsed

 PostgreSQL count: 800000 size: 9530 MB

CONTAINER ID   NAME                   CPU %     MEM USAGE / LIMIT    MEM %     NET I/O           BLOCK I/O         PIDS
c933f1c912bb   jsonbench-postgres-1   0.26%     4.193GiB / 9GiB      46.59%    8.56GB / 186MB    27.2MB / 40.2GB   6
2552316bfc85   jsonbench-mongodb-1    0.32%     5.867GiB / 9GiB      65.19%    8.35GB / 146MB    4.84GB / 57.2GB   33
ca9f60cde762   jsonbench-grafana-1    0.84%     73.93MiB / 27.2GiB   0.27%     2.97MB / 8.36MB   0B / 5.66MB       20
9f7c19b54292   prometheus             0.00%     103.6MiB / 27.2GiB   0.37%     321MB / 7.26MB    0B / 32.6MB       14
7aaca6038158   cadvisor               2.41%     61.99MiB / 27.2GiB   0.22%     5.99MB / 320MB    20.5kB / 0B       18
