CONTAINER ID   NAME                   CPU %     MEM USAGE / LIMIT    MEM %     NET I/O           BLOCK I/O     PIDS
f1b12ab4f919   jsonbench-mongodb-1    0.39%     94.17MiB / 9GiB      1.02%     8.36MB / 200kB    0B / 31.5MB   33
89dfe31cc584   jsonbench-postgres-1   0.00%     130.3MiB / 9GiB      1.41%     1.87kB / 1.68kB   0B / 68.4MB   6
ee77689ff4a4   jsonbench-grafana-1    0.96%     72.29MiB / 27.2GiB   0.26%     222kB / 191kB     0B / 475kB    15
084fcc6fc19e   prometheus             0.00%     90.1MiB / 27.2GiB    0.32%     9.38MB / 213kB    0B / 0B       14
bc00ee4d16ad   cadvisor               2.59%     52.73MiB / 27.2GiB   0.19%     179kB / 9.31MB    0B / 0B       16
postgres-init-1  | psql: error: connection to server at "postgres" (172.20.0.5), port 5432 failed: Connection refused
postgres-init-1  | 	Is the server running on that host and accepting TCP/IP connections?
postgres-init-1  | drop table if exists jsonbench;
postgres-init-1  | DROP TABLE
postgres-init-1  | create table if not exists jsonbench (
postgres-init-1  |     id uuid primary key,
postgres-init-1  |     data jsonb not null
postgres-init-1  | );
postgres-init-1  | psql:/dir/init.sql:1: NOTICE:  table "jsonbench" does not exist, skipping
postgres-init-1  | CREATE TABLE
postgres-init-1  | show shared_buffers;
postgres-init-1  |  shared_buffers 
postgres-init-1  | ----------------
postgres-init-1  |  4GB
postgres-init-1  | (1 row)
postgres-init-1  | 
 Container jsonbench-postgres-1  Running
 Container jsonbench-mongodb-1  Running
 Container jsonbench-client-1  Recreate
 Container jsonbench-client-8  Recreate
 Container jsonbench-client-4  Recreate
 Container jsonbench-client-5  Recreate
 Container jsonbench-client-6  Recreate
 Container jsonbench-client-3  Recreate
 Container jsonbench-client-2  Recreate
 Container jsonbench-client-7  Recreate
 Container jsonbench-client-6  Recreated
 Container jsonbench-client-4  Recreated
 Container jsonbench-client-5  Recreated
 Container jsonbench-client-7  Recreated
 Container jsonbench-client-8  Recreated
 Container jsonbench-client-3  Recreated
 Container jsonbench-client-2  Recreated
 Container jsonbench-client-1  Recreated
Attaching to client-1, client-2, client-3, client-4, client-5, client-6, client-7, client-8
client-7  | Current Mongosh Log ID:	67b48d5a892c1725f6238791
client-7  | Using Mongosh:		2.0.2
client-7  | 
client-7  | For mongosh info see: https://docs.mongodb.com/mongodb-shell/
client-7  | 
client-7  | 
client-7  | To help improve our products, anonymous usage data is collected and sent to MongoDB periodically (https://www.mongodb.com/legal/privacy-policy).
client-7  | You can opt-out by running the disableTelemetry() command.
client-7  | 
client-7  | Loading file: /dir/lib.js
client-3  | Current Mongosh Log ID:	67b48d5b0987022406838e72
client-3  | Using Mongosh:		2.0.2
client-3  | 
client-3  | For mongosh info see: https://docs.mongodb.com/mongodb-shell/
client-3  | 
client-3  | 
client-3  | To help improve our products, anonymous usage data is collected and sent to MongoDB periodically (https://www.mongodb.com/legal/privacy-policy).
client-3  | You can opt-out by running the disableTelemetry() command.
client-3  | 
client-3  | Loading file: /dir/lib.js
client-4  | Current Mongosh Log ID:	67b48d5c3a5434b1c2bc1cbc
client-7  | 📚 lib.js loaded
client-7  | [2025-02-18T13:38:36.531Z] 🚀 Starting data insertion into postgres://postgres:xxx@postgres:5432/postgres for 100 documents of 1000 bytes * 10 fields
client-4  | Using Mongosh:		2.0.2
client-4  | 
client-4  | For mongosh info see: https://docs.mongodb.com/mongodb-shell/
client-4  | 
client-4  | 
client-4  | To help improve our products, anonymous usage data is collected and sent to MongoDB periodically (https://www.mongodb.com/legal/privacy-policy).
client-4  | You can opt-out by running the disableTelemetry() command.
client-4  | 
client-4  | Loading file: /dir/lib.js
client-5  | Current Mongosh Log ID:	67b48d5cd0b05d998aa37a6a
client-3  | 📚 lib.js loaded
client-3  | [2025-02-18T13:38:37.438Z] 🚀 Starting data insertion into postgres://postgres:xxx@postgres:5432/postgres for 100 documents of 1000 bytes * 10 fields
client-5  | Using Mongosh:		2.0.2
client-5  | 
client-5  | For mongosh info see: https://docs.mongodb.com/mongodb-shell/
client-5  | 
client-5  | 
client-5  | To help improve our products, anonymous usage data is collected and sent to MongoDB periodically (https://www.mongodb.com/legal/privacy-policy).
client-5  | You can opt-out by running the disableTelemetry() command.
client-5  | 
client-8  | Current Mongosh Log ID:	67b48d5d15748031025c3fd5
client-5  | Loading file: /dir/lib.js
client-8  | Using Mongosh:		2.0.2
client-8  | 
client-8  | For mongosh info see: https://docs.mongodb.com/mongodb-shell/
client-8  | 
client-8  | 
client-8  | To help improve our products, anonymous usage data is collected and sent to MongoDB periodically (https://www.mongodb.com/legal/privacy-policy).
client-8  | You can opt-out by running the disableTelemetry() command.
client-8  | 
client-4  | 📚 lib.js loaded
client-4  | [2025-02-18T13:38:38.207Z] 🚀 Starting data insertion into postgres://postgres:xxx@postgres:5432/postgres for 100 documents of 1000 bytes * 10 fields
client-8  | Loading file: /dir/lib.js
client-6  | Current Mongosh Log ID:	67b48d5edfe35f335e5ff816
client-6  | Using Mongosh:		2.0.2
client-6  | 
client-6  | For mongosh info see: https://docs.mongodb.com/mongodb-shell/
client-6  | 
client-6  | 
client-6  | To help improve our products, anonymous usage data is collected and sent to MongoDB periodically (https://www.mongodb.com/legal/privacy-policy).
client-6  | You can opt-out by running the disableTelemetry() command.
client-6  | 
client-6  | Loading file: /dir/lib.js
client-2  | Current Mongosh Log ID:	67b48d5f68f791880e19d597
client-5  | 📚 lib.js loaded
client-5  | [2025-02-18T13:38:39.113Z] 🚀 Starting data insertion into postgres://postgres:xxx@postgres:5432/postgres for 100 documents of 1000 bytes * 10 fields
client-2  | Using Mongosh:		2.0.2
client-2  | 
client-2  | For mongosh info see: https://docs.mongodb.com/mongodb-shell/
client-2  | 
client-2  | 
client-2  | To help improve our products, anonymous usage data is collected and sent to MongoDB periodically (https://www.mongodb.com/legal/privacy-policy).
client-2  | You can opt-out by running the disableTelemetry() command.
client-2  | 
client-8  | 📚 lib.js loaded
client-8  | [2025-02-18T13:38:39.648Z] 🚀 Starting data insertion into postgres://postgres:xxx@postgres:5432/postgres for 100 documents of 1000 bytes * 10 fields
client-2  | Loading file: /dir/lib.js
client-1  | Current Mongosh Log ID:	67b48d5f777d4d06622399b0
client-1  | Using Mongosh:		2.0.2
client-1  | 
client-1  | For mongosh info see: https://docs.mongodb.com/mongodb-shell/
client-1  | 
client-1  | 
client-1  | To help improve our products, anonymous usage data is collected and sent to MongoDB periodically (https://www.mongodb.com/legal/privacy-policy).
client-1  | You can opt-out by running the disableTelemetry() command.
client-1  | 
client-1  | Loading file: /dir/lib.js
client-6  | 📚 lib.js loaded
client-6  | [2025-02-18T13:38:40.317Z] 🚀 Starting data insertion into postgres://postgres:xxx@postgres:5432/postgres for 100 documents of 1000 bytes * 10 fields
client-2  | 📚 lib.js loaded
client-2  | [2025-02-18T13:38:40.840Z] 🚀 Starting data insertion into postgres://postgres:xxx@postgres:5432/postgres for 100 documents of 1000 bytes * 10 fields
client-1  | 📚 lib.js loaded
client-1  | [2025-02-18T13:38:41.382Z] 🚀 Starting data insertion into postgres://postgres:xxx@postgres:5432/postgres for 100 documents of 1000 bytes * 10 fields
client-7  | [1f41c68da533] PostgreSQL (10%) - Throughput: 25.13 docs/sec
client-7  | [1f41c68da533] PostgreSQL (20%) - Throughput: 28.79 docs/sec
client-7  | [1f41c68da533] PostgreSQL (30%) - Throughput: 30.09 docs/sec
client-3  | [6f5b6ac77723] PostgreSQL (10%) - Throughput: 23.62 docs/sec
client-7  | [1f41c68da533] PostgreSQL (40%) - Throughput: 30.18 docs/sec
client-7  | [1f41c68da533] PostgreSQL (50%) - Throughput: 30.58 docs/sec
client-3  | [6f5b6ac77723] PostgreSQL (20%) - Throughput: 27.07 docs/sec
client-3  | [6f5b6ac77723] PostgreSQL (30%) - Throughput: 27.61 docs/sec
client-7  | [1f41c68da533] PostgreSQL (60%) - Throughput: 30.24 docs/sec
client-4  | [6d5ae845548f] PostgreSQL (10%) - Throughput: 24.25 docs/sec
client-3  | [6f5b6ac77723] PostgreSQL (40%) - Throughput: 27.73 docs/sec
client-7  | [1f41c68da533] PostgreSQL (70%) - Throughput: 29.76 docs/sec
client-4  | [6d5ae845548f] PostgreSQL (20%) - Throughput: 27.60 docs/sec
client-3  | [6f5b6ac77723] PostgreSQL (50%) - Throughput: 27.82 docs/sec
client-7  | [1f41c68da533] PostgreSQL (80%) - Throughput: 29.61 docs/sec
client-4  | [6d5ae845548f] PostgreSQL (30%) - Throughput: 27.96 docs/sec
client-5  | [c1bde87f6617] PostgreSQL (10%) - Throughput: 21.58 docs/sec
client-3  | [6f5b6ac77723] PostgreSQL (60%) - Throughput: 27.85 docs/sec
client-7  | [1f41c68da533] PostgreSQL (90%) - Throughput: 29.39 docs/sec
client-4  | [6d5ae845548f] PostgreSQL (40%) - Throughput: 27.59 docs/sec
client-5  | [c1bde87f6617] PostgreSQL (20%) - Throughput: 24.12 docs/sec
client-7  | [1f41c68da533] PostgreSQL (100%) - Throughput: 28.93 docs/sec
client-7  | ✅ Inserted 100 records into PostgreSQL
client-7  | ✅ PostgreSQL Connection closed
client-7  | [2025-02-18T13:38:45.075Z] 🏁 Data insertion completed in 8.54 seconds
client-3  | [6f5b6ac77723] PostgreSQL (70%) - Throughput: 26.01 docs/sec
client-8  | [7f4f69efbf7f] PostgreSQL (10%) - Throughput: 18.83 docs/sec
client-4  | [6d5ae845548f] PostgreSQL (50%) - Throughput: 25.12 docs/sec
[Kclient-7 exited with code 0
client-5  | [c1bde87f6617] PostgreSQL (30%) - Throughput: 25.06 docs/sec
client-3  | [6f5b6ac77723] PostgreSQL (80%) - Throughput: 25.99 docs/sec
client-8  | [7f4f69efbf7f] PostgreSQL (20%) - Throughput: 20.92 docs/sec
client-4  | [6d5ae845548f] PostgreSQL (60%) - Throughput: 24.86 docs/sec
client-5  | [c1bde87f6617] PostgreSQL (40%) - Throughput: 23.80 docs/sec
client-3  | [6f5b6ac77723] PostgreSQL (90%) - Throughput: 26.03 docs/sec
client-4  | [6d5ae845548f] PostgreSQL (70%) - Throughput: 24.67 docs/sec
client-6  | [3ed7e095a511] PostgreSQL (10%) - Throughput: 13.51 docs/sec
client-8  | [7f4f69efbf7f] PostgreSQL (30%) - Throughput: 19.53 docs/sec
client-3  | [6f5b6ac77723] PostgreSQL (100%) - Throughput: 25.85 docs/sec
client-3  | ✅ Inserted 100 records into PostgreSQL
client-3  | ✅ PostgreSQL Connection closed
client-3  | [2025-02-18T13:38:46.385Z] 🏁 Data insertion completed in 8.95 seconds
client-5  | [c1bde87f6617] PostgreSQL (50%) - Throughput: 22.31 docs/sec
client-2  | [af17b36dd873] PostgreSQL (10%) - Throughput: 17.80 docs/sec
client-4  | [6d5ae845548f] PostgreSQL (80%) - Throughput: 23.84 docs/sec
client-6  | [3ed7e095a511] PostgreSQL (20%) - Throughput: 15.89 docs/sec
[Kclient-3 exited with code 0
client-8  | [7f4f69efbf7f] PostgreSQL (40%) - Throughput: 18.95 docs/sec
client-2  | [af17b36dd873] PostgreSQL (20%) - Throughput: 18.00 docs/sec
client-5  | [c1bde87f6617] PostgreSQL (60%) - Throughput: 21.27 docs/sec
client-6  | [3ed7e095a511] PostgreSQL (30%) - Throughput: 17.42 docs/sec
client-4  | [6d5ae845548f] PostgreSQL (90%) - Throughput: 23.49 docs/sec
client-1  | [1f33ffe57fd9] PostgreSQL (10%) - Throughput: 13.09 docs/sec
client-8  | [7f4f69efbf7f] PostgreSQL (50%) - Throughput: 19.02 docs/sec
client-5  | [c1bde87f6617] PostgreSQL (70%) - Throughput: 21.88 docs/sec
client-6  | [3ed7e095a511] PostgreSQL (40%) - Throughput: 18.76 docs/sec
client-2  | [af17b36dd873] PostgreSQL (30%) - Throughput: 17.66 docs/sec
client-4  | [6d5ae845548f] PostgreSQL (100%) - Throughput: 22.89 docs/sec
client-4  | ✅ Inserted 100 records into PostgreSQL
client-4  | ✅ PostgreSQL Connection closed
client-4  | [2025-02-18T13:38:47.644Z] 🏁 Data insertion completed in 9.44 seconds
client-1  | [1f33ffe57fd9] PostgreSQL (20%) - Throughput: 15.03 docs/sec
client-5  | [c1bde87f6617] PostgreSQL (80%) - Throughput: 21.80 docs/sec
client-6  | [3ed7e095a511] PostgreSQL (50%) - Throughput: 19.77 docs/sec
client-8  | [7f4f69efbf7f] PostgreSQL (60%) - Throughput: 18.69 docs/sec
[Kclient-4 exited with code 0
client-2  | [af17b36dd873] PostgreSQL (40%) - Throughput: 18.55 docs/sec
client-1  | [1f33ffe57fd9] PostgreSQL (30%) - Throughput: 17.75 docs/sec
client-6  | [3ed7e095a511] PostgreSQL (60%) - Throughput: 20.85 docs/sec
client-2  | [af17b36dd873] PostgreSQL (50%) - Throughput: 19.99 docs/sec
client-5  | [c1bde87f6617] PostgreSQL (90%) - Throughput: 21.22 docs/sec
client-1  | [1f33ffe57fd9] PostgreSQL (40%) - Throughput: 19.51 docs/sec
client-8  | [7f4f69efbf7f] PostgreSQL (70%) - Throughput: 18.27 docs/sec
client-6  | [3ed7e095a511] PostgreSQL (70%) - Throughput: 21.54 docs/sec
client-2  | [af17b36dd873] PostgreSQL (60%) - Throughput: 21.11 docs/sec
client-1  | [1f33ffe57fd9] PostgreSQL (50%) - Throughput: 21.05 docs/sec
client-6  | [3ed7e095a511] PostgreSQL (80%) - Throughput: 22.12 docs/sec
client-5  | [c1bde87f6617] PostgreSQL (100%) - Throughput: 20.67 docs/sec
client-5  | ✅ Inserted 100 records into PostgreSQL
client-5  | ✅ PostgreSQL Connection closed
client-5  | [2025-02-18T13:38:49.036Z] 🏁 Data insertion completed in 9.92 seconds
client-8  | [7f4f69efbf7f] PostgreSQL (80%) - Throughput: 18.23 docs/sec
client-2  | [af17b36dd873] PostgreSQL (70%) - Throughput: 21.11 docs/sec
client-1  | [1f33ffe57fd9] PostgreSQL (60%) - Throughput: 21.53 docs/sec
[Kclient-5 exited with code 0
client-6  | [3ed7e095a511] PostgreSQL (90%) - Throughput: 22.56 docs/sec
client-8  | [7f4f69efbf7f] PostgreSQL (90%) - Throughput: 18.96 docs/sec
client-2  | [af17b36dd873] PostgreSQL (80%) - Throughput: 21.94 docs/sec
client-1  | [1f33ffe57fd9] PostgreSQL (70%) - Throughput: 22.29 docs/sec
client-6  | [3ed7e095a511] PostgreSQL (100%) - Throughput: 22.98 docs/sec
client-6  | ✅ Inserted 100 records into PostgreSQL
client-6  | ✅ PostgreSQL Connection closed
client-6  | [2025-02-18T13:38:49.729Z] 🏁 Data insertion completed in 9.41 seconds
client-8  | [7f4f69efbf7f] PostgreSQL (100%) - Throughput: 19.46 docs/sec
client-8  | ✅ Inserted 100 records into PostgreSQL
client-8  | ✅ PostgreSQL Connection closed
client-8  | [2025-02-18T13:38:49.848Z] 🏁 Data insertion completed in 10.20 seconds
client-2  | [af17b36dd873] PostgreSQL (90%) - Throughput: 22.34 docs/sec
client-1  | [1f33ffe57fd9] PostgreSQL (80%) - Throughput: 22.85 docs/sec
[Kclient-6 exited with code 0
[Kclient-8 exited with code 0
client-2  | [af17b36dd873] PostgreSQL (100%) - Throughput: 22.47 docs/sec
client-2  | ✅ Inserted 100 records into PostgreSQL
client-2  | ✅ PostgreSQL Connection closed
client-2  | [2025-02-18T13:38:50.354Z] 🏁 Data insertion completed in 9.51 seconds
client-1  | [1f33ffe57fd9] PostgreSQL (90%) - Throughput: 22.97 docs/sec
[Kclient-2 exited with code 0
client-1  | [1f33ffe57fd9] PostgreSQL (100%) - Throughput: 23.63 docs/sec
client-1  | ✅ Inserted 100 records into PostgreSQL
client-1  | ✅ PostgreSQL Connection closed
client-1  | [2025-02-18T13:38:50.678Z] 🏁 Data insertion completed in 9.30 seconds
[Kclient-1 exited with code 0

 Performance counter stats for 'system wide':

       858,734,887      instructions:u            docker/89dfe31cc5845f8cee94efecd799a76ecc6497b565c5413eddce922db388a24e                                   

      18.107139299 seconds time elapsed

VACUUM
PostgreSQL count: 800 size: 9888 kB
cb36be69-3909-4b6c-a1eb-c387c060ebd7
c9ad8674-c7e4-49d5-9ac9-5448381f974a
8cca5b98-8b6b-4177-b7a8-50dbc7faadd6
f8dc35b2-26fa-4717-b333-1e46b4e004dc
0d82de04-08b0-409d-952c-22fa06752ed3
5a1d308c-5412-4219-acf1-8869bb6eadea
1b1b7998-ac70-4b05-984d-45e49ac4c7e2
8c96ba4b-f538-4115-810b-82c596df6361
5061a08d-ed82-41ed-a43b-27b8250aecac
b9617f08-6860-439b-a859-547e6f6c6c6b
public|jsonbench|id|f|0|16|-1|||{00190cc0-6e09-4ff6-b943-a9e2658c04f8,01bee42b-6bdc-4be4-8c67-871d7726dcb6,03985791-7604-4527-9691-abf4101576e3,05456b3e-7c0a-4cd2-b859-d8304a7d2166,075d3716-5d04-4fcf-8972-1926f7e121c1,0a831de6-03dd-4f17-9139-46dcc6e91501,0c1b3ee7-3ad2-4f67-8208-ce540c8cfae6,0e6ae6d5-d0ab-43e6-85de-4e74455e4e15,12d9fdd5-0ff8-457b-b6d3-4fa747a2a06b,14a40570-293c-4ea0-9144-8058b56a0774,1630f554-c973-43a4-b9a4-6e8a9907251c,181a07fc-bc63-49e9-ad74-60454099295e,1a94db02-c1c9-4a2a-9f95-47cc4e15d731,1c8d117b-72a2-47ee-a663-5ab5ffa6d546,1e6f2234-3577-4cf4-b73d-486805e4cb38,2118a4e0-a6d4-40c7-8cfd-6ae8da6a1fb1,25a4333e-c20d-4f8a-80c0-dc79336eec25,274fbaab-94d6-4c2f-9eb0-c2f8ccb7a206,2bac1e26-881f-4e77-8453-458d628d910f,2dd701f6-a806-440c-b275-a08f0e963eca,2f56c7bd-6f86-456f-a7d5-1da09e22db3d,3272b690-666d-48d5-8535-af436eebb48a,3477bf63-85aa-4413-b020-505bf2e993e7,3764c11c-e8d4-4a39-8b59-bc66ca24297e,38b8adb9-d6a6-41ef-8dc2-33103b65bcd3,3af69e7d-580a-4925-8030-75ecd88748ed,3c6d3ad4-8a53-485b-89a7-e91fbd11cae3,3ec7800d-4cab-4ac6-8e85-4042119b0a5d,40f973a9-0470-4202-8436-beba539daed5,43693abe-26fa-401e-a092-0d0dcea58764,465dfa9d-f652-4456-8b19-d5bf02828c55,48688de1-5179-4011-82db-c6be9ce76b90,4abf0f1d-413f-469e-a3e7-5074fbc097c7,4cbb7866-e075-460b-b2b6-3e63fc992bb4,4f679f26-a42b-414a-aaa7-293a277853b1,5061a08d-ed82-41ed-a43b-27b8250aecac,53eb500c-8764-4a07-9d0b-acf729f03dfc,56be914c-affe-465f-93c0-f239e0c70737,5a632059-69f4-4192-87e4-4658b340bcdc,5f1de91e-29dc-4c20-9e40-824104287ef4,61153160-229d-4c6b-84b0-4a58c33c98ce,63df639e-7940-4946-a944-1c5e076429f1,659661a4-5259-4ad9-8fa9-d279634bbc29,68657b23-8742-443a-8dac-30904a66a1c9,6b367c79-be9e-4783-aed8-b7185552b90c,6dbce184-999c-4a13-8b59-9428fe2ec55c,6f7c2c01-b510-4a09-b6d9-63629358ac18,722c3104-e8e6-44ab-aa36-8b1767a4f2cc,74d8d096-e3c4-4ad6-806b-f6d26e2124c1,77e8018f-f0de-4f10-82f8-74ea9b971049,7b1073d4-93e6-4ffc-96b4-3c7bf0ae6493,7ded12fe-777a-4b1d-b0e7-ab2d1fbe0858,7f7b4909-9a37-48e1-a29d-21aa2701d59f,8149d26f-fcde-42f8-85f5-a3aa6a79486e,82b10ae9-113d-4faf-899f-918b14c5e5e0,8623e4d3-6047-414b-9cce-16b8504f5f8e,89870b15-a52e-4a8b-b771-e8ad055f5513,8b28e8a6-83db-4c1b-bf65-58a3fea6a632,8de6f101-e99f-475e-93a5-35a7a9bbe52f,8f5fd834-59af-4f54-8741-bc9829206fc5,957a2893-2b57-4e59-a7b5-1db1d685d254,985e8ca8-ef39-45ee-85f0-93485ebc278d,9ab8db87-b3ce-49e2-8e14-2157a6da658e,9e6edbba-bc46-470b-9c1b-64235dda20f2,a1c21227-6fa6-46ef-b1d8-a299a0aec962,a4b77592-1a68-43df-9078-bf0963d0228e,a6ed9ad8-3380-4944-acb9-8a3e5bc7aa0b,aa455c0f-537a-47e9-b1eb-3f3e12134c8d,ad41e9a6-8fac-47b6-b191-e6f7be87b25a,af0ab087-202d-4c25-a57e-891de388e51f,b288ea27-8ec6-49d0-bc80-63b5bb43df38,b63fb316-b122-4650-bd68-37d4b53b5215,b7d53ccf-6dd9-4807-a278-41cfb4621e48,bc501eae-9194-4804-bf0b-2a95f37eb8dd,bef2d5b9-3150-4cf1-aa58-144321af218a,c252f4c6-0c86-4b67-a1a5-6ef50d0cce3f,c71b7084-736c-416c-b4cf-2876a362cae8,ca7acdb7-7096-4b61-8772-c890d4ef5ca3,cc37fc10-afff-4739-b05f-87dba1805274,cee90813-f336-4894-88be-0fb702dc9129,d101b071-1959-488b-ba47-fdc6cb40bf63,d2c09cfa-6c7b-4761-b47a-abc8536bf55f,d3666ab2-f3b5-4864-a542-269a4318c758,d62686bf-90aa-4aab-a17e-978939fea2c9,d9dd42b5-9bb7-4ae5-92d6-91641821d8cc,dcc179ea-766b-4537-a25f-fb0fdbba5425,de325437-5446-4cc7-878d-5137202790d2,e07bb723-db4a-429f-ac7f-42d1fd700290,e2ddfd74-876f-4773-aeaf-92bef78c4bfb,e4a73dec-5901-4434-9c3c-1b0aeb8b15d3,e8bf9f97-1be4-4f36-ad33-65db934a7ebe,ea4e392a-3274-4f05-97d5-2c1e43479025,eb4a1b5a-85d7-414e-ae6b-870e8e8af113,ee8b0228-ad83-4fb3-8e50-63cae32b726b,f0d19f3f-8f4a-4706-8ceb-d141ddc228aa,f2a9a5e7-e797-4aa9-8e5c-33541e53c880,f3f59b43-1bfd-4ad1-99d1-d5accf467771,f6abd936-8495-405c-90b7-6e88df2948d5,f9485c8a-ee77-4835-b880-f1c4f98eace0,fba1c718-a596-43d2-bd4e-cad1d4b4595c,fff3dd75-5786-47fc-87b4-579421694db4}|-0.060265172||||||
CONTAINER ID   NAME                   CPU %     MEM USAGE / LIMIT    MEM %     NET I/O          BLOCK I/O     PIDS
f1b12ab4f919   jsonbench-mongodb-1    0.36%     94.2MiB / 9GiB       1.02%     8.36MB / 200kB   0B / 31.5MB   33
89dfe31cc584   jsonbench-postgres-1   0.55%     140.9MiB / 9GiB      1.53%     8.56MB / 204kB   0B / 127MB    6
ee77689ff4a4   jsonbench-grafana-1    0.90%     72.32MiB / 27.2GiB   0.26%     223kB / 191kB    0B / 475kB    15
084fcc6fc19e   prometheus             0.26%     102.1MiB / 27.2GiB   0.37%     9.55MB / 216kB   0B / 0B       14
bc00ee4d16ad   cadvisor               2.25%     48.1MiB / 27.2GiB    0.17%     182kB / 9.48MB   0B / 0B       16
[ perf record: Woken up 1 times to write data ]
[ perf record: Captured and wrote 0.000 MB - ]
CONTAINER ID   NAME                   CPU %     MEM USAGE / LIMIT    MEM %     NET I/O          BLOCK I/O     PIDS
f1b12ab4f919   jsonbench-mongodb-1    0.34%     94.2MiB / 9GiB       1.02%     8.36MB / 200kB   0B / 31.9MB   33
89dfe31cc584   jsonbench-postgres-1   0.01%     140.8MiB / 9GiB      1.53%     8.56MB / 204kB   0B / 137MB    6
ee77689ff4a4   jsonbench-grafana-1    0.90%     72.25MiB / 27.2GiB   0.26%     231kB / 197kB    0B / 565kB    15
084fcc6fc19e   prometheus             0.00%     96.88MiB / 27.2GiB   0.35%     12.4MB / 270kB   0B / 0B       14
bc00ee4d16ad   cadvisor               1.96%     59MiB / 27.2GiB      0.21%     236kB / 12.3MB   0B / 0B       16
