CONTAINER ID   NAME                   CPU %     MEM USAGE / LIMIT    MEM %     NET I/O           BLOCK I/O     PIDS
a257e8fd4324   jsonbench-mongodb-1    0.31%     1.212GiB / 9GiB      13.47%    1.09GB / 89.5MB   0B / 7.02GB   33
b3a1138d75f8   jsonbench-postgres-1   0.00%     130.1MiB / 9GiB      1.41%     1.87kB / 1.68kB   0B / 68.5MB   6
500f45bd6023   jsonbench-grafana-1    0.98%     74.17MiB / 27.2GiB   0.27%     445kB / 9.94MB    0B / 1.61MB   18
2e606fb57093   prometheus             0.00%     90.07MiB / 27.2GiB   0.32%     55.5MB / 1.13MB   0B / 24.6kB   13
4ea88e7152ac   cadvisor               2.29%     54.53MiB / 27.2GiB   0.20%     1.05MB / 55.4MB   0B / 0B       16
postgres-init-1  | psql: error: connection to server at "postgres" (172.23.0.5), port 5432 failed: Connection refused
postgres-init-1  | 	Is the server running on that host and accepting TCP/IP connections?
postgres-init-1  | drop table if exists jsonbench;
postgres-init-1  | psql:/dir/init.sql:1: NOTICE:  table "jsonbench" does not exist, skipping
postgres-init-1  | DROP TABLE
postgres-init-1  | create table if not exists jsonbench (
postgres-init-1  |     id uuid primary key,
postgres-init-1  |     data jsonb not null
postgres-init-1  | );
postgres-init-1  | CREATE TABLE
postgres-init-1  | show shared_buffers;
postgres-init-1  |  shared_buffers 
postgres-init-1  | ----------------
postgres-init-1  |  4GB
postgres-init-1  | (1 row)
postgres-init-1  | 
 Container jsonbench-mongodb-1  Running
 Container jsonbench-postgres-1  Running
 Container jsonbench-client-1  Recreate
 Container jsonbench-client-5  Recreate
 Container jsonbench-client-3  Recreate
 Container jsonbench-client-8  Recreate
 Container jsonbench-client-4  Recreate
 Container jsonbench-client-7  Recreate
 Container jsonbench-client-2  Recreate
 Container jsonbench-client-6  Recreate
 Container jsonbench-client-6  Recreated
 Container jsonbench-client-8  Recreated
 Container jsonbench-client-5  Recreated
 Container jsonbench-client-4  Recreated
 Container jsonbench-client-7  Recreated
 Container jsonbench-client-1  Recreated
 Container jsonbench-client-3  Recreated
 Container jsonbench-client-2  Recreated
Attaching to client-1, client-2, client-3, client-4, client-5, client-6, client-7, client-8
client-4  | Current Mongosh Log ID:	67b65162fed1191cdb42227e
client-4  | Using Mongosh:		2.0.2
client-4  | 
client-4  | For mongosh info see: https://docs.mongodb.com/mongodb-shell/
client-4  | 
client-4  | 
client-4  | To help improve our products, anonymous usage data is collected and sent to MongoDB periodically (https://www.mongodb.com/legal/privacy-policy).
client-4  | You can opt-out by running the disableTelemetry() command.
client-4  | 
client-4  | Loading file: /dir/lib.js
client-5  | Current Mongosh Log ID:	67b65162b5cfeb7d67ac008e
client-5  | Using Mongosh:		2.0.2
client-5  | 
client-5  | For mongosh info see: https://docs.mongodb.com/mongodb-shell/
client-5  | 
client-5  | 
client-5  | To help improve our products, anonymous usage data is collected and sent to MongoDB periodically (https://www.mongodb.com/legal/privacy-policy).
client-5  | You can opt-out by running the disableTelemetry() command.
client-5  | 
client-5  | Loading file: /dir/lib.js
client-7  | Current Mongosh Log ID:	67b6516354fba513eb6b87b5
client-4  | 📚 lib.js loaded
client-4  | [2025-02-19T21:47:16.086Z] 🚀 Starting data insertion into postgres://postgres:xxx@postgres:5432/postgres for 100000 documents of 100 bytes * 10 fields
client-7  | Using Mongosh:		2.0.2
client-7  | 
client-7  | For mongosh info see: https://docs.mongodb.com/mongodb-shell/
client-7  | 
client-7  | 
client-7  | To help improve our products, anonymous usage data is collected and sent to MongoDB periodically (https://www.mongodb.com/legal/privacy-policy).
client-7  | You can opt-out by running the disableTelemetry() command.
client-7  | 
client-7  | Loading file: /dir/lib.js
client-6  | Current Mongosh Log ID:	67b651647f149a3df27ec39c
client-5  | 📚 lib.js loaded
client-5  | [2025-02-19T21:47:17.052Z] 🚀 Starting data insertion into postgres://postgres:xxx@postgres:5432/postgres for 100000 documents of 100 bytes * 10 fields
client-6  | Using Mongosh:		2.0.2
client-6  | 
client-6  | For mongosh info see: https://docs.mongodb.com/mongodb-shell/
client-6  | 
client-6  | 
client-6  | To help improve our products, anonymous usage data is collected and sent to MongoDB periodically (https://www.mongodb.com/legal/privacy-policy).
client-6  | You can opt-out by running the disableTelemetry() command.
client-6  | 
client-6  | Loading file: /dir/lib.js
client-1  | Current Mongosh Log ID:	67b65165be497e75d6053c83
client-1  | Using Mongosh:		2.0.2
client-1  | 
client-1  | For mongosh info see: https://docs.mongodb.com/mongodb-shell/
client-1  | 
client-1  | 
client-1  | To help improve our products, anonymous usage data is collected and sent to MongoDB periodically (https://www.mongodb.com/legal/privacy-policy).
client-1  | You can opt-out by running the disableTelemetry() command.
client-1  | 
client-7  | 📚 lib.js loaded
client-7  | [2025-02-19T21:47:18.199Z] 🚀 Starting data insertion into postgres://postgres:xxx@postgres:5432/postgres for 100000 documents of 100 bytes * 10 fields
client-1  | Loading file: /dir/lib.js
client-8  | Current Mongosh Log ID:	67b651667612c26dc4c52ee4
client-6  | 📚 lib.js loaded
client-6  | [2025-02-19T21:47:18.856Z] 🚀 Starting data insertion into postgres://postgres:xxx@postgres:5432/postgres for 100000 documents of 100 bytes * 10 fields
client-2  | Current Mongosh Log ID:	67b651665d7c34d09427c5de
client-8  | Using Mongosh:		2.0.2
client-8  | 
client-8  | For mongosh info see: https://docs.mongodb.com/mongodb-shell/
client-8  | 
client-8  | 
client-8  | To help improve our products, anonymous usage data is collected and sent to MongoDB periodically (https://www.mongodb.com/legal/privacy-policy).
client-8  | You can opt-out by running the disableTelemetry() command.
client-8  | 
client-8  | Loading file: /dir/lib.js
client-2  | Using Mongosh:		2.0.2
client-2  | 
client-2  | For mongosh info see: https://docs.mongodb.com/mongodb-shell/
client-2  | 
client-2  | 
client-2  | To help improve our products, anonymous usage data is collected and sent to MongoDB periodically (https://www.mongodb.com/legal/privacy-policy).
client-2  | You can opt-out by running the disableTelemetry() command.
client-2  | 
client-2  | Loading file: /dir/lib.js
client-1  | 📚 lib.js loaded
client-1  | [2025-02-19T21:47:19.706Z] 🚀 Starting data insertion into postgres://postgres:xxx@postgres:5432/postgres for 100000 documents of 100 bytes * 10 fields
client-3  | Current Mongosh Log ID:	67b6516793b8575107bc9970
client-3  | Using Mongosh:		2.0.2
client-3  | 
client-3  | For mongosh info see: https://docs.mongodb.com/mongodb-shell/
client-3  | 
client-3  | 
client-3  | To help improve our products, anonymous usage data is collected and sent to MongoDB periodically (https://www.mongodb.com/legal/privacy-policy).
client-3  | You can opt-out by running the disableTelemetry() command.
client-3  | 
client-3  | Loading file: /dir/lib.js
client-8  | 📚 lib.js loaded
client-8  | [2025-02-19T21:47:20.401Z] 🚀 Starting data insertion into postgres://postgres:xxx@postgres:5432/postgres for 100000 documents of 100 bytes * 10 fields
client-2  | 📚 lib.js loaded
client-2  | [2025-02-19T21:47:20.917Z] 🚀 Starting data insertion into postgres://postgres:xxx@postgres:5432/postgres for 100000 documents of 100 bytes * 10 fields
client-3  | 📚 lib.js loaded
client-3  | [2025-02-19T21:47:21.408Z] 🚀 Starting data insertion into postgres://postgres:xxx@postgres:5432/postgres for 100000 documents of 100 bytes * 10 fields
client-4  | [7587a4d70433] PostgreSQL (10%) - Throughput: 116.76 docs/sec
client-5  | [ec2afdf53223] PostgreSQL (10%) - Throughput: 115.51 docs/sec
client-6  | [3dc20c1882c0] PostgreSQL (10%) - Throughput: 113.03 docs/sec
client-7  | [bd34c589fdb3] PostgreSQL (10%) - Throughput: 111.84 docs/sec
client-1  | [c8b47d10e913] PostgreSQL (10%) - Throughput: 113.22 docs/sec
client-8  | [f8201e72c428] PostgreSQL (10%) - Throughput: 113.60 docs/sec
client-2  | [0e52e90e207b] PostgreSQL (10%) - Throughput: 112.78 docs/sec
client-3  | [49792b3a8570] PostgreSQL (10%) - Throughput: 110.96 docs/sec
client-4  | [7587a4d70433] PostgreSQL (20%) - Throughput: 114.59 docs/sec
client-5  | [ec2afdf53223] PostgreSQL (20%) - Throughput: 113.11 docs/sec
client-6  | [3dc20c1882c0] PostgreSQL (20%) - Throughput: 112.31 docs/sec
client-1  | [c8b47d10e913] PostgreSQL (20%) - Throughput: 112.50 docs/sec
client-7  | [bd34c589fdb3] PostgreSQL (20%) - Throughput: 111.44 docs/sec
client-8  | [f8201e72c428] PostgreSQL (20%) - Throughput: 112.43 docs/sec
client-2  | [0e52e90e207b] PostgreSQL (20%) - Throughput: 112.15 docs/sec
client-3  | [49792b3a8570] PostgreSQL (20%) - Throughput: 110.70 docs/sec
[ perf record: Woken up 3 times to write data ]
[ perf record: Captured and wrote 0.000 MB - ]
client-4  | [7587a4d70433] PostgreSQL (30%) - Throughput: 113.99 docs/sec
client-5  | [ec2afdf53223] PostgreSQL (30%) - Throughput: 112.38 docs/sec
client-6  | [3dc20c1882c0] PostgreSQL (30%) - Throughput: 111.70 docs/sec
client-1  | [c8b47d10e913] PostgreSQL (30%) - Throughput: 112.05 docs/sec
client-7  | [bd34c589fdb3] PostgreSQL (30%) - Throughput: 111.38 docs/sec
client-8  | [f8201e72c428] PostgreSQL (30%) - Throughput: 112.22 docs/sec
client-2  | [0e52e90e207b] PostgreSQL (30%) - Throughput: 112.10 docs/sec
client-3  | [49792b3a8570] PostgreSQL (30%) - Throughput: 110.67 docs/sec
client-4  | [7587a4d70433] PostgreSQL (40%) - Throughput: 114.02 docs/sec
CONTAINER ID   NAME                   CPU %     MEM USAGE / LIMIT    MEM %     NET I/O           BLOCK I/O     PIDS
7587a4d70433   jsonbench-client-4     73.39%    162.9MiB / 27.2GiB   0.58%     8.79MB / 66MB     0B / 8.19kB   11
ec2afdf53223   jsonbench-client-5     75.07%    183.7MiB / 27.2GiB   0.66%     8.66MB / 64.9MB   0B / 8.19kB   11
bd34c589fdb3   jsonbench-client-7     74.28%    206.8MiB / 27.2GiB   0.74%     8.57MB / 64.2MB   0B / 8.19kB   11
3dc20c1882c0   jsonbench-client-6     75.80%    210.4MiB / 27.2GiB   0.76%     8.55MB / 64.3MB   0B / 8.19kB   11
c8b47d10e913   jsonbench-client-1     76.18%    145.7MiB / 27.2GiB   0.52%     8.61MB / 64.5MB   0B / 8.19kB   11
f8201e72c428   jsonbench-client-8     89.18%    110.3MiB / 27.2GiB   0.40%     8.55MB / 64.3MB   0B / 8.19kB   11
0e52e90e207b   jsonbench-client-2     71.71%    131.8MiB / 27.2GiB   0.47%     8.55MB / 64.2MB   0B / 8.19kB   11
49792b3a8570   jsonbench-client-3     74.19%    174.5MiB / 27.2GiB   0.63%     8.4MB / 63.1MB    0B / 8.19kB   11
a257e8fd4324   jsonbench-mongodb-1    0.72%     1.212GiB / 9GiB      13.46%    1.09GB / 89.5MB   0B / 7.02GB   33
b3a1138d75f8   jsonbench-postgres-1   46.01%    577.1MiB / 9GiB      6.26%     515MB / 68.7MB    0B / 3.6GB    14
500f45bd6023   jsonbench-grafana-1    1.70%     74.18MiB / 27.2GiB   0.27%     451kB / 9.94MB    0B / 1.71MB   18
2e606fb57093   prometheus             0.00%     106.6MiB / 27.2GiB   0.38%     59.6MB / 1.21MB   0B / 24.6kB   13
4ea88e7152ac   cadvisor               6.17%     68.55MiB / 27.2GiB   0.25%     1.12MB / 59.5MB   0B / 0B       16
client-5  | [ec2afdf53223] PostgreSQL (40%) - Throughput: 112.39 docs/sec
client-1  | [c8b47d10e913] PostgreSQL (40%) - Throughput: 112.66 docs/sec
client-8  | [f8201e72c428] PostgreSQL (40%) - Throughput: 112.43 docs/sec
client-6  | [3dc20c1882c0] PostgreSQL (40%) - Throughput: 111.93 docs/sec
client-2  | [0e52e90e207b] PostgreSQL (40%) - Throughput: 112.52 docs/sec
client-7  | [bd34c589fdb3] PostgreSQL (40%) - Throughput: 111.56 docs/sec
client-3  | [49792b3a8570] PostgreSQL (40%) - Throughput: 110.68 docs/sec
client-4  | [7587a4d70433] PostgreSQL (50%) - Throughput: 114.05 docs/sec
client-5  | [ec2afdf53223] PostgreSQL (50%) - Throughput: 112.72 docs/sec
client-1  | [c8b47d10e913] PostgreSQL (50%) - Throughput: 112.85 docs/sec
client-8  | [f8201e72c428] PostgreSQL (50%) - Throughput: 112.85 docs/sec
client-2  | [0e52e90e207b] PostgreSQL (50%) - Throughput: 112.82 docs/sec
client-6  | [3dc20c1882c0] PostgreSQL (50%) - Throughput: 112.19 docs/sec
client-7  | [bd34c589fdb3] PostgreSQL (50%) - Throughput: 111.82 docs/sec
client-3  | [49792b3a8570] PostgreSQL (50%) - Throughput: 110.98 docs/sec
client-4  | [7587a4d70433] PostgreSQL (60%) - Throughput: 113.97 docs/sec
client-5  | [ec2afdf53223] PostgreSQL (60%) - Throughput: 112.95 docs/sec
client-1  | [c8b47d10e913] PostgreSQL (60%) - Throughput: 113.18 docs/sec
client-2  | [0e52e90e207b] PostgreSQL (60%) - Throughput: 113.18 docs/sec
client-8  | [f8201e72c428] PostgreSQL (60%) - Throughput: 113.03 docs/sec
client-6  | [3dc20c1882c0] PostgreSQL (60%) - Throughput: 112.37 docs/sec
client-7  | [bd34c589fdb3] PostgreSQL (60%) - Throughput: 111.98 docs/sec
client-3  | [49792b3a8570] PostgreSQL (60%) - Throughput: 111.22 docs/sec
client-4  | [7587a4d70433] PostgreSQL (70%) - Throughput: 113.89 docs/sec
client-5  | [ec2afdf53223] PostgreSQL (70%) - Throughput: 113.09 docs/sec
client-1  | [c8b47d10e913] PostgreSQL (70%) - Throughput: 113.27 docs/sec
client-8  | [f8201e72c428] PostgreSQL (70%) - Throughput: 113.28 docs/sec
client-2  | [0e52e90e207b] PostgreSQL (70%) - Throughput: 113.32 docs/sec
client-6  | [3dc20c1882c0] PostgreSQL (70%) - Throughput: 112.49 docs/sec
client-7  | [bd34c589fdb3] PostgreSQL (70%) - Throughput: 112.08 docs/sec
client-3  | [49792b3a8570] PostgreSQL (70%) - Throughput: 111.15 docs/sec
client-4  | [7587a4d70433] PostgreSQL (80%) - Throughput: 114.07 docs/sec
client-5  | [ec2afdf53223] PostgreSQL (80%) - Throughput: 113.10 docs/sec
client-1  | [c8b47d10e913] PostgreSQL (80%) - Throughput: 113.28 docs/sec
client-8  | [f8201e72c428] PostgreSQL (80%) - Throughput: 113.37 docs/sec
client-2  | [0e52e90e207b] PostgreSQL (80%) - Throughput: 113.34 docs/sec
client-6  | [3dc20c1882c0] PostgreSQL (80%) - Throughput: 112.56 docs/sec
client-7  | [bd34c589fdb3] PostgreSQL (80%) - Throughput: 112.30 docs/sec
client-3  | [49792b3a8570] PostgreSQL (80%) - Throughput: 111.15 docs/sec
client-4  | [7587a4d70433] PostgreSQL (90%) - Throughput: 114.18 docs/sec
client-5  | [ec2afdf53223] PostgreSQL (90%) - Throughput: 113.06 docs/sec
client-1  | [c8b47d10e913] PostgreSQL (90%) - Throughput: 113.41 docs/sec
client-2  | [0e52e90e207b] PostgreSQL (90%) - Throughput: 113.48 docs/sec
client-8  | [f8201e72c428] PostgreSQL (90%) - Throughput: 113.37 docs/sec
client-6  | [3dc20c1882c0] PostgreSQL (90%) - Throughput: 112.55 docs/sec
client-7  | [bd34c589fdb3] PostgreSQL (90%) - Throughput: 112.42 docs/sec
client-3  | [49792b3a8570] PostgreSQL (90%) - Throughput: 111.20 docs/sec
client-4  | [7587a4d70433] PostgreSQL (100%) - Throughput: 114.27 docs/sec
client-4  | ✅ Inserted 100000 records into PostgreSQL
client-4  | ✅ PostgreSQL Connection closed
client-4  | [2025-02-19T22:01:56.381Z] 🏁 Data insertion completed in 880.29 seconds
[Kclient-4 exited with code 0
client-1  | [c8b47d10e913] PostgreSQL (100%) - Throughput: 113.76 docs/sec
client-1  | ✅ Inserted 100000 records into PostgreSQL
client-1  | ✅ PostgreSQL Connection closed
client-1  | [2025-02-19T22:02:03.804Z] 🏁 Data insertion completed in 884.10 seconds
[Kclient-1 exited with code 0
client-8  | [f8201e72c428] PostgreSQL (100%) - Throughput: 113.72 docs/sec
client-8  | ✅ Inserted 100000 records into PostgreSQL
client-8  | ✅ PostgreSQL Connection closed
client-8  | [2025-02-19T22:02:04.811Z] 🏁 Data insertion completed in 884.41 seconds
client-2  | [0e52e90e207b] PostgreSQL (100%) - Throughput: 113.76 docs/sec
client-2  | ✅ Inserted 100000 records into PostgreSQL
client-2  | ✅ PostgreSQL Connection closed
client-2  | [2025-02-19T22:02:05.075Z] 🏁 Data insertion completed in 884.16 seconds
[Kclient-8 exited with code 0
client-5  | [ec2afdf53223] PostgreSQL (100%) - Throughput: 113.23 docs/sec
client-5  | ✅ Inserted 100000 records into PostgreSQL
client-5  | ✅ PostgreSQL Connection closed
client-5  | [2025-02-19T22:02:05.249Z] 🏁 Data insertion completed in 888.20 seconds
[Kclient-2 exited with code 0
[Kclient-5 exited with code 0
client-6  | [3dc20c1882c0] PostgreSQL (100%) - Throughput: 113.03 docs/sec
client-6  | ✅ Inserted 100000 records into PostgreSQL
client-6  | ✅ PostgreSQL Connection closed
client-6  | [2025-02-19T22:02:08.676Z] 🏁 Data insertion completed in 889.82 seconds
[Kclient-6 exited with code 0
client-7  | [bd34c589fdb3] PostgreSQL (100%) - Throughput: 112.90 docs/sec
client-7  | ✅ Inserted 100000 records into PostgreSQL
client-7  | ✅ PostgreSQL Connection closed
client-7  | [2025-02-19T22:02:09.011Z] 🏁 Data insertion completed in 890.81 seconds
[Kclient-7 exited with code 0
client-3  | [49792b3a8570] PostgreSQL (100%) - Throughput: 112.50 docs/sec
client-3  | ✅ Inserted 100000 records into PostgreSQL
client-3  | ✅ PostgreSQL Connection closed
client-3  | [2025-02-19T22:02:15.344Z] 🏁 Data insertion completed in 893.94 seconds
[Kclient-3 exited with code 0

 Performance counter stats for 'system wide':

   114,102,973,233      instructions:u            docker/b3a1138d75f86d7087ade23f04c2e50b6a02856e4bc614f361d4dda6dc879c8f                                   

     903.158691254 seconds time elapsed

VACUUM
PostgreSQL count: 799993 size: 1042 MB
00000916-37b3-4ee4-92d9-12259129be7a
00002c5c-2aa8-43cb-a681-902963713074
000050ac-6c66-45e7-ba9d-ec0e34009cb6
00006f0e-ac8d-4611-b0a7-fca93f84b5d2
00008e8a-ca43-4059-8941-3dc96156de47
000094f0-2ed0-42b5-b9a1-b1acbbcb6c95
0000974c-2ca5-4ab7-b52c-3717ad183033
0000de9c-c563-443f-9c56-d812cf4d1a38
0000e1c2-d97d-41df-902e-03dc4e8cd688
0000effa-0c00-450c-a645-75565a7f99b1
public|jsonbench|id|f|0|16|-1|||{000094f0-2ed0-42b5-b9a1-b1acbbcb6c95,0257db2b-8f18-4207-af83-24ac0077db4a,04edee63-8f69-4c49-ad61-4af28a0ef603,07d37c94-b919-4b5d-b952-5ac7ed52da2a,0a729ac2-3efc-4ef7-b4b9-49354ce51983,0cef333c-c1ce-420a-a365-7ed49eafc194,0f6f99cb-99e7-4994-b8ee-962bc9cb7982,12026389-f335-4c6b-9ae5-104211dc6ec6,1482c213-ae5b-4c26-aa5c-e68e95c274c3,172a2676-0d32-4048-b748-6fd273dc7b00,19ec48ad-088f-45a2-9bdc-f6b07c2f384c,1c50af46-0619-4308-b38b-84e9ed711629,1ea0c259-6063-462e-a24c-99e7406fdff8,2127ff2a-3c79-46a4-b2ab-29fbdbd88a22,24038525-4d2d-4753-9332-3069e54a61d0,268ce441-16ce-4388-8932-23eecb726a99,293e407e-714e-4412-91c9-36a999a98e14,2bde91d8-d42e-444b-840c-020eaf02734b,2e2fb43b-c118-4660-adfb-8812c4ebc5e6,30b10af8-4fa6-4207-b56e-1671dcd9c1ee,3305d120-3016-4182-b6c2-8d921f6622a7,355fb768-b8e1-4efa-b7a5-995a58cbc76a,37ccb188-02c2-4f72-9d9e-5e93dfb6fa37,3a67ddbe-7bfd-42b3-839c-3a24f5479046,3d32d5d8-e428-4b3a-90db-8308419e18d4,3f8f6810-96b4-4476-8cf5-7fb7f4f84a1e,422006c3-0c89-4b90-9efd-dc3f6c8e107c,44c14e53-0715-4acd-8479-f4ab6ea2b14c,4795989f-6e5f-4783-a15e-eeeda147db32,49e45c44-4bee-4024-8b93-756ccc4aa18f,4c92c98f-7c4c-42ae-935e-e6d659ebf29e,4f1bd941-7507-46a5-a13b-28957a3c0d39,51bd3efb-59f1-49a7-a408-b6bb963fe33e,54665285-9721-40ce-a9e4-17185dd6af3a,56c84631-9807-40ce-a146-95b3c52eebc5,590f5109-1316-4d97-a63e-3c632ab40596,5b5349b3-62f9-4f44-8c02-28d309f9c3f9,5dccfff9-a5da-488d-a065-f58779b48fec,60312d4f-fcbe-4cc8-8259-08416b590ee0,62dcfbc1-e236-45db-9227-2d1f552267ac,6598605c-d722-4d69-bc1a-44e7fd50275a,681247fb-90be-4174-a677-81cdc4b48afa,6a94b6dd-5bd8-4c0c-b676-33fe8c0ba61f,6d807b7c-0903-45d8-bd22-9dd0b4426a76,6ff72b4d-8dee-4b3b-ad0e-8b4e52ade0bb,726c7678-caae-4069-85b5-dd7420bd9964,750476ee-c72c-4167-8547-35616acb6f99,778f6dfa-9ab6-497d-8e2e-0fa433c68e47,79dd0099-b36a-4cd8-aa51-5f93e57a0b0c,7c6f9efb-eeaf-4feb-ba76-8a626a289eff,7f03d8c6-21e7-4487-98d1-5b2f30bfd956,817378c1-c412-4750-a35c-daede6057d9c,842e63a7-30c2-4542-9881-5b4ca4dfb565,86bfd08f-8a86-451e-8d59-fa5c86fd7e2f,894a6313-ab91-4aa0-a6ab-5a11f7034889,8c3a7387-3d4c-4155-b3a1-0c5c9085491e,8ecbe407-b77b-4c78-bca4-b4d194ecfbf2,9162d7db-0457-44ac-b15d-f4991973b939,93ca5ef2-3fb8-45b7-a7cd-df4a58073bdf,968eddb5-8656-4bbe-9985-29a10072a111,9916d952-8b6c-4ad6-8233-91735811e2ca,9bc9c484-4851-4cd3-8978-801156bded1e,9e58569b-bb30-43fe-8100-935629f2111f,a0d69859-ff97-4a4d-941e-f651acdc5f22,a3a84045-edff-4b30-9b2c-73e58fb8a712,a62163ae-a013-49d8-8a48-a714afda91b7,a8b03708-7d9a-4bdb-9d4a-f0b83b0556e9,ab2bf545-24e7-4b51-a341-340f5f864182,ad987a10-e44a-4f18-84cb-323fdf9888a8,b02a3fe9-a1a6-4024-9947-8757c340067c,b2c5c7f2-54aa-478f-a506-e79e5586a9e0,b559c5e8-9a84-49af-8615-96bffe70acbb,b7d64399-3ffd-4523-8cf7-02c6bf4e5777,ba689df0-56d2-41b1-9c86-d21add22e794,bccde7d0-4850-47b6-8a09-273bfb0d9642,bf5a994b-c67e-4f7b-a567-766d2cd2a168,c1a70403-caba-421e-9ff1-644a9e4bdfc3,c41fa143-b517-4166-89e3-e2465ee439c8,c6aea43f-69c0-44c9-8799-41187b632118,c9649af3-374b-453f-bc26-0c7cd08208bf,cbfd628c-64e9-4e6f-9374-b7252a9ed386,ce6f5c89-5f3e-49b1-922e-934159f64159,d0dfc929-9ae3-4866-a4df-f364b8778a99,d3887b94-53eb-4ef1-8496-2c405e1905c6,d5e773c7-8603-496a-a7a7-70bc57291287,d8b1db29-3fc2-4af0-80e2-b5b3a6bc3191,db7409ad-b169-4174-8038-e4a53b1b0f60,de0832e9-6bd0-4f37-b91e-13f7223f6086,e09e2e7d-50d7-459d-8c46-c6286604bcdc,e32e7a94-12f5-476f-a36c-517b071dc1bd,e5f10d68-58b6-4f0c-a2f3-8d29e659ff55,e864d981-74a4-43cd-88cb-f9e75c45e8e9,eac52a2f-b982-4e96-831a-4c910f2b09b3,ed3dec0b-5d2a-4b64-a922-482d405a5b1c,eff4e096-6ee2-47c1-99c1-2f8d71b9eb43,f28d9b33-81a7-4805-847c-50808c236d8a,f5575937-07f6-4750-9299-b2e545431da3,f7ee6f82-a35b-440d-97f1-8dfca051a985,fabab73f-78b2-44bc-b6aa-24b6304153f0,fd95b350-1bdb-484f-a32a-b35919ad7549,fffb4b21-8e57-4573-b9bb-94bd6ffd0630}|0.0006494405||||||
CONTAINER ID   NAME                   CPU %     MEM USAGE / LIMIT    MEM %     NET I/O           BLOCK I/O     PIDS
a257e8fd4324   jsonbench-mongodb-1    0.76%     1.212GiB / 9GiB      13.46%    1.09GB / 89.5MB   0B / 7.02GB   33
b3a1138d75f8   jsonbench-postgres-1   0.89%     1.19GiB / 9GiB       13.22%    1.31GB / 175MB    0B / 9.34GB   6
500f45bd6023   jsonbench-grafana-1    0.95%     73.99MiB / 27.2GiB   0.27%     457kB / 9.94MB    0B / 1.74MB   18
2e606fb57093   prometheus             0.00%     106.2MiB / 27.2GiB   0.38%     65.8MB / 1.32MB   0B / 24.6kB   13
4ea88e7152ac   cadvisor               3.21%     56.15MiB / 27.2GiB   0.20%     1.24MB / 65.7MB   0B / 0B       16
