CONTAINER ID   NAME                   CPU %     MEM USAGE / LIMIT    MEM %     NET I/O           BLOCK I/O         PIDS
4648282809e3   jsonbench-grafana-1    0.90%     71.7MiB / 27.2GiB    0.26%     1.59MB / 1.16MB   34.1MB / 3.44MB   15
3721329bc411   jsonbench-mongodb-1    0.32%     181.7MiB / 9GiB      1.97%     5.43kB / 7.84kB   7.38MB / 1.17MB   33
d34a28836e4a   jsonbench-postgres-1   0.00%     121.6MiB / 9GiB      1.32%     1.28kB / 1.73kB   13.7MB / 193kB    6
cb072a433afa   prometheus             0.00%     105.8MiB / 27.2GiB   0.38%     279MB / 5.25MB    13.9MB / 45.6MB   14
bf5f9b03e712   cadvisor               1.56%     65.13MiB / 27.2GiB   0.23%     5.13MB / 279MB    13.4MB / 0B       17
a0f8c07301ab   mongo_fdw              0.00%     154.7MiB / 27.2GiB   0.56%     2.21kB / 2.38kB   203MB / 11.2GB    6
              total        used        free      shared  buff/cache   available
Mem:            27G        1.0G         24G        512M        1.4G         25G
Swap:          8.0G        141M        7.9G
              total        used        free      shared  buff/cache   available
Mem:            27G        1.0G         25G        512M        1.2G         25G
Swap:          8.0G        141M        7.9G
CONTAINER ID   NAME                   CPU %     MEM USAGE / LIMIT    MEM %     NET I/O           BLOCK I/O         PIDS
4648282809e3   jsonbench-grafana-1    1.07%     71.39MiB / 27.2GiB   0.26%     1.59MB / 1.16MB   34.1MB / 3.44MB   15
3721329bc411   jsonbench-mongodb-1    0.34%     81.44MiB / 9GiB      0.88%     5.43kB / 7.84kB   7.38MB / 1.17MB   33
d34a28836e4a   jsonbench-postgres-1   0.00%     118.6MiB / 9GiB      1.29%     1.28kB / 1.73kB   13.7MB / 193kB    6
cb072a433afa   prometheus             0.00%     105.8MiB / 27.2GiB   0.38%     279MB / 5.25MB    13.9MB / 45.6MB   14
bf5f9b03e712   cadvisor               4.75%     64.93MiB / 27.2GiB   0.23%     5.13MB / 279MB    13.4MB / 0B       17
a0f8c07301ab   mongo_fdw              0.00%     153.5MiB / 27.2GiB   0.55%     2.21kB / 2.38kB   203MB / 11.2GB    6
mongodb-init-1  | Current Mongosh Log ID:	67c1bb0b17542be0a9adc9aa
mongodb-init-1  | Connecting to:		mongodb://mongodb:27017/?directConnection=true&appName=mongosh+2.0.2
mongodb-init-1  | Using MongoDB:		7.0.16
mongodb-init-1  | Using Mongosh:		2.0.2
mongodb-init-1  | 
mongodb-init-1  | For mongosh info see: https://docs.mongodb.com/mongodb-shell/
mongodb-init-1  | 
mongodb-init-1  | 
mongodb-init-1  | To help improve our products, anonymous usage data is collected and sent to MongoDB periodically (https://www.mongodb.com/legal/privacy-policy).
mongodb-init-1  | You can opt-out by running the disableTelemetry() command.
mongodb-init-1  | 
mongodb-init-1  | ------
mongodb-init-1  |    The server generated these startup warnings when booting
mongodb-init-1  |    2025-02-28T13:32:58.370+00:00: Access control is not enabled for the database. Read and write access to data and configuration is unrestricted
mongodb-init-1  |    2025-02-28T13:32:58.371+00:00: vm.max_map_count is too low
mongodb-init-1  | ------
mongodb-init-1  | 
mongodb-init-1  | Loading file: /dir/init.js
 Container jsonbench-mongodb-1  Running
 Container jsonbench-postgres-1  Running
 Container jsonbench-client-1  Creating
 Container jsonbench-client-8  Creating
 Container jsonbench-client-3  Creating
 Container jsonbench-client-4  Creating
 Container jsonbench-client-5  Creating
 Container jsonbench-client-2  Creating
 Container jsonbench-client-7  Creating
 Container jsonbench-client-6  Creating
 Container jsonbench-client-7  Created
 Container jsonbench-client-6  Created
 Container jsonbench-client-4  Created
 Container jsonbench-client-2  Created
 Container jsonbench-client-8  Created
 Container jsonbench-client-1  Created
 Container jsonbench-client-3  Created
 Container jsonbench-client-5  Created
Attaching to client-1, client-2, client-3, client-4, client-5, client-6, client-7, client-8
client-8  | Current Mongosh Log ID:	67c1bd694f49808d57d65482
client-3  | Current Mongosh Log ID:	67c1bd69cb576ee8b294f563
client-1  | Current Mongosh Log ID:	67c1bd6928a6199a6fc4db32
client-3  | Using Mongosh:		2.0.2
client-3  | 
client-8  | Using Mongosh:		2.0.2
client-3  | For mongosh info see: https://docs.mongodb.com/mongodb-shell/
client-3  | 
client-3  | 
client-3  | To help improve our products, anonymous usage data is collected and sent to MongoDB periodically (https://www.mongodb.com/legal/privacy-policy).
client-3  | You can opt-out by running the disableTelemetry() command.
client-3  | 
client-8  | 
client-8  | For mongosh info see: https://docs.mongodb.com/mongodb-shell/
client-8  | 
client-8  | 
client-8  | To help improve our products, anonymous usage data is collected and sent to MongoDB periodically (https://www.mongodb.com/legal/privacy-policy).
client-8  | You can opt-out by running the disableTelemetry() command.
client-8  | 
client-8  | Loading file: /dir/lib.js
client-3  | Loading file: /dir/lib.js
client-1  | Using Mongosh:		2.0.2
client-1  | 
client-1  | For mongosh info see: https://docs.mongodb.com/mongodb-shell/
client-1  | 
client-1  | 
client-1  | To help improve our products, anonymous usage data is collected and sent to MongoDB periodically (https://www.mongodb.com/legal/privacy-policy).
client-1  | You can opt-out by running the disableTelemetry() command.
client-1  | 
client-1  | Loading file: /dir/lib.js
client-7  | Current Mongosh Log ID:	67c1bd6a860c3ef3821439b2
client-7  | Using Mongosh:		2.0.2
client-7  | 
client-7  | For mongosh info see: https://docs.mongodb.com/mongodb-shell/
client-7  | 
client-7  | 
client-7  | To help improve our products, anonymous usage data is collected and sent to MongoDB periodically (https://www.mongodb.com/legal/privacy-policy).
client-7  | You can opt-out by running the disableTelemetry() command.
client-7  | 
client-7  | Loading file: /dir/lib.js
client-4  | Current Mongosh Log ID:	67c1bd6bbe897634d030822b
client-4  | Using Mongosh:		2.0.2
client-4  | 
client-4  | For mongosh info see: https://docs.mongodb.com/mongodb-shell/
client-4  | 
client-4  | 
client-4  | To help improve our products, anonymous usage data is collected and sent to MongoDB periodically (https://www.mongodb.com/legal/privacy-policy).
client-4  | You can opt-out by running the disableTelemetry() command.
client-4  | 
client-4  | Loading file: /dir/lib.js
client-6  | Current Mongosh Log ID:	67c1bd6c94d0607ed1bd8205
client-1  | Environment Variables:
client-3  | Environment Variables:
client-8  | Environment Variables:
client-3  | BENCH_DOCS: 1000000
client-3  | DB_URI: mongodb://mongodb:27017
client-1  | BENCH_DOCS: 1000000
client-8  | BENCH_DOCS: 1000000
client-8  | DB_URI: mongodb://mongodb:27017
client-3  | [2025-02-28T13:43:08.871Z] 🚀 Starting delete from mongodb://mongodb:27017 for 1000000 calls
client-1  | DB_URI: mongodb://mongodb:27017
client-8  | [2025-02-28T13:43:08.874Z] 🚀 Starting delete from mongodb://mongodb:27017 for 1000000 calls
client-1  | [2025-02-28T13:43:08.872Z] 🚀 Starting delete from mongodb://mongodb:27017 for 1000000 calls
client-8  | [8549a9aa5ce3] MongoDB (  0%) - delete throughput:      0 docs/sec - 0 documents
client-1  | [2f65618cc390] MongoDB (  0%) - delete throughput:      0 docs/sec - 0 documents
client-3  | [0307596910be] MongoDB (  0%) - delete throughput:      0 docs/sec - 0 documents
client-6  | Using Mongosh:		2.0.2
client-6  | 
client-6  | For mongosh info see: https://docs.mongodb.com/mongodb-shell/
client-6  | 
client-6  | 
client-6  | To help improve our products, anonymous usage data is collected and sent to MongoDB periodically (https://www.mongodb.com/legal/privacy-policy).
client-6  | You can opt-out by running the disableTelemetry() command.
client-6  | 
client-6  | Loading file: /dir/lib.js
client-2  | Current Mongosh Log ID:	67c1bd6dcacc95bcc03f0a75
client-7  | Environment Variables:
client-7  | BENCH_DOCS: 1000000
client-7  | DB_URI: mongodb://mongodb:27017
client-7  | [2025-02-28T13:43:09.596Z] 🚀 Starting delete from mongodb://mongodb:27017 for 1000000 calls
client-7  | [56bf71d9126a] MongoDB (  0%) - delete throughput:      0 docs/sec - 0 documents
client-2  | Using Mongosh:		2.0.2
client-2  | 
client-2  | For mongosh info see: https://docs.mongodb.com/mongodb-shell/
client-2  | 
client-2  | 
client-2  | To help improve our products, anonymous usage data is collected and sent to MongoDB periodically (https://www.mongodb.com/legal/privacy-policy).
client-2  | You can opt-out by running the disableTelemetry() command.
client-2  | 
client-2  | Loading file: /dir/lib.js
client-5  | Current Mongosh Log ID:	67c1bd6e5c1edbbafe5669af
client-4  | Environment Variables:
client-4  | BENCH_DOCS: 1000000
client-4  | DB_URI: mongodb://mongodb:27017
client-4  | [2025-02-28T13:43:10.789Z] 🚀 Starting delete from mongodb://mongodb:27017 for 1000000 calls
client-4  | [11b23f2edb2a] MongoDB (  0%) - delete throughput:      0 docs/sec - 0 documents
client-5  | Using Mongosh:		2.0.2
client-5  | 
client-5  | For mongosh info see: https://docs.mongodb.com/mongodb-shell/
client-5  | 
client-5  | 
client-5  | To help improve our products, anonymous usage data is collected and sent to MongoDB periodically (https://www.mongodb.com/legal/privacy-policy).
client-5  | You can opt-out by running the disableTelemetry() command.
client-5  | 
client-5  | Loading file: /dir/lib.js
client-6  | Environment Variables:
client-6  | BENCH_DOCS: 1000000
client-6  | DB_URI: mongodb://mongodb:27017
client-6  | [2025-02-28T13:43:12.021Z] 🚀 Starting delete from mongodb://mongodb:27017 for 1000000 calls
client-6  | [e4aa085b95eb] MongoDB (  0%) - delete throughput:      0 docs/sec - 0 documents
client-2  | Environment Variables:
client-2  | BENCH_DOCS: 1000000
client-2  | DB_URI: mongodb://mongodb:27017
client-2  | [2025-02-28T13:43:13.060Z] 🚀 Starting delete from mongodb://mongodb:27017 for 1000000 calls
client-2  | [f4c17f11652d] MongoDB (  0%) - delete throughput:      0 docs/sec - 0 documents
client-5  | Environment Variables:
client-5  | BENCH_DOCS: 1000000
client-5  | DB_URI: mongodb://mongodb:27017
client-5  | [2025-02-28T13:43:13.712Z] 🚀 Starting delete from mongodb://mongodb:27017 for 1000000 calls
client-5  | [632ee979fb89] MongoDB (  0%) - delete throughput:      0 docs/sec - 0 documents
[ perf record: Woken up 1 times to write data ]
[ perf record: Captured and wrote 0.000 MB - ]
CONTAINER ID   NAME                   CPU %     MEM USAGE / LIMIT    MEM %     NET I/O           BLOCK I/O         PIDS
8549a9aa5ce3   jsonbench-client-8     74.08%    145.1MiB / 27.2GiB   0.52%     15.3MB / 23.2MB   57.2MB / 8.19kB   11
0307596910be   jsonbench-client-3     68.30%    230.1MiB / 27.2GiB   0.83%     15.5MB / 23.6MB   7.54MB / 8.19kB   11
2f65618cc390   jsonbench-client-1     68.35%    170.6MiB / 27.2GiB   0.61%     15.1MB / 22.9MB   836kB / 8.19kB    11
56bf71d9126a   jsonbench-client-7     68.71%    158.8MiB / 27.2GiB   0.57%     15.2MB / 23.1MB   8.19kB / 8.19kB   11
11b23f2edb2a   jsonbench-client-4     72.46%    172.1MiB / 27.2GiB   0.62%     15.2MB / 23.1MB   4.1kB / 8.19kB    11
e4aa085b95eb   jsonbench-client-6     69.53%    194.8MiB / 27.2GiB   0.70%     15.2MB / 23.1MB   8.19kB / 8.19kB   11
f4c17f11652d   jsonbench-client-2     68.46%    143.9MiB / 27.2GiB   0.52%     15.2MB / 23MB     8.19kB / 8.19kB   11
632ee979fb89   jsonbench-client-5     69.27%    179.9MiB / 27.2GiB   0.65%     15.3MB / 23.3MB   8.19kB / 8.19kB   11
4648282809e3   jsonbench-grafana-1    19.98%    81.01MiB / 27.2GiB   0.29%     1.79MB / 11.6MB   45.4MB / 3.78MB   15
3721329bc411   jsonbench-mongodb-1    142.34%   86.09MiB / 9GiB      0.93%     186MB / 122MB     7.49MB / 1.46MB   57
d34a28836e4a   jsonbench-postgres-1   0.00%     120MiB / 9GiB        1.30%     1.62kB / 1.73kB   16.9MB / 193kB    6
cb072a433afa   prometheus             6.25%     121.8MiB / 27.2GiB   0.44%     282MB / 5.37MB    17MB / 45.6MB     14
bf5f9b03e712   cadvisor               5.29%     68.5MiB / 27.2GiB    0.25%     5.18MB / 282MB    14.4MB / 0B       17
a0f8c07301ab   mongo_fdw              0.00%     154.4MiB / 27.2GiB   0.55%     2.21kB / 2.38kB   206MB / 11.2GB    6
client-3  | [0307596910be] MongoDB ( 10%) - delete throughput:      0 docs/sec - 0 documents
client-5  | [632ee979fb89] MongoDB ( 10%) - delete throughput:      0 docs/sec - 0 documents
client-7  | [56bf71d9126a] MongoDB ( 10%) - delete throughput:      0 docs/sec - 0 documents
client-8  | [8549a9aa5ce3] MongoDB ( 10%) - delete throughput:      0 docs/sec - 0 documents
client-6  | [e4aa085b95eb] MongoDB ( 10%) - delete throughput:      0 docs/sec - 0 documents
client-4  | [11b23f2edb2a] MongoDB ( 10%) - delete throughput:      0 docs/sec - 0 documents
client-2  | [f4c17f11652d] MongoDB ( 10%) - delete throughput:      0 docs/sec - 0 documents
client-1  | [2f65618cc390] MongoDB ( 10%) - delete throughput:      0 docs/sec - 0 documents
client-3  | [0307596910be] MongoDB ( 20%) - delete throughput:      0 docs/sec - 0 documents
client-5  | [632ee979fb89] MongoDB ( 20%) - delete throughput:      0 docs/sec - 0 documents
client-7  | [56bf71d9126a] MongoDB ( 20%) - delete throughput:      0 docs/sec - 0 documents
client-6  | [e4aa085b95eb] MongoDB ( 20%) - delete throughput:      0 docs/sec - 0 documents
client-4  | [11b23f2edb2a] MongoDB ( 20%) - delete throughput:      0 docs/sec - 0 documents
client-8  | [8549a9aa5ce3] MongoDB ( 20%) - delete throughput:      0 docs/sec - 0 documents
client-2  | [f4c17f11652d] MongoDB ( 20%) - delete throughput:      0 docs/sec - 0 documents
client-1  | [2f65618cc390] MongoDB ( 20%) - delete throughput:      0 docs/sec - 0 documents
client-5  | [632ee979fb89] MongoDB ( 30%) - delete throughput:      0 docs/sec - 0 documents
client-3  | [0307596910be] MongoDB ( 30%) - delete throughput:      0 docs/sec - 0 documents
client-7  | [56bf71d9126a] MongoDB ( 30%) - delete throughput:      0 docs/sec - 0 documents
client-6  | [e4aa085b95eb] MongoDB ( 30%) - delete throughput:      0 docs/sec - 0 documents
client-4  | [11b23f2edb2a] MongoDB ( 30%) - delete throughput:      0 docs/sec - 0 documents
client-8  | [8549a9aa5ce3] MongoDB ( 30%) - delete throughput:      0 docs/sec - 0 documents
client-2  | [f4c17f11652d] MongoDB ( 30%) - delete throughput:      0 docs/sec - 0 documents
client-1  | [2f65618cc390] MongoDB ( 30%) - delete throughput:      0 docs/sec - 0 documents
client-5  | [632ee979fb89] MongoDB ( 40%) - delete throughput:      0 docs/sec - 0 documents
client-3  | [0307596910be] MongoDB ( 40%) - delete throughput:      0 docs/sec - 0 documents
client-4  | [11b23f2edb2a] MongoDB ( 40%) - delete throughput:      0 docs/sec - 0 documents
client-7  | [56bf71d9126a] MongoDB ( 40%) - delete throughput:      0 docs/sec - 0 documents
client-6  | [e4aa085b95eb] MongoDB ( 40%) - delete throughput:      0 docs/sec - 0 documents
client-2  | [f4c17f11652d] MongoDB ( 40%) - delete throughput:      0 docs/sec - 0 documents
client-8  | [8549a9aa5ce3] MongoDB ( 40%) - delete throughput:      0 docs/sec - 0 documents
client-1  | [2f65618cc390] MongoDB ( 40%) - delete throughput:      0 docs/sec - 0 documents
client-5  | [632ee979fb89] MongoDB ( 50%) - delete throughput:      0 docs/sec - 0 documents
client-3  | [0307596910be] MongoDB ( 50%) - delete throughput:      0 docs/sec - 0 documents
client-4  | [11b23f2edb2a] MongoDB ( 50%) - delete throughput:      0 docs/sec - 0 documents
client-7  | [56bf71d9126a] MongoDB ( 50%) - delete throughput:      0 docs/sec - 0 documents
client-6  | [e4aa085b95eb] MongoDB ( 50%) - delete throughput:      0 docs/sec - 0 documents
client-2  | [f4c17f11652d] MongoDB ( 50%) - delete throughput:      0 docs/sec - 0 documents
client-8  | [8549a9aa5ce3] MongoDB ( 50%) - delete throughput:      0 docs/sec - 0 documents
client-1  | [2f65618cc390] MongoDB ( 50%) - delete throughput:      0 docs/sec - 0 documents
client-5  | [632ee979fb89] MongoDB ( 60%) - delete throughput:      0 docs/sec - 0 documents
client-3  | [0307596910be] MongoDB ( 60%) - delete throughput:      0 docs/sec - 0 documents
client-4  | [11b23f2edb2a] MongoDB ( 60%) - delete throughput:      0 docs/sec - 0 documents
client-7  | [56bf71d9126a] MongoDB ( 60%) - delete throughput:      0 docs/sec - 0 documents
client-6  | [e4aa085b95eb] MongoDB ( 60%) - delete throughput:      0 docs/sec - 0 documents
client-2  | [f4c17f11652d] MongoDB ( 60%) - delete throughput:      0 docs/sec - 0 documents
client-8  | [8549a9aa5ce3] MongoDB ( 60%) - delete throughput:      0 docs/sec - 0 documents
client-1  | [2f65618cc390] MongoDB ( 60%) - delete throughput:      0 docs/sec - 0 documents
client-5  | [632ee979fb89] MongoDB ( 70%) - delete throughput:      0 docs/sec - 0 documents
client-3  | [0307596910be] MongoDB ( 70%) - delete throughput:      0 docs/sec - 0 documents
client-4  | [11b23f2edb2a] MongoDB ( 70%) - delete throughput:      0 docs/sec - 0 documents
client-7  | [56bf71d9126a] MongoDB ( 70%) - delete throughput:      0 docs/sec - 0 documents
client-6  | [e4aa085b95eb] MongoDB ( 70%) - delete throughput:      0 docs/sec - 0 documents
client-2  | [f4c17f11652d] MongoDB ( 70%) - delete throughput:      0 docs/sec - 0 documents
client-8  | [8549a9aa5ce3] MongoDB ( 70%) - delete throughput:      0 docs/sec - 0 documents
client-1  | [2f65618cc390] MongoDB ( 70%) - delete throughput:      0 docs/sec - 0 documents
client-5  | [632ee979fb89] MongoDB ( 80%) - delete throughput:      0 docs/sec - 0 documents
client-3  | [0307596910be] MongoDB ( 80%) - delete throughput:      0 docs/sec - 0 documents
client-4  | [11b23f2edb2a] MongoDB ( 80%) - delete throughput:      0 docs/sec - 0 documents
client-7  | [56bf71d9126a] MongoDB ( 80%) - delete throughput:      0 docs/sec - 0 documents
client-6  | [e4aa085b95eb] MongoDB ( 80%) - delete throughput:      0 docs/sec - 0 documents
client-2  | [f4c17f11652d] MongoDB ( 80%) - delete throughput:      0 docs/sec - 0 documents
client-8  | [8549a9aa5ce3] MongoDB ( 80%) - delete throughput:      0 docs/sec - 0 documents
client-1  | [2f65618cc390] MongoDB ( 80%) - delete throughput:      0 docs/sec - 0 documents
client-5  | [632ee979fb89] MongoDB ( 90%) - delete throughput:      0 docs/sec - 0 documents
client-3  | [0307596910be] MongoDB ( 90%) - delete throughput:      0 docs/sec - 0 documents
client-4  | [11b23f2edb2a] MongoDB ( 90%) - delete throughput:      0 docs/sec - 0 documents
client-7  | [56bf71d9126a] MongoDB ( 90%) - delete throughput:      0 docs/sec - 0 documents
client-6  | [e4aa085b95eb] MongoDB ( 90%) - delete throughput:      0 docs/sec - 0 documents
client-2  | [f4c17f11652d] MongoDB ( 90%) - delete throughput:      0 docs/sec - 0 documents
client-8  | [8549a9aa5ce3] MongoDB ( 90%) - delete throughput:      0 docs/sec - 0 documents
client-1  | [2f65618cc390] MongoDB ( 90%) - delete throughput:      0 docs/sec - 0 documents
client-5  | [2025-02-28T14:30:20.768Z] 🏁 delete workload completed in 2827.06 seconds (0 documents)
client-3  | [2025-02-28T14:30:28.054Z] 🏁 delete workload completed in 2839.18 seconds (0 documents)
client-4  | [2025-02-28T14:30:46.438Z] 🏁 delete workload completed in 2855.65 seconds (0 documents)
client-6  | [2025-02-28T14:30:47.351Z] 🏁 delete workload completed in 2855.33 seconds (0 documents)
client-7  | [2025-02-28T14:30:47.585Z] 🏁 delete workload completed in 2857.99 seconds (0 documents)
client-2  | [2025-02-28T14:30:49.018Z] 🏁 delete workload completed in 2855.96 seconds (0 documents)
client-8  | [2025-02-28T14:30:51.365Z] 🏁 delete workload completed in 2862.49 seconds (0 documents)
client-1  | [2025-02-28T14:31:07.725Z] 🏁 delete workload completed in 2878.85 seconds (0 documents)
[Kclient-5 exited with code 0
[Kclient-3 exited with code 0
[Kclient-4 exited with code 0
[Kclient-6 exited with code 0
[Kclient-7 exited with code 0
[Kclient-2 exited with code 0
[Kclient-8 exited with code 0
[Kclient-1 exited with code 0

 Performance counter stats for 'system wide':

 1,354,083,751,704      instructions:u            docker/3721329bc4116d214cedc3955923c1126dbaacfda1073230c3d6c1252c49ae27                                   

    3885.360901543 seconds time elapsed

MongoDB count: 8000000 size: 2083 MB
[
  { _id: ObjectId('67c1597ee3b75b64d09027f0') },
  { _id: ObjectId('67c1597e0ff1125751a9655c') },
  { _id: ObjectId('67c1597ee3b75b64d09027f1') },
  { _id: ObjectId('67c1597ee3b75b64d09027f2') },
  { _id: ObjectId('67c1597e0ff1125751a9655d') },
  { _id: ObjectId('67c1597ee3b75b64d09027f3') },
  { _id: ObjectId('67c1597ee3b75b64d09027f4') },
  { _id: ObjectId('67c1597e0ff1125751a9655e') },
  { _id: ObjectId('67c1597ee3b75b64d09027f5') },
  { _id: ObjectId('67c1597ee3b75b64d09027f6') }
]
CONTAINER ID   NAME                   CPU %     MEM USAGE / LIMIT    MEM %     NET I/O           BLOCK I/O         PIDS
4648282809e3   jsonbench-grafana-1    0.94%     72.61MiB / 27.2GiB   0.26%     2MB / 12MB        45.6MB / 4.15MB   15
3721329bc411   jsonbench-mongodb-1    0.32%     85.77MiB / 9GiB      0.93%     2.06GB / 1.35GB   8.73MB / 6.92MB   33
d34a28836e4a   jsonbench-postgres-1   0.00%     120.6MiB / 9GiB      1.31%     1.66kB / 1.73kB   17MB / 193kB      6
cb072a433afa   prometheus             0.00%     100.8MiB / 27.2GiB   0.36%     321MB / 6.18MB    20MB / 45.6MB     14
bf5f9b03e712   cadvisor               2.87%     60.73MiB / 27.2GiB   0.22%     5.9MB / 321MB     14.4MB / 0B       17
a0f8c07301ab   mongo_fdw              0.00%     155.2MiB / 27.2GiB   0.56%     2.21kB / 2.38kB   206MB / 11.2GB    6
              total        used        free      shared  buff/cache   available
Mem:            27G        1.0G         24G        512M        1.5G         25G
Swap:          8.0G        141M        7.9G
              total        used        free      shared  buff/cache   available
Mem:            27G        1.0G         25G        512M        1.2G         25G
Swap:          8.0G        141M        7.9G
CONTAINER ID   NAME                   CPU %     MEM USAGE / LIMIT    MEM %     NET I/O           BLOCK I/O         PIDS
4648282809e3   jsonbench-grafana-1    0.94%     72.18MiB / 27.2GiB   0.26%     2MB / 12MB        45.6MB / 4.15MB   15
3721329bc411   jsonbench-mongodb-1    0.35%     85.8MiB / 9GiB       0.93%     2.06GB / 1.35GB   8.74MB / 6.92MB   33
d34a28836e4a   jsonbench-postgres-1   0.00%     119.3MiB / 9GiB      1.29%     1.66kB / 1.73kB   17MB / 193kB      6
cb072a433afa   prometheus             0.07%     100.8MiB / 27.2GiB   0.36%     321MB / 6.18MB    20MB / 45.6MB     14
bf5f9b03e712   cadvisor               2.49%     59.86MiB / 27.2GiB   0.21%     5.9MB / 321MB     14.4MB / 0B       17
a0f8c07301ab   mongo_fdw              0.00%     154MiB / 27.2GiB     0.55%     2.21kB / 2.38kB   206MB / 11.2GB    6
