CONTAINER ID   NAME                   CPU %     MEM USAGE / LIMIT    MEM %     NET I/O           BLOCK I/O         PIDS
4648282809e3   jsonbench-grafana-1    0.97%     72.19MiB / 27.2GiB   0.26%     2.01MB / 12MB     45.8MB / 4.19MB   15
3721329bc411   jsonbench-mongodb-1    0.31%     85.4MiB / 9GiB       0.93%     2.06GB / 1.35GB   8.96MB / 7.78MB   33
d34a28836e4a   jsonbench-postgres-1   0.00%     120.7MiB / 9GiB      1.31%     1.66kB / 1.73kB   20.2MB / 193kB    6
cb072a433afa   prometheus             0.00%     99.65MiB / 27.2GiB   0.36%     326MB / 6.28MB    20.1MB / 45.6MB   14
bf5f9b03e712   cadvisor               2.72%     61.89MiB / 27.2GiB   0.22%     6MB / 326MB       15.4MB / 0B       17
a0f8c07301ab   mongo_fdw              0.00%     155MiB / 27.2GiB     0.56%     2.21kB / 2.38kB   210MB / 11.2GB    6
              total        used        free      shared  buff/cache   available
Mem:            27G        1.0G         24G        512M        1.2G         25G
Swap:          8.0G        141M        7.9G
              total        used        free      shared  buff/cache   available
Mem:            27G        1.0G         25G        512M        1.2G         25G
Swap:          8.0G        141M        7.9G
CONTAINER ID   NAME                   CPU %     MEM USAGE / LIMIT    MEM %     NET I/O           BLOCK I/O         PIDS
4648282809e3   jsonbench-grafana-1    0.77%     72.18MiB / 27.2GiB   0.26%     2.01MB / 12MB     45.8MB / 4.19MB   15
3721329bc411   jsonbench-mongodb-1    0.49%     85.52MiB / 9GiB      0.93%     2.06GB / 1.35GB   8.99MB / 7.78MB   33
d34a28836e4a   jsonbench-postgres-1   0.01%     119.5MiB / 9GiB      1.30%     1.66kB / 1.73kB   20.2MB / 193kB    6
cb072a433afa   prometheus             0.05%     99.64MiB / 27.2GiB   0.36%     326MB / 6.28MB    20.1MB / 45.6MB   14
bf5f9b03e712   cadvisor               1.89%     60.73MiB / 27.2GiB   0.22%     6MB / 326MB       15.4MB / 0B       17
a0f8c07301ab   mongo_fdw              0.00%     153.8MiB / 27.2GiB   0.55%     2.21kB / 2.38kB   210MB / 11.2GB    6
postgres-init-1  | explain select * from jsonbench where data->>'attr1' > 'M' order by data->>'attr1' limit 20;
postgres-init-1  |                                          QUERY PLAN                                         
postgres-init-1  | --------------------------------------------------------------------------------------------
postgres-init-1  |  Limit  (cost=0.43..4.45 rows=1 width=319)
postgres-init-1  |    ->  Index Scan using jsonbench_expr_idx on jsonbench  (cost=0.43..4.45 rows=1 width=319)
postgres-init-1  |          Index Cond: ((data ->> 'attr1'::text) > 'M'::text)
postgres-init-1  | (3 rows)
postgres-init-1  | 
 Container jsonbench-postgres-1  Running
 Container jsonbench-mongodb-1  Running
 Container jsonbench-client-6  Recreate
 Container jsonbench-client-8  Recreate
 Container jsonbench-client-7  Recreate
 Container jsonbench-client-5  Recreate
 Container jsonbench-client-4  Recreate
 Container jsonbench-client-1  Recreate
 Container jsonbench-client-3  Recreate
 Container jsonbench-client-2  Recreate
 Container jsonbench-client-2  Recreated
 Container jsonbench-client-3  Recreated
 Container jsonbench-client-6  Recreated
 Container jsonbench-client-8  Recreated
 Container jsonbench-client-5  Recreated
 Container jsonbench-client-1  Recreated
 Container jsonbench-client-7  Recreated
 Container jsonbench-client-4  Recreated
Attaching to client-1, client-2, client-3, client-4, client-5, client-6, client-7, client-8
client-3  | Current Mongosh Log ID:	67c1cefaa32e1d8d5e2c954c
client-2  | Current Mongosh Log ID:	67c1cefa3c9ab029e13059ee
client-5  | Current Mongosh Log ID:	67c1cefb5520767e67caaaae
client-2  | Using Mongosh:		2.0.2
client-2  | 
client-2  | For mongosh info see: https://docs.mongodb.com/mongodb-shell/
client-2  | 
client-2  | 
client-2  | To help improve our products, anonymous usage data is collected and sent to MongoDB periodically (https://www.mongodb.com/legal/privacy-policy).
client-2  | You can opt-out by running the disableTelemetry() command.
client-2  | 
client-3  | Using Mongosh:		2.0.2
client-3  | 
client-3  | For mongosh info see: https://docs.mongodb.com/mongodb-shell/
client-3  | 
client-3  | 
client-3  | To help improve our products, anonymous usage data is collected and sent to MongoDB periodically (https://www.mongodb.com/legal/privacy-policy).
client-3  | You can opt-out by running the disableTelemetry() command.
client-3  | 
client-2  | Loading file: /dir/lib.js
client-3  | Loading file: /dir/lib.js
client-5  | Using Mongosh:		2.0.2
client-5  | 
client-5  | For mongosh info see: https://docs.mongodb.com/mongodb-shell/
client-5  | 
client-5  | 
client-5  | To help improve our products, anonymous usage data is collected and sent to MongoDB periodically (https://www.mongodb.com/legal/privacy-policy).
client-5  | You can opt-out by running the disableTelemetry() command.
client-5  | 
client-5  | Loading file: /dir/lib.js
client-7  | Current Mongosh Log ID:	67c1cefc3bc1d8522574abe4
client-7  | Using Mongosh:		2.0.2
client-7  | 
client-7  | For mongosh info see: https://docs.mongodb.com/mongodb-shell/
client-7  | 
client-7  | 
client-7  | To help improve our products, anonymous usage data is collected and sent to MongoDB periodically (https://www.mongodb.com/legal/privacy-policy).
client-7  | You can opt-out by running the disableTelemetry() command.
client-7  | 
client-7  | Loading file: /dir/lib.js
client-4  | Current Mongosh Log ID:	67c1cefc3788c7753ae0da67
client-4  | Using Mongosh:		2.0.2
client-4  | 
client-4  | For mongosh info see: https://docs.mongodb.com/mongodb-shell/
client-4  | 
client-4  | 
client-4  | To help improve our products, anonymous usage data is collected and sent to MongoDB periodically (https://www.mongodb.com/legal/privacy-policy).
client-4  | You can opt-out by running the disableTelemetry() command.
client-4  | 
client-4  | Loading file: /dir/lib.js
client-1  | Current Mongosh Log ID:	67c1cefd404af06c2ccbe01b
client-2  | Environment Variables:
client-5  | Environment Variables:
client-3  | Environment Variables:
client-2  | BENCH_DOCS: 1000000
client-2  | DB_URI: postgres://postgres:xxx@postgres:5432/postgres
client-3  | BENCH_DOCS: 1000000
client-2  | [2025-02-28T14:58:06.408Z] 🚀 Starting delete from postgres://postgres:xxx@postgres:5432/postgres for 1000000 calls
client-5  | BENCH_DOCS: 1000000
client-3  | DB_URI: postgres://postgres:xxx@postgres:5432/postgres
client-5  | DB_URI: postgres://postgres:xxx@postgres:5432/postgres
client-3  | [2025-02-28T14:58:06.413Z] 🚀 Starting delete from postgres://postgres:xxx@postgres:5432/postgres for 1000000 calls
client-5  | [2025-02-28T14:58:06.416Z] 🚀 Starting delete from postgres://postgres:xxx@postgres:5432/postgres for 1000000 calls
client-1  | Using Mongosh:		2.0.2
client-1  | 
client-1  | For mongosh info see: https://docs.mongodb.com/mongodb-shell/
client-1  | 
client-1  | 
client-1  | To help improve our products, anonymous usage data is collected and sent to MongoDB periodically (https://www.mongodb.com/legal/privacy-policy).
client-1  | You can opt-out by running the disableTelemetry() command.
client-1  | 
client-5  | [b2dd4a6fec3c] PostgreSQL (  0%) - delete throughput:      0 docs/sec - 0 documents
client-2  | [bc06065af508] PostgreSQL (  0%) - delete throughput:      0 docs/sec - 0 documents
client-3  | [7d0c05096357] PostgreSQL (  0%) - delete throughput:      0 docs/sec - 0 documents
client-1  | Loading file: /dir/lib.js
client-6  | Current Mongosh Log ID:	67c1cefef9411ed88db2af2f
client-7  | Environment Variables:
client-7  | BENCH_DOCS: 1000000
client-7  | DB_URI: postgres://postgres:xxx@postgres:5432/postgres
client-7  | [2025-02-28T14:58:06.984Z] 🚀 Starting delete from postgres://postgres:xxx@postgres:5432/postgres for 1000000 calls
client-7  | [8f045232db43] PostgreSQL (  0%) - delete throughput:      0 docs/sec - 0 documents
client-6  | Using Mongosh:		2.0.2
client-6  | 
client-6  | For mongosh info see: https://docs.mongodb.com/mongodb-shell/
client-6  | 
client-6  | 
client-6  | To help improve our products, anonymous usage data is collected and sent to MongoDB periodically (https://www.mongodb.com/legal/privacy-policy).
client-6  | You can opt-out by running the disableTelemetry() command.
client-6  | 
client-6  | Loading file: /dir/lib.js
client-8  | Current Mongosh Log ID:	67c1ceff4b94f21ca4b4ad68
client-4  | Environment Variables:
client-4  | BENCH_DOCS: 1000000
client-4  | DB_URI: postgres://postgres:xxx@postgres:5432/postgres
client-4  | [2025-02-28T14:58:08.364Z] 🚀 Starting delete from postgres://postgres:xxx@postgres:5432/postgres for 1000000 calls
client-4  | [aa3f06fcc8ca] PostgreSQL (  0%) - delete throughput:      0 docs/sec - 0 documents
client-8  | Using Mongosh:		2.0.2
client-8  | 
client-8  | For mongosh info see: https://docs.mongodb.com/mongodb-shell/
client-8  | 
client-8  | 
client-8  | To help improve our products, anonymous usage data is collected and sent to MongoDB periodically (https://www.mongodb.com/legal/privacy-policy).
client-8  | You can opt-out by running the disableTelemetry() command.
client-8  | 
client-8  | Loading file: /dir/lib.js
client-1  | Environment Variables:
client-1  | BENCH_DOCS: 1000000
client-1  | DB_URI: postgres://postgres:xxx@postgres:5432/postgres
client-1  | [2025-02-28T14:58:09.061Z] 🚀 Starting delete from postgres://postgres:xxx@postgres:5432/postgres for 1000000 calls
client-1  | [3186597c6e4d] PostgreSQL (  0%) - delete throughput:      0 docs/sec - 0 documents
client-6  | Environment Variables:
client-6  | BENCH_DOCS: 1000000
client-6  | DB_URI: postgres://postgres:xxx@postgres:5432/postgres
client-6  | [2025-02-28T14:58:09.932Z] 🚀 Starting delete from postgres://postgres:xxx@postgres:5432/postgres for 1000000 calls
client-6  | [92a91bb7cba1] PostgreSQL (  0%) - delete throughput:      0 docs/sec - 0 documents
client-8  | Environment Variables:
client-8  | BENCH_DOCS: 1000000
client-8  | DB_URI: postgres://postgres:xxx@postgres:5432/postgres
client-8  | [2025-02-28T14:58:10.946Z] 🚀 Starting delete from postgres://postgres:xxx@postgres:5432/postgres for 1000000 calls
client-8  | [5232ece6d76f] PostgreSQL (  0%) - delete throughput:      0 docs/sec - 0 documents
client-7  | [8f045232db43] PostgreSQL ( 10%) - delete throughput:      0 docs/sec - 0 documents
client-3  | [7d0c05096357] PostgreSQL ( 10%) - delete throughput:      0 docs/sec - 0 documents
client-5  | [b2dd4a6fec3c] PostgreSQL ( 10%) - delete throughput:      0 docs/sec - 0 documents
client-4  | [aa3f06fcc8ca] PostgreSQL ( 10%) - delete throughput:      0 docs/sec - 0 documents
client-2  | [bc06065af508] PostgreSQL ( 10%) - delete throughput:      0 docs/sec - 0 documents
client-1  | [3186597c6e4d] PostgreSQL ( 10%) - delete throughput:      0 docs/sec - 0 documents
[ perf record: Woken up 1 times to write data ]
[ perf record: Captured and wrote 0.000 MB - ]
client-6  | [92a91bb7cba1] PostgreSQL ( 10%) - delete throughput:      0 docs/sec - 0 documents
client-8  | [5232ece6d76f] PostgreSQL ( 10%) - delete throughput:      0 docs/sec - 0 documents
CONTAINER ID   NAME                   CPU %     MEM USAGE / LIMIT    MEM %     NET I/O           BLOCK I/O         PIDS
7d0c05096357   jsonbench-client-3     51.40%    116.2MiB / 27.2GiB   0.42%     40.7MB / 89.9MB   55.1MB / 8.19kB   11
bc06065af508   jsonbench-client-2     45.24%    114.1MiB / 27.2GiB   0.41%     40.6MB / 89.6MB   9.07MB / 8.19kB   11
b2dd4a6fec3c   jsonbench-client-5     50.94%    110.1MiB / 27.2GiB   0.40%     40.6MB / 89.6MB   1.5MB / 8.19kB    11
8f045232db43   jsonbench-client-7     46.64%    105.8MiB / 27.2GiB   0.38%     41MB / 90.3MB     0B / 8.19kB       11
aa3f06fcc8ca   jsonbench-client-4     48.07%    107.5MiB / 27.2GiB   0.39%     40.6MB / 89.7MB   0B / 8.19kB       11
3186597c6e4d   jsonbench-client-1     47.31%    106.9MiB / 27.2GiB   0.38%     40.4MB / 89.1MB   0B / 8.19kB       11
92a91bb7cba1   jsonbench-client-6     47.13%    106.6MiB / 27.2GiB   0.38%     40.4MB / 89.2MB   0B / 8.19kB       11
5232ece6d76f   jsonbench-client-8     43.72%    110MiB / 27.2GiB     0.40%     40.1MB / 88.5MB   0B / 8.19kB       11
4648282809e3   jsonbench-grafana-1    1.88%     72.38MiB / 27.2GiB   0.26%     2.01MB / 12MB     46.2MB / 4.19MB   15
3721329bc411   jsonbench-mongodb-1    0.72%     84.89MiB / 9GiB      0.92%     2.06GB / 1.35GB   9.12MB / 8.17MB   33
d34a28836e4a   jsonbench-postgres-1   194.64%   133.8MiB / 9GiB      1.45%     716MB / 324MB     26.1MB / 193kB    14
cb072a433afa   prometheus             5.88%     146MiB / 27.2GiB     0.52%     329MB / 6.34MB    59.9MB / 55.7MB   14
bf5f9b03e712   cadvisor               51.33%    69.71MiB / 27.2GiB   0.25%     6.06MB / 329MB    16.3MB / 0B       17
a0f8c07301ab   mongo_fdw              0.00%     154.8MiB / 27.2GiB   0.56%     2.21kB / 2.38kB   213MB / 11.2GB    6
client-7  | [8f045232db43] PostgreSQL ( 20%) - delete throughput:      0 docs/sec - 0 documents
client-3  | [7d0c05096357] PostgreSQL ( 20%) - delete throughput:      0 docs/sec - 0 documents
client-4  | [aa3f06fcc8ca] PostgreSQL ( 20%) - delete throughput:      0 docs/sec - 0 documents
client-5  | [b2dd4a6fec3c] PostgreSQL ( 20%) - delete throughput:      0 docs/sec - 0 documents
client-2  | [bc06065af508] PostgreSQL ( 20%) - delete throughput:      0 docs/sec - 0 documents
client-6  | [92a91bb7cba1] PostgreSQL ( 20%) - delete throughput:      0 docs/sec - 0 documents
client-1  | [3186597c6e4d] PostgreSQL ( 20%) - delete throughput:      0 docs/sec - 0 documents
client-8  | [5232ece6d76f] PostgreSQL ( 20%) - delete throughput:      0 docs/sec - 0 documents
client-7  | [8f045232db43] PostgreSQL ( 30%) - delete throughput:      0 docs/sec - 0 documents
client-3  | [7d0c05096357] PostgreSQL ( 30%) - delete throughput:      0 docs/sec - 0 documents
client-4  | [aa3f06fcc8ca] PostgreSQL ( 30%) - delete throughput:      0 docs/sec - 0 documents
client-5  | [b2dd4a6fec3c] PostgreSQL ( 30%) - delete throughput:      0 docs/sec - 0 documents
client-1  | [3186597c6e4d] PostgreSQL ( 30%) - delete throughput:      0 docs/sec - 0 documents
client-2  | [bc06065af508] PostgreSQL ( 30%) - delete throughput:      0 docs/sec - 0 documents
client-6  | [92a91bb7cba1] PostgreSQL ( 30%) - delete throughput:      0 docs/sec - 0 documents
client-8  | [5232ece6d76f] PostgreSQL ( 30%) - delete throughput:      0 docs/sec - 0 documents
client-7  | [8f045232db43] PostgreSQL ( 40%) - delete throughput:      0 docs/sec - 0 documents
client-3  | [7d0c05096357] PostgreSQL ( 40%) - delete throughput:      0 docs/sec - 0 documents
client-4  | [aa3f06fcc8ca] PostgreSQL ( 40%) - delete throughput:      0 docs/sec - 0 documents
client-1  | [3186597c6e4d] PostgreSQL ( 40%) - delete throughput:      0 docs/sec - 0 documents
client-6  | [92a91bb7cba1] PostgreSQL ( 40%) - delete throughput:      0 docs/sec - 0 documents
client-5  | [b2dd4a6fec3c] PostgreSQL ( 40%) - delete throughput:      0 docs/sec - 0 documents
client-2  | [bc06065af508] PostgreSQL ( 40%) - delete throughput:      0 docs/sec - 0 documents
client-8  | [5232ece6d76f] PostgreSQL ( 40%) - delete throughput:      0 docs/sec - 0 documents
client-7  | [8f045232db43] PostgreSQL ( 50%) - delete throughput:      0 docs/sec - 0 documents
client-4  | [aa3f06fcc8ca] PostgreSQL ( 50%) - delete throughput:      0 docs/sec - 0 documents
client-3  | [7d0c05096357] PostgreSQL ( 50%) - delete throughput:      0 docs/sec - 0 documents
client-1  | [3186597c6e4d] PostgreSQL ( 50%) - delete throughput:      0 docs/sec - 0 documents
client-6  | [92a91bb7cba1] PostgreSQL ( 50%) - delete throughput:      0 docs/sec - 0 documents
client-5  | [b2dd4a6fec3c] PostgreSQL ( 50%) - delete throughput:      0 docs/sec - 0 documents
client-2  | [bc06065af508] PostgreSQL ( 50%) - delete throughput:      0 docs/sec - 0 documents
client-8  | [5232ece6d76f] PostgreSQL ( 50%) - delete throughput:      0 docs/sec - 0 documents
client-7  | [8f045232db43] PostgreSQL ( 60%) - delete throughput:      0 docs/sec - 0 documents
client-3  | [7d0c05096357] PostgreSQL ( 60%) - delete throughput:      0 docs/sec - 0 documents
client-4  | [aa3f06fcc8ca] PostgreSQL ( 60%) - delete throughput:      0 docs/sec - 0 documents
client-1  | [3186597c6e4d] PostgreSQL ( 60%) - delete throughput:      0 docs/sec - 0 documents
client-6  | [92a91bb7cba1] PostgreSQL ( 60%) - delete throughput:      0 docs/sec - 0 documents
client-5  | [b2dd4a6fec3c] PostgreSQL ( 60%) - delete throughput:      0 docs/sec - 0 documents
client-8  | [5232ece6d76f] PostgreSQL ( 60%) - delete throughput:      0 docs/sec - 0 documents
client-2  | [bc06065af508] PostgreSQL ( 60%) - delete throughput:      0 docs/sec - 0 documents
client-7  | [8f045232db43] PostgreSQL ( 70%) - delete throughput:      0 docs/sec - 0 documents
client-1  | [3186597c6e4d] PostgreSQL ( 70%) - delete throughput:      0 docs/sec - 0 documents
client-4  | [aa3f06fcc8ca] PostgreSQL ( 70%) - delete throughput:      0 docs/sec - 0 documents
client-3  | [7d0c05096357] PostgreSQL ( 70%) - delete throughput:      0 docs/sec - 0 documents
client-6  | [92a91bb7cba1] PostgreSQL ( 70%) - delete throughput:      0 docs/sec - 0 documents
client-5  | [b2dd4a6fec3c] PostgreSQL ( 70%) - delete throughput:      0 docs/sec - 0 documents
client-8  | [5232ece6d76f] PostgreSQL ( 70%) - delete throughput:      0 docs/sec - 0 documents
client-2  | [bc06065af508] PostgreSQL ( 70%) - delete throughput:      0 docs/sec - 0 documents
client-7  | [8f045232db43] PostgreSQL ( 80%) - delete throughput:      0 docs/sec - 0 documents
client-1  | [3186597c6e4d] PostgreSQL ( 80%) - delete throughput:      0 docs/sec - 0 documents
client-4  | [aa3f06fcc8ca] PostgreSQL ( 80%) - delete throughput:      0 docs/sec - 0 documents
client-6  | [92a91bb7cba1] PostgreSQL ( 80%) - delete throughput:      0 docs/sec - 0 documents
client-3  | [7d0c05096357] PostgreSQL ( 80%) - delete throughput:      0 docs/sec - 0 documents
client-5  | [b2dd4a6fec3c] PostgreSQL ( 80%) - delete throughput:      0 docs/sec - 0 documents
client-8  | [5232ece6d76f] PostgreSQL ( 80%) - delete throughput:      0 docs/sec - 0 documents
client-2  | [bc06065af508] PostgreSQL ( 80%) - delete throughput:      0 docs/sec - 0 documents
client-7  | [8f045232db43] PostgreSQL ( 90%) - delete throughput:      0 docs/sec - 0 documents
client-1  | [3186597c6e4d] PostgreSQL ( 90%) - delete throughput:      0 docs/sec - 0 documents
client-4  | [aa3f06fcc8ca] PostgreSQL ( 90%) - delete throughput:      0 docs/sec - 0 documents
client-6  | [92a91bb7cba1] PostgreSQL ( 90%) - delete throughput:      0 docs/sec - 0 documents
client-3  | [7d0c05096357] PostgreSQL ( 90%) - delete throughput:      0 docs/sec - 0 documents
client-8  | [5232ece6d76f] PostgreSQL ( 90%) - delete throughput:      0 docs/sec - 0 documents
client-5  | [b2dd4a6fec3c] PostgreSQL ( 90%) - delete throughput:      0 docs/sec - 0 documents
client-2  | [bc06065af508] PostgreSQL ( 90%) - delete throughput:      0 docs/sec - 0 documents
client-7  | [2025-02-28T15:20:59.964Z] 🏁 delete workload completed in 1372.98 seconds (0 documents)
client-1  | [2025-02-28T15:21:01.851Z] 🏁 delete workload completed in 1372.79 seconds (0 documents)
client-4  | [2025-02-28T15:21:02.429Z] 🏁 delete workload completed in 1374.06 seconds (0 documents)
client-6  | [2025-02-28T15:21:03.496Z] 🏁 delete workload completed in 1373.56 seconds (0 documents)
client-3  | [2025-02-28T15:21:04.517Z] 🏁 delete workload completed in 1378.10 seconds (0 documents)
client-8  | [2025-02-28T15:21:06.515Z] 🏁 delete workload completed in 1375.57 seconds (0 documents)
client-5  | [2025-02-28T15:21:06.582Z] 🏁 delete workload completed in 1380.17 seconds (0 documents)
client-2  | [2025-02-28T15:21:06.791Z] 🏁 delete workload completed in 1380.38 seconds (0 documents)
[Kclient-7 exited with code 0
[Kclient-1 exited with code 0
[Kclient-4 exited with code 0
[Kclient-6 exited with code 0
[Kclient-3 exited with code 0
[Kclient-8 exited with code 0
[Kclient-5 exited with code 0
[Kclient-2 exited with code 0

 Performance counter stats for 'system wide':

 1,547,334,502,466      instructions:u            docker/d34a28836e4a12e54fc851229b77c392381f774a8e9ceea0ec3699b582f87a9b                                   

    2387.158838490 seconds time elapsed

VACUUM
PostgreSQL count: 7.999334e+06 size: 2501 MB index: 329 MB
1
101
201
102
202
103
2
203
104
105
public|jsonbench|id|f|0|8|-1|||{330,75484,144870,223683,304195,387243,468679,550705,627501,709368,791964,874747,956919,1038217,1127729,1207538,1291430,1370407,1447291,1537573,1619811,1694335,1777140,1859968,1941673,2021249,2103082,2170048,2246042,2336553,2416135,2500889,2584355,2670498,2746205,2816899,2894790,2972777,3049839,3131071,3202744,3283684,3359232,3448706,3529276,3614507,3690738,3774542,3859479,3938968,4013560,4105355,4182365,4261266,4327949,4400695,4487186,4574014,4660412,4735009,4817066,4904774,4980266,5063942,5137348,5212897,5295359,5371480,5447751,5523487,5611974,5699055,5782610,5848686,5931375,6012086,6098353,6174350,6255359,6332494,6411799,6489877,6577993,6660707,6739842,6818404,6902833,6975184,7057938,7121527,7200711,7268338,7347981,7431570,7519714,7599696,7689899,7762135,7843319,7915792,7999321}|0.9999945||||||
CONTAINER ID   NAME                   CPU %     MEM USAGE / LIMIT    MEM %     NET I/O           BLOCK I/O         PIDS
4648282809e3   jsonbench-grafana-1    0.89%     72.71MiB / 27.2GiB   0.26%     2.03MB / 12MB     46.4MB / 4.33MB   15
3721329bc411   jsonbench-mongodb-1    0.33%     84.01MiB / 9GiB      0.91%     2.06GB / 1.35GB   9.14MB / 11.1MB   33
d34a28836e4a   jsonbench-postgres-1   0.02%     131.4MiB / 9GiB      1.43%     3.77GB / 1.71GB   274MB / 233kB     6
cb072a433afa   prometheus             0.00%     110MiB / 27.2GiB     0.39%     354MB / 6.79MB    59.9MB / 55.7MB   14
bf5f9b03e712   cadvisor               3.13%     64.91MiB / 27.2GiB   0.23%     6.51MB / 354MB    16.3MB / 0B       17
a0f8c07301ab   mongo_fdw              0.00%     154.7MiB / 27.2GiB   0.56%     2.21kB / 2.38kB   213MB / 11.2GB    6
              total        used        free      shared  buff/cache   available
Mem:            27G        1.0G         24G        515M        1.6G         25G
Swap:          8.0G        141M        7.9G
              total        used        free      shared  buff/cache   available
Mem:            27G        1.0G         25G        515M        1.2G         25G
Swap:          8.0G        141M        7.9G
CONTAINER ID   NAME                   CPU %     MEM USAGE / LIMIT    MEM %     NET I/O           BLOCK I/O         PIDS
4648282809e3   jsonbench-grafana-1    0.88%     72.35MiB / 27.2GiB   0.26%     2.03MB / 12MB     46.5MB / 4.33MB   15
3721329bc411   jsonbench-mongodb-1    0.61%     84.01MiB / 9GiB      0.91%     2.06GB / 1.35GB   9.22MB / 11.2MB   33
d34a28836e4a   jsonbench-postgres-1   1.78%     123.1MiB / 9GiB      1.34%     3.77GB / 1.71GB   274MB / 303kB     6
cb072a433afa   prometheus             0.00%     110MiB / 27.2GiB     0.39%     354MB / 6.79MB    59.9MB / 55.7MB   14
bf5f9b03e712   cadvisor               4.61%     57.07MiB / 27.2GiB   0.20%     6.51MB / 354MB    16.3MB / 0B       17
a0f8c07301ab   mongo_fdw              0.00%     153.5MiB / 27.2GiB   0.55%     2.21kB / 2.38kB   213MB / 11.2GB    6
