CONTAINER ID   NAME                   CPU %     MEM USAGE / LIMIT    MEM %     NET I/O           BLOCK I/O        PIDS
d49ebc3491b2   jsonbench-grafana-1    0.71%     69.1MiB / 27.2GiB    0.25%     176kB / 87.2kB    303kB / 1.29MB   15
7c5f3201d8be   jsonbench-postgres-1   0.00%     4.136GiB / 9GiB      45.96%    1.6kB / 2.08kB    8.42GB / 223MB   6
ff9f48be707a   jsonbench-mongodb-1    0.65%     5.384GiB / 9GiB      59.82%    7.76kB / 12.9kB   1.73GB / 137MB   33
9ac3e765874b   prometheus             0.00%     98.12MiB / 27.2GiB   0.35%     165MB / 3.09MB    0B / 14.3MB      13
f5229c408f17   cadvisor               3.51%     59.03MiB / 27.2GiB   0.21%     3.09MB / 165MB    65.5kB / 0B      17
mongodb-init-1  | Current Mongosh Log ID:	67bbebdd151c9c5ac7b36ab2
mongodb-init-1  | Connecting to:		mongodb://mongodb:27017/?directConnection=true&appName=mongosh+2.0.2
mongodb-init-1  | Using MongoDB:		7.0.16
mongodb-init-1  | Using Mongosh:		2.0.2
mongodb-init-1  | 
mongodb-init-1  | For mongosh info see: https://docs.mongodb.com/mongodb-shell/
mongodb-init-1  | 
mongodb-init-1  | 
mongodb-init-1  | To help improve our products, anonymous usage data is collected and sent to MongoDB periodically (https://www.mongodb.com/legal/privacy-policy).
mongodb-init-1  | You can opt-out by running the disableTelemetry() command.
mongodb-init-1  | 
mongodb-init-1  | ------
mongodb-init-1  |    The server generated these startup warnings when booting
mongodb-init-1  |    2025-02-24T03:47:41.126+00:00: Access control is not enabled for the database. Read and write access to data and configuration is unrestricted
mongodb-init-1  |    2025-02-24T03:47:41.126+00:00: vm.max_map_count is too low
mongodb-init-1  | ------
mongodb-init-1  | 
mongodb-init-1  | Loading file: /dir/init.js
 Container jsonbench-postgres-1  Running
 Container jsonbench-mongodb-1  Running
 Container jsonbench-client-3  Creating
 Container jsonbench-client-4  Creating
 Container jsonbench-client-2  Creating
 Container jsonbench-client-8  Creating
 Container jsonbench-client-1  Creating
 Container jsonbench-client-7  Creating
 Container jsonbench-client-6  Creating
 Container jsonbench-client-5  Creating
 Container jsonbench-client-1  Created
 Container jsonbench-client-5  Created
 Container jsonbench-client-2  Created
 Container jsonbench-client-6  Created
 Container jsonbench-client-3  Created
 Container jsonbench-client-7  Created
 Container jsonbench-client-4  Created
 Container jsonbench-client-8  Created
Attaching to client-1, client-2, client-3, client-4, client-5, client-6, client-7, client-8
client-6  | Current Mongosh Log ID:	67bbee38bc649a55ad9e62b0
client-6  | Using Mongosh:		2.0.2
client-6  | 
client-6  | For mongosh info see: https://docs.mongodb.com/mongodb-shell/
client-6  | 
client-6  | 
client-6  | To help improve our products, anonymous usage data is collected and sent to MongoDB periodically (https://www.mongodb.com/legal/privacy-policy).
client-6  | You can opt-out by running the disableTelemetry() command.
client-6  | 
client-6  | Loading file: /dir/lib.js
client-4  | Current Mongosh Log ID:	67bbee3982120728a02e8c5e
client-4  | Using Mongosh:		2.0.2
client-4  | 
client-4  | For mongosh info see: https://docs.mongodb.com/mongodb-shell/
client-4  | 
client-4  | 
client-4  | To help improve our products, anonymous usage data is collected and sent to MongoDB periodically (https://www.mongodb.com/legal/privacy-policy).
client-4  | You can opt-out by running the disableTelemetry() command.
client-4  | 
client-4  | Loading file: /dir/lib.js
client-7  | Current Mongosh Log ID:	67bbee3acc1b6e5909609b4f
client-7  | Using Mongosh:		2.0.2
client-7  | 
client-7  | For mongosh info see: https://docs.mongodb.com/mongodb-shell/
client-7  | 
client-7  | 
client-7  | To help improve our products, anonymous usage data is collected and sent to MongoDB periodically (https://www.mongodb.com/legal/privacy-policy).
client-7  | You can opt-out by running the disableTelemetry() command.
client-7  | 
client-7  | Loading file: /dir/lib.js
client-8  | Current Mongosh Log ID:	67bbee3b75d7687bc2fab6e8
client-6  | 📚 lib.js loaded
client-6  | [2025-02-24T03:57:47.230Z] 🚀 Starting query from mongodb://mongodb:27017 for 10000 documents
client-8  | Using Mongosh:		2.0.2
client-8  | 
client-8  | For mongosh info see: https://docs.mongodb.com/mongodb-shell/
client-8  | 
client-8  | 
client-8  | To help improve our products, anonymous usage data is collected and sent to MongoDB periodically (https://www.mongodb.com/legal/privacy-policy).
client-8  | You can opt-out by running the disableTelemetry() command.
client-8  | 
client-8  | Loading file: /dir/lib.js
client-5  | Current Mongosh Log ID:	67bbee3b3268b081ee50a2c4
client-4  | 📚 lib.js loaded
client-4  | [2025-02-24T03:57:48.143Z] 🚀 Starting query from mongodb://mongodb:27017 for 10000 documents
client-5  | Using Mongosh:		2.0.2
client-5  | 
client-5  | For mongosh info see: https://docs.mongodb.com/mongodb-shell/
client-5  | 
client-5  | 
client-5  | To help improve our products, anonymous usage data is collected and sent to MongoDB periodically (https://www.mongodb.com/legal/privacy-policy).
client-5  | You can opt-out by running the disableTelemetry() command.
client-5  | 
client-5  | Loading file: /dir/lib.js
client-2  | Current Mongosh Log ID:	67bbee3cd394a0abe9abc04c
client-7  | 📚 lib.js loaded
client-7  | [2025-02-24T03:57:49.263Z] 🚀 Starting query from mongodb://mongodb:27017 for 10000 documents
client-2  | Using Mongosh:		2.0.2
client-2  | 
client-2  | For mongosh info see: https://docs.mongodb.com/mongodb-shell/
client-2  | 
client-2  | 
client-2  | To help improve our products, anonymous usage data is collected and sent to MongoDB periodically (https://www.mongodb.com/legal/privacy-policy).
client-2  | You can opt-out by running the disableTelemetry() command.
client-2  | 
client-2  | Loading file: /dir/lib.js
client-6  | [9a5293904a1e] MongoDB (10%) - query throughput: 438.70 docs/sec
client-1  | Current Mongosh Log ID:	67bbee3d02f2d7af494a4387
client-1  | Using Mongosh:		2.0.2
client-1  | 
client-1  | For mongosh info see: https://docs.mongodb.com/mongodb-shell/
client-1  | 
client-1  | 
client-1  | To help improve our products, anonymous usage data is collected and sent to MongoDB periodically (https://www.mongodb.com/legal/privacy-policy).
client-1  | You can opt-out by running the disableTelemetry() command.
client-1  | 
client-8  | 📚 lib.js loaded
client-8  | [2025-02-24T03:57:50.548Z] 🚀 Starting query from mongodb://mongodb:27017 for 10000 documents
client-4  | [4d2ba748f982] MongoDB (10%) - query throughput: 430.14 docs/sec
client-1  | Loading file: /dir/lib.js
client-3  | Current Mongosh Log ID:	67bbee3e9551dcf916e487f5
client-5  | 📚 lib.js loaded
client-5  | [2025-02-24T03:57:51.469Z] 🚀 Starting query from mongodb://mongodb:27017 for 10000 documents
client-7  | [52b885160f26] MongoDB (10%) - query throughput: 462.65 docs/sec
client-6  | [9a5293904a1e] MongoDB (20%) - query throughput: 474.84 docs/sec
client-3  | Using Mongosh:		2.0.2
client-3  | 
client-3  | For mongosh info see: https://docs.mongodb.com/mongodb-shell/
client-3  | 
client-3  | 
client-3  | To help improve our products, anonymous usage data is collected and sent to MongoDB periodically (https://www.mongodb.com/legal/privacy-policy).
client-3  | You can opt-out by running the disableTelemetry() command.
client-3  | 
client-3  | Loading file: /dir/lib.js
client-2  | 📚 lib.js loaded
client-2  | [2025-02-24T03:57:52.504Z] 🚀 Starting query from mongodb://mongodb:27017 for 10000 documents
client-4  | [4d2ba748f982] MongoDB (20%) - query throughput: 446.16 docs/sec
client-8  | [20752bc81552] MongoDB (10%) - query throughput: 400.65 docs/sec
client-1  | 📚 lib.js loaded
client-1  | [2025-02-24T03:57:53.462Z] 🚀 Starting query from mongodb://mongodb:27017 for 10000 documents
client-6  | [9a5293904a1e] MongoDB (30%) - query throughput: 478.09 docs/sec
client-7  | [52b885160f26] MongoDB (20%) - query throughput: 462.77 docs/sec
client-5  | [4c28b5446076] MongoDB (10%) - query throughput: 420.97 docs/sec
client-3  | 📚 lib.js loaded
client-3  | [2025-02-24T03:57:54.542Z] 🚀 Starting query from mongodb://mongodb:27017 for 10000 documents
client-4  | [4d2ba748f982] MongoDB (30%) - query throughput: 463.42 docs/sec
client-2  | [b94d1ed4b426] MongoDB (10%) - query throughput: 430.00 docs/sec
client-8  | [20752bc81552] MongoDB (20%) - query throughput: 454.39 docs/sec
client-6  | [9a5293904a1e] MongoDB (40%) - query throughput: 484.98 docs/sec
client-7  | [52b885160f26] MongoDB (30%) - query throughput: 480.97 docs/sec
client-1  | [b649123188dc] MongoDB (10%) - query throughput: 421.44 docs/sec
client-5  | [4c28b5446076] MongoDB (20%) - query throughput: 455.03 docs/sec
client-4  | [4d2ba748f982] MongoDB (40%) - query throughput: 473.01 docs/sec
client-2  | [b94d1ed4b426] MongoDB (20%) - query throughput: 462.06 docs/sec
client-3  | [682ee18a33cb] MongoDB (10%) - query throughput: 425.25 docs/sec
client-8  | [20752bc81552] MongoDB (30%) - query throughput: 472.25 docs/sec
client-7  | [52b885160f26] MongoDB (40%) - query throughput: 499.01 docs/sec
client-6  | [9a5293904a1e] MongoDB (50%) - query throughput: 492.85 docs/sec
client-5  | [4c28b5446076] MongoDB (30%) - query throughput: 468.73 docs/sec
client-1  | [b649123188dc] MongoDB (20%) - query throughput: 435.94 docs/sec
client-4  | [4d2ba748f982] MongoDB (50%) - query throughput: 483.53 docs/sec
client-8  | [20752bc81552] MongoDB (40%) - query throughput: 483.32 docs/sec
client-2  | [b94d1ed4b426] MongoDB (30%) - query throughput: 473.47 docs/sec
client-3  | [682ee18a33cb] MongoDB (20%) - query throughput: 448.62 docs/sec
client-6  | [9a5293904a1e] MongoDB (60%) - query throughput: 500.39 docs/sec
client-7  | [52b885160f26] MongoDB (50%) - query throughput: 498.14 docs/sec
client-5  | [4c28b5446076] MongoDB (40%) - query throughput: 475.57 docs/sec
client-1  | [b649123188dc] MongoDB (30%) - query throughput: 446.23 docs/sec
client-4  | [4d2ba748f982] MongoDB (60%) - query throughput: 477.44 docs/sec
client-2  | [b94d1ed4b426] MongoDB (40%) - query throughput: 479.41 docs/sec
client-8  | [20752bc81552] MongoDB (50%) - query throughput: 483.29 docs/sec
client-3  | [682ee18a33cb] MongoDB (30%) - query throughput: 459.69 docs/sec
client-7  | [52b885160f26] MongoDB (60%) - query throughput: 504.43 docs/sec
client-6  | [9a5293904a1e] MongoDB (70%) - query throughput: 499.74 docs/sec
client-5  | [4c28b5446076] MongoDB (50%) - query throughput: 483.15 docs/sec
client-1  | [b649123188dc] MongoDB (40%) - query throughput: 463.12 docs/sec
client-4  | [4d2ba748f982] MongoDB (70%) - query throughput: 487.02 docs/sec
client-8  | [20752bc81552] MongoDB (60%) - query throughput: 492.17 docs/sec
client-2  | [b94d1ed4b426] MongoDB (50%) - query throughput: 487.41 docs/sec
client-7  | [52b885160f26] MongoDB (70%) - query throughput: 509.03 docs/sec
client-3  | [682ee18a33cb] MongoDB (40%) - query throughput: 468.64 docs/sec
client-6  | [9a5293904a1e] MongoDB (80%) - query throughput: 503.07 docs/sec
client-5  | [4c28b5446076] MongoDB (60%) - query throughput: 493.01 docs/sec
client-1  | [b649123188dc] MongoDB (50%) - query throughput: 464.81 docs/sec
client-4  | [4d2ba748f982] MongoDB (80%) - query throughput: 491.75 docs/sec
client-7  | [52b885160f26] MongoDB (80%) - query throughput: 519.13 docs/sec
client-8  | [20752bc81552] MongoDB (70%) - query throughput: 495.36 docs/sec
client-2  | [b94d1ed4b426] MongoDB (60%) - query throughput: 487.46 docs/sec
client-6  | [9a5293904a1e] MongoDB (90%) - query throughput: 508.65 docs/sec
client-3  | [682ee18a33cb] MongoDB (50%) - query throughput: 478.94 docs/sec
client-5  | [4c28b5446076] MongoDB (70%) - query throughput: 498.87 docs/sec
client-1  | [b649123188dc] MongoDB (60%) - query throughput: 474.02 docs/sec
client-4  | [4d2ba748f982] MongoDB (90%) - query throughput: 497.06 docs/sec
client-7  | [52b885160f26] MongoDB (90%) - query throughput: 518.48 docs/sec
client-2  | [b94d1ed4b426] MongoDB (70%) - query throughput: 495.72 docs/sec
client-8  | [20752bc81552] MongoDB (80%) - query throughput: 497.25 docs/sec
client-6  | [9a5293904a1e] MongoDB (100%) - query throughput: 509.67 docs/sec
client-6  | 🏁 MongoDB queries completed in 19.62 seconds at 509.68 documents/second
client-6  | ✅ MongoDB Connection closed
client-6  | [2025-02-24T03:58:06.947Z] 🏁 Query workload completed in 19.72 seconds
client-3  | [682ee18a33cb] MongoDB (60%) - query throughput: 479.46 docs/sec
[Kclient-6 exited with code 0
client-5  | [4c28b5446076] MongoDB (80%) - query throughput: 505.70 docs/sec
client-1  | [b649123188dc] MongoDB (70%) - query throughput: 484.99 docs/sec
client-4  | [4d2ba748f982] MongoDB (100%) - query throughput: 501.24 docs/sec
client-4  | 🏁 MongoDB queries completed in 19.95 seconds at 501.25 documents/second
client-4  | ✅ MongoDB Connection closed
client-4  | [2025-02-24T03:58:08.213Z] 🏁 Query workload completed in 20.07 seconds
client-8  | [20752bc81552] MongoDB (90%) - query throughput: 507.35 docs/sec
client-2  | [b94d1ed4b426] MongoDB (80%) - query throughput: 505.42 docs/sec
client-7  | [52b885160f26] MongoDB (100%) - query throughput: 523.55 docs/sec
client-7  | 🏁 MongoDB queries completed in 19.10 seconds at 523.56 documents/second
client-7  | ✅ MongoDB Connection closed
client-7  | [2025-02-24T03:58:08.473Z] 🏁 Query workload completed in 19.21 seconds
[Kclient-4 exited with code 0
client-3  | [682ee18a33cb] MongoDB (70%) - query throughput: 493.61 docs/sec
[Kclient-7 exited with code 0
client-5  | [4c28b5446076] MongoDB (90%) - query throughput: 515.44 docs/sec
client-1  | [b649123188dc] MongoDB (80%) - query throughput: 507.38 docs/sec
client-2  | [b94d1ed4b426] MongoDB (90%) - query throughput: 524.85 docs/sec
client-8  | [20752bc81552] MongoDB (100%) - query throughput: 520.96 docs/sec
client-8  | 🏁 MongoDB queries completed in 19.20 seconds at 520.83 documents/second
client-8  | ✅ MongoDB Connection closed
client-8  | [2025-02-24T03:58:09.844Z] 🏁 Query workload completed in 19.30 seconds
client-3  | [682ee18a33cb] MongoDB (80%) - query throughput: 518.03 docs/sec
[Kclient-8 exited with code 0
client-5  | [4c28b5446076] MongoDB (100%) - query throughput: 536.91 docs/sec
client-5  | 🏁 MongoDB queries completed in 18.63 seconds at 536.77 documents/second
client-5  | ✅ MongoDB Connection closed
client-5  | [2025-02-24T03:58:10.209Z] 🏁 Query workload completed in 18.74 seconds
[Kclient-5 exited with code 0
client-1  | [b649123188dc] MongoDB (90%) - query throughput: 527.96 docs/sec
client-2  | [b94d1ed4b426] MongoDB (100%) - query throughput: 547.77 docs/sec
client-2  | 🏁 MongoDB queries completed in 18.26 seconds at 547.65 documents/second
client-2  | ✅ MongoDB Connection closed
client-2  | [2025-02-24T03:58:10.863Z] 🏁 Query workload completed in 18.36 seconds
client-3  | [682ee18a33cb] MongoDB (90%) - query throughput: 545.21 docs/sec
[Kclient-2 exited with code 0
client-1  | [b649123188dc] MongoDB (100%) - query throughput: 555.65 docs/sec
client-1  | 🏁 MongoDB queries completed in 18.00 seconds at 555.56 documents/second
client-1  | ✅ MongoDB Connection closed
client-1  | [2025-02-24T03:58:11.561Z] 🏁 Query workload completed in 18.10 seconds
[Kclient-1 exited with code 0
client-3  | [682ee18a33cb] MongoDB (100%) - query throughput: 576.96 docs/sec
client-3  | 🏁 MongoDB queries completed in 17.33 seconds at 577.03 documents/second
client-3  | ✅ MongoDB Connection closed
client-3  | [2025-02-24T03:58:11.970Z] 🏁 Query workload completed in 17.43 seconds
[Kclient-3 exited with code 0

 Performance counter stats for 'system wide':

     2,502,899,194      instructions:u            docker/ff9f48be707aba4d33ed7ecd0f4232a864315000929aeb2a31b7ce5bd776faf8                                   

      28.928142934 seconds time elapsed

MongoDB count: 80000 size: 7730 MB
[
  { _id: ObjectId('67bbb37efb7863c8f8a7cec8') },
  { _id: ObjectId('67bbb37efb7863c8f8a7cec9') },
  { _id: ObjectId('67bbb37f65b22e2dd744cb77') },
  { _id: ObjectId('67bbb37f65b22e2dd744cb78') },
  { _id: ObjectId('67bbb37f65b22e2dd744cb79') },
  { _id: ObjectId('67bbb37ffb7863c8f8a7ceca') },
  { _id: ObjectId('67bbb37ffb7863c8f8a7cecb') },
  { _id: ObjectId('67bbb37ffb7863c8f8a7cecc') },
  { _id: ObjectId('67bbb38065b22e2dd744cb7a') },
  { _id: ObjectId('67bbb38065b22e2dd744cb7b') }
]
CONTAINER ID   NAME                   CPU %     MEM USAGE / LIMIT    MEM %     NET I/O           BLOCK I/O        PIDS
d49ebc3491b2   jsonbench-grafana-1    0.80%     69.1MiB / 27.2GiB    0.25%     176kB / 87.3kB    303kB / 1.29MB   15
7c5f3201d8be   jsonbench-postgres-1   0.00%     4.137GiB / 9GiB      45.96%    1.98kB / 2.08kB   8.42GB / 223MB   6
ff9f48be707a   jsonbench-mongodb-1    0.31%     5.384GiB / 9GiB      59.82%    2.89MB / 8.13GB   1.73GB / 137MB   33
9ac3e765874b   prometheus             0.00%     100.3MiB / 27.2GiB   0.36%     166MB / 3.1MB     0B / 14.3MB      13
f5229c408f17   cadvisor               1.61%     57.34MiB / 27.2GiB   0.21%     3.1MB / 166MB     65.5kB / 0B      17
[ perf record: Woken up 1 times to write data ]
[ perf record: Captured and wrote 0.000 MB - ]
CONTAINER ID   NAME                   CPU %     MEM USAGE / LIMIT    MEM %     NET I/O           BLOCK I/O        PIDS
d49ebc3491b2   jsonbench-grafana-1    0.75%     68.96MiB / 27.2GiB   0.25%     177kB / 87.6kB    307kB / 1.29MB   15
7c5f3201d8be   jsonbench-postgres-1   0.00%     4.137GiB / 9GiB      45.97%    1.98kB / 2.08kB   8.42GB / 223MB   6
ff9f48be707a   jsonbench-mongodb-1    0.35%     5.384GiB / 9GiB      59.82%    2.89MB / 8.13GB   1.73GB / 138MB   33
9ac3e765874b   prometheus             0.00%     104.6MiB / 27.2GiB   0.38%     168MB / 3.15MB    0B / 14.3MB      13
f5229c408f17   cadvisor               1.60%     61.47MiB / 27.2GiB   0.22%     3.16MB / 168MB    65.5kB / 0B      17
