CONTAINER ID   NAME                   CPU %     MEM USAGE / LIMIT    MEM %     NET I/O           BLOCK I/O     PIDS
ca9f60cde762   jsonbench-grafana-1    0.78%     70.39MiB / 27.2GiB   0.25%     42kB / 17.4kB     0B / 217kB    20
872b11a9c9f3   jsonbench-mongodb-1    0.34%     81.43MiB / 9GiB      0.88%     5.77kB / 6.8kB    0B / 1.73MB   33
b287e948ace5   jsonbench-postgres-1   0.00%     130.3MiB / 9GiB      1.41%     1.57kB / 1.68kB   0B / 68.5MB   6
9f7c19b54292   prometheus             0.00%     53.67MiB / 27.2GiB   0.19%     4.85MB / 91.8kB   0B / 0B       13
7aaca6038158   cadvisor               2.22%     61.52MiB / 27.2GiB   0.22%     91.9kB / 4.85MB   0B / 0B       16
mongodb-init-1  | Current Mongosh Log ID:	67b227fddb55f9d8755c85c3
mongodb-init-1  | Connecting to:		mongodb://mongodb:27017/?directConnection=true&appName=mongosh+2.0.2
mongodb-init-1  | Using MongoDB:		7.0.16
mongodb-init-1  | Using Mongosh:		2.0.2
mongodb-init-1  | 
mongodb-init-1  | For mongosh info see: https://docs.mongodb.com/mongodb-shell/
mongodb-init-1  | 
mongodb-init-1  | 
mongodb-init-1  | To help improve our products, anonymous usage data is collected and sent to MongoDB periodically (https://www.mongodb.com/legal/privacy-policy).
mongodb-init-1  | You can opt-out by running the disableTelemetry() command.
mongodb-init-1  | 
mongodb-init-1  | ------
mongodb-init-1  |    The server generated these startup warnings when booting
mongodb-init-1  |    2025-02-16T18:01:32.788+00:00: Access control is not enabled for the database. Read and write access to data and configuration is unrestricted
mongodb-init-1  |    2025-02-16T18:01:32.788+00:00: vm.max_map_count is too low
mongodb-init-1  | ------
mongodb-init-1  | 
mongodb-init-1  | Loading file: /dir/init.js
 Container jsonbench-postgres-1  Running
 Container jsonbench-mongodb-1  Running
 Container jsonbench-client-8  Creating
 Container jsonbench-client-4  Creating
 Container jsonbench-client-6  Creating
 Container jsonbench-client-3  Creating
 Container jsonbench-client-5  Creating
 Container jsonbench-client-7  Creating
 Container jsonbench-client-2  Creating
 Container jsonbench-client-1  Creating
 Container jsonbench-client-2  Created
 Container jsonbench-client-7  Created
 Container jsonbench-client-3  Created
 Container jsonbench-client-6  Created
 Container jsonbench-client-8  Created
 Container jsonbench-client-4  Created
 Container jsonbench-client-5  Created
 Container jsonbench-client-1  Created
Attaching to client-1, client-2, client-3, client-4, client-5, client-6, client-7, client-8
client-1  | Current Mongosh Log ID:	67b22a5a0e3a2a10ffc91613
client-1  | Using Mongosh:		2.0.2
client-1  | 
client-1  | For mongosh info see: https://docs.mongodb.com/mongodb-shell/
client-1  | 
client-1  | 
client-1  | To help improve our products, anonymous usage data is collected and sent to MongoDB periodically (https://www.mongodb.com/legal/privacy-policy).
client-1  | You can opt-out by running the disableTelemetry() command.
client-1  | 
client-1  | Loading file: /dir/lib.js
client-4  | Current Mongosh Log ID:	67b22a5b57d271095453e6a5
client-4  | Using Mongosh:		2.0.2
client-4  | 
client-4  | For mongosh info see: https://docs.mongodb.com/mongodb-shell/
client-4  | 
client-4  | 
client-4  | To help improve our products, anonymous usage data is collected and sent to MongoDB periodically (https://www.mongodb.com/legal/privacy-policy).
client-4  | You can opt-out by running the disableTelemetry() command.
client-4  | 
client-4  | Loading file: /dir/lib.js
client-3  | Current Mongosh Log ID:	67b22a5bd9d7541fea097ec6
client-1  | 📚 lib.js loaded
client-1  | [2025-02-16T18:11:40.478Z] 🚀 Starting data insertion into mongodb://mongodb:27017 for 100000 documents of 1000 bytes * 10 fields
client-3  | Using Mongosh:		2.0.2
client-3  | 
client-3  | For mongosh info see: https://docs.mongodb.com/mongodb-shell/
client-3  | 
client-3  | 
client-3  | To help improve our products, anonymous usage data is collected and sent to MongoDB periodically (https://www.mongodb.com/legal/privacy-policy).
client-3  | You can opt-out by running the disableTelemetry() command.
client-3  | 
client-3  | Loading file: /dir/lib.js
client-8  | Current Mongosh Log ID:	67b22a5cac4bdd8589b659b3
client-4  | 📚 lib.js loaded
client-4  | [2025-02-16T18:11:41.176Z] 🚀 Starting data insertion into mongodb://mongodb:27017 for 100000 documents of 1000 bytes * 10 fields
client-6  | Current Mongosh Log ID:	67b22a5d6b26cc9bf5f72118
client-8  | Using Mongosh:		2.0.2
client-8  | 
client-8  | For mongosh info see: https://docs.mongodb.com/mongodb-shell/
client-8  | 
client-8  | 
client-8  | To help improve our products, anonymous usage data is collected and sent to MongoDB periodically (https://www.mongodb.com/legal/privacy-policy).
client-8  | You can opt-out by running the disableTelemetry() command.
client-8  | 
client-8  | Loading file: /dir/lib.js
client-6  | Using Mongosh:		2.0.2
client-6  | 
client-6  | For mongosh info see: https://docs.mongodb.com/mongodb-shell/
client-6  | 
client-6  | 
client-6  | To help improve our products, anonymous usage data is collected and sent to MongoDB periodically (https://www.mongodb.com/legal/privacy-policy).
client-6  | You can opt-out by running the disableTelemetry() command.
client-6  | 
client-6  | Loading file: /dir/lib.js
client-3  | 📚 lib.js loaded
client-3  | [2025-02-16T18:11:42.190Z] 🚀 Starting data insertion into mongodb://mongodb:27017 for 100000 documents of 1000 bytes * 10 fields
client-5  | Current Mongosh Log ID:	67b22a5e3576e8f54127106a
client-5  | Using Mongosh:		2.0.2
client-5  | 
client-5  | For mongosh info see: https://docs.mongodb.com/mongodb-shell/
client-5  | 
client-5  | 
client-5  | To help improve our products, anonymous usage data is collected and sent to MongoDB periodically (https://www.mongodb.com/legal/privacy-policy).
client-5  | You can opt-out by running the disableTelemetry() command.
client-5  | 
client-5  | Loading file: /dir/lib.js
client-2  | Current Mongosh Log ID:	67b22a5efdfeeca6fff9c5d4
client-8  | 📚 lib.js loaded
client-8  | [2025-02-16T18:11:43.154Z] 🚀 Starting data insertion into mongodb://mongodb:27017 for 100000 documents of 1000 bytes * 10 fields
client-2  | Using Mongosh:		2.0.2
client-2  | 
client-2  | For mongosh info see: https://docs.mongodb.com/mongodb-shell/
client-2  | 
client-2  | 
client-2  | To help improve our products, anonymous usage data is collected and sent to MongoDB periodically (https://www.mongodb.com/legal/privacy-policy).
client-2  | You can opt-out by running the disableTelemetry() command.
client-2  | 
client-2  | Loading file: /dir/lib.js
client-7  | Current Mongosh Log ID:	67b22a5ffc4996c39661b081
client-6  | 📚 lib.js loaded
client-6  | [2025-02-16T18:11:43.746Z] 🚀 Starting data insertion into mongodb://mongodb:27017 for 100000 documents of 1000 bytes * 10 fields
client-7  | Using Mongosh:		2.0.2
client-7  | 
client-7  | For mongosh info see: https://docs.mongodb.com/mongodb-shell/
client-7  | 
client-7  | 
client-7  | To help improve our products, anonymous usage data is collected and sent to MongoDB periodically (https://www.mongodb.com/legal/privacy-policy).
client-7  | You can opt-out by running the disableTelemetry() command.
client-7  | 
client-7  | Loading file: /dir/lib.js
client-5  | 📚 lib.js loaded
client-5  | [2025-02-16T18:11:44.217Z] 🚀 Starting data insertion into mongodb://mongodb:27017 for 100000 documents of 1000 bytes * 10 fields
client-2  | 📚 lib.js loaded
client-2  | [2025-02-16T18:11:44.710Z] 🚀 Starting data insertion into mongodb://mongodb:27017 for 100000 documents of 1000 bytes * 10 fields
client-7  | 📚 lib.js loaded
client-7  | [2025-02-16T18:11:45.252Z] 🚀 Starting data insertion into mongodb://mongodb:27017 for 100000 documents of 1000 bytes * 10 fields
client-1  | ✅ Connected to MongoDB
client-4  | ✅ Connected to MongoDB
client-3  | ✅ Connected to MongoDB
client-8  | ✅ Connected to MongoDB
client-6  | ✅ Connected to MongoDB
client-5  | ✅ Connected to MongoDB
client-2  | ✅ Connected to MongoDB
client-7  | ✅ Connected to MongoDB
[ perf record: Woken up 1 times to write data ]
[ perf record: Captured and wrote 0.000 MB - ]
client-8  | [1e5e7488d140] MongoDB (10%) - Throughput: 15.26 docs/sec
client-6  | [7d9788346d2d] MongoDB (10%) - Throughput: 15.25 docs/sec
client-7  | [76abf301c91d] MongoDB (10%) - Throughput: 15.25 docs/sec
client-5  | [26d577f8d012] MongoDB (10%) - Throughput: 15.18 docs/sec
client-1  | [2e35d81af663] MongoDB (10%) - Throughput: 14.99 docs/sec
client-4  | [efcc0d27cde9] MongoDB (10%) - Throughput: 14.96 docs/sec
client-2  | [53771208db56] MongoDB (10%) - Throughput: 15.01 docs/sec
client-3  | [8239d0aaf0d6] MongoDB (10%) - Throughput: 14.87 docs/sec
client-7  | [76abf301c91d] MongoDB (20%) - Throughput: 15.36 docs/sec
client-6  | [7d9788346d2d] MongoDB (20%) - Throughput: 15.33 docs/sec
client-8  | [1e5e7488d140] MongoDB (20%) - Throughput: 15.27 docs/sec
client-5  | [26d577f8d012] MongoDB (20%) - Throughput: 15.27 docs/sec
client-1  | [2e35d81af663] MongoDB (20%) - Throughput: 15.01 docs/sec
client-2  | [53771208db56] MongoDB (20%) - Throughput: 14.98 docs/sec
client-4  | [efcc0d27cde9] MongoDB (20%) - Throughput: 14.93 docs/sec
client-3  | [8239d0aaf0d6] MongoDB (20%) - Throughput: 14.79 docs/sec
client-7  | [76abf301c91d] MongoDB (30%) - Throughput: 15.33 docs/sec
client-5  | [26d577f8d012] MongoDB (30%) - Throughput: 15.30 docs/sec
client-6  | [7d9788346d2d] MongoDB (30%) - Throughput: 15.29 docs/sec
client-8  | [1e5e7488d140] MongoDB (30%) - Throughput: 15.28 docs/sec
client-1  | [2e35d81af663] MongoDB (30%) - Throughput: 15.02 docs/sec
client-2  | [53771208db56] MongoDB (30%) - Throughput: 15.00 docs/sec
client-4  | [efcc0d27cde9] MongoDB (30%) - Throughput: 14.97 docs/sec
client-3  | [8239d0aaf0d6] MongoDB (30%) - Throughput: 14.81 docs/sec
client-7  | [76abf301c91d] MongoDB (40%) - Throughput: 15.35 docs/sec
client-5  | [26d577f8d012] MongoDB (40%) - Throughput: 15.31 docs/sec
client-8  | [1e5e7488d140] MongoDB (40%) - Throughput: 15.26 docs/sec
client-6  | [7d9788346d2d] MongoDB (40%) - Throughput: 15.24 docs/sec
client-1  | [2e35d81af663] MongoDB (40%) - Throughput: 15.03 docs/sec
client-4  | [efcc0d27cde9] MongoDB (40%) - Throughput: 15.00 docs/sec
client-2  | [53771208db56] MongoDB (40%) - Throughput: 15.01 docs/sec
client-3  | [8239d0aaf0d6] MongoDB (40%) - Throughput: 14.78 docs/sec
client-7  | [76abf301c91d] MongoDB (50%) - Throughput: 15.35 docs/sec
client-5  | [26d577f8d012] MongoDB (50%) - Throughput: 15.33 docs/sec
client-8  | [1e5e7488d140] MongoDB (50%) - Throughput: 15.26 docs/sec
client-6  | [7d9788346d2d] MongoDB (50%) - Throughput: 15.23 docs/sec
client-2  | [53771208db56] MongoDB (50%) - Throughput: 15.03 docs/sec
client-1  | [2e35d81af663] MongoDB (50%) - Throughput: 15.01 docs/sec
client-4  | [efcc0d27cde9] MongoDB (50%) - Throughput: 15.00 docs/sec
client-3  | [8239d0aaf0d6] MongoDB (50%) - Throughput: 14.75 docs/sec
client-7  | [76abf301c91d] MongoDB (60%) - Throughput: 15.36 docs/sec
client-5  | [26d577f8d012] MongoDB (60%) - Throughput: 15.33 docs/sec
client-8  | [1e5e7488d140] MongoDB (60%) - Throughput: 15.27 docs/sec
client-6  | [7d9788346d2d] MongoDB (60%) - Throughput: 15.24 docs/sec
client-4  | [efcc0d27cde9] MongoDB (60%) - Throughput: 15.02 docs/sec
client-1  | [2e35d81af663] MongoDB (60%) - Throughput: 15.01 docs/sec
client-2  | [53771208db56] MongoDB (60%) - Throughput: 15.02 docs/sec
client-3  | [8239d0aaf0d6] MongoDB (60%) - Throughput: 14.73 docs/sec
client-7  | [76abf301c91d] MongoDB (70%) - Throughput: 15.36 docs/sec
client-5  | [26d577f8d012] MongoDB (70%) - Throughput: 15.35 docs/sec
client-8  | [1e5e7488d140] MongoDB (70%) - Throughput: 15.26 docs/sec
client-6  | [7d9788346d2d] MongoDB (70%) - Throughput: 15.25 docs/sec
client-4  | [efcc0d27cde9] MongoDB (70%) - Throughput: 15.01 docs/sec
client-2  | [53771208db56] MongoDB (70%) - Throughput: 15.02 docs/sec
client-1  | [2e35d81af663] MongoDB (70%) - Throughput: 15.00 docs/sec
client-3  | [8239d0aaf0d6] MongoDB (70%) - Throughput: 14.71 docs/sec
client-7  | [76abf301c91d] MongoDB (80%) - Throughput: 15.36 docs/sec
client-5  | [26d577f8d012] MongoDB (80%) - Throughput: 15.35 docs/sec
client-8  | [1e5e7488d140] MongoDB (80%) - Throughput: 15.26 docs/sec
client-6  | [7d9788346d2d] MongoDB (80%) - Throughput: 15.25 docs/sec
client-2  | [53771208db56] MongoDB (80%) - Throughput: 15.03 docs/sec
client-4  | [efcc0d27cde9] MongoDB (80%) - Throughput: 15.02 docs/sec
client-1  | [2e35d81af663] MongoDB (80%) - Throughput: 15.01 docs/sec
client-3  | [8239d0aaf0d6] MongoDB (80%) - Throughput: 14.70 docs/sec
client-5  | [26d577f8d012] MongoDB (90%) - Throughput: 15.35 docs/sec
client-7  | [76abf301c91d] MongoDB (90%) - Throughput: 15.35 docs/sec
client-8  | [1e5e7488d140] MongoDB (90%) - Throughput: 15.26 docs/sec
client-6  | [7d9788346d2d] MongoDB (90%) - Throughput: 15.25 docs/sec
client-2  | [53771208db56] MongoDB (90%) - Throughput: 15.03 docs/sec
client-1  | [2e35d81af663] MongoDB (90%) - Throughput: 15.02 docs/sec
client-4  | [efcc0d27cde9] MongoDB (90%) - Throughput: 15.02 docs/sec
client-3  | [8239d0aaf0d6] MongoDB (90%) - Throughput: 14.70 docs/sec
client-5  | [26d577f8d012] MongoDB (100%) - Throughput: 15.35 docs/sec
client-5  | ✅ Inserted 100000 records into MongoDB
client-5  | ✅ MongoDB Connection closed
client-5  | [2025-02-16T20:00:22.530Z] 🏁 Data insertion completed in 6518.31 seconds
[Kclient-5 exited with code 0
client-7  | [76abf301c91d] MongoDB (100%) - Throughput: 15.35 docs/sec
client-7  | ✅ Inserted 100000 records into MongoDB
client-7  | ✅ MongoDB Connection closed
client-7  | [2025-02-16T20:00:26.089Z] 🏁 Data insertion completed in 6520.84 seconds
[Kclient-7 exited with code 0
client-8  | [1e5e7488d140] MongoDB (100%) - Throughput: 15.29 docs/sec
client-8  | ✅ Inserted 100000 records into MongoDB
client-8  | ✅ MongoDB Connection closed
client-8  | [2025-02-16T20:00:49.806Z] 🏁 Data insertion completed in 6546.65 seconds
[Kclient-8 exited with code 0
client-6  | [7d9788346d2d] MongoDB (100%) - Throughput: 15.27 docs/sec
client-6  | ✅ Inserted 100000 records into MongoDB
client-6  | ✅ MongoDB Connection closed
client-6  | [2025-02-16T20:00:56.514Z] 🏁 Data insertion completed in 6552.77 seconds
[Kclient-6 exited with code 0
client-2  | [53771208db56] MongoDB (100%) - Throughput: 15.15 docs/sec
client-2  | ✅ Inserted 100000 records into MongoDB
client-2  | ✅ MongoDB Connection closed
client-2  | [2025-02-16T20:01:51.766Z] 🏁 Data insertion completed in 6607.06 seconds
[Kclient-2 exited with code 0
client-4  | [efcc0d27cde9] MongoDB (100%) - Throughput: 15.14 docs/sec
client-4  | ✅ Inserted 100000 records into MongoDB
client-4  | ✅ MongoDB Connection closed
client-4  | [2025-02-16T20:01:52.330Z] 🏁 Data insertion completed in 6611.15 seconds
[Kclient-4 exited with code 0
client-1  | [2e35d81af663] MongoDB (100%) - Throughput: 15.13 docs/sec
client-1  | ✅ Inserted 100000 records into MongoDB
client-1  | ✅ MongoDB Connection closed
client-1  | [2025-02-16T20:01:53.505Z] 🏁 Data insertion completed in 6613.03 seconds
[Kclient-1 exited with code 0
client-3  | [8239d0aaf0d6] MongoDB (100%) - Throughput: 14.99 docs/sec
client-3  | ✅ Inserted 100000 records into MongoDB
client-3  | ✅ MongoDB Connection closed
client-3  | [2025-02-16T20:02:58.142Z] 🏁 Data insertion completed in 6675.95 seconds
[Kclient-3 exited with code 0

 Performance counter stats for 'system wide':

   141,578,546,171      instructions:u            docker/872b11a9c9f3e70dd112f5baf1510be64dc60077b648edf1356d40e3a07241af                                   

    6681.541381096 seconds time elapsed

MongoDB count: 800000 size: 7761 MB
CONTAINER ID   NAME                   CPU %     MEM USAGE / LIMIT    MEM %     NET I/O           BLOCK I/O        PIDS
ca9f60cde762   jsonbench-grafana-1    1.03%     72.7MiB / 27.2GiB    0.26%     504kB / 551kB     0B / 1.36MB      20
872b11a9c9f3   jsonbench-mongodb-1    0.35%     2.855GiB / 9GiB      31.72%    8.35GB / 146MB    4.1kB / 24.1GB   33
b287e948ace5   jsonbench-postgres-1   0.00%     130.5MiB / 9GiB      1.42%     1.99kB / 1.68kB   0B / 68.5MB      6
9f7c19b54292   prometheus             0.00%     73.55MiB / 27.2GiB   0.26%     75.1MB / 1.5MB    0B / 12.3kB      13
7aaca6038158   cadvisor               4.05%     63.02MiB / 27.2GiB   0.23%     1.4MB / 74.9MB    20.5kB / 0B      18
