CONTAINER ID   NAME                   CPU %     MEM USAGE / LIMIT    MEM %     NET I/O           BLOCK I/O     PIDS
0a5802dfd081   jsonbench-grafana-1    0.98%     59.36MiB / 27.2GiB   0.21%     24.8kB / 8.17kB   0B / 180kB    18
94ba17bd9562   jsonbench-mongodb-1    0.37%     78.73MiB / 27.2GiB   0.28%     5.73kB / 6.8kB    0B / 578kB    34
a064544876c3   jsonbench-postgres-1   0.03%     44.75MiB / 27.2GiB   0.16%     1.53kB / 1.68kB   0B / 67.2MB   6
99c98e62e37b   cadvisor               1.82%     19.48MiB / 27.2GiB   0.07%     126B / 0B         0B / 0B       15
06b8970075c1   prometheus             0.00%     18MiB / 27.2GiB      0.06%     126B / 0B         0B / 0B       12
mongodb-init-1  | Current Mongosh Log ID:	67b1c0b697f54513ba6211df
mongodb-init-1  | Connecting to:		mongodb://mongodb:27017/?directConnection=true&appName=mongosh+2.0.2
mongodb-init-1  | Using MongoDB:		7.0.16
mongodb-init-1  | Using Mongosh:		2.0.2
mongodb-init-1  | 
mongodb-init-1  | For mongosh info see: https://docs.mongodb.com/mongodb-shell/
mongodb-init-1  | 
mongodb-init-1  | 
mongodb-init-1  | To help improve our products, anonymous usage data is collected and sent to MongoDB periodically (https://www.mongodb.com/legal/privacy-policy).
mongodb-init-1  | You can opt-out by running the disableTelemetry() command.
mongodb-init-1  | 
mongodb-init-1  | ------
mongodb-init-1  |    The server generated these startup warnings when booting
mongodb-init-1  |    2025-02-16T10:40:53.660+00:00: Access control is not enabled for the database. Read and write access to data and configuration is unrestricted
mongodb-init-1  |    2025-02-16T10:40:53.660+00:00: vm.max_map_count is too low
mongodb-init-1  | ------
mongodb-init-1  | 
mongodb-init-1  | Loading file: /dir/init.js
 Container jsonbench-mongodb-1  Running
 Container jsonbench-postgres-1  Running
 Container jsonbench-client-8  Creating
 Container jsonbench-client-3  Creating
 Container jsonbench-client-5  Creating
 Container jsonbench-client-6  Creating
 Container jsonbench-client-4  Creating
 Container jsonbench-client-2  Creating
 Container jsonbench-client-7  Creating
 Container jsonbench-client-1  Creating
 Container jsonbench-client-2  Created
 Container jsonbench-client-8  Created
 Container jsonbench-client-3  Created
 Container jsonbench-client-7  Created
 Container jsonbench-client-5  Created
 Container jsonbench-client-1  Created
 Container jsonbench-client-4  Created
 Container jsonbench-client-6  Created
Attaching to client-1, client-2, client-3, client-4, client-5, client-6, client-7, client-8
client-1  | Current Mongosh Log ID:	67b1c0c0e39b55001ee0dccd
client-1  | Using Mongosh:		2.0.2
client-1  | 
client-1  | For mongosh info see: https://docs.mongodb.com/mongodb-shell/
client-1  | 
client-1  | 
client-1  | To help improve our products, anonymous usage data is collected and sent to MongoDB periodically (https://www.mongodb.com/legal/privacy-policy).
client-1  | You can opt-out by running the disableTelemetry() command.
client-1  | 
client-1  | Loading file: /dir/lib.js
client-7  | Current Mongosh Log ID:	67b1c0c015a92093eea92843
client-7  | Using Mongosh:		2.0.2
client-7  | 
client-7  | For mongosh info see: https://docs.mongodb.com/mongodb-shell/
client-7  | 
client-7  | 
client-7  | To help improve our products, anonymous usage data is collected and sent to MongoDB periodically (https://www.mongodb.com/legal/privacy-policy).
client-7  | You can opt-out by running the disableTelemetry() command.
client-7  | 
client-7  | Loading file: /dir/lib.js
client-4  | Current Mongosh Log ID:	67b1c0c1218f0c0e9200e439
client-1  | 📚 lib.js loaded
client-1  | [2025-02-16T10:41:05.802Z] 🚀 Starting data insertion into mongodb://mongodb:27017 for 100 documents of 1000 bytes * 10 fields
client-4  | Using Mongosh:		2.0.2
client-4  | 
client-4  | For mongosh info see: https://docs.mongodb.com/mongodb-shell/
client-4  | 
client-4  | 
client-4  | To help improve our products, anonymous usage data is collected and sent to MongoDB periodically (https://www.mongodb.com/legal/privacy-policy).
client-4  | You can opt-out by running the disableTelemetry() command.
client-4  | 
client-4  | Loading file: /dir/lib.js
client-2  | Current Mongosh Log ID:	67b1c0c2becdd5ee6124fa10
client-7  | 📚 lib.js loaded
client-7  | [2025-02-16T10:41:06.790Z] 🚀 Starting data insertion into mongodb://mongodb:27017 for 100 documents of 1000 bytes * 10 fields
client-2  | Using Mongosh:		2.0.2
client-2  | 
client-2  | For mongosh info see: https://docs.mongodb.com/mongodb-shell/
client-2  | 
client-2  | 
client-2  | To help improve our products, anonymous usage data is collected and sent to MongoDB periodically (https://www.mongodb.com/legal/privacy-policy).
client-2  | You can opt-out by running the disableTelemetry() command.
client-2  | 
client-2  | Loading file: /dir/lib.js
client-5  | Current Mongosh Log ID:	67b1c0c3369128b89b5c0700
client-4  | 📚 lib.js loaded
client-4  | [2025-02-16T10:41:07.602Z] 🚀 Starting data insertion into mongodb://mongodb:27017 for 100 documents of 1000 bytes * 10 fields
client-6  | Current Mongosh Log ID:	67b1c0c347eb2fa655c88375
client-5  | Using Mongosh:		2.0.2
client-5  | 
client-5  | For mongosh info see: https://docs.mongodb.com/mongodb-shell/
client-5  | 
client-5  | 
client-5  | To help improve our products, anonymous usage data is collected and sent to MongoDB periodically (https://www.mongodb.com/legal/privacy-policy).
client-5  | You can opt-out by running the disableTelemetry() command.
client-5  | 
client-5  | Loading file: /dir/lib.js
client-6  | Using Mongosh:		2.0.2
client-6  | 
client-6  | For mongosh info see: https://docs.mongodb.com/mongodb-shell/
client-6  | 
client-6  | 
client-6  | To help improve our products, anonymous usage data is collected and sent to MongoDB periodically (https://www.mongodb.com/legal/privacy-policy).
client-6  | You can opt-out by running the disableTelemetry() command.
client-6  | 
client-6  | Loading file: /dir/lib.js
client-2  | 📚 lib.js loaded
client-2  | [2025-02-16T10:41:08.431Z] 🚀 Starting data insertion into mongodb://mongodb:27017 for 100 documents of 1000 bytes * 10 fields
client-3  | Current Mongosh Log ID:	67b1c0c4e1c4279eb92c23f9
client-3  | Using Mongosh:		2.0.2
client-3  | 
client-3  | For mongosh info see: https://docs.mongodb.com/mongodb-shell/
client-3  | 
client-3  | 
client-3  | To help improve our products, anonymous usage data is collected and sent to MongoDB periodically (https://www.mongodb.com/legal/privacy-policy).
client-3  | You can opt-out by running the disableTelemetry() command.
client-3  | 
client-3  | Loading file: /dir/lib.js
client-8  | Current Mongosh Log ID:	67b1c0c523c3cbaffbe29fe1
client-5  | 📚 lib.js loaded
client-5  | [2025-02-16T10:41:09.299Z] 🚀 Starting data insertion into mongodb://mongodb:27017 for 100 documents of 1000 bytes * 10 fields
client-8  | Using Mongosh:		2.0.2
client-8  | 
client-8  | For mongosh info see: https://docs.mongodb.com/mongodb-shell/
client-8  | 
client-8  | 
client-8  | To help improve our products, anonymous usage data is collected and sent to MongoDB periodically (https://www.mongodb.com/legal/privacy-policy).
client-8  | You can opt-out by running the disableTelemetry() command.
client-8  | 
client-8  | Loading file: /dir/lib.js
client-6  | 📚 lib.js loaded
client-6  | [2025-02-16T10:41:09.871Z] 🚀 Starting data insertion into mongodb://mongodb:27017 for 100 documents of 1000 bytes * 10 fields
client-3  | 📚 lib.js loaded
client-3  | [2025-02-16T10:41:10.341Z] 🚀 Starting data insertion into mongodb://mongodb:27017 for 100 documents of 1000 bytes * 10 fields
client-8  | 📚 lib.js loaded
client-1  | ✅ Connected to MongoDB
client-8  | [2025-02-16T10:41:10.866Z] 🚀 Starting data insertion into mongodb://mongodb:27017 for 100 documents of 1000 bytes * 10 fields
client-1  | [e587c928d5be] MongoDB (10%) - Throughput: 23.81 docs/sec
client-1  | [e587c928d5be] MongoDB (20%) - Throughput: 27.07 docs/sec
client-7  | ✅ Connected to MongoDB
client-1  | [e587c928d5be] MongoDB (30%) - Throughput: 27.77 docs/sec
client-1  | [e587c928d5be] MongoDB (40%) - Throughput: 28.28 docs/sec
client-7  | [c2c46ec34eca] MongoDB (10%) - Throughput: 22.05 docs/sec
client-1  | [e587c928d5be] MongoDB (50%) - Throughput: 28.75 docs/sec
client-7  | [c2c46ec34eca] MongoDB (20%) - Throughput: 25.52 docs/sec
client-4  | ✅ Connected to MongoDB
client-1  | [e587c928d5be] MongoDB (60%) - Throughput: 28.33 docs/sec
client-7  | [c2c46ec34eca] MongoDB (30%) - Throughput: 26.03 docs/sec
client-4  | [f0cabe2e23b9] MongoDB (10%) - Throughput: 20.29 docs/sec
client-1  | [e587c928d5be] MongoDB (70%) - Throughput: 28.44 docs/sec
client-7  | [c2c46ec34eca] MongoDB (40%) - Throughput: 26.60 docs/sec
client-2  | ✅ Connected to MongoDB
client-4  | [f0cabe2e23b9] MongoDB (20%) - Throughput: 23.75 docs/sec
client-1  | [e587c928d5be] MongoDB (80%) - Throughput: 28.41 docs/sec
client-7  | [c2c46ec34eca] MongoDB (50%) - Throughput: 26.38 docs/sec
client-4  | [f0cabe2e23b9] MongoDB (30%) - Throughput: 24.40 docs/sec
client-2  | [933ca19dd376] MongoDB (10%) - Throughput: 19.55 docs/sec
client-1  | [e587c928d5be] MongoDB (90%) - Throughput: 28.06 docs/sec
client-7  | [c2c46ec34eca] MongoDB (60%) - Throughput: 26.63 docs/sec
client-4  | [f0cabe2e23b9] MongoDB (40%) - Throughput: 24.68 docs/sec
client-2  | [933ca19dd376] MongoDB (20%) - Throughput: 23.25 docs/sec
client-5  | ✅ Connected to MongoDB
client-1  | [e587c928d5be] MongoDB (100%) - Throughput: 27.96 docs/sec
client-1  | ✅ Inserted 100 records into MongoDB
client-1  | ✅ MongoDB Connection closed
client-1  | [2025-02-16T10:41:14.456Z] 🏁 Data insertion completed in 8.65 seconds
client-7  | [c2c46ec34eca] MongoDB (70%) - Throughput: 26.40 docs/sec
[Kclient-1 exited with code 0
client-4  | [f0cabe2e23b9] MongoDB (50%) - Throughput: 24.00 docs/sec
client-2  | [933ca19dd376] MongoDB (30%) - Throughput: 23.66 docs/sec
client-7  | [c2c46ec34eca] MongoDB (80%) - Throughput: 26.22 docs/sec
client-6  | ✅ Connected to MongoDB
client-5  | [820ef5efc3a8] MongoDB (10%) - Throughput: 17.07 docs/sec
client-4  | [f0cabe2e23b9] MongoDB (60%) - Throughput: 23.98 docs/sec
client-2  | [933ca19dd376] MongoDB (40%) - Throughput: 22.98 docs/sec
client-7  | [c2c46ec34eca] MongoDB (90%) - Throughput: 26.15 docs/sec
client-3  | ✅ Connected to MongoDB
client-6  | [9bc0ec8c3c9a] MongoDB (10%) - Throughput: 17.77 docs/sec
client-5  | [820ef5efc3a8] MongoDB (20%) - Throughput: 17.47 docs/sec
client-4  | [f0cabe2e23b9] MongoDB (70%) - Throughput: 22.91 docs/sec
client-2  | [933ca19dd376] MongoDB (50%) - Throughput: 21.45 docs/sec
client-7  | [c2c46ec34eca] MongoDB (100%) - Throughput: 24.82 docs/sec
client-7  | ✅ Inserted 100 records into MongoDB
client-7  | ✅ MongoDB Connection closed
client-7  | [2025-02-16T10:41:15.915Z] 🏁 Data insertion completed in 9.12 seconds
client-6  | [9bc0ec8c3c9a] MongoDB (20%) - Throughput: 20.24 docs/sec
client-5  | [820ef5efc3a8] MongoDB (30%) - Throughput: 19.51 docs/sec
client-8  | ✅ Connected to MongoDB
client-3  | [71b6de7d1fb0] MongoDB (10%) - Throughput: 12.54 docs/sec
[Kclient-7 exited with code 0
client-4  | [f0cabe2e23b9] MongoDB (80%) - Throughput: 22.49 docs/sec
client-5  | [820ef5efc3a8] MongoDB (40%) - Throughput: 19.50 docs/sec
client-6  | [9bc0ec8c3c9a] MongoDB (30%) - Throughput: 19.65 docs/sec
client-2  | [933ca19dd376] MongoDB (60%) - Throughput: 20.32 docs/sec
client-4  | [f0cabe2e23b9] MongoDB (90%) - Throughput: 22.65 docs/sec
client-3  | [71b6de7d1fb0] MongoDB (20%) - Throughput: 15.30 docs/sec
client-8  | [3b85187bf958] MongoDB (10%) - Throughput: 12.22 docs/sec
client-6  | [9bc0ec8c3c9a] MongoDB (40%) - Throughput: 18.78 docs/sec
client-5  | [820ef5efc3a8] MongoDB (50%) - Throughput: 18.42 docs/sec
client-4  | [f0cabe2e23b9] MongoDB (100%) - Throughput: 22.61 docs/sec
client-4  | ✅ Inserted 100 records into MongoDB
client-4  | ✅ MongoDB Connection closed
client-4  | [2025-02-16T10:41:17.120Z] 🏁 Data insertion completed in 9.52 seconds
client-2  | [933ca19dd376] MongoDB (70%) - Throughput: 19.36 docs/sec
client-3  | [71b6de7d1fb0] MongoDB (30%) - Throughput: 17.14 docs/sec
client-8  | [3b85187bf958] MongoDB (20%) - Throughput: 14.05 docs/sec
[Kclient-4 exited with code 0
client-2  | [933ca19dd376] MongoDB (80%) - Throughput: 19.69 docs/sec
client-6  | [9bc0ec8c3c9a] MongoDB (50%) - Throughput: 18.47 docs/sec
client-3  | [71b6de7d1fb0] MongoDB (40%) - Throughput: 17.86 docs/sec
client-5  | [820ef5efc3a8] MongoDB (60%) - Throughput: 18.15 docs/sec
client-8  | [3b85187bf958] MongoDB (30%) - Throughput: 15.37 docs/sec
client-2  | [933ca19dd376] MongoDB (90%) - Throughput: 19.81 docs/sec
client-5  | [820ef5efc3a8] MongoDB (70%) - Throughput: 18.79 docs/sec
client-3  | [71b6de7d1fb0] MongoDB (50%) - Throughput: 18.43 docs/sec
client-6  | [9bc0ec8c3c9a] MongoDB (60%) - Throughput: 18.02 docs/sec
client-2  | [933ca19dd376] MongoDB (100%) - Throughput: 20.36 docs/sec
client-2  | ✅ Inserted 100 records into MongoDB
client-2  | ✅ MongoDB Connection closed
client-2  | [2025-02-16T10:41:18.439Z] 🏁 Data insertion completed in 10.01 seconds
client-5  | [820ef5efc3a8] MongoDB (80%) - Throughput: 19.57 docs/sec
client-8  | [3b85187bf958] MongoDB (40%) - Throughput: 15.58 docs/sec
client-3  | [71b6de7d1fb0] MongoDB (60%) - Throughput: 19.32 docs/sec
[Kclient-2 exited with code 0
client-6  | [9bc0ec8c3c9a] MongoDB (70%) - Throughput: 18.07 docs/sec
client-5  | [820ef5efc3a8] MongoDB (90%) - Throughput: 20.09 docs/sec
client-8  | [3b85187bf958] MongoDB (50%) - Throughput: 16.56 docs/sec
client-3  | [71b6de7d1fb0] MongoDB (70%) - Throughput: 19.79 docs/sec
client-6  | [9bc0ec8c3c9a] MongoDB (80%) - Throughput: 18.95 docs/sec
client-5  | [820ef5efc3a8] MongoDB (100%) - Throughput: 20.70 docs/sec
client-5  | ✅ Inserted 100 records into MongoDB
client-5  | ✅ MongoDB Connection closed
client-5  | [2025-02-16T10:41:19.229Z] 🏁 Data insertion completed in 9.93 seconds
client-8  | [3b85187bf958] MongoDB (60%) - Throughput: 17.78 docs/sec
client-3  | [71b6de7d1fb0] MongoDB (80%) - Throughput: 20.45 docs/sec
[Kclient-5 exited with code 0
client-6  | [9bc0ec8c3c9a] MongoDB (90%) - Throughput: 19.64 docs/sec
client-8  | [3b85187bf958] MongoDB (70%) - Throughput: 18.80 docs/sec
client-3  | [71b6de7d1fb0] MongoDB (90%) - Throughput: 20.96 docs/sec
client-6  | [9bc0ec8c3c9a] MongoDB (100%) - Throughput: 20.30 docs/sec
client-6  | ✅ Inserted 100 records into MongoDB
client-6  | ✅ MongoDB Connection closed
client-6  | [2025-02-16T10:41:19.867Z] 🏁 Data insertion completed in 10.00 seconds
client-8  | [3b85187bf958] MongoDB (80%) - Throughput: 19.59 docs/sec
client-3  | [71b6de7d1fb0] MongoDB (100%) - Throughput: 21.53 docs/sec
client-3  | ✅ Inserted 100 records into MongoDB
client-3  | ✅ MongoDB Connection closed
client-3  | [2025-02-16T10:41:20.075Z] 🏁 Data insertion completed in 9.73 seconds
[Kclient-6 exited with code 0
[Kclient-3 exited with code 0
client-8  | [3b85187bf958] MongoDB (90%) - Throughput: 20.30 docs/sec
client-8  | [3b85187bf958] MongoDB (100%) - Throughput: 21.13 docs/sec
client-8  | ✅ Inserted 100 records into MongoDB
client-8  | ✅ MongoDB Connection closed
client-8  | [2025-02-16T10:41:20.675Z] 🏁 Data insertion completed in 9.81 seconds
[Kclient-8 exited with code 0

 Performance counter stats for 'system wide':

       186,938,923      instructions:u            docker/94ba17bd956256dbe2f40adc90c72a1ed5e916b7ef165e83aedb128faa7bb2b6                                   

      18.553541376 seconds time elapsed

MongoDB count: 800 size: 8 MB
CONTAINER ID   NAME                   CPU %     MEM USAGE / LIMIT    MEM %     NET I/O           BLOCK I/O     PIDS
0a5802dfd081   jsonbench-grafana-1    0.95%     61.06MiB / 27.2GiB   0.22%     29kB / 10kB       0B / 180kB    18
94ba17bd9562   jsonbench-mongodb-1    1.05%     93.2MiB / 27.2GiB    0.33%     8.36MB / 200kB    0B / 9.64MB   33
a064544876c3   jsonbench-postgres-1   0.56%     44.89MiB / 27.2GiB   0.16%     1.95kB / 1.68kB   0B / 67.2MB   6
99c98e62e37b   cadvisor               2.26%     42.46MiB / 27.2GiB   0.15%     5.89kB / 269kB    0B / 0B       15
06b8970075c1   prometheus             0.04%     47.95MiB / 27.2GiB   0.17%     270kB / 5.39kB    0B / 0B       13
[ perf record: Woken up 3 times to write data ]
[ perf record: Captured and wrote 0.000 MB - ]
