CONTAINER ID   NAME                   CPU %     MEM USAGE / LIMIT    MEM %     NET I/O           BLOCK I/O     PIDS
629bd78f1663   jsonbench-grafana-1    1.03%     59MiB / 27.2GiB      0.21%     23.1kB / 7.46kB   0B / 168kB    17
84f6086d6ae2   jsonbench-mongodb-1    0.36%     78.83MiB / 27.2GiB   0.28%     5.84kB / 6.8kB    0B / 561kB    34
f56a8a12887b   jsonbench-postgres-1   0.02%     45.31MiB / 27.2GiB   0.16%     1.57kB / 1.68kB   0B / 67.2MB   6
2080df3439e0   prometheus             0.00%     93.82MiB / 27.2GiB   0.34%     123kB / 2.65kB    0B / 0B       13
c42f53726577   cadvisor               1.75%     32.21MiB / 27.2GiB   0.12%     2.78kB / 123kB    0B / 0B       16
mongodb-init-1  | Current Mongosh Log ID:	67b1b89a79df8ec5e0393139
mongodb-init-1  | Connecting to:		mongodb://mongodb:27017/?directConnection=true&appName=mongosh+2.0.2
mongodb-init-1  | Using MongoDB:		7.0.16
mongodb-init-1  | Using Mongosh:		2.0.2
mongodb-init-1  | 
mongodb-init-1  | For mongosh info see: https://docs.mongodb.com/mongodb-shell/
mongodb-init-1  | 
mongodb-init-1  | 
mongodb-init-1  | To help improve our products, anonymous usage data is collected and sent to MongoDB periodically (https://www.mongodb.com/legal/privacy-policy).
mongodb-init-1  | You can opt-out by running the disableTelemetry() command.
mongodb-init-1  | 
mongodb-init-1  | ------
mongodb-init-1  |    The server generated these startup warnings when booting
mongodb-init-1  |    2025-02-16T10:06:18.182+00:00: Access control is not enabled for the database. Read and write access to data and configuration is unrestricted
mongodb-init-1  |    2025-02-16T10:06:18.183+00:00: vm.max_map_count is too low
mongodb-init-1  | ------
mongodb-init-1  | 
mongodb-init-1  | Loading file: /dir/init.js
 Container jsonbench-mongodb-1  Running
 Container jsonbench-postgres-1  Running
 Container jsonbench-client-8  Creating
 Container jsonbench-client-3  Creating
 Container jsonbench-client-1  Creating
 Container jsonbench-client-5  Creating
 Container jsonbench-client-4  Creating
 Container jsonbench-client-7  Creating
 Container jsonbench-client-2  Creating
 Container jsonbench-client-6  Creating
 Container jsonbench-client-7  Created
 Container jsonbench-client-3  Created
 Container jsonbench-client-8  Created
 Container jsonbench-client-4  Created
 Container jsonbench-client-5  Created
 Container jsonbench-client-1  Created
 Container jsonbench-client-6  Created
 Container jsonbench-client-2  Created
Attaching to client-1, client-2, client-3, client-4, client-5, client-6, client-7, client-8
client-1  | Current Mongosh Log ID:	67b1b8a48d06ab41ac7410bb
client-1  | Using Mongosh:		2.0.2
client-1  | 
client-1  | For mongosh info see: https://docs.mongodb.com/mongodb-shell/
client-1  | 
client-1  | 
client-1  | To help improve our products, anonymous usage data is collected and sent to MongoDB periodically (https://www.mongodb.com/legal/privacy-policy).
client-1  | You can opt-out by running the disableTelemetry() command.
client-1  | 
client-1  | Loading file: /dir/lib.js
client-3  | Current Mongosh Log ID:	67b1b8a5a3457b9ff6319f32
client-3  | Using Mongosh:		2.0.2
client-3  | 
client-3  | For mongosh info see: https://docs.mongodb.com/mongodb-shell/
client-3  | 
client-3  | 
client-3  | To help improve our products, anonymous usage data is collected and sent to MongoDB periodically (https://www.mongodb.com/legal/privacy-policy).
client-3  | You can opt-out by running the disableTelemetry() command.
client-3  | 
client-3  | Loading file: /dir/lib.js
client-2  | Current Mongosh Log ID:	67b1b8a65f2bf583b0177aff
client-1  | 📚 lib.js loaded
client-1  | [2025-02-16T10:06:30.554Z] 🚀 Starting data insertion into mongodb://mongodb:27017 for 100 documents of 1000 bytes * 10 fields
client-2  | Using Mongosh:		2.0.2
client-2  | 
client-2  | For mongosh info see: https://docs.mongodb.com/mongodb-shell/
client-2  | 
client-2  | 
client-2  | To help improve our products, anonymous usage data is collected and sent to MongoDB periodically (https://www.mongodb.com/legal/privacy-policy).
client-2  | You can opt-out by running the disableTelemetry() command.
client-2  | 
client-2  | Loading file: /dir/lib.js
client-6  | Current Mongosh Log ID:	67b1b8a786e3ba6c8f76e098
client-3  | 📚 lib.js loaded
client-3  | [2025-02-16T10:06:31.568Z] 🚀 Starting data insertion into mongodb://mongodb:27017 for 100 documents of 1000 bytes * 10 fields
client-6  | Using Mongosh:		2.0.2
client-6  | 
client-6  | For mongosh info see: https://docs.mongodb.com/mongodb-shell/
client-6  | 
client-6  | 
client-6  | To help improve our products, anonymous usage data is collected and sent to MongoDB periodically (https://www.mongodb.com/legal/privacy-policy).
client-6  | You can opt-out by running the disableTelemetry() command.
client-6  | 
client-6  | Loading file: /dir/lib.js
client-4  | Current Mongosh Log ID:	67b1b8a7ed2bb0ed388cb47b
client-2  | 📚 lib.js loaded
client-2  | [2025-02-16T10:06:32.347Z] 🚀 Starting data insertion into mongodb://mongodb:27017 for 100 documents of 1000 bytes * 10 fields
client-4  | Using Mongosh:		2.0.2
client-4  | 
client-4  | For mongosh info see: https://docs.mongodb.com/mongodb-shell/
client-4  | 
client-4  | 
client-4  | To help improve our products, anonymous usage data is collected and sent to MongoDB periodically (https://www.mongodb.com/legal/privacy-policy).
client-4  | You can opt-out by running the disableTelemetry() command.
client-4  | 
client-5  | Current Mongosh Log ID:	67b1b8a89a6842e6b95e89b8
client-4  | Loading file: /dir/lib.js
client-5  | Using Mongosh:		2.0.2
client-5  | 
client-5  | For mongosh info see: https://docs.mongodb.com/mongodb-shell/
client-5  | 
client-5  | 
client-5  | To help improve our products, anonymous usage data is collected and sent to MongoDB periodically (https://www.mongodb.com/legal/privacy-policy).
client-5  | You can opt-out by running the disableTelemetry() command.
client-5  | 
client-5  | Loading file: /dir/lib.js
client-6  | 📚 lib.js loaded
client-6  | [2025-02-16T10:06:33.274Z] 🚀 Starting data insertion into mongodb://mongodb:27017 for 100 documents of 1000 bytes * 10 fields
client-7  | Current Mongosh Log ID:	67b1b8a977c3800b61f47c3a
client-7  | Using Mongosh:		2.0.2
client-7  | 
client-7  | For mongosh info see: https://docs.mongodb.com/mongodb-shell/
client-7  | 
client-7  | 
client-7  | To help improve our products, anonymous usage data is collected and sent to MongoDB periodically (https://www.mongodb.com/legal/privacy-policy).
client-7  | You can opt-out by running the disableTelemetry() command.
client-7  | 
client-8  | Current Mongosh Log ID:	67b1b8a916c1bd71476bd69f
client-4  | 📚 lib.js loaded
client-4  | [2025-02-16T10:06:34.004Z] 🚀 Starting data insertion into mongodb://mongodb:27017 for 100 documents of 1000 bytes * 10 fields
client-7  | Loading file: /dir/lib.js
client-8  | Using Mongosh:		2.0.2
client-8  | 
client-8  | For mongosh info see: https://docs.mongodb.com/mongodb-shell/
client-8  | 
client-8  | 
client-8  | To help improve our products, anonymous usage data is collected and sent to MongoDB periodically (https://www.mongodb.com/legal/privacy-policy).
client-8  | You can opt-out by running the disableTelemetry() command.
client-8  | 
client-8  | Loading file: /dir/lib.js
client-5  | 📚 lib.js loaded
client-5  | [2025-02-16T10:06:34.539Z] 🚀 Starting data insertion into mongodb://mongodb:27017 for 100 documents of 1000 bytes * 10 fields
client-7  | 📚 lib.js loaded
client-7  | [2025-02-16T10:06:35.205Z] 🚀 Starting data insertion into mongodb://mongodb:27017 for 100 documents of 1000 bytes * 10 fields
client-8  | 📚 lib.js loaded
client-8  | [2025-02-16T10:06:35.610Z] 🚀 Starting data insertion into mongodb://mongodb:27017 for 100 documents of 1000 bytes * 10 fields
client-1  | ✅ Connected to MongoDB
client-1  | [10b762440da0] MongoDB (10%) - Throughput: 23.65 docs/sec
client-1  | [10b762440da0] MongoDB (20%) - Throughput: 26.88 docs/sec
client-3  | ✅ Connected to MongoDB
client-1  | [10b762440da0] MongoDB (30%) - Throughput: 27.58 docs/sec
client-1  | [10b762440da0] MongoDB (40%) - Throughput: 27.84 docs/sec
client-3  | [68fa6bd03731] MongoDB (10%) - Throughput: 21.93 docs/sec
client-1  | [10b762440da0] MongoDB (50%) - Throughput: 28.23 docs/sec
client-2  | ✅ Connected to MongoDB
client-3  | [68fa6bd03731] MongoDB (20%) - Throughput: 24.95 docs/sec
client-1  | [10b762440da0] MongoDB (60%) - Throughput: 28.00 docs/sec
client-3  | [68fa6bd03731] MongoDB (30%) - Throughput: 25.36 docs/sec
client-2  | [5e9fa554edac] MongoDB (10%) - Throughput: 22.06 docs/sec
client-1  | [10b762440da0] MongoDB (70%) - Throughput: 27.67 docs/sec
client-3  | [68fa6bd03731] MongoDB (40%) - Throughput: 26.18 docs/sec
client-2  | [5e9fa554edac] MongoDB (20%) - Throughput: 25.46 docs/sec
client-6  | ✅ Connected to MongoDB
client-1  | [10b762440da0] MongoDB (80%) - Throughput: 27.41 docs/sec
client-3  | [68fa6bd03731] MongoDB (50%) - Throughput: 26.09 docs/sec
client-2  | [5e9fa554edac] MongoDB (30%) - Throughput: 26.06 docs/sec
client-6  | [9ba879ba9fbb] MongoDB (10%) - Throughput: 19.18 docs/sec
client-1  | [10b762440da0] MongoDB (90%) - Throughput: 27.41 docs/sec
client-2  | [5e9fa554edac] MongoDB (40%) - Throughput: 26.20 docs/sec
client-3  | [68fa6bd03731] MongoDB (60%) - Throughput: 25.92 docs/sec
client-4  | ✅ Connected to MongoDB
client-6  | [9ba879ba9fbb] MongoDB (20%) - Throughput: 19.89 docs/sec
client-1  | [10b762440da0] MongoDB (100%) - Throughput: 26.46 docs/sec
client-1  | ✅ Inserted 100 records into MongoDB
client-1  | ✅ MongoDB Connection closed
client-1  | [2025-02-16T10:06:39.411Z] 🏁 Data insertion completed in 8.86 seconds
client-2  | [5e9fa554edac] MongoDB (50%) - Throughput: 24.73 docs/sec
client-3  | [68fa6bd03731] MongoDB (70%) - Throughput: 24.20 docs/sec
client-5  | ✅ Connected to MongoDB
[Kclient-1 exited with code 0
client-4  | [115618743abd] MongoDB (10%) - Throughput: 14.85 docs/sec
client-6  | [9ba879ba9fbb] MongoDB (30%) - Throughput: 20.09 docs/sec
client-2  | [5e9fa554edac] MongoDB (60%) - Throughput: 23.44 docs/sec
client-3  | [68fa6bd03731] MongoDB (80%) - Throughput: 23.80 docs/sec
client-4  | [115618743abd] MongoDB (20%) - Throughput: 18.21 docs/sec
client-7  | ✅ Connected to MongoDB
client-6  | [9ba879ba9fbb] MongoDB (40%) - Throughput: 19.54 docs/sec
client-5  | [673a73eee6f9] MongoDB (10%) - Throughput: 12.83 docs/sec
client-2  | [5e9fa554edac] MongoDB (70%) - Throughput: 23.34 docs/sec
client-3  | [68fa6bd03731] MongoDB (90%) - Throughput: 23.74 docs/sec
client-4  | [115618743abd] MongoDB (30%) - Throughput: 19.35 docs/sec
client-8  | ✅ Connected to MongoDB
client-3  | [68fa6bd03731] MongoDB (100%) - Throughput: 23.71 docs/sec
client-3  | ✅ Inserted 100 records into MongoDB
client-3  | ✅ MongoDB Connection closed
client-3  | [2025-02-16T10:06:40.883Z] 🏁 Data insertion completed in 9.31 seconds
client-2  | [5e9fa554edac] MongoDB (80%) - Throughput: 22.57 docs/sec
client-5  | [673a73eee6f9] MongoDB (20%) - Throughput: 14.19 docs/sec
client-6  | [9ba879ba9fbb] MongoDB (50%) - Throughput: 18.50 docs/sec
client-7  | [16d5ac86ddb7] MongoDB (10%) - Throughput: 12.20 docs/sec
[Kclient-3 exited with code 0
client-4  | [115618743abd] MongoDB (40%) - Throughput: 18.98 docs/sec
client-8  | [ad2b321e38f7] MongoDB (10%) - Throughput: 12.03 docs/sec
client-7  | [16d5ac86ddb7] MongoDB (20%) - Throughput: 15.69 docs/sec
client-5  | [673a73eee6f9] MongoDB (30%) - Throughput: 15.43 docs/sec
client-2  | [5e9fa554edac] MongoDB (90%) - Throughput: 21.75 docs/sec
client-4  | [115618743abd] MongoDB (50%) - Throughput: 19.67 docs/sec
client-6  | [9ba879ba9fbb] MongoDB (60%) - Throughput: 18.15 docs/sec
client-7  | [16d5ac86ddb7] MongoDB (30%) - Throughput: 18.09 docs/sec
client-5  | [673a73eee6f9] MongoDB (40%) - Throughput: 16.04 docs/sec
client-8  | [ad2b321e38f7] MongoDB (20%) - Throughput: 13.71 docs/sec
client-4  | [115618743abd] MongoDB (60%) - Throughput: 19.47 docs/sec
client-2  | [5e9fa554edac] MongoDB (100%) - Throughput: 21.11 docs/sec
client-2  | ✅ Inserted 100 records into MongoDB
client-2  | ✅ MongoDB Connection closed
client-2  | [2025-02-16T10:06:42.180Z] 🏁 Data insertion completed in 9.83 seconds
client-6  | [9ba879ba9fbb] MongoDB (70%) - Throughput: 18.23 docs/sec
client-7  | [16d5ac86ddb7] MongoDB (40%) - Throughput: 19.01 docs/sec
[Kclient-2 exited with code 0
client-5  | [673a73eee6f9] MongoDB (50%) - Throughput: 16.99 docs/sec
client-4  | [115618743abd] MongoDB (70%) - Throughput: 19.99 docs/sec
client-7  | [16d5ac86ddb7] MongoDB (50%) - Throughput: 20.31 docs/sec
client-6  | [9ba879ba9fbb] MongoDB (80%) - Throughput: 18.18 docs/sec
client-8  | [ad2b321e38f7] MongoDB (30%) - Throughput: 14.15 docs/sec
client-4  | [115618743abd] MongoDB (80%) - Throughput: 20.59 docs/sec
client-7  | [16d5ac86ddb7] MongoDB (60%) - Throughput: 21.23 docs/sec
client-6  | [9ba879ba9fbb] MongoDB (90%) - Throughput: 18.95 docs/sec
client-5  | [673a73eee6f9] MongoDB (60%) - Throughput: 17.23 docs/sec
client-8  | [ad2b321e38f7] MongoDB (40%) - Throughput: 15.01 docs/sec
client-4  | [115618743abd] MongoDB (90%) - Throughput: 20.90 docs/sec
client-6  | [9ba879ba9fbb] MongoDB (100%) - Throughput: 19.51 docs/sec
client-6  | ✅ Inserted 100 records into MongoDB
client-6  | ✅ MongoDB Connection closed
client-6  | [2025-02-16T10:06:43.484Z] 🏁 Data insertion completed in 10.21 seconds
client-7  | [16d5ac86ddb7] MongoDB (70%) - Throughput: 20.91 docs/sec
client-8  | [ad2b321e38f7] MongoDB (50%) - Throughput: 16.44 docs/sec
client-5  | [673a73eee6f9] MongoDB (70%) - Throughput: 17.02 docs/sec
client-4  | [115618743abd] MongoDB (100%) - Throughput: 21.41 docs/sec
client-4  | ✅ Inserted 100 records into MongoDB
client-4  | ✅ MongoDB Connection closed
client-4  | [2025-02-16T10:06:43.749Z] 🏁 Data insertion completed in 9.74 seconds
[Kclient-6 exited with code 0
[Kclient-4 exited with code 0
client-7  | [16d5ac86ddb7] MongoDB (80%) - Throughput: 21.23 docs/sec
client-8  | [ad2b321e38f7] MongoDB (60%) - Throughput: 17.67 docs/sec
client-5  | [673a73eee6f9] MongoDB (80%) - Throughput: 17.87 docs/sec
client-7  | [16d5ac86ddb7] MongoDB (90%) - Throughput: 21.92 docs/sec
client-5  | [673a73eee6f9] MongoDB (90%) - Throughput: 18.66 docs/sec
client-8  | [ad2b321e38f7] MongoDB (70%) - Throughput: 18.53 docs/sec
client-7  | [16d5ac86ddb7] MongoDB (100%) - Throughput: 22.56 docs/sec
client-7  | ✅ Inserted 100 records into MongoDB
client-7  | ✅ MongoDB Connection closed
client-7  | [2025-02-16T10:06:44.704Z] 🏁 Data insertion completed in 9.50 seconds
client-8  | [ad2b321e38f7] MongoDB (80%) - Throughput: 19.42 docs/sec
client-5  | [673a73eee6f9] MongoDB (100%) - Throughput: 19.19 docs/sec
client-5  | ✅ Inserted 100 records into MongoDB
client-5  | ✅ MongoDB Connection closed
client-5  | [2025-02-16T10:06:44.844Z] 🏁 Data insertion completed in 10.31 seconds
[Kclient-7 exited with code 0
[Kclient-5 exited with code 0
client-8  | [ad2b321e38f7] MongoDB (90%) - Throughput: 20.23 docs/sec
client-8  | [ad2b321e38f7] MongoDB (100%) - Throughput: 21.00 docs/sec
client-8  | ✅ Inserted 100 records into MongoDB
client-8  | ✅ MongoDB Connection closed
client-8  | [2025-02-16T10:06:45.447Z] 🏁 Data insertion completed in 9.84 seconds
[Kclient-8 exited with code 0

 Performance counter stats for 'system wide':

       187,069,521      instructions:u            docker/84f6086d6ae2d286caa84203c277abc16109f18a71a849fe5e8da0d9780a28d2                                   

      18.468174998 seconds time elapsed

MongoDB count: 800 size: 8 MB
CONTAINER ID   NAME                   CPU %     MEM USAGE / LIMIT    MEM %     NET I/O           BLOCK I/O     PIDS
629bd78f1663   jsonbench-grafana-1    1.14%     60.46MiB / 27.2GiB   0.22%     28.4kB / 9.89kB   0B / 168kB    17
84f6086d6ae2   jsonbench-mongodb-1    0.92%     93.63MiB / 27.2GiB   0.34%     8.36MB / 200kB    0B / 9.58MB   33
f56a8a12887b   jsonbench-postgres-1   0.58%     45.4MiB / 27.2GiB    0.16%     1.95kB / 1.68kB   0B / 67.2MB   6
2080df3439e0   prometheus             0.00%     98.83MiB / 27.2GiB   0.35%     279kB / 5.36kB    0B / 0B       13
c42f53726577   cadvisor               6.46%     25.66MiB / 27.2GiB   0.09%     5.87kB / 278kB    0B / 0B       16
[ perf record: Woken up 3 times to write data ]
[ perf record: Captured and wrote 0.000 MB - ]
