CONTAINER ID   NAME                   CPU %     MEM USAGE / LIMIT    MEM %     NET I/O           BLOCK I/O     PIDS
5c76845f046f   jsonbench-grafana-1    6.00%     69.54MiB / 27.2GiB   0.25%     29.5kB / 11.2kB   0B / 201kB    20
272150252c7e   jsonbench-postgres-1   0.00%     130.2MiB / 9GiB      1.41%     1.57kB / 1.68kB   0B / 68.5MB   6
04ea84563fe8   jsonbench-mongodb-1    0.32%     79.29MiB / 9GiB      0.86%     5.84kB / 6.8kB    0B / 1.74MB   33
3d7ff0ec48c2   cadvisor               4.55%     55.4MiB / 27.2GiB    0.20%     94.2kB / 4.98MB   0B / 0B       16
12b6eeb6b2d1   prometheus             0.00%     63.57MiB / 27.2GiB   0.23%     4.98MB / 94.1kB   0B / 0B       13
mongodb-init-1  | Current Mongosh Log ID:	67b72df26b6e33dc258e44eb
mongodb-init-1  | Connecting to:		mongodb://mongodb:27017/?directConnection=true&appName=mongosh+2.0.2
mongodb-init-1  | Using MongoDB:		7.0.16
mongodb-init-1  | Using Mongosh:		2.0.2
mongodb-init-1  | 
mongodb-init-1  | For mongosh info see: https://docs.mongodb.com/mongodb-shell/
mongodb-init-1  | 
mongodb-init-1  | 
mongodb-init-1  | To help improve our products, anonymous usage data is collected and sent to MongoDB periodically (https://www.mongodb.com/legal/privacy-policy).
mongodb-init-1  | You can opt-out by running the disableTelemetry() command.
mongodb-init-1  | 
mongodb-init-1  | ------
mongodb-init-1  |    The server generated these startup warnings when booting
mongodb-init-1  |    2025-02-20T13:28:18.158+00:00: Access control is not enabled for the database. Read and write access to data and configuration is unrestricted
mongodb-init-1  |    2025-02-20T13:28:18.159+00:00: vm.max_map_count is too low
mongodb-init-1  | ------
mongodb-init-1  | 
mongodb-init-1  | Loading file: /dir/init.js
 Container jsonbench-postgres-1  Running
 Container jsonbench-mongodb-1  Running
 Container jsonbench-client-8  Creating
 Container jsonbench-client-3  Creating
 Container jsonbench-client-5  Creating
 Container jsonbench-client-6  Creating
 Container jsonbench-client-4  Creating
 Container jsonbench-client-2  Creating
 Container jsonbench-client-7  Creating
 Container jsonbench-client-1  Creating
 Container jsonbench-client-5  Created
 Container jsonbench-client-8  Created
 Container jsonbench-client-1  Created
 Container jsonbench-client-4  Created
 Container jsonbench-client-6  Created
 Container jsonbench-client-3  Created
 Container jsonbench-client-2  Created
 Container jsonbench-client-7  Created
Attaching to client-1, client-2, client-3, client-4, client-5, client-6, client-7, client-8
client-3  | Current Mongosh Log ID:	67b7304f178eba8322c1918a
client-3  | Using Mongosh:		2.0.2
client-3  | 
client-3  | For mongosh info see: https://docs.mongodb.com/mongodb-shell/
client-3  | 
client-3  | 
client-3  | To help improve our products, anonymous usage data is collected and sent to MongoDB periodically (https://www.mongodb.com/legal/privacy-policy).
client-3  | You can opt-out by running the disableTelemetry() command.
client-3  | 
client-3  | Loading file: /dir/lib.js
client-7  | Current Mongosh Log ID:	67b73050b444a015ca834736
client-7  | Using Mongosh:		2.0.2
client-7  | 
client-7  | For mongosh info see: https://docs.mongodb.com/mongodb-shell/
client-7  | 
client-7  | 
client-7  | To help improve our products, anonymous usage data is collected and sent to MongoDB periodically (https://www.mongodb.com/legal/privacy-policy).
client-7  | You can opt-out by running the disableTelemetry() command.
client-7  | 
client-7  | Loading file: /dir/lib.js
client-2  | Current Mongosh Log ID:	67b730511e3cc226f4b6ab70
client-3  | 📚 lib.js loaded
client-3  | [2025-02-20T13:38:25.793Z] 🚀 Starting data insertion into mongodb://mongodb:27017 for 10000 documents of 1000 bytes * 100 fields
client-2  | Using Mongosh:		2.0.2
client-2  | 
client-2  | For mongosh info see: https://docs.mongodb.com/mongodb-shell/
client-2  | 
client-2  | 
client-2  | To help improve our products, anonymous usage data is collected and sent to MongoDB periodically (https://www.mongodb.com/legal/privacy-policy).
client-2  | You can opt-out by running the disableTelemetry() command.
client-2  | 
client-2  | Loading file: /dir/lib.js
client-6  | Current Mongosh Log ID:	67b73052bf717a65227b23a4
client-7  | 📚 lib.js loaded
client-7  | [2025-02-20T13:38:26.599Z] 🚀 Starting data insertion into mongodb://mongodb:27017 for 10000 documents of 1000 bytes * 100 fields
client-6  | Using Mongosh:		2.0.2
client-6  | 
client-6  | For mongosh info see: https://docs.mongodb.com/mongodb-shell/
client-6  | 
client-6  | 
client-6  | To help improve our products, anonymous usage data is collected and sent to MongoDB periodically (https://www.mongodb.com/legal/privacy-policy).
client-6  | You can opt-out by running the disableTelemetry() command.
client-6  | 
client-6  | Loading file: /dir/lib.js
client-4  | Current Mongosh Log ID:	67b7305200a683d2ec20b1ae
client-4  | Using Mongosh:		2.0.2
client-4  | 
client-4  | For mongosh info see: https://docs.mongodb.com/mongodb-shell/
client-4  | 
client-4  | 
client-4  | To help improve our products, anonymous usage data is collected and sent to MongoDB periodically (https://www.mongodb.com/legal/privacy-policy).
client-4  | You can opt-out by running the disableTelemetry() command.
client-4  | 
client-4  | Loading file: /dir/lib.js
client-2  | 📚 lib.js loaded
client-2  | [2025-02-20T13:38:27.701Z] 🚀 Starting data insertion into mongodb://mongodb:27017 for 10000 documents of 1000 bytes * 100 fields
client-1  | Current Mongosh Log ID:	67b7305354854ec46087c7ed
client-6  | 📚 lib.js loaded
client-6  | [2025-02-20T13:38:28.408Z] 🚀 Starting data insertion into mongodb://mongodb:27017 for 10000 documents of 1000 bytes * 100 fields
client-1  | Using Mongosh:		2.0.2
client-1  | 
client-1  | For mongosh info see: https://docs.mongodb.com/mongodb-shell/
client-1  | 
client-1  | 
client-1  | To help improve our products, anonymous usage data is collected and sent to MongoDB periodically (https://www.mongodb.com/legal/privacy-policy).
client-1  | You can opt-out by running the disableTelemetry() command.
client-1  | 
client-5  | Current Mongosh Log ID:	67b73054f81b378e927f6f9a
client-1  | Loading file: /dir/lib.js
client-5  | Using Mongosh:		2.0.2
client-5  | 
client-5  | For mongosh info see: https://docs.mongodb.com/mongodb-shell/
client-5  | 
client-5  | 
client-5  | To help improve our products, anonymous usage data is collected and sent to MongoDB periodically (https://www.mongodb.com/legal/privacy-policy).
client-5  | You can opt-out by running the disableTelemetry() command.
client-5  | 
client-5  | Loading file: /dir/lib.js
client-8  | Current Mongosh Log ID:	67b730553e20fdd66f0e2229
client-4  | 📚 lib.js loaded
client-4  | [2025-02-20T13:38:29.190Z] 🚀 Starting data insertion into mongodb://mongodb:27017 for 10000 documents of 1000 bytes * 100 fields
client-8  | Using Mongosh:		2.0.2
client-8  | 
client-8  | For mongosh info see: https://docs.mongodb.com/mongodb-shell/
client-8  | 
client-8  | 
client-8  | To help improve our products, anonymous usage data is collected and sent to MongoDB periodically (https://www.mongodb.com/legal/privacy-policy).
client-8  | You can opt-out by running the disableTelemetry() command.
client-8  | 
client-8  | Loading file: /dir/lib.js
client-1  | 📚 lib.js loaded
client-1  | [2025-02-20T13:38:29.737Z] 🚀 Starting data insertion into mongodb://mongodb:27017 for 10000 documents of 1000 bytes * 100 fields
client-5  | 📚 lib.js loaded
client-5  | [2025-02-20T13:38:30.346Z] 🚀 Starting data insertion into mongodb://mongodb:27017 for 10000 documents of 1000 bytes * 100 fields
client-8  | 📚 lib.js loaded
client-8  | [2025-02-20T13:38:30.752Z] 🚀 Starting data insertion into mongodb://mongodb:27017 for 10000 documents of 1000 bytes * 100 fields
client-3  | ✅ Connected to MongoDB
client-7  | ✅ Connected to MongoDB
client-2  | ✅ Connected to MongoDB
client-6  | ✅ Connected to MongoDB
client-4  | ✅ Connected to MongoDB
client-1  | ✅ Connected to MongoDB
client-5  | ✅ Connected to MongoDB
client-8  | ✅ Connected to MongoDB
[ perf record: Woken up 1 times to write data ]
[ perf record: Captured and wrote 0.000 MB - ]
runme.sh: line 21: 19565 Done                    perf record -o - --call-graph fp -F99 -e cpu-cycles -p $(
pgrep -d, "mongod"
) sleep 120
     19566 Segmentation fault      (core dumped) | perf script -F +pid > $DIR/mongodb.perf
CONTAINER ID   NAME                   CPU %     MEM USAGE / LIMIT    MEM %     NET I/O           BLOCK I/O     PIDS
ed0ea315a042   jsonbench-client-3     96.53%    207.2MiB / 27.2GiB   0.74%     260kB / 54.2MB    0B / 8.19kB   11
b8381bae4f64   jsonbench-client-7     97.81%    137.8MiB / 27.2GiB   0.49%     251kB / 52.1MB    0B / 8.19kB   11
d18ed8b8881b   jsonbench-client-2     97.42%    175.9MiB / 27.2GiB   0.63%     252kB / 52.1MB    0B / 8.19kB   11
e2c8066ef54e   jsonbench-client-6     95.80%    128.5MiB / 27.2GiB   0.46%     257kB / 53.3MB    0B / 8.19kB   11
85476e070521   jsonbench-client-4     96.22%    291.2MiB / 27.2GiB   1.05%     251kB / 51.8MB    0B / 8.19kB   11
a0c416ded9c5   jsonbench-client-1     96.67%    245.2MiB / 27.2GiB   0.88%     253kB / 52.2MB    0B / 8.19kB   11
13befc603246   jsonbench-client-5     97.57%    266MiB / 27.2GiB     0.96%     252kB / 52MB      0B / 8.19kB   11
b820a391a004   jsonbench-client-8     93.95%    122.3MiB / 27.2GiB   0.44%     255kB / 52.8MB    0B / 8.19kB   11
5c76845f046f   jsonbench-grafana-1    1.23%     69.53MiB / 27.2GiB   0.25%     30.4kB / 11.8kB   0B / 201kB    20
272150252c7e   jsonbench-postgres-1   0.00%     130.2MiB / 9GiB      1.41%     1.91kB / 1.68kB   0B / 68.5MB   6
04ea84563fe8   jsonbench-mongodb-1    2.67%     297.9MiB / 9GiB      3.23%     420MB / 2.03MB    0B / 1.21GB   57
3d7ff0ec48c2   cadvisor               5.32%     72.41MiB / 27.2GiB   0.26%     164kB / 8.71MB    0B / 0B       16
12b6eeb6b2d1   prometheus             0.00%     61.69MiB / 27.2GiB   0.22%     8.71MB / 164kB    0B / 0B       13
client-3  | [ed0ea315a042] MongoDB (10%) - Throughput: 1.51 docs/sec
client-6  | [e2c8066ef54e] MongoDB (10%) - Throughput: 1.50 docs/sec
client-8  | [b820a391a004] MongoDB (10%) - Throughput: 1.50 docs/sec
client-1  | [a0c416ded9c5] MongoDB (10%) - Throughput: 1.49 docs/sec
client-5  | [13befc603246] MongoDB (10%) - Throughput: 1.49 docs/sec
client-2  | [d18ed8b8881b] MongoDB (10%) - Throughput: 1.48 docs/sec
client-7  | [b8381bae4f64] MongoDB (10%) - Throughput: 1.47 docs/sec
client-4  | [85476e070521] MongoDB (10%) - Throughput: 1.47 docs/sec
client-3  | [ed0ea315a042] MongoDB (20%) - Throughput: 1.52 docs/sec
client-6  | [e2c8066ef54e] MongoDB (20%) - Throughput: 1.51 docs/sec
client-1  | [a0c416ded9c5] MongoDB (20%) - Throughput: 1.51 docs/sec
client-8  | [b820a391a004] MongoDB (20%) - Throughput: 1.51 docs/sec
client-2  | [d18ed8b8881b] MongoDB (20%) - Throughput: 1.50 docs/sec
client-5  | [13befc603246] MongoDB (20%) - Throughput: 1.50 docs/sec
client-7  | [b8381bae4f64] MongoDB (20%) - Throughput: 1.49 docs/sec
client-4  | [85476e070521] MongoDB (20%) - Throughput: 1.48 docs/sec
client-3  | [ed0ea315a042] MongoDB (30%) - Throughput: 1.52 docs/sec
client-6  | [e2c8066ef54e] MongoDB (30%) - Throughput: 1.52 docs/sec
client-2  | [d18ed8b8881b] MongoDB (30%) - Throughput: 1.52 docs/sec
client-1  | [a0c416ded9c5] MongoDB (30%) - Throughput: 1.51 docs/sec
client-8  | [b820a391a004] MongoDB (30%) - Throughput: 1.51 docs/sec
client-5  | [13befc603246] MongoDB (30%) - Throughput: 1.49 docs/sec
client-7  | [b8381bae4f64] MongoDB (30%) - Throughput: 1.49 docs/sec
client-4  | [85476e070521] MongoDB (30%) - Throughput: 1.48 docs/sec
client-3  | [ed0ea315a042] MongoDB (40%) - Throughput: 1.53 docs/sec
client-2  | [d18ed8b8881b] MongoDB (40%) - Throughput: 1.52 docs/sec
client-6  | [e2c8066ef54e] MongoDB (40%) - Throughput: 1.52 docs/sec
client-1  | [a0c416ded9c5] MongoDB (40%) - Throughput: 1.51 docs/sec
client-8  | [b820a391a004] MongoDB (40%) - Throughput: 1.51 docs/sec
client-5  | [13befc603246] MongoDB (40%) - Throughput: 1.49 docs/sec
client-7  | [b8381bae4f64] MongoDB (40%) - Throughput: 1.48 docs/sec
client-4  | [85476e070521] MongoDB (40%) - Throughput: 1.48 docs/sec
client-3  | [ed0ea315a042] MongoDB (50%) - Throughput: 1.53 docs/sec
client-2  | [d18ed8b8881b] MongoDB (50%) - Throughput: 1.53 docs/sec
client-6  | [e2c8066ef54e] MongoDB (50%) - Throughput: 1.52 docs/sec
client-1  | [a0c416ded9c5] MongoDB (50%) - Throughput: 1.51 docs/sec
client-8  | [b820a391a004] MongoDB (50%) - Throughput: 1.51 docs/sec
client-5  | [13befc603246] MongoDB (50%) - Throughput: 1.49 docs/sec
client-4  | [85476e070521] MongoDB (50%) - Throughput: 1.48 docs/sec
client-7  | [b8381bae4f64] MongoDB (50%) - Throughput: 1.48 docs/sec
client-2  | [d18ed8b8881b] MongoDB (60%) - Throughput: 1.53 docs/sec
client-3  | [ed0ea315a042] MongoDB (60%) - Throughput: 1.53 docs/sec
client-6  | [e2c8066ef54e] MongoDB (60%) - Throughput: 1.51 docs/sec
client-1  | [a0c416ded9c5] MongoDB (60%) - Throughput: 1.51 docs/sec
client-8  | [b820a391a004] MongoDB (60%) - Throughput: 1.51 docs/sec
client-5  | [13befc603246] MongoDB (60%) - Throughput: 1.49 docs/sec
client-4  | [85476e070521] MongoDB (60%) - Throughput: 1.48 docs/sec
client-7  | [b8381bae4f64] MongoDB (60%) - Throughput: 1.47 docs/sec
client-2  | [d18ed8b8881b] MongoDB (70%) - Throughput: 1.53 docs/sec
client-3  | [ed0ea315a042] MongoDB (70%) - Throughput: 1.53 docs/sec
client-1  | [a0c416ded9c5] MongoDB (70%) - Throughput: 1.52 docs/sec
client-8  | [b820a391a004] MongoDB (70%) - Throughput: 1.51 docs/sec
client-6  | [e2c8066ef54e] MongoDB (70%) - Throughput: 1.51 docs/sec
client-5  | [13befc603246] MongoDB (70%) - Throughput: 1.49 docs/sec
client-4  | [85476e070521] MongoDB (70%) - Throughput: 1.48 docs/sec
client-7  | [b8381bae4f64] MongoDB (70%) - Throughput: 1.47 docs/sec
client-2  | [d18ed8b8881b] MongoDB (80%) - Throughput: 1.53 docs/sec
client-3  | [ed0ea315a042] MongoDB (80%) - Throughput: 1.53 docs/sec
client-1  | [a0c416ded9c5] MongoDB (80%) - Throughput: 1.52 docs/sec
client-8  | [b820a391a004] MongoDB (80%) - Throughput: 1.52 docs/sec
client-6  | [e2c8066ef54e] MongoDB (80%) - Throughput: 1.51 docs/sec
client-5  | [13befc603246] MongoDB (80%) - Throughput: 1.50 docs/sec
client-4  | [85476e070521] MongoDB (80%) - Throughput: 1.48 docs/sec
client-7  | [b8381bae4f64] MongoDB (80%) - Throughput: 1.48 docs/sec
client-2  | [d18ed8b8881b] MongoDB (90%) - Throughput: 1.54 docs/sec
client-3  | [ed0ea315a042] MongoDB (90%) - Throughput: 1.53 docs/sec
client-1  | [a0c416ded9c5] MongoDB (90%) - Throughput: 1.52 docs/sec
client-8  | [b820a391a004] MongoDB (90%) - Throughput: 1.52 docs/sec
client-6  | [e2c8066ef54e] MongoDB (90%) - Throughput: 1.51 docs/sec
client-5  | [13befc603246] MongoDB (90%) - Throughput: 1.50 docs/sec
client-7  | [b8381bae4f64] MongoDB (90%) - Throughput: 1.48 docs/sec
client-4  | [85476e070521] MongoDB (90%) - Throughput: 1.48 docs/sec
client-2  | [d18ed8b8881b] MongoDB (100%) - Throughput: 1.54 docs/sec
client-2  | ✅ Inserted 10000 records into MongoDB
client-2  | ✅ MongoDB Connection closed
client-2  | [2025-02-20T15:26:54.480Z] 🏁 Data insertion completed in 6506.78 seconds
[Kclient-2 exited with code 0
client-3  | [ed0ea315a042] MongoDB (100%) - Throughput: 1.53 docs/sec
client-3  | ✅ Inserted 10000 records into MongoDB
client-3  | ✅ MongoDB Connection closed
client-3  | [2025-02-20T15:27:12.021Z] 🏁 Data insertion completed in 6526.23 seconds
[Kclient-3 exited with code 0
client-1  | [a0c416ded9c5] MongoDB (100%) - Throughput: 1.53 docs/sec
client-1  | ✅ Inserted 10000 records into MongoDB
client-1  | ✅ MongoDB Connection closed
client-1  | [2025-02-20T15:27:51.949Z] 🏁 Data insertion completed in 6562.21 seconds
[Kclient-1 exited with code 0
client-8  | [b820a391a004] MongoDB (100%) - Throughput: 1.52 docs/sec
client-8  | ✅ Inserted 10000 records into MongoDB
client-8  | ✅ MongoDB Connection closed
client-8  | [2025-02-20T15:28:02.068Z] 🏁 Data insertion completed in 6571.32 seconds
[Kclient-8 exited with code 0
client-6  | [e2c8066ef54e] MongoDB (100%) - Throughput: 1.52 docs/sec
client-6  | ✅ Inserted 10000 records into MongoDB
client-6  | ✅ MongoDB Connection closed
client-6  | [2025-02-20T15:28:22.978Z] 🏁 Data insertion completed in 6594.57 seconds
[Kclient-6 exited with code 0
client-5  | [13befc603246] MongoDB (100%) - Throughput: 1.51 docs/sec
client-5  | ✅ Inserted 10000 records into MongoDB
client-5  | ✅ MongoDB Connection closed
client-5  | [2025-02-20T15:28:53.516Z] 🏁 Data insertion completed in 6623.17 seconds
[Kclient-5 exited with code 0
client-7  | [b8381bae4f64] MongoDB (100%) - Throughput: 1.50 docs/sec
client-7  | ✅ Inserted 10000 records into MongoDB
client-7  | ✅ MongoDB Connection closed
client-7  | [2025-02-20T15:29:21.493Z] 🏁 Data insertion completed in 6654.89 seconds
[Kclient-7 exited with code 0
client-4  | [85476e070521] MongoDB (100%) - Throughput: 1.50 docs/sec
client-4  | ✅ Inserted 10000 records into MongoDB
client-4  | ✅ MongoDB Connection closed
client-4  | [2025-02-20T15:29:33.707Z] 🏁 Data insertion completed in 6664.52 seconds
[Kclient-4 exited with code 0

 Performance counter stats for 'system wide':

    65,540,159,707      instructions:u            docker/04ea84563fe807fa263a43063f7a78c6e8470ff7b05598a4398cb9c7623b9a93                                   

    6671.993336902 seconds time elapsed

MongoDB count: 80000 size: 7732 MB
[
  { _id: '01952394-d354-772d-a097-39015b8e2c7c' },
  { _id: '01952394-d4d3-731a-bd9e-4d96b040a4e4' },
  { _id: '01952394-d604-7138-8502-bcb9d1275076' },
  { _id: '01952394-d67c-76f4-abf6-dc1460cc29bd' },
  { _id: '01952394-d776-722f-86d8-adc049e0047a' },
  { _id: '01952394-d84f-7001-b704-bbdc24a1667d' },
  { _id: '01952394-d8c6-70ee-97ef-0f9a0889f91e' },
  { _id: '01952394-d9a6-70ce-b862-b7c2be182f64' },
  { _id: '01952394-da10-755e-adbc-10358a2f910c' },
  { _id: '01952394-dad9-715d-8f8e-c8aad3a4039c' }
]
CONTAINER ID   NAME                   CPU %     MEM USAGE / LIMIT    MEM %     NET I/O           BLOCK I/O         PIDS
5c76845f046f   jsonbench-grafana-1    0.88%     74.04MiB / 27.2GiB   0.27%     845kB / 12.3MB    0B / 2.06MB       20
272150252c7e   jsonbench-postgres-1   0.00%     131.1MiB / 9GiB      1.42%     2.07kB / 1.68kB   0B / 68.5MB       6
04ea84563fe8   jsonbench-mongodb-1    0.36%     1.892GiB / 9GiB      21.02%    8.17GB / 38.9MB   1.29MB / 23.3GB   33
3d7ff0ec48c2   cadvisor               2.26%     57.31MiB / 27.2GiB   0.21%     1.39MB / 74.5MB   0B / 0B           17
12b6eeb6b2d1   prometheus             0.04%     66.59MiB / 27.2GiB   0.24%     74.7MB / 1.62MB   0B / 12.3kB       13
