CONTAINER ID   NAME                   CPU %     MEM USAGE / LIMIT    MEM %     NET I/O           BLOCK I/O     PIDS
3dad8040e4c5   jsonbench-grafana-1    1.06%     64.83MiB / 27.2GiB   0.23%     27.9kB / 9.73kB   0B / 193kB    16
1d968f367110   jsonbench-mongodb-1    0.35%     93.47MiB / 9GiB      1.01%     8.36MB / 200kB    0B / 9.56MB   33
bd22db0e55b9   prometheus             0.01%     52.22MiB / 27.2GiB   0.19%     402kB / 7.72kB    0B / 0B       13
98c69db1a2e3   jsonbench-postgres-1   0.05%     126.5MiB / 9GiB      1.37%     2.02kB / 1.73kB   0B / 67.3MB   6
a384e6bf0274   cadvisor               3.43%     27.78MiB / 27.2GiB   0.10%     8.23kB / 402kB    0B / 0B       16
postgres-init-1  | psql: error: connection to server at "postgres" (192.168.80.4), port 5432 failed: Connection refused
postgres-init-1  | 	Is the server running on that host and accepting TCP/IP connections?
postgres-init-1  | psql: error: connection to server at "postgres" (192.168.80.4), port 5432 failed: Connection refused
postgres-init-1  | 	Is the server running on that host and accepting TCP/IP connections?
postgres-init-1  | drop table if exists jsonbench;
postgres-init-1  | psql:/dir/init.sql:1: NOTICE:  table "jsonbench" does not exist, skipping
postgres-init-1  | DROP TABLE
postgres-init-1  | create table if not exists jsonbench (
postgres-init-1  |     id uuid primary key,
postgres-init-1  |     data jsonb not null
postgres-init-1  | );
postgres-init-1  | CREATE TABLE
postgres-init-1  | show shared_buffers;
postgres-init-1  |  shared_buffers 
postgres-init-1  | ----------------
postgres-init-1  |  4GB
postgres-init-1  | (1 row)
postgres-init-1  | 
 Container jsonbench-postgres-1  Running
 Container jsonbench-mongodb-1  Running
 Container jsonbench-client-1  Recreate
 Container jsonbench-client-2  Recreate
 Container jsonbench-client-3  Recreate
 Container jsonbench-client-7  Recreate
 Container jsonbench-client-8  Recreate
 Container jsonbench-client-4  Recreate
 Container jsonbench-client-6  Recreate
 Container jsonbench-client-5  Recreate
 Container jsonbench-client-4  Recreated
 Container jsonbench-client-6  Recreated
 Container jsonbench-client-3  Recreated
 Container jsonbench-client-1  Recreated
 Container jsonbench-client-7  Recreated
 Container jsonbench-client-5  Recreated
 Container jsonbench-client-2  Recreated
 Container jsonbench-client-8  Recreated
Attaching to client-1, client-2, client-3, client-4, client-5, client-6, client-7, client-8
client-4  | Current Mongosh Log ID:	67b2e769f633b22ee65fff59
client-4  | Using Mongosh:		2.0.2
client-4  | 
client-4  | For mongosh info see: https://docs.mongodb.com/mongodb-shell/
client-4  | 
client-4  | 
client-4  | To help improve our products, anonymous usage data is collected and sent to MongoDB periodically (https://www.mongodb.com/legal/privacy-policy).
client-4  | You can opt-out by running the disableTelemetry() command.
client-4  | 
client-4  | Loading file: /dir/lib.js
client-2  | Current Mongosh Log ID:	67b2e769b496dda636b83ae9
client-2  | Using Mongosh:		2.0.2
client-2  | 
client-2  | For mongosh info see: https://docs.mongodb.com/mongodb-shell/
client-2  | 
client-2  | 
client-2  | To help improve our products, anonymous usage data is collected and sent to MongoDB periodically (https://www.mongodb.com/legal/privacy-policy).
client-2  | You can opt-out by running the disableTelemetry() command.
client-2  | 
client-2  | Loading file: /dir/lib.js
client-5  | Current Mongosh Log ID:	67b2e76afcd5836c83e4ed76
client-4  | 📚 lib.js loaded
client-4  | [2025-02-17T07:38:18.987Z] 🚀 Starting data insertion into postgres://postgres:xxx@postgres:5432/postgres for 100 documents of 1000 bytes * 10 fields
client-5  | Using Mongosh:		2.0.2
client-5  | 
client-5  | For mongosh info see: https://docs.mongodb.com/mongodb-shell/
client-5  | 
client-5  | 
client-5  | To help improve our products, anonymous usage data is collected and sent to MongoDB periodically (https://www.mongodb.com/legal/privacy-policy).
client-5  | You can opt-out by running the disableTelemetry() command.
client-5  | 
client-5  | Loading file: /dir/lib.js
client-7  | Current Mongosh Log ID:	67b2e76b54810e91d8fdf494
client-2  | 📚 lib.js loaded
client-2  | [2025-02-17T07:38:19.642Z] 🚀 Starting data insertion into postgres://postgres:xxx@postgres:5432/postgres for 100 documents of 1000 bytes * 10 fields
client-7  | Using Mongosh:		2.0.2
client-7  | 
client-7  | For mongosh info see: https://docs.mongodb.com/mongodb-shell/
client-7  | 
client-7  | 
client-7  | To help improve our products, anonymous usage data is collected and sent to MongoDB periodically (https://www.mongodb.com/legal/privacy-policy).
client-7  | You can opt-out by running the disableTelemetry() command.
client-7  | 
client-7  | Loading file: /dir/lib.js
client-8  | Current Mongosh Log ID:	67b2e76c27f0f63b50e33120
client-5  | 📚 lib.js loaded
client-5  | [2025-02-17T07:38:20.760Z] 🚀 Starting data insertion into postgres://postgres:xxx@postgres:5432/postgres for 100 documents of 1000 bytes * 10 fields
client-6  | Current Mongosh Log ID:	67b2e76c5d4d5a833ac1c311
client-8  | Using Mongosh:		2.0.2
client-8  | 
client-8  | For mongosh info see: https://docs.mongodb.com/mongodb-shell/
client-8  | 
client-8  | 
client-8  | To help improve our products, anonymous usage data is collected and sent to MongoDB periodically (https://www.mongodb.com/legal/privacy-policy).
client-8  | You can opt-out by running the disableTelemetry() command.
client-8  | 
client-8  | Loading file: /dir/lib.js
client-6  | Using Mongosh:		2.0.2
client-6  | 
client-6  | For mongosh info see: https://docs.mongodb.com/mongodb-shell/
client-6  | 
client-6  | 
client-6  | To help improve our products, anonymous usage data is collected and sent to MongoDB periodically (https://www.mongodb.com/legal/privacy-policy).
client-6  | You can opt-out by running the disableTelemetry() command.
client-6  | 
client-6  | Loading file: /dir/lib.js
client-3  | Current Mongosh Log ID:	67b2e76dbaa7a9407cf81e63
client-7  | 📚 lib.js loaded
client-7  | [2025-02-17T07:38:21.667Z] 🚀 Starting data insertion into postgres://postgres:xxx@postgres:5432/postgres for 100 documents of 1000 bytes * 10 fields
client-3  | Using Mongosh:		2.0.2
client-3  | 
client-3  | For mongosh info see: https://docs.mongodb.com/mongodb-shell/
client-3  | 
client-3  | 
client-3  | To help improve our products, anonymous usage data is collected and sent to MongoDB periodically (https://www.mongodb.com/legal/privacy-policy).
client-3  | You can opt-out by running the disableTelemetry() command.
client-3  | 
client-3  | Loading file: /dir/lib.js
client-1  | Current Mongosh Log ID:	67b2e76e0b0fc271bf73a7e3
client-8  | 📚 lib.js loaded
client-8  | [2025-02-17T07:38:22.426Z] 🚀 Starting data insertion into postgres://postgres:xxx@postgres:5432/postgres for 100 documents of 1000 bytes * 10 fields
client-6  | 📚 lib.js loaded
client-6  | [2025-02-17T07:38:22.681Z] 🚀 Starting data insertion into postgres://postgres:xxx@postgres:5432/postgres for 100 documents of 1000 bytes * 10 fields
client-1  | Using Mongosh:		2.0.2
client-1  | 
client-1  | For mongosh info see: https://docs.mongodb.com/mongodb-shell/
client-1  | 
client-1  | 
client-1  | To help improve our products, anonymous usage data is collected and sent to MongoDB periodically (https://www.mongodb.com/legal/privacy-policy).
client-1  | You can opt-out by running the disableTelemetry() command.
client-1  | 
client-1  | Loading file: /dir/lib.js
client-3  | 📚 lib.js loaded
client-3  | [2025-02-17T07:38:23.500Z] 🚀 Starting data insertion into postgres://postgres:xxx@postgres:5432/postgres for 100 documents of 1000 bytes * 10 fields
client-1  | 📚 lib.js loaded
client-1  | [2025-02-17T07:38:23.879Z] 🚀 Starting data insertion into postgres://postgres:xxx@postgres:5432/postgres for 100 documents of 1000 bytes * 10 fields
client-4  | [4c8bafb2c8ac] PostgreSQL (10%) - Throughput: 25.40 docs/sec
client-4  | [4c8bafb2c8ac] PostgreSQL (20%) - Throughput: 28.51 docs/sec
client-4  | [4c8bafb2c8ac] PostgreSQL (30%) - Throughput: 29.62 docs/sec
client-2  | [b8156271f224] PostgreSQL (10%) - Throughput: 23.92 docs/sec
client-4  | [4c8bafb2c8ac] PostgreSQL (40%) - Throughput: 29.79 docs/sec
client-2  | [b8156271f224] PostgreSQL (20%) - Throughput: 27.56 docs/sec
client-4  | [4c8bafb2c8ac] PostgreSQL (50%) - Throughput: 30.31 docs/sec
client-2  | [b8156271f224] PostgreSQL (30%) - Throughput: 28.90 docs/sec
client-4  | [4c8bafb2c8ac] PostgreSQL (60%) - Throughput: 30.00 docs/sec
client-2  | [b8156271f224] PostgreSQL (40%) - Throughput: 28.41 docs/sec
client-5  | [7548f513fe8d] PostgreSQL (10%) - Throughput: 21.50 docs/sec
client-4  | [4c8bafb2c8ac] PostgreSQL (70%) - Throughput: 29.60 docs/sec
client-2  | [b8156271f224] PostgreSQL (50%) - Throughput: 28.80 docs/sec
client-5  | [7548f513fe8d] PostgreSQL (20%) - Throughput: 25.25 docs/sec
client-4  | [4c8bafb2c8ac] PostgreSQL (80%) - Throughput: 29.67 docs/sec
client-2  | [b8156271f224] PostgreSQL (60%) - Throughput: 29.06 docs/sec
client-5  | [7548f513fe8d] PostgreSQL (30%) - Throughput: 25.92 docs/sec
client-2  | [b8156271f224] PostgreSQL (70%) - Throughput: 28.70 docs/sec
client-4  | [4c8bafb2c8ac] PostgreSQL (90%) - Throughput: 29.05 docs/sec
client-7  | [9da9c335c3c2] PostgreSQL (10%) - Throughput: 20.73 docs/sec
client-5  | [7548f513fe8d] PostgreSQL (40%) - Throughput: 26.02 docs/sec
client-2  | [b8156271f224] PostgreSQL (80%) - Throughput: 28.80 docs/sec
client-4  | [4c8bafb2c8ac] PostgreSQL (100%) - Throughput: 28.85 docs/sec
client-4  | ✅ Inserted 100 records into PostgreSQL
client-4  | ✅ PostgreSQL Connection closed
client-4  | [2025-02-17T07:38:27.531Z] 🏁 Data insertion completed in 8.54 seconds
client-7  | [9da9c335c3c2] PostgreSQL (20%) - Throughput: 23.10 docs/sec
client-5  | [7548f513fe8d] PostgreSQL (50%) - Throughput: 25.32 docs/sec
[Kclient-4 exited with code 0
client-2  | [b8156271f224] PostgreSQL (90%) - Throughput: 27.49 docs/sec
client-7  | [9da9c335c3c2] PostgreSQL (30%) - Throughput: 23.52 docs/sec
client-8  | [292cafe6c1e6] PostgreSQL (10%) - Throughput: 17.43 docs/sec
client-6  | [6ddddeb79d73] PostgreSQL (10%) - Throughput: 20.80 docs/sec
client-5  | [7548f513fe8d] PostgreSQL (60%) - Throughput: 24.42 docs/sec
client-2  | [b8156271f224] PostgreSQL (100%) - Throughput: 27.21 docs/sec
client-2  | ✅ Inserted 100 records into PostgreSQL
client-2  | ✅ PostgreSQL Connection closed
client-2  | [2025-02-17T07:38:28.390Z] 🏁 Data insertion completed in 8.75 seconds
client-7  | [9da9c335c3c2] PostgreSQL (40%) - Throughput: 22.53 docs/sec
client-8  | [292cafe6c1e6] PostgreSQL (20%) - Throughput: 18.05 docs/sec
client-6  | [6ddddeb79d73] PostgreSQL (20%) - Throughput: 22.04 docs/sec
[Kclient-2 exited with code 0
client-5  | [7548f513fe8d] PostgreSQL (70%) - Throughput: 23.86 docs/sec
client-7  | [9da9c335c3c2] PostgreSQL (50%) - Throughput: 23.15 docs/sec
client-6  | [6ddddeb79d73] PostgreSQL (30%) - Throughput: 22.73 docs/sec
client-5  | [7548f513fe8d] PostgreSQL (80%) - Throughput: 23.88 docs/sec
client-8  | [292cafe6c1e6] PostgreSQL (30%) - Throughput: 17.43 docs/sec
client-3  | [4a0dc37db1ce] PostgreSQL (10%) - Throughput: 13.39 docs/sec
client-7  | [9da9c335c3c2] PostgreSQL (60%) - Throughput: 22.12 docs/sec
client-1  | [a655ece97d47] PostgreSQL (10%) - Throughput: 16.09 docs/sec
client-6  | [6ddddeb79d73] PostgreSQL (40%) - Throughput: 21.68 docs/sec
client-5  | [7548f513fe8d] PostgreSQL (90%) - Throughput: 23.74 docs/sec
client-3  | [4a0dc37db1ce] PostgreSQL (20%) - Throughput: 14.98 docs/sec
client-8  | [292cafe6c1e6] PostgreSQL (40%) - Throughput: 16.82 docs/sec
client-1  | [a655ece97d47] PostgreSQL (20%) - Throughput: 20.14 docs/sec
client-6  | [6ddddeb79d73] PostgreSQL (50%) - Throughput: 22.66 docs/sec
client-7  | [9da9c335c3c2] PostgreSQL (70%) - Throughput: 21.12 docs/sec
client-5  | [7548f513fe8d] PostgreSQL (100%) - Throughput: 22.81 docs/sec
client-5  | ✅ Inserted 100 records into PostgreSQL
client-5  | ✅ PostgreSQL Connection closed
client-5  | [2025-02-17T07:38:30.222Z] 🏁 Data insertion completed in 9.46 seconds
client-1  | [a655ece97d47] PostgreSQL (30%) - Throughput: 21.24 docs/sec
client-6  | [6ddddeb79d73] PostgreSQL (60%) - Throughput: 22.72 docs/sec
client-3  | [4a0dc37db1ce] PostgreSQL (30%) - Throughput: 15.58 docs/sec
client-8  | [292cafe6c1e6] PostgreSQL (50%) - Throughput: 16.72 docs/sec
client-7  | [9da9c335c3c2] PostgreSQL (80%) - Throughput: 21.17 docs/sec
[Kclient-5 exited with code 0
client-1  | [a655ece97d47] PostgreSQL (40%) - Throughput: 21.30 docs/sec
client-6  | [6ddddeb79d73] PostgreSQL (70%) - Throughput: 22.86 docs/sec
client-7  | [9da9c335c3c2] PostgreSQL (90%) - Throughput: 21.85 docs/sec
client-8  | [292cafe6c1e6] PostgreSQL (60%) - Throughput: 17.29 docs/sec
client-3  | [4a0dc37db1ce] PostgreSQL (40%) - Throughput: 16.27 docs/sec
client-6  | [6ddddeb79d73] PostgreSQL (80%) - Throughput: 23.59 docs/sec
client-1  | [a655ece97d47] PostgreSQL (50%) - Throughput: 22.57 docs/sec
client-7  | [9da9c335c3c2] PostgreSQL (100%) - Throughput: 22.36 docs/sec
client-7  | ✅ Inserted 100 records into PostgreSQL
client-7  | ✅ PostgreSQL Connection closed
client-7  | [2025-02-17T07:38:31.224Z] 🏁 Data insertion completed in 9.56 seconds
client-3  | [4a0dc37db1ce] PostgreSQL (50%) - Throughput: 17.00 docs/sec
client-1  | [a655ece97d47] PostgreSQL (60%) - Throughput: 23.26 docs/sec
client-6  | [6ddddeb79d73] PostgreSQL (90%) - Throughput: 23.90 docs/sec
[Kclient-7 exited with code 0
client-8  | [292cafe6c1e6] PostgreSQL (70%) - Throughput: 17.37 docs/sec
client-3  | [4a0dc37db1ce] PostgreSQL (60%) - Throughput: 18.30 docs/sec
client-6  | [6ddddeb79d73] PostgreSQL (100%) - Throughput: 24.30 docs/sec
client-6  | ✅ Inserted 100 records into PostgreSQL
client-6  | ✅ PostgreSQL Connection closed
client-6  | [2025-02-17T07:38:31.864Z] 🏁 Data insertion completed in 9.18 seconds
client-1  | [a655ece97d47] PostgreSQL (70%) - Throughput: 23.67 docs/sec
client-8  | [292cafe6c1e6] PostgreSQL (80%) - Throughput: 18.25 docs/sec
[Kclient-6 exited with code 0
client-1  | [a655ece97d47] PostgreSQL (80%) - Throughput: 24.20 docs/sec
client-3  | [4a0dc37db1ce] PostgreSQL (70%) - Throughput: 18.99 docs/sec
client-8  | [292cafe6c1e6] PostgreSQL (90%) - Throughput: 18.75 docs/sec
client-1  | [a655ece97d47] PostgreSQL (90%) - Throughput: 24.86 docs/sec
client-3  | [4a0dc37db1ce] PostgreSQL (80%) - Throughput: 19.86 docs/sec
client-8  | [292cafe6c1e6] PostgreSQL (100%) - Throughput: 19.39 docs/sec
client-8  | ✅ Inserted 100 records into PostgreSQL
client-8  | ✅ PostgreSQL Connection closed
client-8  | [2025-02-17T07:38:32.678Z] 🏁 Data insertion completed in 10.25 seconds
client-1  | [a655ece97d47] PostgreSQL (100%) - Throughput: 24.76 docs/sec
client-1  | ✅ Inserted 100 records into PostgreSQL
client-1  | ✅ PostgreSQL Connection closed
client-1  | [2025-02-17T07:38:32.967Z] 🏁 Data insertion completed in 9.09 seconds
client-3  | [4a0dc37db1ce] PostgreSQL (90%) - Throughput: 20.23 docs/sec
[Kclient-8 exited with code 0
[Kclient-1 exited with code 0
client-3  | [4a0dc37db1ce] PostgreSQL (100%) - Throughput: 20.97 docs/sec
client-3  | ✅ Inserted 100 records into PostgreSQL
client-3  | ✅ PostgreSQL Connection closed
client-3  | [2025-02-17T07:38:33.331Z] 🏁 Data insertion completed in 9.83 seconds
[Kclient-3 exited with code 0

 Performance counter stats for 'system wide':

     1,057,254,695      instructions:u            docker/98c69db1a2e36326c9d95be9e1a39f6b643df360fa260fd4b6d33499bc202e44                                   

      18.342324916 seconds time elapsed

 PostgreSQL count: 800 size: 9880 kB

 019512d8-0db7-7165-8b73-9c7526ff93b7
 019512d8-0e09-71ab-a493-ab98a216607a
 019512d8-0e22-708c-b356-d1c2cee35073
 019512d8-0e41-71df-a0ee-3dafd36eb798
 019512d8-0e7f-767f-92e8-e8f85dd91897
 019512d8-0e97-755a-9682-3c5de89ddef5
 019512d8-0eb0-7358-bada-7376eb80d258
 019512d8-0ee3-760f-8b7e-fe39c69e9263
 019512d8-0efb-716a-9ae4-7084bdeb6080
 019512d8-0f14-7786-a1db-4d437de9ddee

CONTAINER ID   NAME                   CPU %     MEM USAGE / LIMIT    MEM %     NET I/O           BLOCK I/O     PIDS
3dad8040e4c5   jsonbench-grafana-1    0.91%     64.93MiB / 27.2GiB   0.23%     32.2kB / 11.8kB   0B / 193kB    16
1d968f367110   jsonbench-mongodb-1    0.36%     93.99MiB / 9GiB      1.02%     8.36MB / 200kB    0B / 30.9MB   33
bd22db0e55b9   prometheus             0.00%     74.27MiB / 27.2GiB   0.27%     686kB / 13kB      0B / 0B       13
98c69db1a2e3   jsonbench-postgres-1   0.70%     140MiB / 9GiB        1.52%     8.56MB / 200kB    0B / 126MB    6
a384e6bf0274   cadvisor               26.98%    40.13MiB / 27.2GiB   0.14%     13.9kB / 685kB    0B / 0B       16
[ perf record: Woken up 1 times to write data ]
[ perf record: Captured and wrote 0.000 MB - ]
