CONTAINER ID   NAME                   CPU %     MEM USAGE / LIMIT    MEM %     NET I/O           BLOCK I/O        PIDS
6ca7385c783b   jsonbench-grafana-1    0.92%     74.22MiB / 27.2GiB   0.27%     477kB / 634kB     0B / 1.31MB      14
add9742d264d   jsonbench-postgres-1   0.00%     131.2MiB / 9GiB      1.42%     1.99kB / 1.68kB   0B / 68.5MB      6
ebd5066a1f9f   jsonbench-mongodb-1    0.34%     2.809GiB / 9GiB      31.21%    8.35GB / 146MB    119kB / 24.1GB   33
4c48aa883ea9   cadvisor               1.98%     57.42MiB / 27.2GiB   0.21%     1.49MB / 79.5MB   0B / 0B          17
4831d6bffee2   prometheus             0.00%     74.74MiB / 27.2GiB   0.27%     79.7MB / 1.6MB    0B / 12.3kB      13
postgres-init-1  | psql: error: connection to server at "postgres" (172.22.0.4), port 5432 failed: Connection refused
postgres-init-1  | 	Is the server running on that host and accepting TCP/IP connections?
postgres-init-1  | drop table if exists jsonbench;
postgres-init-1  | DROP TABLE
postgres-init-1  | create table if not exists jsonbench (
postgres-init-1  |     id uuid primary key,
postgres-init-1  |     data jsonb not null
postgres-init-1  | psql:/dir/init.sql:1: NOTICE:  table "jsonbench" does not exist, skipping
postgres-init-1  | );
postgres-init-1  | CREATE TABLE
postgres-init-1  | show shared_buffers;
postgres-init-1  |  shared_buffers 
postgres-init-1  | ----------------
postgres-init-1  |  4GB
postgres-init-1  | (1 row)
postgres-init-1  | 
 Container jsonbench-mongodb-1  Running
 Container jsonbench-postgres-1  Running
 Container jsonbench-client-8  Recreate
 Container jsonbench-client-5  Recreate
 Container jsonbench-client-1  Recreate
 Container jsonbench-client-6  Recreate
 Container jsonbench-client-7  Recreate
 Container jsonbench-client-4  Recreate
 Container jsonbench-client-3  Recreate
 Container jsonbench-client-2  Recreate
 Container jsonbench-client-3  Recreated
 Container jsonbench-client-1  Recreated
 Container jsonbench-client-2  Recreated
 Container jsonbench-client-5  Recreated
 Container jsonbench-client-4  Recreated
 Container jsonbench-client-8  Recreated
 Container jsonbench-client-6  Recreated
 Container jsonbench-client-7  Recreated
Attaching to client-1, client-2, client-3, client-4, client-5, client-6, client-7, client-8
client-2  | Current Mongosh Log ID:	67b51634b2f2456ebbcb46ec
client-2  | Using Mongosh:		2.0.2
client-2  | 
client-2  | For mongosh info see: https://docs.mongodb.com/mongodb-shell/
client-2  | 
client-2  | 
client-2  | To help improve our products, anonymous usage data is collected and sent to MongoDB periodically (https://www.mongodb.com/legal/privacy-policy).
client-2  | You can opt-out by running the disableTelemetry() command.
client-2  | 
client-2  | Loading file: /dir/lib.js
client-3  | Current Mongosh Log ID:	67b51635f26591c345a59356
client-3  | Using Mongosh:		2.0.2
client-3  | 
client-3  | For mongosh info see: https://docs.mongodb.com/mongodb-shell/
client-3  | 
client-3  | 
client-3  | To help improve our products, anonymous usage data is collected and sent to MongoDB periodically (https://www.mongodb.com/legal/privacy-policy).
client-3  | You can opt-out by running the disableTelemetry() command.
client-3  | 
client-3  | Loading file: /dir/lib.js
client-7  | Current Mongosh Log ID:	67b51635d0913a03b3ae5119
client-2  | 📚 lib.js loaded
client-2  | [2025-02-18T23:22:30.614Z] 🚀 Starting data insertion into postgres://postgres:xxx@postgres:5432/postgres for 100000 documents of 1000 bytes * 10 fields
client-4  | Current Mongosh Log ID:	67b51636bc0a40d864ee4768
client-7  | Using Mongosh:		2.0.2
client-7  | 
client-7  | For mongosh info see: https://docs.mongodb.com/mongodb-shell/
client-7  | 
client-7  | 
client-7  | To help improve our products, anonymous usage data is collected and sent to MongoDB periodically (https://www.mongodb.com/legal/privacy-policy).
client-7  | You can opt-out by running the disableTelemetry() command.
client-7  | 
client-7  | Loading file: /dir/lib.js
client-4  | Using Mongosh:		2.0.2
client-4  | 
client-4  | For mongosh info see: https://docs.mongodb.com/mongodb-shell/
client-4  | 
client-4  | 
client-4  | To help improve our products, anonymous usage data is collected and sent to MongoDB periodically (https://www.mongodb.com/legal/privacy-policy).
client-4  | You can opt-out by running the disableTelemetry() command.
client-4  | 
client-4  | Loading file: /dir/lib.js
client-3  | 📚 lib.js loaded
client-3  | [2025-02-18T23:22:31.702Z] 🚀 Starting data insertion into postgres://postgres:xxx@postgres:5432/postgres for 100000 documents of 1000 bytes * 10 fields
client-1  | Current Mongosh Log ID:	67b516378ec6843b2748c8d0
client-7  | 📚 lib.js loaded
client-7  | [2025-02-18T23:22:32.305Z] 🚀 Starting data insertion into postgres://postgres:xxx@postgres:5432/postgres for 100000 documents of 1000 bytes * 10 fields
client-1  | Using Mongosh:		2.0.2
client-1  | 
client-1  | For mongosh info see: https://docs.mongodb.com/mongodb-shell/
client-1  | 
client-1  | 
client-1  | To help improve our products, anonymous usage data is collected and sent to MongoDB periodically (https://www.mongodb.com/legal/privacy-policy).
client-1  | You can opt-out by running the disableTelemetry() command.
client-1  | 
client-1  | Loading file: /dir/lib.js
client-6  | Current Mongosh Log ID:	67b51638548a636c32208609
client-4  | 📚 lib.js loaded
client-4  | [2025-02-18T23:22:33.006Z] 🚀 Starting data insertion into postgres://postgres:xxx@postgres:5432/postgres for 100000 documents of 1000 bytes * 10 fields
client-6  | Using Mongosh:		2.0.2
client-6  | 
client-6  | For mongosh info see: https://docs.mongodb.com/mongodb-shell/
client-6  | 
client-6  | 
client-6  | To help improve our products, anonymous usage data is collected and sent to MongoDB periodically (https://www.mongodb.com/legal/privacy-policy).
client-6  | You can opt-out by running the disableTelemetry() command.
client-6  | 
client-6  | Loading file: /dir/lib.js
client-5  | Current Mongosh Log ID:	67b51639af96081b511b7e55
client-1  | 📚 lib.js loaded
client-1  | [2025-02-18T23:22:33.778Z] 🚀 Starting data insertion into postgres://postgres:xxx@postgres:5432/postgres for 100000 documents of 1000 bytes * 10 fields
client-5  | Using Mongosh:		2.0.2
client-5  | 
client-5  | For mongosh info see: https://docs.mongodb.com/mongodb-shell/
client-5  | 
client-5  | 
client-5  | To help improve our products, anonymous usage data is collected and sent to MongoDB periodically (https://www.mongodb.com/legal/privacy-policy).
client-5  | You can opt-out by running the disableTelemetry() command.
client-5  | 
client-8  | Current Mongosh Log ID:	67b516395c6b456f516a5075
client-5  | Loading file: /dir/lib.js
client-8  | Using Mongosh:		2.0.2
client-8  | 
client-8  | For mongosh info see: https://docs.mongodb.com/mongodb-shell/
client-8  | 
client-8  | 
client-8  | To help improve our products, anonymous usage data is collected and sent to MongoDB periodically (https://www.mongodb.com/legal/privacy-policy).
client-8  | You can opt-out by running the disableTelemetry() command.
client-8  | 
client-6  | 📚 lib.js loaded
client-6  | [2025-02-18T23:22:34.526Z] 🚀 Starting data insertion into postgres://postgres:xxx@postgres:5432/postgres for 100000 documents of 1000 bytes * 10 fields
client-8  | Loading file: /dir/lib.js
client-5  | 📚 lib.js loaded
client-5  | [2025-02-18T23:22:35.027Z] 🚀 Starting data insertion into postgres://postgres:xxx@postgres:5432/postgres for 100000 documents of 1000 bytes * 10 fields
client-8  | 📚 lib.js loaded
client-8  | [2025-02-18T23:22:35.560Z] 🚀 Starting data insertion into postgres://postgres:xxx@postgres:5432/postgres for 100000 documents of 1000 bytes * 10 fields
[ perf record: Woken up 1 times to write data ]
[ perf record: Captured and wrote 0.000 MB - ]
CONTAINER ID   NAME                   CPU %     MEM USAGE / LIMIT    MEM %     NET I/O           BLOCK I/O        PIDS
dd727a3089af   jsonbench-client-2     89.89%    169.7MiB / 27.2GiB   0.61%     1.28MB / 58.8MB   0B / 8.19kB      11
c36460dd538a   jsonbench-client-3     86.95%    168.8MiB / 27.2GiB   0.61%     1.28MB / 58.7MB   0B / 8.19kB      11
130afd98ba11   jsonbench-client-7     83.62%    131.3MiB / 27.2GiB   0.47%     1.28MB / 59MB     0B / 8.19kB      11
6d219f26efef   jsonbench-client-4     89.76%    162.1MiB / 27.2GiB   0.58%     1.26MB / 57.9MB   0B / 8.19kB      11
8a8566bc2d60   jsonbench-client-1     88.71%    159.8MiB / 27.2GiB   0.57%     1.23MB / 56.7MB   0B / 8.19kB      11
6793cdfb7b88   jsonbench-client-6     84.33%    161.2MiB / 27.2GiB   0.58%     1.28MB / 58.8MB   0B / 8.19kB      11
3176a0e08706   jsonbench-client-5     85.93%    173.1MiB / 27.2GiB   0.62%     1.27MB / 58.1MB   0B / 8.19kB      11
edcade7cb1c5   jsonbench-client-8     88.11%    167.3MiB / 27.2GiB   0.60%     1.27MB / 58.2MB   0B / 8.19kB      11
6ca7385c783b   jsonbench-grafana-1    1.56%     74.22MiB / 27.2GiB   0.27%     478kB / 634kB     0B / 1.31MB      14
add9742d264d   jsonbench-postgres-1   14.34%    679.4MiB / 9GiB      7.37%     466MB / 10.1MB    0B / 1.98GB      14
ebd5066a1f9f   jsonbench-mongodb-1    0.64%     2.809GiB / 9GiB      31.21%    8.35GB / 146MB    119kB / 24.1GB   33
4c48aa883ea9   cadvisor               5.57%     67.02MiB / 27.2GiB   0.24%     1.57MB / 83.8MB   0B / 0B          17
4831d6bffee2   prometheus             6.12%     107.7MiB / 27.2GiB   0.39%     83.9MB / 1.68MB   0B / 12.3kB      13
client-7  | [130afd98ba11] PostgreSQL (10%) - Throughput: 15.68 docs/sec
client-6  | [6793cdfb7b88] PostgreSQL (10%) - Throughput: 15.66 docs/sec
client-8  | [edcade7cb1c5] PostgreSQL (10%) - Throughput: 15.66 docs/sec
client-3  | [c36460dd538a] PostgreSQL (10%) - Throughput: 15.55 docs/sec
client-2  | [dd727a3089af] PostgreSQL (10%) - Throughput: 15.47 docs/sec
client-5  | [3176a0e08706] PostgreSQL (10%) - Throughput: 15.55 docs/sec
client-4  | [6d219f26efef] PostgreSQL (10%) - Throughput: 15.40 docs/sec
client-1  | [8a8566bc2d60] PostgreSQL (10%) - Throughput: 15.13 docs/sec
client-7  | [130afd98ba11] PostgreSQL (20%) - Throughput: 15.57 docs/sec
client-6  | [6793cdfb7b88] PostgreSQL (20%) - Throughput: 15.59 docs/sec
client-8  | [edcade7cb1c5] PostgreSQL (20%) - Throughput: 15.55 docs/sec
client-5  | [3176a0e08706] PostgreSQL (20%) - Throughput: 15.52 docs/sec
client-2  | [dd727a3089af] PostgreSQL (20%) - Throughput: 15.43 docs/sec
client-3  | [c36460dd538a] PostgreSQL (20%) - Throughput: 15.42 docs/sec
client-4  | [6d219f26efef] PostgreSQL (20%) - Throughput: 15.37 docs/sec
client-1  | [8a8566bc2d60] PostgreSQL (20%) - Throughput: 15.11 docs/sec
client-6  | [6793cdfb7b88] PostgreSQL (30%) - Throughput: 15.60 docs/sec
client-7  | [130afd98ba11] PostgreSQL (30%) - Throughput: 15.58 docs/sec
client-5  | [3176a0e08706] PostgreSQL (30%) - Throughput: 15.54 docs/sec
client-8  | [edcade7cb1c5] PostgreSQL (30%) - Throughput: 15.51 docs/sec
client-2  | [dd727a3089af] PostgreSQL (30%) - Throughput: 15.42 docs/sec
client-3  | [c36460dd538a] PostgreSQL (30%) - Throughput: 15.41 docs/sec
client-4  | [6d219f26efef] PostgreSQL (30%) - Throughput: 15.37 docs/sec
client-1  | [8a8566bc2d60] PostgreSQL (30%) - Throughput: 15.11 docs/sec
client-6  | [6793cdfb7b88] PostgreSQL (40%) - Throughput: 15.55 docs/sec
client-7  | [130afd98ba11] PostgreSQL (40%) - Throughput: 15.54 docs/sec
client-5  | [3176a0e08706] PostgreSQL (40%) - Throughput: 15.49 docs/sec
client-8  | [edcade7cb1c5] PostgreSQL (40%) - Throughput: 15.43 docs/sec
client-2  | [dd727a3089af] PostgreSQL (40%) - Throughput: 15.38 docs/sec
client-3  | [c36460dd538a] PostgreSQL (40%) - Throughput: 15.37 docs/sec
client-4  | [6d219f26efef] PostgreSQL (40%) - Throughput: 15.33 docs/sec
client-1  | [8a8566bc2d60] PostgreSQL (40%) - Throughput: 15.09 docs/sec
client-6  | [6793cdfb7b88] PostgreSQL (50%) - Throughput: 15.55 docs/sec
client-7  | [130afd98ba11] PostgreSQL (50%) - Throughput: 15.51 docs/sec
client-5  | [3176a0e08706] PostgreSQL (50%) - Throughput: 15.52 docs/sec
client-8  | [edcade7cb1c5] PostgreSQL (50%) - Throughput: 15.42 docs/sec
client-2  | [dd727a3089af] PostgreSQL (50%) - Throughput: 15.40 docs/sec
client-3  | [c36460dd538a] PostgreSQL (50%) - Throughput: 15.38 docs/sec
client-4  | [6d219f26efef] PostgreSQL (50%) - Throughput: 15.34 docs/sec
client-1  | [8a8566bc2d60] PostgreSQL (50%) - Throughput: 15.10 docs/sec
client-6  | [6793cdfb7b88] PostgreSQL (60%) - Throughput: 15.56 docs/sec
client-5  | [3176a0e08706] PostgreSQL (60%) - Throughput: 15.53 docs/sec
client-7  | [130afd98ba11] PostgreSQL (60%) - Throughput: 15.52 docs/sec
client-8  | [edcade7cb1c5] PostgreSQL (60%) - Throughput: 15.43 docs/sec
client-2  | [dd727a3089af] PostgreSQL (60%) - Throughput: 15.40 docs/sec
client-3  | [c36460dd538a] PostgreSQL (60%) - Throughput: 15.39 docs/sec
client-4  | [6d219f26efef] PostgreSQL (60%) - Throughput: 15.35 docs/sec
client-1  | [8a8566bc2d60] PostgreSQL (60%) - Throughput: 15.11 docs/sec
client-6  | [6793cdfb7b88] PostgreSQL (70%) - Throughput: 15.55 docs/sec
client-5  | [3176a0e08706] PostgreSQL (70%) - Throughput: 15.54 docs/sec
client-7  | [130afd98ba11] PostgreSQL (70%) - Throughput: 15.51 docs/sec
client-2  | [dd727a3089af] PostgreSQL (70%) - Throughput: 15.41 docs/sec
client-8  | [edcade7cb1c5] PostgreSQL (70%) - Throughput: 15.41 docs/sec
client-3  | [c36460dd538a] PostgreSQL (70%) - Throughput: 15.38 docs/sec
client-4  | [6d219f26efef] PostgreSQL (70%) - Throughput: 15.35 docs/sec
client-1  | [8a8566bc2d60] PostgreSQL (70%) - Throughput: 15.10 docs/sec
client-5  | [3176a0e08706] PostgreSQL (80%) - Throughput: 15.55 docs/sec
client-6  | [6793cdfb7b88] PostgreSQL (80%) - Throughput: 15.55 docs/sec
client-7  | [130afd98ba11] PostgreSQL (80%) - Throughput: 15.51 docs/sec
client-2  | [dd727a3089af] PostgreSQL (80%) - Throughput: 15.38 docs/sec
client-8  | [edcade7cb1c5] PostgreSQL (80%) - Throughput: 15.37 docs/sec
client-3  | [c36460dd538a] PostgreSQL (80%) - Throughput: 15.34 docs/sec
client-4  | [6d219f26efef] PostgreSQL (80%) - Throughput: 15.32 docs/sec
client-1  | [8a8566bc2d60] PostgreSQL (80%) - Throughput: 15.07 docs/sec
client-5  | [3176a0e08706] PostgreSQL (90%) - Throughput: 15.53 docs/sec
client-6  | [6793cdfb7b88] PostgreSQL (90%) - Throughput: 15.52 docs/sec
client-7  | [130afd98ba11] PostgreSQL (90%) - Throughput: 15.48 docs/sec
client-2  | [dd727a3089af] PostgreSQL (90%) - Throughput: 15.39 docs/sec
client-8  | [edcade7cb1c5] PostgreSQL (90%) - Throughput: 15.38 docs/sec
client-3  | [c36460dd538a] PostgreSQL (90%) - Throughput: 15.35 docs/sec
client-4  | [6d219f26efef] PostgreSQL (90%) - Throughput: 15.33 docs/sec
client-1  | [8a8566bc2d60] PostgreSQL (90%) - Throughput: 15.08 docs/sec
client-5  | [3176a0e08706] PostgreSQL (100%) - Throughput: 15.49 docs/sec
client-5  | ✅ Inserted 100000 records into PostgreSQL
client-5  | ✅ PostgreSQL Connection closed
client-5  | [2025-02-19T01:10:13.852Z] 🏁 Data insertion completed in 6458.83 seconds
[Kclient-5 exited with code 0
client-6  | [6793cdfb7b88] PostgreSQL (100%) - Throughput: 15.48 docs/sec
client-6  | ✅ Inserted 100000 records into PostgreSQL
client-6  | ✅ PostgreSQL Connection closed
client-6  | [2025-02-19T01:10:18.877Z] 🏁 Data insertion completed in 6464.35 seconds
[Kclient-6 exited with code 0
client-7  | [130afd98ba11] PostgreSQL (100%) - Throughput: 15.44 docs/sec
client-7  | ✅ Inserted 100000 records into PostgreSQL
client-7  | ✅ PostgreSQL Connection closed
client-7  | [2025-02-19T01:10:32.658Z] 🏁 Data insertion completed in 6480.35 seconds
[Kclient-7 exited with code 0
client-2  | [dd727a3089af] PostgreSQL (100%) - Throughput: 15.39 docs/sec
client-2  | ✅ Inserted 100000 records into PostgreSQL
client-2  | ✅ PostgreSQL Connection closed
client-2  | [2025-02-19T01:10:54.552Z] 🏁 Data insertion completed in 6503.94 seconds
[Kclient-2 exited with code 0
client-8  | [edcade7cb1c5] PostgreSQL (100%) - Throughput: 15.39 docs/sec
client-8  | ✅ Inserted 100000 records into PostgreSQL
client-8  | ✅ PostgreSQL Connection closed
client-8  | [2025-02-19T01:11:00.142Z] 🏁 Data insertion completed in 6504.58 seconds
[Kclient-8 exited with code 0
client-3  | [c36460dd538a] PostgreSQL (100%) - Throughput: 15.36 docs/sec
client-3  | ✅ Inserted 100000 records into PostgreSQL
client-3  | ✅ PostgreSQL Connection closed
client-3  | [2025-02-19T01:11:06.979Z] 🏁 Data insertion completed in 6515.28 seconds
[Kclient-3 exited with code 0
client-4  | [6d219f26efef] PostgreSQL (100%) - Throughput: 15.36 docs/sec
client-4  | ✅ Inserted 100000 records into PostgreSQL
client-4  | ✅ PostgreSQL Connection closed
client-4  | [2025-02-19T01:11:09.302Z] 🏁 Data insertion completed in 6516.30 seconds
[Kclient-4 exited with code 0
client-1  | [8a8566bc2d60] PostgreSQL (100%) - Throughput: 15.23 docs/sec
client-1  | ✅ Inserted 100000 records into PostgreSQL
client-1  | ✅ PostgreSQL Connection closed
client-1  | [2025-02-19T01:12:04.860Z] 🏁 Data insertion completed in 6571.08 seconds
[Kclient-1 exited with code 0

 Performance counter stats for 'system wide':

   866,053,745,847      instructions:u            docker/add9742d264d30fb35acb55353d52c0b00957bc3f10a619d07d1d26a83c7aab7                                   

    6578.528581531 seconds time elapsed

VACUUM
PostgreSQL count: 800000 size: 9530 MB
01951b5e-d922-773e-941f-702717242dd5
01951b5e-d963-740d-80e9-bfc93d64173d
01951b5e-d995-743b-9165-7c269da3ed27
01951b5e-d9b4-77ae-be78-12ae9b3b5c15
01951b5e-d9ee-7594-83e2-0153bb22b42e
01951b5e-da05-738d-b838-7486b8df333c
01951b5e-da1d-771e-8191-f1d23740e61b
01951b5e-da4b-7392-a591-b2218829eb6e
01951b5e-da63-7309-a54b-1379c9c7fcbd
01951b5e-da7e-73ff-8459-8bd3891ecd1c
public|jsonbench|id|f|0|16|-1|||{01951b5e-db87-70d0-930b-4bc36056f81e,01951b5f-ecbf-726d-85b2-28d7c9fe3174,01951b61-048b-73a9-8157-573c3df12e61,01951b61-f38a-73cb-b575-c13df5b62420,01951b62-da5c-7107-9ee7-844fb21d6c84,01951b63-cf23-732b-99ee-cc73ef4e99d8,01951b64-d335-73d7-a657-adabc2793474,01951b65-c8f0-7505-995c-9db7622707c1,01951b66-d713-77fc-a10c-8e89e4c01e93,01951b67-cffe-7069-b229-0b4dc7742c5e,01951b68-ccd4-771c-837a-79390969ed26,01951b69-d53e-72ca-a16b-445e0902c884,01951b6a-dbcf-715a-82d9-e00770afe70e,01951b6b-eb80-707b-adbc-0e4d3a7455d3,01951b6c-ce8b-750d-abfb-da44c6251b9b,01951b6d-c402-76df-b36f-7dd175aaf048,01951b6e-acf6-77a5-ac72-0a49670faa76,01951b6f-bd38-7039-8063-8a4ebd68a1f5,01951b70-c323-750e-9dc2-ccb15729ec4b,01951b71-c963-7590-9c96-2129f05ccd4a,01951b72-b52c-7201-8783-11dae4b3d339,01951b73-b757-763a-a883-d04f245e4b19,01951b74-b156-72fd-8ea0-4dd656d79ed5,01951b75-c798-77a5-821e-6926488c59fd,01951b76-c4dd-7027-be13-737412d0d597,01951b77-c8e2-7136-b11c-120a14157467,01951b78-d5c2-724d-bd3c-d88445888853,01951b79-de3f-7608-aae4-17da8928e902,01951b7a-da17-7729-9754-5f7fd7a06d87,01951b7b-cdaa-7656-8f4c-d0fc99ffcc7c,01951b7c-bfc8-75af-8805-76c18c1ce539,01951b7d-b363-751c-995d-27538cf128ad,01951b7e-aa49-733f-a4d8-4986c2c163ff,01951b7f-ab7a-734c-b9d6-57732c803fe0,01951b80-9e16-70fd-bf7e-faa676659976,01951b81-a26b-742e-ba2a-971afc2c9762,01951b82-b985-7253-8254-b7e1aa4f107a,01951b83-b894-7479-bcda-9112ae9ec6c5,01951b84-dd10-713f-a049-eb83beb510b0,01951b85-d024-7067-bcef-b93f6a01878e,01951b86-b6ed-738c-8f46-c0adea1ec311,01951b87-9d2b-700c-a5d1-6b7ea75b1116,01951b88-a685-750c-aff6-e9a7a3614ce7,01951b89-c403-703f-9a18-7b3e3760b7f2,01951b8a-c963-7783-9058-6ac260861f41,01951b8b-c6cd-766f-a1f7-117269a6d03e,01951b8c-c433-764d-b756-350f964f30bb,01951b8d-c2d7-72f7-af0d-d7cd95312f08,01951b8e-b829-71d9-b006-d201682bc401,01951b8f-c33d-7089-8060-dca414ec461b,01951b90-b938-774a-aa83-2ae637fb9fe3,01951b91-b11c-736d-bca1-a3747060ce3f,01951b92-9ac5-71fc-8d65-5650ffed56dc,01951b93-8f84-74dd-8f94-33edf5004ccf,01951b94-9849-7078-a8cb-87695c9ef308,01951b95-9fa7-7648-a8b2-af1182ad7e2e,01951b96-9feb-74c9-8ced-b3fb00dd4ff7,01951b97-a32d-7019-be5d-3f897fcdc840,01951b98-a3ce-775f-ab3f-0c5392103108,01951b99-974c-77cb-bed8-f3a2d6e831fa,01951b9a-920a-7297-8a0e-8364fc03755b,01951b9b-984d-7419-97e3-c10833a9c42b,01951b9c-9251-739d-8223-ec2c1dbf1ea4,01951b9d-6ce7-7641-b6c0-5e5eb44ff188,01951b9e-6989-764f-a098-26e63e58227d,01951b9f-7309-73df-85b9-e5860d0d474e,01951ba0-76f0-7630-a515-89ceb0f78eea,01951ba1-5c4a-74f8-a4de-82f6e0d3261e,01951ba2-50b3-747e-a486-0382a9541883,01951ba3-339c-7652-86e6-daadf4850e57,01951ba4-2db7-7036-881b-1bf774a914de,01951ba5-3bc5-7712-825b-0cabaeb7e7c5,01951ba6-4afe-7162-8af1-784df60e8e4f,01951ba7-5247-74a9-a5f9-565f019be529,01951ba8-4cdd-722f-95e2-22ea21ac4b56,01951ba9-48e1-7552-b829-7a5d8fb8286d,01951baa-3f33-740e-9428-50f0b7f001e2,01951bab-4106-763c-9713-1208792ea652,01951bac-35f0-75ff-aefe-6c680b6636a3,01951bad-223d-745e-9354-df73bebed6ca,01951bae-5065-74ff-ba62-a5d2a6155a7b,01951baf-4246-76f2-9934-6e65051c81b2,01951bb0-3989-709e-9507-c32f8bbca7d1,01951bb1-2a2f-7331-8b02-cc26977e01ea,01951bb2-2966-73bf-b29c-c2966079a7d7,01951bb3-0de9-71cd-b358-fcaddafe3713,01951bb4-094e-72cf-bd85-d84376767600,01951bb5-1000-71e6-b7d2-fcda06905008,01951bb6-11f8-755b-8243-5abd7e50c83c,01951bb7-1832-761c-a2ec-1d59a19e3976,01951bb8-247f-75ff-a884-3642a8d9f1c9,01951bb9-2204-70df-9429-41867499978c,01951bba-2668-74cc-ad7b-f7405aefe121,01951bbb-371e-7354-a7ba-f71efbb095ad,01951bbc-265b-765d-bbdd-3cbbc9924585,01951bbd-1d75-7582-b8ac-cbeb2b5c702a,01951bbe-18f7-75e5-afbc-854b18b2b4bd,01951bbf-47d6-75d3-9879-743d894528b6,01951bc0-4c92-719e-a5b9-99019089c79d,01951bc1-48ea-701c-9f0e-212be82dae3a,01951bc3-11bf-70c3-afd9-819d2432f210}|0.9999188||||||
CONTAINER ID   NAME                   CPU %     MEM USAGE / LIMIT    MEM %     NET I/O          BLOCK I/O        PIDS
6ca7385c783b   jsonbench-grafana-1    0.84%     74.18MiB / 27.2GiB   0.27%     541kB / 667kB    0B / 1.77MB      14
add9742d264d   jsonbench-postgres-1   0.05%     4.194GiB / 9GiB      46.59%    8.56GB / 186MB   29MB / 43.3GB    6
ebd5066a1f9f   jsonbench-mongodb-1    0.28%     2.808GiB / 9GiB      31.20%    8.35GB / 146MB   119kB / 24.1GB   33
4c48aa883ea9   cadvisor               2.70%     59.42MiB / 27.2GiB   0.21%     2.9MB / 155MB    0B / 0B          17
4831d6bffee2   prometheus             0.00%     99.08MiB / 27.2GiB   0.36%     155MB / 3.01MB   0B / 15.8MB      13
